/blue/shiboli.fsu/yifeisun.umich/adversarial_robustness_FNO/./2D_NS_FNO2d_recurrent/perturbation_methods/PGD_attack_adam.py:54: DeprecationWarning: jax.lib.xla_bridge.get_backend is deprecated; use jax.extend.backend.get_backend.
  print(f"JAX Backend: {jax.lib.xla_bridge.get_backend().platform}")
/blue/shiboli.fsu/yifeisun.umich/adversarial_robustness_FNO/./2D_NS_FNO2d_recurrent/perturbation_methods/PGD_attack_adam.py:91: UserWarning: Could not check cuDNN version compatibility
  warnings.warn("Could not check cuDNN version compatibility")
/blue/shiboli.fsu/yifeisun.umich/adversarial_robustness_FNO/./2D_NS_FNO2d_recurrent/perturbation_methods/PGD_attack_adam.py:128: DeprecationWarning: Calling from_dlpack with a DLPack tensor is deprecated. The argument to from_dlpack should be an array from another framework that implements the __dlpack__ protocol.
  a_jax = jax.dlpack.from_dlpack(a_dlpack)
jax.errors.SimplifiedTraceback: For simplicity, JAX has removed its internal frames from the traceback of the following exception. Set JAX_TRACEBACK_FILTERING=off to include these.

The above exception was the direct cause of the following exception:

Traceback (most recent call last):
  File "/blue/shiboli.fsu/yifeisun.umich/adversarial_robustness_FNO/./2D_NS_FNO2d_recurrent/perturbation_methods/PGD_attack_adam.py", line 703, in <module>
    adversarial_x0 = attack_system.pgd_attack_adam(
  File "/blue/shiboli.fsu/yifeisun.umich/adversarial_robustness_FNO/./2D_NS_FNO2d_recurrent/perturbation_methods/PGD_attack_adam.py", line 485, in pgd_attack_adam
    pred_19, true_19 = self.forward(x_adv)
  File "/blue/shiboli.fsu/yifeisun.umich/adversarial_robustness_FNO/./2D_NS_FNO2d_recurrent/perturbation_methods/PGD_attack_adam.py", line 405, in forward
    seq_0_to_T = self.pde_solver.rollout_seconds(x0, T_required)  # (T_required+1,H,W)
  File "/blue/shiboli.fsu/yifeisun.umich/adversarial_robustness_FNO/./2D_NS_FNO2d_recurrent/perturbation_methods/PGD_attack_adam.py", line 215, in rollout_seconds
    seq_tensor = JaxPDEWrapper.apply(x0.contiguous(), solver_func)
  File "/blue/shiboli.fsu/yifeisun.umich/.conda/envs/adv_robust/lib/python3.10/site-packages/torch/autograd/function.py", line 575, in apply
    return super().apply(*args, **kwargs)  # type: ignore[misc]
  File "/blue/shiboli.fsu/yifeisun.umich/adversarial_robustness_FNO/./2D_NS_FNO2d_recurrent/perturbation_methods/PGD_attack_adam.py", line 129, in forward
    g_output_jax = g(a_jax)
  File "/blue/shiboli.fsu/yifeisun.umich/adversarial_robustness_FNO/./2D_NS_FNO2d_recurrent/perturbation_methods/PGD_attack_adam.py", line 214, in solver_func
    return generate_sequence_every_second(a, self.nu, T_seconds, fixed_step=self.fixed_dt)
  File "/blue/shiboli.fsu/yifeisun.umich/adversarial_robustness_FNO/./2D_NS_FNO2d_recurrent/perturbation_methods/PGD_attack_adam.py", line 189, in generate_sequence_every_second
    u_T, seconds = lax.scan(run_one_second, u_init, None, length=T_seconds)  # seconds: (T_seconds,1,H,W)
  File "/blue/shiboli.fsu/yifeisun.umich/adversarial_robustness_FNO/./2D_NS_FNO2d_recurrent/perturbation_methods/PGD_attack_adam.py", line 186, in run_one_second
    u_c, _ = lax.scan(micro_step, u_c, None, length=steps_per_sec)
  File "/blue/shiboli.fsu/yifeisun.umich/adversarial_robustness_FNO/./2D_NS_FNO2d_recurrent/perturbation_methods/PGD_attack_adam.py", line 181, in micro_step
    u_next = jax.checkpoint(stepper)(u_c)   # = remat(stepper)
TypeError: unhashable type: 'jaxlib.xla_extension.ArrayImpl'
srun: error: c0906a-s5: task 0: Exited with exit code 1
