c0901a-s25.ufhpc
Sun Sep  7 10:48:32 PM EDT 2025
/blue/shiboli.fsu/yifeisun.umich/adversarial_robustness_FNO
>>> Running SINGLE job with MODE_SPEC=wwwwwwwwww

======================================== 环境诊断 ========================================

[PyTorch]
Version: 2.7.0+cu128
CUDA Available: True
CUDA Version: 12.8
cuDNN Version: 90800
Current Device: 0
Device Name: NVIDIA B200
Device Memory: 178.36 GB

[JAX]
JAX Version: 0.6.0
JAXlib Version: 0.6.0
JAX Backend: gpu
JAX Devices Error: module 'jax.lib.xla_bridge' has no attribute 'devices'

[CUDA/cuDNN System Info]
nvcc not found

[GPU Details]
Device 0: NVIDIA B200
  Compute Capability: 10.0
  Total Memory: 178.36 GB
  Multiprocessors: 148
GPU Details Error: 'torch._C._CudaDeviceProperties' object has no attribute 'max_threads_per_block'

[Compatibility Warnings]
======================================== 诊断结束 ========================================

input_list: [{'norm': 2, 'epsilon': 39.3216, 'alpha': 5.0, 'num_steps': 100}]
detached1to5
[1, 2, 3, 4, 5]
================================================================================
norm: 2, epsilon: 39.3216, alpha: 5.0, num_steps: 100, index: 1, method: adam, detach: detached1to5, b1: 0.9, b2: 0.999, adam_eps: 1e-08, sign_Linf: True, amsgrad: False

[Step 0] ============ 详细性能分析 ============
[模型部分] 总时间: 78.955682s | 显存: 4.12 GB

[0-9秒 PDE求解详细性能]

[19秒 PDE求解]
  t=19s - 时间: 50.662556s | 显存: 0.00 B

[PDE求解部分] 总时间: 50.662556s | 显存: 0.00 B

[本步骤总计] 时间: 129.618238s | 显存: 4.12 GB
orginal_loss:  tensor(3644.5620, device='cuda:0', grad_fn=<MseLossBackward0>)
[Step 0] Backward Propagation - Time: 12.7923s, Mem: -4405469184.00 B
[Step 0] PGD Update - Time: 1.8491s, Mem: 1.75 MB

[Step 0] 完整步骤总时间: 100.849116s | 总显存: 21.77 MB
[Step 0] 峰值显存: 6.22 GB

[Step 1] ============ 详细性能分析 ============
[模型部分] 总时间: 1.879619s | 显存: 4.12 GB

[0-9秒 PDE求解详细性能]

[19秒 PDE求解]
  t=19s - 时间: 1.860265s | 显存: 0.00 B

[PDE求解部分] 总时间: 1.860265s | 显存: 0.00 B

[本步骤总计] 时间: 3.739884s | 显存: 4.12 GB
orginal_loss:  tensor(7869.4043, device='cuda:0', grad_fn=<MseLossBackward0>)
[Step 1] Backward Propagation - Time: 3.8873s, Mem: -4414169088.00 B
[Step 1] PGD Update - Time: 0.0016s, Mem: 0.00 B

[Step 1] 完整步骤总时间: 5.998474s | 总显存: -524288.00 B
[Step 1] 峰值显存: 6.23 GB

[Step 2] ============ 详细性能分析 ============
[模型部分] 总时间: 1.843247s | 显存: 4.12 GB

[0-9秒 PDE求解详细性能]

[19秒 PDE求解]
  t=19s - 时间: 1.824032s | 显存: 0.00 B

[PDE求解部分] 总时间: 1.824032s | 显存: 0.00 B

[本步骤总计] 时间: 3.667279s | 显存: 4.12 GB
orginal_loss:  tensor(15452., device='cuda:0', grad_fn=<MseLossBackward0>)
[Step 2] Backward Propagation - Time: 3.9664s, Mem: -4416012288.00 B
[Step 2] PGD Update - Time: 0.0015s, Mem: 0.00 B

[Step 2] 完整步骤总时间: 5.813114s | 总显存: 0.00 B
[Step 2] 峰值显存: 6.23 GB

[Step 3] ============ 详细性能分析 ============
[模型部分] 总时间: 1.833813s | 显存: 4.12 GB

[0-9秒 PDE求解详细性能]

[19秒 PDE求解]
  t=19s - 时间: 1.814713s | 显存: 0.00 B

[PDE求解部分] 总时间: 1.814713s | 显存: 0.00 B

[本步骤总计] 时间: 3.648527s | 显存: 4.12 GB
orginal_loss:  tensor(20941.9023, device='cuda:0', grad_fn=<MseLossBackward0>)
[Step 3] Backward Propagation - Time: 3.8441s, Mem: -4416012288.00 B
[Step 3] PGD Update - Time: 0.0016s, Mem: 0.00 B

[Step 3] 完整步骤总时间: 5.681428s | 总显存: 0.00 B
[Step 3] 峰值显存: 6.23 GB

[Step 4] ============ 详细性能分析 ============
[模型部分] 总时间: 1.848249s | 显存: 4.12 GB

[0-9秒 PDE求解详细性能]

[19秒 PDE求解]
  t=19s - 时间: 1.829096s | 显存: 0.00 B

[PDE求解部分] 总时间: 1.829096s | 显存: 0.00 B

[本步骤总计] 时间: 3.677345s | 显存: 4.12 GB
orginal_loss:  tensor(27210.3906, device='cuda:0', grad_fn=<MseLossBackward0>)
[Step 4] Backward Propagation - Time: 3.8121s, Mem: -4416012288.00 B
[Step 4] PGD Update - Time: 0.0016s, Mem: 0.00 B

[Step 4] 完整步骤总时间: 5.663903s | 总显存: 0.00 B
[Step 4] 峰值显存: 6.23 GB

[Step 5] ============ 详细性能分析 ============
[模型部分] 总时间: 1.829581s | 显存: 4.12 GB

[0-9秒 PDE求解详细性能]

[19秒 PDE求解]
  t=19s - 时间: 1.810327s | 显存: 0.00 B

[PDE求解部分] 总时间: 1.810327s | 显存: 0.00 B

[本步骤总计] 时间: 3.639908s | 显存: 4.12 GB
orginal_loss:  tensor(35408.3906, device='cuda:0', grad_fn=<MseLossBackward0>)
[Step 5] Backward Propagation - Time: 3.8228s, Mem: -4416012288.00 B
[Step 5] PGD Update - Time: 0.0015s, Mem: 0.00 B

[Step 5] 完整步骤总时间: 5.655799s | 总显存: 0.00 B
[Step 5] 峰值显存: 6.23 GB

[Step 6] ============ 详细性能分析 ============
[模型部分] 总时间: 1.858125s | 显存: 4.12 GB

[0-9秒 PDE求解详细性能]

[19秒 PDE求解]
  t=19s - 时间: 1.838983s | 显存: 0.00 B

[PDE求解部分] 总时间: 1.838983s | 显存: 0.00 B

[本步骤总计] 时间: 3.697108s | 显存: 4.12 GB
orginal_loss:  tensor(44033.9688, device='cuda:0', grad_fn=<MseLossBackward0>)
[Step 6] Backward Propagation - Time: 3.8715s, Mem: -4416012288.00 B
[Step 6] PGD Update - Time: 0.0015s, Mem: 0.00 B

[Step 6] 完整步骤总时间: 5.733107s | 总显存: 0.00 B
[Step 6] 峰值显存: 6.23 GB

[Step 7] ============ 详细性能分析 ============
[模型部分] 总时间: 1.898217s | 显存: 4.12 GB

[0-9秒 PDE求解详细性能]

[19秒 PDE求解]
  t=19s - 时间: 1.879053s | 显存: 0.00 B

[PDE求解部分] 总时间: 1.879053s | 显存: 0.00 B

[本步骤总计] 时间: 3.777270s | 显存: 4.12 GB
orginal_loss:  tensor(52597.7109, device='cuda:0', grad_fn=<MseLossBackward0>)
[Step 7] Backward Propagation - Time: 3.8025s, Mem: -4416012288.00 B
[Step 7] PGD Update - Time: 0.0015s, Mem: 0.00 B

[Step 7] 完整步骤总时间: 5.704167s | 总显存: 0.00 B
[Step 7] 峰值显存: 6.23 GB

[Step 8] ============ 详细性能分析 ============
[模型部分] 总时间: 1.836920s | 显存: 4.12 GB

[0-9秒 PDE求解详细性能]

[19秒 PDE求解]
  t=19s - 时间: 1.817781s | 显存: 0.00 B

[PDE求解部分] 总时间: 1.817781s | 显存: 0.00 B

[本步骤总计] 时间: 3.654701s | 显存: 4.12 GB
orginal_loss:  tensor(61677.7383, device='cuda:0', grad_fn=<MseLossBackward0>)
[Step 8] Backward Propagation - Time: 3.7768s, Mem: -4416012288.00 B
[Step 8] PGD Update - Time: 0.0017s, Mem: 0.00 B

[Step 8] 完整步骤总时间: 5.617472s | 总显存: 0.00 B
[Step 8] 峰值显存: 6.23 GB

[Step 9] ============ 详细性能分析 ============
[模型部分] 总时间: 1.825865s | 显存: 4.12 GB

[0-9秒 PDE求解详细性能]

[19秒 PDE求解]
  t=19s - 时间: 1.806291s | 显存: 0.00 B

[PDE求解部分] 总时间: 1.806291s | 显存: 0.00 B

[本步骤总计] 时间: 3.632157s | 显存: 4.12 GB
orginal_loss:  tensor(71517.3438, device='cuda:0', grad_fn=<MseLossBackward0>)
[Step 9] Backward Propagation - Time: 3.8019s, Mem: -4416012288.00 B
[Step 9] PGD Update - Time: 0.1340s, Mem: 0.00 B

[Step 9] 完整步骤总时间: 5.764092s | 总显存: 0.00 B
[Step 9] 峰值显存: 6.23 GB

[Step 10] ============ 详细性能分析 ============
[模型部分] 总时间: 1.844617s | 显存: 4.12 GB

[0-9秒 PDE求解详细性能]

[19秒 PDE求解]
  t=19s - 时间: 1.825351s | 显存: 0.00 B

[PDE求解部分] 总时间: 1.825351s | 显存: 0.00 B

[本步骤总计] 时间: 3.669968s | 显存: 4.12 GB
orginal_loss:  tensor(79827.8203, device='cuda:0', grad_fn=<MseLossBackward0>)
[Step 10] Backward Propagation - Time: 3.8431s, Mem: -4416012288.00 B
[Step 10] PGD Update - Time: 0.0016s, Mem: 0.00 B

[Step 10] 完整步骤总时间: 5.691464s | 总显存: 0.00 B
[Step 10] 峰值显存: 6.23 GB

[Step 11] ============ 详细性能分析 ============
[模型部分] 总时间: 1.816843s | 显存: 4.12 GB

[0-9秒 PDE求解详细性能]

[19秒 PDE求解]
  t=19s - 时间: 1.797632s | 显存: 0.00 B

[PDE求解部分] 总时间: 1.797632s | 显存: 0.00 B

[本步骤总计] 时间: 3.614475s | 显存: 4.12 GB
orginal_loss:  tensor(82275.1953, device='cuda:0', grad_fn=<MseLossBackward0>)
[Step 11] Backward Propagation - Time: 3.8157s, Mem: -4416012288.00 B
[Step 11] PGD Update - Time: 0.0016s, Mem: 0.00 B

[Step 11] 完整步骤总时间: 5.636173s | 总显存: 0.00 B
[Step 11] 峰值显存: 6.23 GB

[Step 12] ============ 详细性能分析 ============
[模型部分] 总时间: 1.845389s | 显存: 4.12 GB

[0-9秒 PDE求解详细性能]

[19秒 PDE求解]
  t=19s - 时间: 1.826224s | 显存: 0.00 B

[PDE求解部分] 总时间: 1.826224s | 显存: 0.00 B

[本步骤总计] 时间: 3.671613s | 显存: 4.12 GB
orginal_loss:  tensor(83826.4531, device='cuda:0', grad_fn=<MseLossBackward0>)
[Step 12] Backward Propagation - Time: 3.9510s, Mem: -4416012288.00 B
[Step 12] PGD Update - Time: 0.0019s, Mem: 0.00 B

[Step 12] 完整步骤总时间: 5.800319s | 总显存: 0.00 B
[Step 12] 峰值显存: 6.23 GB

[Step 13] ============ 详细性能分析 ============
[模型部分] 总时间: 1.841508s | 显存: 4.12 GB

[0-9秒 PDE求解详细性能]

[19秒 PDE求解]
  t=19s - 时间: 1.821922s | 显存: 0.00 B

[PDE求解部分] 总时间: 1.821922s | 显存: 0.00 B

[本步骤总计] 时间: 3.663430s | 显存: 4.12 GB
orginal_loss:  tensor(85831.6875, device='cuda:0', grad_fn=<MseLossBackward0>)
[Step 13] Backward Propagation - Time: 3.8542s, Mem: -4416012288.00 B
[Step 13] PGD Update - Time: 0.0016s, Mem: 0.00 B

[Step 13] 完整步骤总时间: 5.699591s | 总显存: 0.00 B
[Step 13] 峰值显存: 6.23 GB

[Step 14] ============ 详细性能分析 ============
[模型部分] 总时间: 1.846942s | 显存: 4.12 GB

[0-9秒 PDE求解详细性能]

[19秒 PDE求解]
  t=19s - 时间: 1.827684s | 显存: 0.00 B

[PDE求解部分] 总时间: 1.827684s | 显存: 0.00 B

[本步骤总计] 时间: 3.674626s | 显存: 4.12 GB
orginal_loss:  tensor(88289.5000, device='cuda:0', grad_fn=<MseLossBackward0>)
[Step 14] Backward Propagation - Time: 3.8208s, Mem: -4416012288.00 B
[Step 14] PGD Update - Time: 0.0017s, Mem: 0.00 B

[Step 14] 完整步骤总时间: 5.671947s | 总显存: 0.00 B
[Step 14] 峰值显存: 6.23 GB

[Step 15] ============ 详细性能分析 ============
[模型部分] 总时间: 1.851406s | 显存: 4.12 GB

[0-9秒 PDE求解详细性能]

[19秒 PDE求解]
  t=19s - 时间: 1.832261s | 显存: 0.00 B

[PDE求解部分] 总时间: 1.832261s | 显存: 0.00 B

[本步骤总计] 时间: 3.683667s | 显存: 4.12 GB
orginal_loss:  tensor(89933.8750, device='cuda:0', grad_fn=<MseLossBackward0>)
[Step 15] Backward Propagation - Time: 3.8688s, Mem: -4416012288.00 B
[Step 15] PGD Update - Time: 0.0016s, Mem: 0.00 B

[Step 15] 完整步骤总时间: 5.723765s | 总显存: 0.00 B
[Step 15] 峰值显存: 6.23 GB

[Step 16] ============ 详细性能分析 ============
[模型部分] 总时间: 1.856749s | 显存: 4.12 GB

[0-9秒 PDE求解详细性能]

[19秒 PDE求解]
  t=19s - 时间: 1.837601s | 显存: 0.00 B

[PDE求解部分] 总时间: 1.837601s | 显存: 0.00 B

[本步骤总计] 时间: 3.694350s | 显存: 4.12 GB
orginal_loss:  tensor(90659.0156, device='cuda:0', grad_fn=<MseLossBackward0>)
