c0907a-s25.ufhpc
Sun Sep  7 07:16:58 PM EDT 2025
/blue/shiboli.fsu/yifeisun.umich/adversarial_robustness_FNO
>>> Running SINGLE job with MODE_SPEC=wwwwwwwwww

======================================== 环境诊断 ========================================

[PyTorch]
Version: 2.7.0+cu128
CUDA Available: True
CUDA Version: 12.8
cuDNN Version: 90800
Current Device: 0
Device Name: NVIDIA B200
Device Memory: 178.36 GB

[JAX]
JAX Version: 0.6.0
JAXlib Version: 0.6.0
JAX Backend: gpu
JAX Devices Error: module 'jax.lib.xla_bridge' has no attribute 'devices'

[CUDA/cuDNN System Info]
nvcc not found

[GPU Details]
Device 0: NVIDIA B200
  Compute Capability: 10.0
  Total Memory: 178.36 GB
  Multiprocessors: 148
GPU Details Error: 'torch._C._CudaDeviceProperties' object has no attribute 'max_threads_per_block'

[Compatibility Warnings]
======================================== 诊断结束 ========================================

input_list: [{'norm': 2, 'epsilon': 13.1072, 'alpha': 1.0, 'num_steps': 100}, {'norm': 2, 'epsilon': 39.3216, 'alpha': 1.0, 'num_steps': 100}, {'norm': 2, 'epsilon': 78.6432, 'alpha': 1.0, 'num_steps': 100}]
mode_spec = wwwwwwwwww
Per-frame modes: [t=01] with_solver | [t=02] with_solver | [t=03] with_solver | [t=04] with_solver | [t=05] with_solver | [t=06] with_solver | [t=07] with_solver | [t=08] with_solver | [t=09] with_solver | [t=19] with_solver
================================================================================
norm: 2, epsilon: 13.1072, alpha: 1.0, num_steps: 100, index: 0, method: adam, mode_spec: wwwwwwwwww, b1: 0.9, b2: 0.999, adam_eps: 1e-08, sign_Linf: True, amsgrad: False

[Step 0] ============ 详细性能分析 ============
[模型部分] 总时间: 126.558878s | 显存: 4.12 GB

[0-9秒 PDE求解详细性能]

[19秒 PDE求解]
  t=19s - 时间: 74.015495s | 显存: 0.00 B

[PDE求解部分] 总时间: 74.015495s | 显存: 0.00 B

[本步骤总计] 时间: 200.574373s | 显存: 4.12 GB
surrogate_loss (vs forward.true_19):  2874.302978515625
[Step 0] Backward Propagation - Time: 12.7086s, Mem: -4.10 GB
[Step 0] PGD Update - Time: 4.4881s, Mem: 1.75 MB

[Step 0] 完整步骤总时间: 148.581210s | 总显存: 22.02 MB
[Step 0] 峰值显存: 16.96 GB

[Step 1] ============ 详细性能分析 ============
[模型部分] 总时间: 2.193272s | 显存: 4.12 GB

[0-9秒 PDE求解详细性能]

[19秒 PDE求解]
  t=19s - 时间: 2.173777s | 显存: 0.00 B

[PDE求解部分] 总时间: 2.173777s | 显存: 0.00 B

[本步骤总计] 时间: 4.367049s | 显存: 4.12 GB
surrogate_loss (vs forward.true_19):  3340.9248046875
[Step 1] Backward Propagation - Time: 5.2236s, Mem: -4.11 GB
[Step 1] PGD Update - Time: 0.0972s, Mem: -3.25 MB

[Step 1] 完整步骤总时间: 7.514900s | 总显存: -512.00 KB
[Step 1] 峰值显存: 16.97 GB

[Step 2] ============ 详细性能分析 ============
[模型部分] 总时间: 2.199719s | 显存: 4.12 GB

[0-9秒 PDE求解详细性能]

[19秒 PDE求解]
  t=19s - 时间: 2.180680s | 显存: 0.00 B

[PDE求解部分] 总时间: 2.180680s | 显存: 0.00 B

[本步骤总计] 时间: 4.380398s | 显存: 4.12 GB
surrogate_loss (vs forward.true_19):  3864.486572265625
[Step 2] Backward Propagation - Time: 5.3803s, Mem: -4.11 GB
[Step 2] PGD Update - Time: 0.0024s, Mem: -2.75 MB

[Step 2] 完整步骤总时间: 7.583164s | 总显存: 0.00 B
[Step 2] 峰值显存: 16.97 GB

[Step 3] ============ 详细性能分析 ============
[模型部分] 总时间: 2.183941s | 显存: 4.12 GB

[0-9秒 PDE求解详细性能]

[19秒 PDE求解]
  t=19s - 时间: 2.164730s | 显存: 0.00 B

[PDE求解部分] 总时间: 2.164730s | 显存: 0.00 B

[本步骤总计] 时间: 4.348671s | 显存: 4.12 GB
surrogate_loss (vs forward.true_19):  4463.5810546875
[Step 3] Backward Propagation - Time: 5.1874s, Mem: -4.11 GB
[Step 3] PGD Update - Time: 0.0023s, Mem: -2.75 MB

[Step 3] 完整步骤总时间: 7.374439s | 总显存: 0.00 B
[Step 3] 峰值显存: 16.97 GB

[Step 4] ============ 详细性能分析 ============
[模型部分] 总时间: 2.185106s | 显存: 4.12 GB

[0-9秒 PDE求解详细性能]

[19秒 PDE求解]
  t=19s - 时间: 2.165895s | 显存: 0.00 B

[PDE求解部分] 总时间: 2.165895s | 显存: 0.00 B

[本步骤总计] 时间: 4.351001s | 显存: 4.12 GB
surrogate_loss (vs forward.true_19):  5151.80859375
[Step 4] Backward Propagation - Time: 5.2469s, Mem: -4.11 GB
[Step 4] PGD Update - Time: 0.0025s, Mem: -2.75 MB

[Step 4] 完整步骤总时间: 7.435383s | 总显存: 0.00 B
[Step 4] 峰值显存: 16.97 GB

[Step 5] ============ 详细性能分析 ============
[模型部分] 总时间: 2.216135s | 显存: 4.12 GB

[0-9秒 PDE求解详细性能]

[19秒 PDE求解]
  t=19s - 时间: 2.196735s | 显存: 0.00 B

[PDE求解部分] 总时间: 2.196735s | 显存: 0.00 B

[本步骤总计] 时间: 4.412870s | 显存: 4.12 GB
surrogate_loss (vs forward.true_19):  5934.2265625
[Step 5] Backward Propagation - Time: 5.3644s, Mem: -4.11 GB
[Step 5] PGD Update - Time: 0.0026s, Mem: -2.75 MB

[Step 5] 完整步骤总时间: 7.584208s | 总显存: 0.00 B
[Step 5] 峰值显存: 16.97 GB

[Step 6] ============ 详细性能分析 ============
[模型部分] 总时间: 2.211197s | 显存: 4.12 GB

[0-9秒 PDE求解详细性能]

[19秒 PDE求解]
  t=19s - 时间: 2.191411s | 显存: 0.00 B

[PDE求解部分] 总时间: 2.191411s | 显存: 0.00 B

[本步骤总计] 时间: 4.402607s | 显存: 4.12 GB
surrogate_loss (vs forward.true_19):  6819.0234375
[Step 6] Backward Propagation - Time: 5.2374s, Mem: -4.11 GB
[Step 6] PGD Update - Time: 0.0036s, Mem: -2.75 MB

[Step 6] 完整步骤总时间: 7.453277s | 总显存: 0.00 B
[Step 6] 峰值显存: 16.97 GB

[Step 7] ============ 详细性能分析 ============
[模型部分] 总时间: 2.208614s | 显存: 4.12 GB

[0-9秒 PDE求解详细性能]

[19秒 PDE求解]
  t=19s - 时间: 2.188974s | 显存: 0.00 B

[PDE求解部分] 总时间: 2.188974s | 显存: 0.00 B

[本步骤总计] 时间: 4.397588s | 显存: 4.12 GB
surrogate_loss (vs forward.true_19):  7806.9970703125
[Step 7] Backward Propagation - Time: 5.2294s, Mem: -4.11 GB
[Step 7] PGD Update - Time: 0.0030s, Mem: -2.75 MB

[Step 7] 完整步骤总时间: 7.441965s | 总显存: 0.00 B
[Step 7] 峰值显存: 16.97 GB

[Step 8] ============ 详细性能分析 ============
[模型部分] 总时间: 2.205838s | 显存: 4.12 GB

[0-9秒 PDE求解详细性能]

[19秒 PDE求解]
  t=19s - 时间: 2.186580s | 显存: 0.00 B

[PDE求解部分] 总时间: 2.186580s | 显存: 0.00 B

[本步骤总计] 时间: 4.392418s | 显存: 4.12 GB
surrogate_loss (vs forward.true_19):  8869.5849609375
[Step 8] Backward Propagation - Time: 5.4634s, Mem: -4.11 GB
[Step 8] PGD Update - Time: 0.0039s, Mem: -2.75 MB

[Step 8] 完整步骤总时间: 7.674594s | 总显存: 0.00 B
[Step 8] 峰值显存: 16.97 GB

[Step 9] ============ 详细性能分析 ============
[模型部分] 总时间: 2.239490s | 显存: 4.12 GB

[0-9秒 PDE求解详细性能]

[19秒 PDE求解]
  t=19s - 时间: 2.220238s | 显存: 0.00 B

[PDE求解部分] 总时间: 2.220238s | 显存: 0.00 B

[本步骤总计] 时间: 4.459729s | 显存: 4.12 GB
surrogate_loss (vs forward.true_19):  9965.5927734375
[Step 9] Backward Propagation - Time: 5.2348s, Mem: -4.11 GB
[Step 9] PGD Update - Time: 0.0030s, Mem: -2.75 MB

[Step 9] 完整步骤总时间: 7.478226s | 总显存: 0.00 B
[Step 9] 峰值显存: 16.97 GB

[Step 10] ============ 详细性能分析 ============
[模型部分] 总时间: 2.215480s | 显存: 4.12 GB

[0-9秒 PDE求解详细性能]

[19秒 PDE求解]
  t=19s - 时间: 2.196025s | 显存: 0.00 B

[PDE求解部分] 总时间: 2.196025s | 显存: 0.00 B

[本步骤总计] 时间: 4.411505s | 显存: 4.12 GB
surrogate_loss (vs forward.true_19):  11073.3916015625
[Step 10] Backward Propagation - Time: 5.2379s, Mem: -4.11 GB
[Step 10] PGD Update - Time: 0.0040s, Mem: -2.75 MB

[Step 10] 完整步骤总时间: 7.458582s | 总显存: 0.00 B
[Step 10] 峰值显存: 16.97 GB

[Step 11] ============ 详细性能分析 ============
[模型部分] 总时间: 2.204149s | 显存: 4.12 GB

[0-9秒 PDE求解详细性能]

[19秒 PDE求解]
  t=19s - 时间: 2.184798s | 显存: 0.00 B

[PDE求解部分] 总时间: 2.184798s | 显存: 0.00 B

[本步骤总计] 时间: 4.388947s | 显存: 4.12 GB
surrogate_loss (vs forward.true_19):  12197.041015625
[Step 11] Backward Propagation - Time: 5.2977s, Mem: -4.11 GB
[Step 11] PGD Update - Time: 0.0031s, Mem: -2.75 MB

[Step 11] 完整步骤总时间: 7.505849s | 总显存: 0.00 B
[Step 11] 峰值显存: 16.97 GB

[Step 12] ============ 详细性能分析 ============
[模型部分] 总时间: 2.219424s | 显存: 4.12 GB

[0-9秒 PDE求解详细性能]

[19秒 PDE求解]
  t=19s - 时间: 2.199975s | 显存: 0.00 B

[PDE求解部分] 总时间: 2.199975s | 显存: 0.00 B

[本步骤总计] 时间: 4.419399s | 显存: 4.12 GB
surrogate_loss (vs forward.true_19):  13364.447265625
[Step 12] Backward Propagation - Time: 5.2676s, Mem: -4.11 GB
[Step 12] PGD Update - Time: 0.0026s, Mem: -2.75 MB

[Step 12] 完整步骤总时间: 7.490558s | 总显存: 0.00 B
[Step 12] 峰值显存: 16.97 GB

[Step 13] ============ 详细性能分析 ============
[模型部分] 总时间: 2.309957s | 显存: 4.12 GB

[0-9秒 PDE求解详细性能]

[19秒 PDE求解]
  t=19s - 时间: 2.290576s | 显存: 0.00 B

[PDE求解部分] 总时间: 2.290576s | 显存: 0.00 B

[本步骤总计] 时间: 4.600532s | 显存: 4.12 GB
surrogate_loss (vs forward.true_19):  14596.509765625
[Step 13] Backward Propagation - Time: 5.2175s, Mem: -4.11 GB
[Step 13] PGD Update - Time: 0.0041s, Mem: -2.75 MB

[Step 13] 完整步骤总时间: 7.532763s | 总显存: 0.00 B
[Step 13] 峰值显存: 16.97 GB

[Step 14] ============ 详细性能分析 ============
[模型部分] 总时间: 2.189573s | 显存: 4.12 GB

[0-9秒 PDE求解详细性能]

[19秒 PDE求解]
  t=19s - 时间: 2.170278s | 显存: 0.00 B

[PDE求解部分] 总时间: 2.170278s | 显存: 0.00 B

[本步骤总计] 时间: 4.359851s | 显存: 4.12 GB
surrogate_loss (vs forward.true_19):  15903.076171875
