c1000a-s25.ufhpc
Sun Sep  7 10:26:54 PM EDT 2025
/blue/shiboli.fsu/yifeisun.umich/adversarial_robustness_FNO
>>> Running SINGLE job with MODE_SPEC=wwwwwwwwww

======================================== 环境诊断 ========================================

[PyTorch]
Version: 2.7.0+cu128
CUDA Available: True
CUDA Version: 12.8
cuDNN Version: 90800
Current Device: 0
Device Name: NVIDIA B200
Device Memory: 178.36 GB

[JAX]
JAX Version: 0.6.0
JAXlib Version: 0.6.0
JAX Backend: gpu
JAX Devices Error: module 'jax.lib.xla_bridge' has no attribute 'devices'

[CUDA/cuDNN System Info]
nvcc not found

[GPU Details]
Device 0: NVIDIA B200
  Compute Capability: 10.0
  Total Memory: 178.36 GB
  Multiprocessors: 148
GPU Details Error: 'torch._C._CudaDeviceProperties' object has no attribute 'max_threads_per_block'

[Compatibility Warnings]
======================================== 诊断结束 ========================================

input_list: [{'norm': 2, 'epsilon': 39.3216, 'alpha': 5.0, 'num_steps': 100}]
detached1to5
[1, 2, 3, 4, 5]
================================================================================
norm: 2, epsilon: 39.3216, alpha: 5.0, num_steps: 100, index: 1, method: adam, detach: detached1to5, b1: 0.9, b2: 0.999, adam_eps: 1e-08, sign_Linf: True, amsgrad: False

[Step 0] ============ 详细性能分析 ============
[模型部分] 总时间: 79.224728s | 显存: 4.12 GB

[0-9秒 PDE求解详细性能]

[19秒 PDE求解]
  t=19s - 时间: 46.317518s | 显存: 0.00 B

[PDE求解部分] 总时间: 46.317518s | 显存: 0.00 B

[本步骤总计] 时间: 125.542245s | 显存: 4.12 GB
orginal_loss:  tensor(3644.5620, device='cuda:0', grad_fn=<MseLossBackward0>)
[Step 0] Backward Propagation - Time: 12.1153s, Mem: -4405469184.00 B
[Step 0] PGD Update - Time: 1.5142s, Mem: 1.75 MB

[Step 0] 完整步骤总时间: 103.085196s | 总显存: 21.77 MB
[Step 0] 峰值显存: 6.22 GB

[Step 1] ============ 详细性能分析 ============
[模型部分] 总时间: 1.913310s | 显存: 4.12 GB

[0-9秒 PDE求解详细性能]

[19秒 PDE求解]
  t=19s - 时间: 1.893980s | 显存: 0.00 B

[PDE求解部分] 总时间: 1.893980s | 显存: 0.00 B

[本步骤总计] 时间: 3.807290s | 显存: 4.12 GB
orginal_loss:  tensor(7869.4043, device='cuda:0', grad_fn=<MseLossBackward0>)
[Step 1] Backward Propagation - Time: 3.9360s, Mem: -4414169088.00 B
[Step 1] PGD Update - Time: 0.0016s, Mem: 0.00 B

[Step 1] 完整步骤总时间: 6.033714s | 总显存: -524288.00 B
[Step 1] 峰值显存: 6.23 GB

[Step 2] ============ 详细性能分析 ============
[模型部分] 总时间: 1.900545s | 显存: 4.12 GB

[0-9秒 PDE求解详细性能]

[19秒 PDE求解]
  t=19s - 时间: 1.881333s | 显存: 0.00 B

[PDE求解部分] 总时间: 1.881333s | 显存: 0.00 B

[本步骤总计] 时间: 3.781878s | 显存: 4.12 GB
orginal_loss:  tensor(15452., device='cuda:0', grad_fn=<MseLossBackward0>)
[Step 2] Backward Propagation - Time: 4.0412s, Mem: -4416012288.00 B
[Step 2] PGD Update - Time: 0.0016s, Mem: 0.00 B

[Step 2] 完整步骤总时间: 5.945215s | 总显存: 0.00 B
[Step 2] 峰值显存: 6.23 GB

[Step 3] ============ 详细性能分析 ============
[模型部分] 总时间: 1.870103s | 显存: 4.12 GB

[0-9秒 PDE求解详细性能]

[19秒 PDE求解]
  t=19s - 时间: 1.850890s | 显存: 0.00 B

[PDE求解部分] 总时间: 1.850890s | 显存: 0.00 B

[本步骤总计] 时间: 3.720993s | 显存: 4.12 GB
orginal_loss:  tensor(20941.9023, device='cuda:0', grad_fn=<MseLossBackward0>)
[Step 3] Backward Propagation - Time: 3.9400s, Mem: -4416012288.00 B
[Step 3] PGD Update - Time: 0.0015s, Mem: 0.00 B

[Step 3] 完整步骤总时间: 5.813580s | 总显存: 0.00 B
[Step 3] 峰值显存: 6.23 GB

[Step 4] ============ 详细性能分析 ============
[模型部分] 总时间: 1.894001s | 显存: 4.12 GB

[0-9秒 PDE求解详细性能]

[19秒 PDE求解]
  t=19s - 时间: 1.874780s | 显存: 0.00 B

[PDE求解部分] 总时间: 1.874780s | 显存: 0.00 B

[本步骤总计] 时间: 3.768781s | 显存: 4.12 GB
orginal_loss:  tensor(27210.3906, device='cuda:0', grad_fn=<MseLossBackward0>)
[Step 4] Backward Propagation - Time: 3.9544s, Mem: -4416012288.00 B
[Step 4] PGD Update - Time: 0.0016s, Mem: 0.00 B

[Step 4] 完整步骤总时间: 5.851897s | 总显存: 0.00 B
[Step 4] 峰值显存: 6.23 GB

[Step 5] ============ 详细性能分析 ============
[模型部分] 总时间: 1.901412s | 显存: 4.12 GB

[0-9秒 PDE求解详细性能]

[19秒 PDE求解]
  t=19s - 时间: 1.882237s | 显存: 0.00 B

[PDE求解部分] 总时间: 1.882237s | 显存: 0.00 B

[本步骤总计] 时间: 3.783649s | 显存: 4.12 GB
orginal_loss:  tensor(35408.3906, device='cuda:0', grad_fn=<MseLossBackward0>)
[Step 5] Backward Propagation - Time: 3.9748s, Mem: -4416012288.00 B
[Step 5] PGD Update - Time: 0.0016s, Mem: 0.00 B

[Step 5] 完整步骤总时间: 5.879783s | 总显存: 0.00 B
[Step 5] 峰值显存: 6.23 GB

[Step 6] ============ 详细性能分析 ============
[模型部分] 总时间: 1.893625s | 显存: 4.12 GB

[0-9秒 PDE求解详细性能]

[19秒 PDE求解]
  t=19s - 时间: 1.874446s | 显存: 0.00 B

[PDE求解部分] 总时间: 1.874446s | 显存: 0.00 B

[本步骤总计] 时间: 3.768070s | 显存: 4.12 GB
orginal_loss:  tensor(44033.9688, device='cuda:0', grad_fn=<MseLossBackward0>)
[Step 6] Backward Propagation - Time: 3.9616s, Mem: -4416012288.00 B
[Step 6] PGD Update - Time: 0.0016s, Mem: 0.00 B

[Step 6] 完整步骤总时间: 5.858756s | 总显存: 0.00 B
[Step 6] 峰值显存: 6.23 GB

[Step 7] ============ 详细性能分析 ============
[模型部分] 总时间: 2.366661s | 显存: 4.12 GB

[0-9秒 PDE求解详细性能]

[19秒 PDE求解]
  t=19s - 时间: 2.347482s | 显存: 0.00 B

[PDE求解部分] 总时间: 2.347482s | 显存: 0.00 B

[本步骤总计] 时间: 4.714143s | 显存: 4.12 GB
orginal_loss:  tensor(52597.7109, device='cuda:0', grad_fn=<MseLossBackward0>)
[Step 7] Backward Propagation - Time: 3.9381s, Mem: -4416012288.00 B
[Step 7] PGD Update - Time: 0.0018s, Mem: 0.00 B

[Step 7] 完整步骤总时间: 6.308505s | 总显存: 0.00 B
[Step 7] 峰值显存: 6.23 GB

[Step 8] ============ 详细性能分析 ============
[模型部分] 总时间: 1.882425s | 显存: 4.12 GB

[0-9秒 PDE求解详细性能]

[19秒 PDE求解]
  t=19s - 时间: 1.862971s | 显存: 0.00 B

[PDE求解部分] 总时间: 1.862971s | 显存: 0.00 B

[本步骤总计] 时间: 3.745395s | 显存: 4.12 GB
orginal_loss:  tensor(61677.7383, device='cuda:0', grad_fn=<MseLossBackward0>)
[Step 8] Backward Propagation - Time: 3.9186s, Mem: -4416012288.00 B
[Step 8] PGD Update - Time: 0.0017s, Mem: 0.00 B

[Step 8] 完整步骤总时间: 5.804854s | 总显存: 0.00 B
[Step 8] 峰值显存: 6.23 GB

[Step 9] ============ 详细性能分析 ============
[模型部分] 总时间: 1.875519s | 显存: 4.12 GB

[0-9秒 PDE求解详细性能]

[19秒 PDE求解]
  t=19s - 时间: 1.856101s | 显存: 0.00 B

[PDE求解部分] 总时间: 1.856101s | 显存: 0.00 B

[本步骤总计] 时间: 3.731620s | 显存: 4.12 GB
orginal_loss:  tensor(71517.3438, device='cuda:0', grad_fn=<MseLossBackward0>)
[Step 9] Backward Propagation - Time: 3.9407s, Mem: -4416012288.00 B
[Step 9] PGD Update - Time: 0.0567s, Mem: 0.00 B

[Step 9] 完整步骤总时间: 5.875353s | 总显存: 0.00 B
[Step 9] 峰值显存: 6.23 GB

[Step 10] ============ 详细性能分析 ============
[模型部分] 总时间: 1.907369s | 显存: 4.12 GB

[0-9秒 PDE求解详细性能]

[19秒 PDE求解]
  t=19s - 时间: 1.888157s | 显存: 0.00 B

[PDE求解部分] 总时间: 1.888157s | 显存: 0.00 B

[本步骤总计] 时间: 3.795527s | 显存: 4.12 GB
orginal_loss:  tensor(79827.8203, device='cuda:0', grad_fn=<MseLossBackward0>)
[Step 10] Backward Propagation - Time: 3.9452s, Mem: -4416012288.00 B
[Step 10] PGD Update - Time: 0.0017s, Mem: 0.00 B

[Step 10] 完整步骤总时间: 5.856383s | 总显存: 0.00 B
[Step 10] 峰值显存: 6.23 GB

[Step 11] ============ 详细性能分析 ============
[模型部分] 总时间: 1.865424s | 显存: 4.12 GB

[0-9秒 PDE求解详细性能]

[19秒 PDE求解]
  t=19s - 时间: 1.846251s | 显存: 0.00 B

[PDE求解部分] 总时间: 1.846251s | 显存: 0.00 B

[本步骤总计] 时间: 3.711675s | 显存: 4.12 GB
orginal_loss:  tensor(82275.1953, device='cuda:0', grad_fn=<MseLossBackward0>)
[Step 11] Backward Propagation - Time: 3.9305s, Mem: -4416012288.00 B
[Step 11] PGD Update - Time: 0.0018s, Mem: 0.00 B

[Step 11] 完整步骤总时间: 5.799849s | 总显存: 0.00 B
[Step 11] 峰值显存: 6.23 GB

[Step 12] ============ 详细性能分析 ============
[模型部分] 总时间: 1.919647s | 显存: 4.12 GB

[0-9秒 PDE求解详细性能]

[19秒 PDE求解]
  t=19s - 时间: 1.900155s | 显存: 0.00 B

[PDE求解部分] 总时间: 1.900155s | 显存: 0.00 B

[本步骤总计] 时间: 3.819803s | 显存: 4.12 GB
orginal_loss:  tensor(83826.4531, device='cuda:0', grad_fn=<MseLossBackward0>)
[Step 12] Backward Propagation - Time: 4.0602s, Mem: -4416012288.00 B
[Step 12] PGD Update - Time: 0.0016s, Mem: 0.00 B

[Step 12] 完整步骤总时间: 5.983662s | 总显存: 0.00 B
[Step 12] 峰值显存: 6.23 GB

[Step 13] ============ 详细性能分析 ============
[模型部分] 总时间: 1.913182s | 显存: 4.12 GB

[0-9秒 PDE求解详细性能]

[19秒 PDE求解]
  t=19s - 时间: 1.893669s | 显存: 0.00 B

[PDE求解部分] 总时间: 1.893669s | 显存: 0.00 B

[本步骤总计] 时间: 3.806851s | 显存: 4.12 GB
orginal_loss:  tensor(85831.6875, device='cuda:0', grad_fn=<MseLossBackward0>)
[Step 13] Backward Propagation - Time: 3.9699s, Mem: -4416012288.00 B
[Step 13] PGD Update - Time: 0.0017s, Mem: 0.00 B

[Step 13] 完整步骤总时间: 5.887687s | 总显存: 0.00 B
[Step 13] 峰值显存: 6.23 GB

[Step 14] ============ 详细性能分析 ============
[模型部分] 总时间: 1.891261s | 显存: 4.12 GB

[0-9秒 PDE求解详细性能]

[19秒 PDE求解]
  t=19s - 时间: 1.871996s | 显存: 0.00 B

[PDE求解部分] 总时间: 1.871996s | 显存: 0.00 B

[本步骤总计] 时间: 3.763257s | 显存: 4.12 GB
orginal_loss:  tensor(88289.5000, device='cuda:0', grad_fn=<MseLossBackward0>)
[Step 14] Backward Propagation - Time: 3.9109s, Mem: -4416012288.00 B
[Step 14] PGD Update - Time: 0.0016s, Mem: 0.00 B

[Step 14] 完整步骤总时间: 5.805830s | 总显存: 0.00 B
[Step 14] 峰值显存: 6.23 GB

[Step 15] ============ 详细性能分析 ============
[模型部分] 总时间: 1.903840s | 显存: 4.12 GB

[0-9秒 PDE求解详细性能]

[19秒 PDE求解]
  t=19s - 时间: 1.884638s | 显存: 0.00 B

[PDE求解部分] 总时间: 1.884638s | 显存: 0.00 B

[本步骤总计] 时间: 3.788479s | 显存: 4.12 GB
orginal_loss:  tensor(89933.8750, device='cuda:0', grad_fn=<MseLossBackward0>)
[Step 15] Backward Propagation - Time: 3.9833s, Mem: -4416012288.00 B
[Step 15] PGD Update - Time: 0.0016s, Mem: 0.00 B

[Step 15] 完整步骤总时间: 5.890699s | 总显存: 0.00 B
[Step 15] 峰值显存: 6.23 GB

[Step 16] ============ 详细性能分析 ============
[模型部分] 总时间: 1.907292s | 显存: 4.12 GB

[0-9秒 PDE求解详细性能]

[19秒 PDE求解]
  t=19s - 时间: 1.888083s | 显存: 0.00 B

[PDE求解部分] 总时间: 1.888083s | 显存: 0.00 B

[本步骤总计] 时间: 3.795375s | 显存: 4.12 GB
orginal_loss:  tensor(90659.0156, device='cuda:0', grad_fn=<MseLossBackward0>)
[Step 16] Backward Propagation - Time: 3.9066s, Mem: -4416012288.00 B
[Step 16] PGD Update - Time: 0.0018s, Mem: 0.00 B

[Step 16] 完整步骤总时间: 5.817788s | 总显存: 0.00 B
[Step 16] 峰值显存: 6.23 GB

[Step 17] ============ 详细性能分析 ============
[模型部分] 总时间: 1.918199s | 显存: 4.12 GB

[0-9秒 PDE求解详细性能]

[19秒 PDE求解]
  t=19s - 时间: 1.898698s | 显存: 0.00 B

[PDE求解部分] 总时间: 1.898698s | 显存: 0.00 B

[本步骤总计] 时间: 3.816897s | 显存: 4.12 GB
orginal_loss:  tensor(91141.1562, device='cuda:0', grad_fn=<MseLossBackward0>)
[Step 17] Backward Propagation - Time: 3.9650s, Mem: -4416012288.00 B
[Step 17] PGD Update - Time: 0.0016s, Mem: 0.00 B

[Step 17] 完整步骤总时间: 5.887050s | 总显存: 0.00 B
[Step 17] 峰值显存: 6.23 GB

[Step 18] ============ 详细性能分析 ============
[模型部分] 总时间: 1.906707s | 显存: 4.12 GB

[0-9秒 PDE求解详细性能]

[19秒 PDE求解]
  t=19s - 时间: 1.887392s | 显存: 0.00 B

[PDE求解部分] 总时间: 1.887392s | 显存: 0.00 B

[本步骤总计] 时间: 3.794099s | 显存: 4.12 GB
orginal_loss:  tensor(91428.8281, device='cuda:0', grad_fn=<MseLossBackward0>)
[Step 18] Backward Propagation - Time: 4.0884s, Mem: -4416012288.00 B
[Step 18] PGD Update - Time: 0.0017s, Mem: 0.00 B

[Step 18] 完整步骤总时间: 5.999143s | 总显存: 0.00 B
[Step 18] 峰值显存: 6.23 GB

[Step 19] ============ 详细性能分析 ============
[模型部分] 总时间: 1.906878s | 显存: 4.12 GB

[0-9秒 PDE求解详细性能]

[19秒 PDE求解]
  t=19s - 时间: 1.887644s | 显存: 0.00 B

[PDE求解部分] 总时间: 1.887644s | 显存: 0.00 B

[本步骤总计] 时间: 3.794522s | 显存: 4.12 GB
orginal_loss:  tensor(91592.9062, device='cuda:0', grad_fn=<MseLossBackward0>)
[Step 19] Backward Propagation - Time: 3.9796s, Mem: -4416012288.00 B
[Step 19] PGD Update - Time: 0.0016s, Mem: 0.00 B

[Step 19] 完整步骤总时间: 5.890497s | 总显存: 0.00 B
[Step 19] 峰值显存: 6.23 GB

[Step 20] ============ 详细性能分析 ============
[模型部分] 总时间: 1.919323s | 显存: 4.12 GB

[0-9秒 PDE求解详细性能]

[19秒 PDE求解]
  t=19s - 时间: 1.900058s | 显存: 0.00 B

[PDE求解部分] 总时间: 1.900058s | 显存: 0.00 B

[本步骤总计] 时间: 3.819381s | 显存: 4.12 GB
orginal_loss:  tensor(91684.5391, device='cuda:0', grad_fn=<MseLossBackward0>)
[Step 20] Backward Propagation - Time: 3.9449s, Mem: -4416012288.00 B
[Step 20] PGD Update - Time: 0.0016s, Mem: 0.00 B

[Step 20] 完整步骤总时间: 5.867974s | 总显存: 0.00 B
[Step 20] 峰值显存: 6.23 GB

[Step 21] ============ 详细性能分析 ============
[模型部分] 总时间: 1.877936s | 显存: 4.12 GB

[0-9秒 PDE求解详细性能]

[19秒 PDE求解]
  t=19s - 时间: 1.858745s | 显存: 0.00 B

[PDE求解部分] 总时间: 1.858745s | 显存: 0.00 B

[本步骤总计] 时间: 3.736681s | 显存: 4.12 GB
orginal_loss:  tensor(91686.7344, device='cuda:0', grad_fn=<MseLossBackward0>)
[Step 21] Backward Propagation - Time: 4.0183s, Mem: -4416012288.00 B
[Step 21] PGD Update - Time: 0.0016s, Mem: 0.00 B

[Step 21] 完整步骤总时间: 5.899812s | 总显存: 0.00 B
[Step 21] 峰值显存: 6.23 GB

[Step 22] ============ 详细性能分析 ============
[模型部分] 总时间: 3.498928s | 显存: 4.12 GB

[0-9秒 PDE求解详细性能]

[19秒 PDE求解]
  t=19s - 时间: 1.887013s | 显存: 0.00 B

[PDE求解部分] 总时间: 1.887013s | 显存: 0.00 B

[本步骤总计] 时间: 5.385941s | 显存: 4.12 GB
orginal_loss:  tensor(91682.0469, device='cuda:0', grad_fn=<MseLossBackward0>)
[Step 22] Backward Propagation - Time: 4.0224s, Mem: -4416012288.00 B
[Step 22] PGD Update - Time: 0.0019s, Mem: 0.00 B

[Step 22] 完整步骤总时间: 7.525287s | 总显存: 0.00 B
[Step 22] 峰值显存: 6.23 GB

[Step 23] ============ 详细性能分析 ============
[模型部分] 总时间: 1.923270s | 显存: 4.12 GB

[0-9秒 PDE求解详细性能]

[19秒 PDE求解]
  t=19s - 时间: 1.903778s | 显存: 0.00 B

[PDE求解部分] 总时间: 1.903778s | 显存: 0.00 B

[本步骤总计] 时间: 3.827049s | 显存: 4.12 GB
orginal_loss:  tensor(91765.5312, device='cuda:0', grad_fn=<MseLossBackward0>)
[Step 23] Backward Propagation - Time: 3.9445s, Mem: -4416012288.00 B
[Step 23] PGD Update - Time: 0.0016s, Mem: 0.00 B

[Step 23] 完整步骤总时间: 5.871540s | 总显存: 0.00 B
[Step 23] 峰值显存: 6.23 GB

[Step 24] ============ 详细性能分析 ============
[模型部分] 总时间: 1.875157s | 显存: 4.12 GB

[0-9秒 PDE求解详细性能]

[19秒 PDE求解]
  t=19s - 时间: 1.855823s | 显存: 0.00 B

[PDE求解部分] 总时间: 1.855823s | 显存: 0.00 B

[本步骤总计] 时间: 3.730980s | 显存: 4.12 GB
orginal_loss:  tensor(91867.0781, device='cuda:0', grad_fn=<MseLossBackward0>)
[Step 24] Backward Propagation - Time: 3.9418s, Mem: -4416012288.00 B
[Step 24] PGD Update - Time: 0.0016s, Mem: 0.00 B

[Step 24] 完整步骤总时间: 5.820758s | 总显存: 0.00 B
[Step 24] 峰值显存: 6.23 GB

[Step 25] ============ 详细性能分析 ============
[模型部分] 总时间: 1.919020s | 显存: 4.12 GB

[0-9秒 PDE求解详细性能]

[19秒 PDE求解]
  t=19s - 时间: 1.899721s | 显存: 0.00 B

[PDE求解部分] 总时间: 1.899721s | 显存: 0.00 B

[本步骤总计] 时间: 3.818741s | 显存: 4.12 GB
orginal_loss:  tensor(91930.3750, device='cuda:0', grad_fn=<MseLossBackward0>)
[Step 25] Backward Propagation - Time: 4.1358s, Mem: -4416012288.00 B
[Step 25] PGD Update - Time: 0.0017s, Mem: 0.00 B

[Step 25] 完整步骤总时间: 6.059277s | 总显存: 0.00 B
[Step 25] 峰值显存: 6.23 GB

[Step 26] ============ 详细性能分析 ============
[模型部分] 总时间: 1.910962s | 显存: 4.12 GB

[0-9秒 PDE求解详细性能]

[19秒 PDE求解]
  t=19s - 时间: 1.891729s | 显存: 0.00 B

[PDE求解部分] 总时间: 1.891729s | 显存: 0.00 B

[本步骤总计] 时间: 3.802691s | 显存: 4.12 GB
orginal_loss:  tensor(91977.4766, device='cuda:0', grad_fn=<MseLossBackward0>)
[Step 26] Backward Propagation - Time: 3.9625s, Mem: -4416012288.00 B
[Step 26] PGD Update - Time: 0.0016s, Mem: 0.00 B

[Step 26] 完整步骤总时间: 5.877159s | 总显存: 0.00 B
[Step 26] 峰值显存: 6.23 GB

[Step 27] ============ 详细性能分析 ============
[模型部分] 总时间: 1.882106s | 显存: 4.12 GB

[0-9秒 PDE求解详细性能]

[19秒 PDE求解]
  t=19s - 时间: 1.862865s | 显存: 0.00 B

[PDE求解部分] 总时间: 1.862865s | 显存: 0.00 B

[本步骤总计] 时间: 3.744971s | 显存: 4.12 GB
orginal_loss:  tensor(92002.6250, device='cuda:0', grad_fn=<MseLossBackward0>)
[Step 27] Backward Propagation - Time: 3.9837s, Mem: -4416012288.00 B
[Step 27] PGD Update - Time: 0.0016s, Mem: 0.00 B

[Step 27] 完整步骤总时间: 5.869558s | 总显存: 0.00 B
[Step 27] 峰值显存: 6.23 GB

[Step 28] ============ 详细性能分析 ============
[模型部分] 总时间: 1.893992s | 显存: 4.12 GB

[0-9秒 PDE求解详细性能]

[19秒 PDE求解]
  t=19s - 时间: 1.874774s | 显存: 0.00 B

[PDE求解部分] 总时间: 1.874774s | 显存: 0.00 B

[本步骤总计] 时间: 3.768767s | 显存: 4.12 GB
orginal_loss:  tensor(92009.0469, device='cuda:0', grad_fn=<MseLossBackward0>)
[Step 28] Backward Propagation - Time: 3.9477s, Mem: -4416012288.00 B
[Step 28] PGD Update - Time: 0.0016s, Mem: 0.00 B

[Step 28] 完整步骤总时间: 5.845330s | 总显存: 0.00 B
[Step 28] 峰值显存: 6.23 GB

[Step 29] ============ 详细性能分析 ============
[模型部分] 总时间: 1.908917s | 显存: 4.12 GB

[0-9秒 PDE求解详细性能]

[19秒 PDE求解]
  t=19s - 时间: 1.889716s | 显存: 0.00 B

[PDE求解部分] 总时间: 1.889716s | 显存: 0.00 B

[本步骤总计] 时间: 3.798633s | 显存: 4.12 GB
orginal_loss:  tensor(91982.8281, device='cuda:0', grad_fn=<MseLossBackward0>)
[Step 29] Backward Propagation - Time: 3.9410s, Mem: -4416012288.00 B
[Step 29] PGD Update - Time: 0.0017s, Mem: 0.00 B

[Step 29] 完整步骤总时间: 5.853650s | 总显存: 0.00 B
[Step 29] 峰值显存: 6.23 GB

[Step 30] ============ 详细性能分析 ============
[模型部分] 总时间: 1.891601s | 显存: 4.12 GB

[0-9秒 PDE求解详细性能]

[19秒 PDE求解]
  t=19s - 时间: 1.872212s | 显存: 0.00 B

[PDE求解部分] 总时间: 1.872212s | 显存: 0.00 B

[本步骤总计] 时间: 3.763813s | 显存: 4.12 GB
orginal_loss:  tensor(91899.1562, device='cuda:0', grad_fn=<MseLossBackward0>)
[Step 30] Backward Propagation - Time: 3.9804s, Mem: -4416012288.00 B
[Step 30] PGD Update - Time: 0.0017s, Mem: 0.00 B

[Step 30] 完整步骤总时间: 5.875855s | 总显存: 0.00 B
[Step 30] 峰值显存: 6.23 GB

[Step 31] ============ 详细性能分析 ============
[模型部分] 总时间: 1.867482s | 显存: 4.12 GB

[0-9秒 PDE求解详细性能]

[19秒 PDE求解]
  t=19s - 时间: 1.848034s | 显存: 0.00 B

[PDE求解部分] 总时间: 1.848034s | 显存: 0.00 B

[本步骤总计] 时间: 3.715515s | 显存: 4.12 GB
orginal_loss:  tensor(91792.9844, device='cuda:0', grad_fn=<MseLossBackward0>)
[Step 31] Backward Propagation - Time: 3.9205s, Mem: -4416012288.00 B
[Step 31] PGD Update - Time: 0.0017s, Mem: 0.00 B

[Step 31] 完整步骤总时间: 5.791754s | 总显存: 0.00 B
[Step 31] 峰值显存: 6.23 GB

[Step 32] ============ 详细性能分析 ============
[模型部分] 总时间: 1.875832s | 显存: 4.12 GB

[0-9秒 PDE求解详细性能]

[19秒 PDE求解]
  t=19s - 时间: 1.856621s | 显存: 0.00 B

[PDE求解部分] 总时间: 1.856621s | 显存: 0.00 B

[本步骤总计] 时间: 3.732453s | 显存: 4.12 GB
orginal_loss:  tensor(91679.2344, device='cuda:0', grad_fn=<MseLossBackward0>)
[Step 32] Backward Propagation - Time: 3.9248s, Mem: -4416012288.00 B
[Step 32] PGD Update - Time: 0.0017s, Mem: 0.00 B

[Step 32] 完整步骤总时间: 5.804365s | 总显存: 0.00 B
[Step 32] 峰值显存: 6.23 GB

[Step 33] ============ 详细性能分析 ============
[模型部分] 总时间: 1.907180s | 显存: 4.12 GB

[0-9秒 PDE求解详细性能]

[19秒 PDE求解]
  t=19s - 时间: 1.887971s | 显存: 0.00 B

[PDE求解部分] 总时间: 1.887971s | 显存: 0.00 B

[本步骤总计] 时间: 3.795151s | 显存: 4.12 GB
orginal_loss:  tensor(91571.9766, device='cuda:0', grad_fn=<MseLossBackward0>)
[Step 33] Backward Propagation - Time: 4.1475s, Mem: -4416012288.00 B
[Step 33] PGD Update - Time: 0.0017s, Mem: 0.00 B

[Step 33] 完整步骤总时间: 6.058549s | 总显存: 0.00 B
[Step 33] 峰值显存: 6.23 GB

[Step 34] ============ 详细性能分析 ============
[模型部分] 总时间: 1.912393s | 显存: 4.12 GB

[0-9秒 PDE求解详细性能]

[19秒 PDE求解]
  t=19s - 时间: 1.893178s | 显存: 0.00 B

[PDE求解部分] 总时间: 1.893178s | 显存: 0.00 B

[本步骤总计] 时间: 3.805571s | 显存: 4.12 GB
orginal_loss:  tensor(91463.8594, device='cuda:0', grad_fn=<MseLossBackward0>)
[Step 34] Backward Propagation - Time: 3.9501s, Mem: -4416012288.00 B
[Step 34] PGD Update - Time: 0.0016s, Mem: 0.00 B

[Step 34] 完整步骤总时间: 5.866256s | 总显存: 0.00 B
[Step 34] 峰值显存: 6.23 GB

[Step 35] ============ 详细性能分析 ============
[模型部分] 总时间: 1.900100s | 显存: 4.12 GB

[0-9秒 PDE求解详细性能]

[19秒 PDE求解]
  t=19s - 时间: 1.880870s | 显存: 0.00 B

[PDE求解部分] 总时间: 1.880870s | 显存: 0.00 B

[本步骤总计] 时间: 3.780970s | 显存: 4.12 GB
orginal_loss:  tensor(91378.3359, device='cuda:0', grad_fn=<MseLossBackward0>)
[Step 35] Backward Propagation - Time: 3.9465s, Mem: -4416012288.00 B
[Step 35] PGD Update - Time: 0.0016s, Mem: 0.00 B

[Step 35] 完整步骤总时间: 5.850233s | 总显存: 0.00 B
[Step 35] 峰值显存: 6.23 GB

[Step 36] ============ 详细性能分析 ============
[模型部分] 总时间: 1.901234s | 显存: 4.12 GB

[0-9秒 PDE求解详细性能]

[19秒 PDE求解]
  t=19s - 时间: 1.882056s | 显存: 0.00 B

[PDE求解部分] 总时间: 1.882056s | 显存: 0.00 B

[本步骤总计] 时间: 3.783290s | 显存: 4.12 GB
orginal_loss:  tensor(91298.8672, device='cuda:0', grad_fn=<MseLossBackward0>)
[Step 36] Backward Propagation - Time: 3.8978s, Mem: -4416012288.00 B
[Step 36] PGD Update - Time: 0.0016s, Mem: 0.00 B

[Step 36] 完整步骤总时间: 5.802521s | 总显存: 0.00 B
[Step 36] 峰值显存: 6.23 GB

[Step 37] ============ 详细性能分析 ============
[模型部分] 总时间: 1.898820s | 显存: 4.12 GB

[0-9秒 PDE求解详细性能]

[19秒 PDE求解]
  t=19s - 时间: 1.879616s | 显存: 0.00 B

[PDE求解部分] 总时间: 1.879616s | 显存: 0.00 B

[本步骤总计] 时间: 3.778436s | 显存: 4.12 GB
orginal_loss:  tensor(91213.4375, device='cuda:0', grad_fn=<MseLossBackward0>)
[Step 37] Backward Propagation - Time: 4.0035s, Mem: -4416012288.00 B
[Step 37] PGD Update - Time: 0.0017s, Mem: 0.00 B

[Step 37] 完整步骤总时间: 5.905949s | 总显存: 0.00 B
[Step 37] 峰值显存: 6.23 GB

[Step 38] ============ 详细性能分析 ============
[模型部分] 总时间: 1.875084s | 显存: 4.12 GB

[0-9秒 PDE求解详细性能]

[19秒 PDE求解]
  t=19s - 时间: 1.855746s | 显存: 0.00 B

[PDE求解部分] 总时间: 1.855746s | 显存: 0.00 B

[本步骤总计] 时间: 3.730830s | 显存: 4.12 GB
orginal_loss:  tensor(91122.3438, device='cuda:0', grad_fn=<MseLossBackward0>)
[Step 38] Backward Propagation - Time: 4.0141s, Mem: -4416012288.00 B
[Step 38] PGD Update - Time: 0.0018s, Mem: 0.00 B

[Step 38] 完整步骤总时间: 5.893022s | 总显存: 0.00 B
[Step 38] 峰值显存: 6.23 GB

[Step 39] ============ 详细性能分析 ============
[模型部分] 总时间: 1.916379s | 显存: 4.12 GB

[0-9秒 PDE求解详细性能]

[19秒 PDE求解]
  t=19s - 时间: 1.897031s | 显存: 0.00 B

[PDE求解部分] 总时间: 1.897031s | 显存: 0.00 B

[本步骤总计] 时间: 3.813410s | 显存: 4.12 GB
orginal_loss:  tensor(91011.4922, device='cuda:0', grad_fn=<MseLossBackward0>)
[Step 39] Backward Propagation - Time: 3.9024s, Mem: -4416012288.00 B
[Step 39] PGD Update - Time: 0.0017s, Mem: 0.00 B

[Step 39] 完整步骤总时间: 5.822514s | 总显存: 0.00 B
[Step 39] 峰值显存: 6.23 GB

[Step 40] ============ 详细性能分析 ============
[模型部分] 总时间: 1.895493s | 显存: 4.12 GB

[0-9秒 PDE求解详细性能]

[19秒 PDE求解]
  t=19s - 时间: 1.876125s | 显存: 0.00 B

[PDE求解部分] 总时间: 1.876125s | 显存: 0.00 B

[本步骤总计] 时间: 3.771618s | 显存: 4.12 GB
orginal_loss:  tensor(90896.8594, device='cuda:0', grad_fn=<MseLossBackward0>)
[Step 40] Backward Propagation - Time: 3.9708s, Mem: -4416012288.00 B
[Step 40] PGD Update - Time: 0.0016s, Mem: 0.00 B

[Step 40] 完整步骤总时间: 5.869963s | 总显存: 0.00 B
[Step 40] 峰值显存: 6.23 GB

[Step 41] ============ 详细性能分析 ============
[模型部分] 总时间: 1.890523s | 显存: 4.12 GB

[0-9秒 PDE求解详细性能]

[19秒 PDE求解]
  t=19s - 时间: 1.871306s | 显存: 0.00 B

[PDE求解部分] 总时间: 1.871306s | 显存: 0.00 B

[本步骤总计] 时间: 3.761829s | 显存: 4.12 GB
orginal_loss:  tensor(90790.9453, device='cuda:0', grad_fn=<MseLossBackward0>)
[Step 41] Backward Propagation - Time: 3.9608s, Mem: -4416012288.00 B
[Step 41] PGD Update - Time: 0.0017s, Mem: 0.00 B

[Step 41] 完整步骤总时间: 5.855462s | 总显存: 0.00 B
[Step 41] 峰值显存: 6.23 GB

[Step 42] ============ 详细性能分析 ============
[模型部分] 总时间: 1.881237s | 显存: 4.12 GB

[0-9秒 PDE求解详细性能]

[19秒 PDE求解]
  t=19s - 时间: 1.861990s | 显存: 0.00 B

[PDE求解部分] 总时间: 1.861990s | 显存: 0.00 B

[本步骤总计] 时间: 3.743226s | 显存: 4.12 GB
orginal_loss:  tensor(90687.8906, device='cuda:0', grad_fn=<MseLossBackward0>)
[Step 42] Backward Propagation - Time: 4.0848s, Mem: -4416012288.00 B
[Step 42] PGD Update - Time: 0.0016s, Mem: 0.00 B

[Step 42] 完整步骤总时间: 5.969932s | 总显存: 0.00 B
[Step 42] 峰值显存: 6.23 GB

[Step 43] ============ 详细性能分析 ============
[模型部分] 总时间: 1.917234s | 显存: 4.12 GB

[0-9秒 PDE求解详细性能]

[19秒 PDE求解]
  t=19s - 时间: 1.897974s | 显存: 0.00 B

[PDE求解部分] 总时间: 1.897974s | 显存: 0.00 B

[本步骤总计] 时间: 3.815208s | 显存: 4.12 GB
orginal_loss:  tensor(90588.7188, device='cuda:0', grad_fn=<MseLossBackward0>)
[Step 43] Backward Propagation - Time: 3.9631s, Mem: -4416012288.00 B
[Step 43] PGD Update - Time: 0.0016s, Mem: 0.00 B

[Step 43] 完整步骤总时间: 5.883972s | 总显存: 0.00 B
[Step 43] 峰值显存: 6.23 GB

[Step 44] ============ 详细性能分析 ============
[模型部分] 总时间: 1.922156s | 显存: 4.12 GB

[0-9秒 PDE求解详细性能]

[19秒 PDE求解]
  t=19s - 时间: 1.902974s | 显存: 0.00 B

[PDE求解部分] 总时间: 1.902974s | 显存: 0.00 B

[本步骤总计] 时间: 3.825130s | 显存: 4.12 GB
orginal_loss:  tensor(90503.3047, device='cuda:0', grad_fn=<MseLossBackward0>)
