Adversarial Continued Training:   0%|          | 0/500 [00:00<?, ?it/s]Adversarial Continued Training:   0%|          | 0/500 [00:04<?, ?it/s]
Traceback (most recent call last):
  File "/blue/shiboli.fsu/yifeisun.umich/adversarial_robustness_FNO/./2D_NS_FNO2d_recurrent/continual_train_attack_3/continual_train_attack.py", line 314, in <module>
    pred = recurrent_model(adv_xx)                     # (B,s,s,T)
  File "/blue/shiboli.fsu/yifeisun.umich/.conda/envs/adv_robust/lib/python3.10/site-packages/torch/nn/modules/module.py", line 1751, in _wrapped_call_impl
    return self._call_impl(*args, **kwargs)
  File "/blue/shiboli.fsu/yifeisun.umich/.conda/envs/adv_robust/lib/python3.10/site-packages/torch/nn/modules/module.py", line 1762, in _call_impl
    return forward_call(*args, **kwargs)
  File "/blue/shiboli.fsu/yifeisun.umich/adversarial_robustness_FNO/2D_NS_FNO2d_recurrent/continual_train_attack_3/FNO2d.py", line 114, in forward
    y_pred = self.model(x)  # 预测后面1帧，形状(batch, s, s, step)
  File "/blue/shiboli.fsu/yifeisun.umich/.conda/envs/adv_robust/lib/python3.10/site-packages/torch/nn/modules/module.py", line 1751, in _wrapped_call_impl
    return self._call_impl(*args, **kwargs)
  File "/blue/shiboli.fsu/yifeisun.umich/.conda/envs/adv_robust/lib/python3.10/site-packages/torch/nn/modules/module.py", line 1762, in _call_impl
    return forward_call(*args, **kwargs)
  File "/blue/shiboli.fsu/yifeisun.umich/adversarial_robustness_FNO/2D_NS_FNO2d_recurrent/continual_train_attack_3/FNO2d.py", line 88, in forward
    x = self.q(x)
  File "/blue/shiboli.fsu/yifeisun.umich/.conda/envs/adv_robust/lib/python3.10/site-packages/torch/nn/modules/module.py", line 1751, in _wrapped_call_impl
    return self._call_impl(*args, **kwargs)
  File "/blue/shiboli.fsu/yifeisun.umich/.conda/envs/adv_robust/lib/python3.10/site-packages/torch/nn/modules/module.py", line 1762, in _call_impl
    return forward_call(*args, **kwargs)
  File "/blue/shiboli.fsu/yifeisun.umich/adversarial_robustness_FNO/2D_NS_FNO2d_recurrent/continual_train_attack_3/FNO2d.py", line 47, in forward
    return self.mlp(x)
  File "/blue/shiboli.fsu/yifeisun.umich/.conda/envs/adv_robust/lib/python3.10/site-packages/torch/nn/modules/module.py", line 1751, in _wrapped_call_impl
    return self._call_impl(*args, **kwargs)
  File "/blue/shiboli.fsu/yifeisun.umich/.conda/envs/adv_robust/lib/python3.10/site-packages/torch/nn/modules/module.py", line 1762, in _call_impl
    return forward_call(*args, **kwargs)
  File "/blue/shiboli.fsu/yifeisun.umich/.conda/envs/adv_robust/lib/python3.10/site-packages/torch/nn/modules/container.py", line 240, in forward
    input = module(input)
  File "/blue/shiboli.fsu/yifeisun.umich/.conda/envs/adv_robust/lib/python3.10/site-packages/torch/nn/modules/module.py", line 1751, in _wrapped_call_impl
    return self._call_impl(*args, **kwargs)
  File "/blue/shiboli.fsu/yifeisun.umich/.conda/envs/adv_robust/lib/python3.10/site-packages/torch/nn/modules/module.py", line 1762, in _call_impl
    return forward_call(*args, **kwargs)
  File "/blue/shiboli.fsu/yifeisun.umich/.conda/envs/adv_robust/lib/python3.10/site-packages/torch/nn/modules/activation.py", line 734, in forward
    return F.gelu(input, approximate=self.approximate)
torch.OutOfMemoryError: CUDA out of memory. Tried to allocate 1.56 GiB. GPU 0 has a total capacity of 178.36 GiB of which 942.62 MiB is free. Including non-PyTorch memory, this process has 177.43 GiB memory in use. Of the allocated memory 42.02 GiB is allocated by PyTorch, and 789.07 MiB is reserved by PyTorch but unallocated. If reserved but unallocated memory is large try setting PYTORCH_CUDA_ALLOC_CONF=expandable_segments:True to avoid fragmentation.  See documentation for Memory Management  (https://pytorch.org/docs/stable/notes/cuda.html#environment-variables)
