c0900a-s25.ufhpc
Sat Aug 23 01:54:41 PM EDT 2025
/blue/shiboli.fsu/yifeisun.umich/adversarial_robustness_FNO
Loading files...
✅ Saved figure to: /blue/shiboli.fsu/yifeisun.umich/adversarial_robustness_FNO/2D_NS_FNO2d_recurrent/perturbation_results/adam_attacks_results/comparison_plots/compare_by_alpha_epsilon=13.1072_tag=detached1to5_steps=100_idx=1.png
Loading files...
✅ Saved figure to: /blue/shiboli.fsu/yifeisun.umich/adversarial_robustness_FNO/2D_NS_FNO2d_recurrent/perturbation_results/adam_attacks_results/comparison_plots/compare_by_alpha_epsilon=13.1072_tag=detached1to9_steps=100_idx=1.png
Loading files...
✅ Saved figure to: /blue/shiboli.fsu/yifeisun.umich/adversarial_robustness_FNO/2D_NS_FNO2d_recurrent/perturbation_results/adam_attacks_results/comparison_plots/compare_by_alpha_epsilon=13.1072_tag=detached5to9_steps=100_idx=1.png
Loading files...
✅ Saved figure to: /blue/shiboli.fsu/yifeisun.umich/adversarial_robustness_FNO/2D_NS_FNO2d_recurrent/perturbation_results/adam_attacks_results/comparison_plots/compare_by_alpha_epsilon=13.1072_tag=withsolver_steps=100_idx=1.png
Loading files...
✅ Saved figure to: /blue/shiboli.fsu/yifeisun.umich/adversarial_robustness_FNO/2D_NS_FNO2d_recurrent/perturbation_results/adam_attacks_results/comparison_plots/compare_by_alpha_epsilon=39.3216_tag=detached5to9_steps=100_idx=1.png
Loading files...
✅ Saved figure to: /blue/shiboli.fsu/yifeisun.umich/adversarial_robustness_FNO/2D_NS_FNO2d_recurrent/perturbation_results/adam_attacks_results/comparison_plots/compare_by_alpha_epsilon=39.3216_tag=detached1to9_steps=100_idx=1.png
Loading files...
✅ Saved figure to: /blue/shiboli.fsu/yifeisun.umich/adversarial_robustness_FNO/2D_NS_FNO2d_recurrent/perturbation_results/adam_attacks_results/comparison_plots/compare_by_alpha_epsilon=39.3216_tag=withsolver_steps=100_idx=1.png
Loading files...
✅ Saved figure to: /blue/shiboli.fsu/yifeisun.umich/adversarial_robustness_FNO/2D_NS_FNO2d_recurrent/perturbation_results/adam_attacks_results/comparison_plots/compare_by_alpha_epsilon=39.3216_tag=detached1to5_steps=100_idx=1.png
Loading files...
✅ Saved figure to: /blue/shiboli.fsu/yifeisun.umich/adversarial_robustness_FNO/2D_NS_FNO2d_recurrent/perturbation_results/adam_attacks_results/comparison_plots/compare_by_alpha_epsilon=78.6432_tag=detached1to5_steps=100_idx=1.png
Loading files...
✅ Saved figure to: /blue/shiboli.fsu/yifeisun.umich/adversarial_robustness_FNO/2D_NS_FNO2d_recurrent/perturbation_results/adam_attacks_results/comparison_plots/compare_by_alpha_epsilon=78.6432_tag=detached5to9_steps=100_idx=1.png
Loading files...
✅ Saved figure to: /blue/shiboli.fsu/yifeisun.umich/adversarial_robustness_FNO/2D_NS_FNO2d_recurrent/perturbation_results/adam_attacks_results/comparison_plots/compare_by_alpha_epsilon=78.6432_tag=withsolver_steps=100_idx=1.png
Loading files...
✅ Saved figure to: /blue/shiboli.fsu/yifeisun.umich/adversarial_robustness_FNO/2D_NS_FNO2d_recurrent/perturbation_results/adam_attacks_results/comparison_plots/compare_by_alpha_epsilon=78.6432_tag=detached1to9_steps=100_idx=1.png
