Training FNO 3d Recurrent:   0%|          | 0/500 [00:00<?, ?it/s]Training FNO 3d Recurrent:   0%|          | 0/500 [00:08<?, ?it/s]
Traceback (most recent call last):
  File "/blue/shiboli.fsu/yifeisun.umich/adversarial_robustness_FNO/2D_NS_FNO3d/./training_models/trainingFNO3d_unnormalized.py", line 82, in <module>
    pred = model(xx)  # shape (batch, s, s, 10)
  File "/blue/shiboli.fsu/yifeisun.umich/.conda/envs/adv_robust/lib/python3.10/site-packages/torch/nn/modules/module.py", line 1751, in _wrapped_call_impl
    return self._call_impl(*args, **kwargs)
  File "/blue/shiboli.fsu/yifeisun.umich/.conda/envs/adv_robust/lib/python3.10/site-packages/torch/nn/modules/module.py", line 1762, in _call_impl
    return forward_call(*args, **kwargs)
  File "/blue/shiboli.fsu/yifeisun.umich/adversarial_robustness_FNO/2D_NS_FNO3d/models/FNO3d.py", line 118, in forward
    x1 = self.conv0(x)
  File "/blue/shiboli.fsu/yifeisun.umich/.conda/envs/adv_robust/lib/python3.10/site-packages/torch/nn/modules/module.py", line 1751, in _wrapped_call_impl
    return self._call_impl(*args, **kwargs)
  File "/blue/shiboli.fsu/yifeisun.umich/.conda/envs/adv_robust/lib/python3.10/site-packages/torch/nn/modules/module.py", line 1762, in _call_impl
    return forward_call(*args, **kwargs)
  File "/blue/shiboli.fsu/yifeisun.umich/adversarial_robustness_FNO/2D_NS_FNO3d/models/FNO3d.py", line 49, in forward
    self.compl_mul3d(x_ft[:, :, :self.modes1, :self.modes2, :self.modes3], self.weights1)
  File "/blue/shiboli.fsu/yifeisun.umich/adversarial_robustness_FNO/2D_NS_FNO3d/models/FNO3d.py", line 39, in compl_mul3d
    return torch.einsum("bixyz,ioxyz->boxyz", input, weights)
  File "/blue/shiboli.fsu/yifeisun.umich/.conda/envs/adv_robust/lib/python3.10/site-packages/torch/functional.py", line 422, in einsum
    return _VF.einsum(equation, operands)  # type: ignore[attr-defined]
RuntimeError: einsum(): subscript z has size 8 for operand 1 which does not broadcast with previously seen size 6
