c1000a-s5.ufhpc
Sun Jul  6 11:21:51 PM EDT 2025
/blue/shiboli.fsu/yifeisun.umich/adversarial_robustness_FNO
Training FNO3d
Variable        Value     
-------------------------
ntrain          1000      
ntest           100       
batch_size      20        
learning_rate   0.001     
modes12         64        
modes3          8         
width           60        
s               256       
T_in            1         
T               19        
step            1         
iterations      25000     
sub             1         
3774933241
