/blue/shiboli.fsu/yifeisun.umich/adversarial_robustness_FNO/./2D_NS_FNO2d_recurrent_real_initial/dataset_expansion/PGD_attack_adam_data_expan.py:60: DeprecationWarning: jax.lib.xla_bridge.get_backend is deprecated; use jax.extend.backend.get_backend.
  print(f"JAX Backend: {jax.lib.xla_bridge.get_backend().platform}")
/blue/shiboli.fsu/yifeisun.umich/adversarial_robustness_FNO/./2D_NS_FNO2d_recurrent_real_initial/dataset_expansion/PGD_attack_adam_data_expan.py:97: UserWarning: Could not check cuDNN version compatibility
  warnings.warn("Could not check cuDNN version compatibility")
Traceback (most recent call last):
  File "/blue/shiboli.fsu/yifeisun.umich/adversarial_robustness_FNO/./2D_NS_FNO2d_recurrent_real_initial/dataset_expansion/PGD_attack_adam_data_expan.py", line 654, in <module>
    app.run(main)
  File "/blue/shiboli.fsu/yifeisun.umich/.conda/envs/adv_robust/lib/python3.10/site-packages/absl/app.py", line 316, in run
    _run_main(main, args)
  File "/blue/shiboli.fsu/yifeisun.umich/.conda/envs/adv_robust/lib/python3.10/site-packages/absl/app.py", line 261, in _run_main
    sys.exit(main(argv))
  File "/blue/shiboli.fsu/yifeisun.umich/adversarial_robustness_FNO/./2D_NS_FNO2d_recurrent_real_initial/dataset_expansion/PGD_attack_adam_data_expan.py", line 598, in main
    attack_system = PDEAttackSystem(
  File "/blue/shiboli.fsu/yifeisun.umich/adversarial_robustness_FNO/./2D_NS_FNO2d_recurrent_real_initial/dataset_expansion/PGD_attack_adam_data_expan.py", line 321, in __init__
    self.pde_sol_finder = ApproximatePDESolutionFinder(device)
  File "/blue/shiboli.fsu/yifeisun.umich/adversarial_robustness_FNO/./2D_NS_FNO2d_recurrent_real_initial/dataset_expansion/PGD_attack_adam_data_expan.py", line 203, in __init__
    self.dataset = torch.load(self.dataset_path, weights_only=False, map_location=device)
  File "/blue/shiboli.fsu/yifeisun.umich/.conda/envs/adv_robust/lib/python3.10/site-packages/torch/serialization.py", line 1479, in load
    with _open_file_like(f, "rb") as opened_file:
  File "/blue/shiboli.fsu/yifeisun.umich/.conda/envs/adv_robust/lib/python3.10/site-packages/torch/serialization.py", line 759, in _open_file_like
    return _open_file(name_or_buffer, mode)
  File "/blue/shiboli.fsu/yifeisun.umich/.conda/envs/adv_robust/lib/python3.10/site-packages/torch/serialization.py", line 740, in __init__
    super().__init__(open(name, mode))
FileNotFoundError: [Errno 2] No such file or directory: '/blue/shiboli.fsu/yifeisun.umich/adversarial_robustness_FNO/2D_NS_FNO2d_recurrent_real_initial/datasets/exponax_datasets/t20/dictionary/dim2d_nx256_N2000_solver=exponax_nu0.000_t20.0_dict_ntimepoints21_batch0_all_frames.pt'
srun: error: c0900a-s5: task 0: Exited with exit code 1
/blue/shiboli.fsu/yifeisun.umich/adversarial_robustness_FNO/./2D_NS_FNO2d_recurrent_real_initial/dataset_expansion/PGD_attack_adam_data_expan.py:60: DeprecationWarning: jax.lib.xla_bridge.get_backend is deprecated; use jax.extend.backend.get_backend.
  print(f"JAX Backend: {jax.lib.xla_bridge.get_backend().platform}")
/blue/shiboli.fsu/yifeisun.umich/adversarial_robustness_FNO/./2D_NS_FNO2d_recurrent_real_initial/dataset_expansion/PGD_attack_adam_data_expan.py:97: UserWarning: Could not check cuDNN version compatibility
  warnings.warn("Could not check cuDNN version compatibility")
Traceback (most recent call last):
  File "/blue/shiboli.fsu/yifeisun.umich/adversarial_robustness_FNO/./2D_NS_FNO2d_recurrent_real_initial/dataset_expansion/PGD_attack_adam_data_expan.py", line 654, in <module>
    app.run(main)
  File "/blue/shiboli.fsu/yifeisun.umich/.conda/envs/adv_robust/lib/python3.10/site-packages/absl/app.py", line 316, in run
    _run_main(main, args)
  File "/blue/shiboli.fsu/yifeisun.umich/.conda/envs/adv_robust/lib/python3.10/site-packages/absl/app.py", line 261, in _run_main
    sys.exit(main(argv))
  File "/blue/shiboli.fsu/yifeisun.umich/adversarial_robustness_FNO/./2D_NS_FNO2d_recurrent_real_initial/dataset_expansion/PGD_attack_adam_data_expan.py", line 598, in main
    attack_system = PDEAttackSystem(
  File "/blue/shiboli.fsu/yifeisun.umich/adversarial_robustness_FNO/./2D_NS_FNO2d_recurrent_real_initial/dataset_expansion/PGD_attack_adam_data_expan.py", line 321, in __init__
    self.pde_sol_finder = ApproximatePDESolutionFinder(device)
  File "/blue/shiboli.fsu/yifeisun.umich/adversarial_robustness_FNO/./2D_NS_FNO2d_recurrent_real_initial/dataset_expansion/PGD_attack_adam_data_expan.py", line 203, in __init__
    self.dataset = torch.load(self.dataset_path, weights_only=False, map_location=device)
  File "/blue/shiboli.fsu/yifeisun.umich/.conda/envs/adv_robust/lib/python3.10/site-packages/torch/serialization.py", line 1479, in load
    with _open_file_like(f, "rb") as opened_file:
  File "/blue/shiboli.fsu/yifeisun.umich/.conda/envs/adv_robust/lib/python3.10/site-packages/torch/serialization.py", line 759, in _open_file_like
    return _open_file(name_or_buffer, mode)
  File "/blue/shiboli.fsu/yifeisun.umich/.conda/envs/adv_robust/lib/python3.10/site-packages/torch/serialization.py", line 740, in __init__
    super().__init__(open(name, mode))
FileNotFoundError: [Errno 2] No such file or directory: '/blue/shiboli.fsu/yifeisun.umich/adversarial_robustness_FNO/2D_NS_FNO2d_recurrent_real_initial/datasets/exponax_datasets/t20/dictionary/dim2d_nx256_N2000_solver=exponax_nu0.000_t20.0_dict_ntimepoints21_batch0_all_frames.pt'
srun: error: c0900a-s5: task 0: Exited with exit code 1
