c0606a-s4.ufhpc
Sun Aug 24 05:12:11 PM EDT 2025
/blue/shiboli.fsu/yifeisun.umich/adversarial_robustness_FNO
[DATASET] /blue/shiboli.fsu/yifeisun.umich/adversarial_robustness_FNO/1D_Burgers_FNO_generalization/datasets/all_pos/gaussian_diff_distr/gaussiandiffdistr_cl0.03_dim=1d_solver=exponax_kernel=gaussian_correlation_length=0.03_bc=nonperiodic_nu=0.0005_t=1.0_seed=3_N=5.pkl | N=5, nx=1024 | nu=0.0005, t=1.0, step=0.001, bc=periodic
  -> Rescale to [0.0, 2.0] and resolve (5 samples)
JAX正在使用的后端: gpu
可用的JAX设备: [CudaDevice(id=0)]
JAX正在使用的后端: gpu
可用的JAX设备: [CudaDevice(id=0)]
JAX正在使用的后端: gpu
可用的JAX设备: [CudaDevice(id=0)]
JAX正在使用的后端: gpu
可用的JAX设备: [CudaDevice(id=0)]
JAX正在使用的后端: gpu
可用的JAX设备: [CudaDevice(id=0)]
[SAVED] /blue/shiboli.fsu/yifeisun.umich/adversarial_robustness_FNO/1D_Burgers_FNO_generalization/datasets/range_0p0_2p0/gaussian_diff_distr/gaussiandiffdistr_cl0.03_dim=1d_solver=exponax_kernel=gaussian_correlation_length=0.03_bc=nonperiodic_nu=0.0005_t=1.0_seed=3_N=5.pkl
  -> Rescale to [0.0, 0.5] and resolve (5 samples)
JAX正在使用的后端: gpu
可用的JAX设备: [CudaDevice(id=0)]
JAX正在使用的后端: gpu
可用的JAX设备: [CudaDevice(id=0)]
JAX正在使用的后端: gpu
可用的JAX设备: [CudaDevice(id=0)]
JAX正在使用的后端: gpu
可用的JAX设备: [CudaDevice(id=0)]
JAX正在使用的后端: gpu
可用的JAX设备: [CudaDevice(id=0)]
[SAVED] /blue/shiboli.fsu/yifeisun.umich/adversarial_robustness_FNO/1D_Burgers_FNO_generalization/datasets/range_0p0_0p5/gaussian_diff_distr/gaussiandiffdistr_cl0.03_dim=1d_solver=exponax_kernel=gaussian_correlation_length=0.03_bc=nonperiodic_nu=0.0005_t=1.0_seed=3_N=5.pkl
  -> Rescale to [0.0, 3.0] and resolve (5 samples)
JAX正在使用的后端: gpu
可用的JAX设备: [CudaDevice(id=0)]
JAX正在使用的后端: gpu
可用的JAX设备: [CudaDevice(id=0)]
JAX正在使用的后端: gpu
可用的JAX设备: [CudaDevice(id=0)]
JAX正在使用的后端: gpu
可用的JAX设备: [CudaDevice(id=0)]
JAX正在使用的后端: gpu
可用的JAX设备: [CudaDevice(id=0)]
[SAVED] /blue/shiboli.fsu/yifeisun.umich/adversarial_robustness_FNO/1D_Burgers_FNO_generalization/datasets/range_0p0_3p0/gaussian_diff_distr/gaussiandiffdistr_cl0.03_dim=1d_solver=exponax_kernel=gaussian_correlation_length=0.03_bc=nonperiodic_nu=0.0005_t=1.0_seed=3_N=5.pkl
  -> Rescale to [-2.0, 2.0] and resolve (5 samples)
JAX正在使用的后端: gpu
可用的JAX设备: [CudaDevice(id=0)]
JAX正在使用的后端: gpu
可用的JAX设备: [CudaDevice(id=0)]
JAX正在使用的后端: gpu
可用的JAX设备: [CudaDevice(id=0)]
JAX正在使用的后端: gpu
可用的JAX设备: [CudaDevice(id=0)]
JAX正在使用的后端: gpu
可用的JAX设备: [CudaDevice(id=0)]
[SAVED] /blue/shiboli.fsu/yifeisun.umich/adversarial_robustness_FNO/1D_Burgers_FNO_generalization/datasets/range_-2p0_2p0/gaussian_diff_distr/gaussiandiffdistr_cl0.03_dim=1d_solver=exponax_kernel=gaussian_correlation_length=0.03_bc=nonperiodic_nu=0.0005_t=1.0_seed=3_N=5.pkl
  -> Rescale to [-3.0, 0.0] and resolve (5 samples)
JAX正在使用的后端: gpu
可用的JAX设备: [CudaDevice(id=0)]
JAX正在使用的后端: gpu
可用的JAX设备: [CudaDevice(id=0)]
JAX正在使用的后端: gpu
可用的JAX设备: [CudaDevice(id=0)]
JAX正在使用的后端: gpu
可用的JAX设备: [CudaDevice(id=0)]
JAX正在使用的后端: gpu
可用的JAX设备: [CudaDevice(id=0)]
[SAVED] /blue/shiboli.fsu/yifeisun.umich/adversarial_robustness_FNO/1D_Burgers_FNO_generalization/datasets/range_-3p0_0p0/gaussian_diff_distr/gaussiandiffdistr_cl0.03_dim=1d_solver=exponax_kernel=gaussian_correlation_length=0.03_bc=nonperiodic_nu=0.0005_t=1.0_seed=3_N=5.pkl
  -> Rescale to [-2.0, 0.0] and resolve (5 samples)
JAX正在使用的后端: gpu
可用的JAX设备: [CudaDevice(id=0)]
JAX正在使用的后端: gpu
可用的JAX设备: [CudaDevice(id=0)]
JAX正在使用的后端: gpu
可用的JAX设备: [CudaDevice(id=0)]
JAX正在使用的后端: gpu
可用的JAX设备: [CudaDevice(id=0)]
JAX正在使用的后端: gpu
可用的JAX设备: [CudaDevice(id=0)]
[SAVED] /blue/shiboli.fsu/yifeisun.umich/adversarial_robustness_FNO/1D_Burgers_FNO_generalization/datasets/range_-2p0_0p0/gaussian_diff_distr/gaussiandiffdistr_cl0.03_dim=1d_solver=exponax_kernel=gaussian_correlation_length=0.03_bc=nonperiodic_nu=0.0005_t=1.0_seed=3_N=5.pkl
  -> Rescale to [-3.0, 3.0] and resolve (5 samples)
JAX正在使用的后端: gpu
可用的JAX设备: [CudaDevice(id=0)]
JAX正在使用的后端: gpu
可用的JAX设备: [CudaDevice(id=0)]
JAX正在使用的后端: gpu
可用的JAX设备: [CudaDevice(id=0)]
JAX正在使用的后端: gpu
可用的JAX设备: [CudaDevice(id=0)]
JAX正在使用的后端: gpu
可用的JAX设备: [CudaDevice(id=0)]
[SAVED] /blue/shiboli.fsu/yifeisun.umich/adversarial_robustness_FNO/1D_Burgers_FNO_generalization/datasets/range_-3p0_3p0/gaussian_diff_distr/gaussiandiffdistr_cl0.03_dim=1d_solver=exponax_kernel=gaussian_correlation_length=0.03_bc=nonperiodic_nu=0.0005_t=1.0_seed=3_N=5.pkl
[DATASET] /blue/shiboli.fsu/yifeisun.umich/adversarial_robustness_FNO/1D_Burgers_FNO_generalization/datasets/all_pos/gaussian_diff_distr/gaussiandiffdistr_cl0.1_dim=1d_solver=exponax_kernel=gaussian_correlation_length=0.1_bc=periodic_nu=0.0005_t=1.0_seed=3_N=5.pkl | N=5, nx=1024 | nu=0.0005, t=1.0, step=0.001, bc=periodic
  -> Rescale to [0.0, 2.0] and resolve (5 samples)
JAX正在使用的后端: gpu
可用的JAX设备: [CudaDevice(id=0)]
JAX正在使用的后端: gpu
可用的JAX设备: [CudaDevice(id=0)]
JAX正在使用的后端: gpu
可用的JAX设备: [CudaDevice(id=0)]
JAX正在使用的后端: gpu
可用的JAX设备: [CudaDevice(id=0)]
JAX正在使用的后端: gpu
可用的JAX设备: [CudaDevice(id=0)]
[SAVED] /blue/shiboli.fsu/yifeisun.umich/adversarial_robustness_FNO/1D_Burgers_FNO_generalization/datasets/range_0p0_2p0/gaussian_diff_distr/gaussiandiffdistr_cl0.1_dim=1d_solver=exponax_kernel=gaussian_correlation_length=0.1_bc=periodic_nu=0.0005_t=1.0_seed=3_N=5.pkl
  -> Rescale to [0.0, 0.5] and resolve (5 samples)
JAX正在使用的后端: gpu
可用的JAX设备: [CudaDevice(id=0)]
JAX正在使用的后端: gpu
可用的JAX设备: [CudaDevice(id=0)]
JAX正在使用的后端: gpu
可用的JAX设备: [CudaDevice(id=0)]
JAX正在使用的后端: gpu
可用的JAX设备: [CudaDevice(id=0)]
JAX正在使用的后端: gpu
可用的JAX设备: [CudaDevice(id=0)]
[SAVED] /blue/shiboli.fsu/yifeisun.umich/adversarial_robustness_FNO/1D_Burgers_FNO_generalization/datasets/range_0p0_0p5/gaussian_diff_distr/gaussiandiffdistr_cl0.1_dim=1d_solver=exponax_kernel=gaussian_correlation_length=0.1_bc=periodic_nu=0.0005_t=1.0_seed=3_N=5.pkl
  -> Rescale to [0.0, 3.0] and resolve (5 samples)
JAX正在使用的后端: gpu
可用的JAX设备: [CudaDevice(id=0)]
JAX正在使用的后端: gpu
可用的JAX设备: [CudaDevice(id=0)]
JAX正在使用的后端: gpu
可用的JAX设备: [CudaDevice(id=0)]
JAX正在使用的后端: gpu
可用的JAX设备: [CudaDevice(id=0)]
JAX正在使用的后端: gpu
可用的JAX设备: [CudaDevice(id=0)]
[SAVED] /blue/shiboli.fsu/yifeisun.umich/adversarial_robustness_FNO/1D_Burgers_FNO_generalization/datasets/range_0p0_3p0/gaussian_diff_distr/gaussiandiffdistr_cl0.1_dim=1d_solver=exponax_kernel=gaussian_correlation_length=0.1_bc=periodic_nu=0.0005_t=1.0_seed=3_N=5.pkl
  -> Rescale to [-2.0, 2.0] and resolve (5 samples)
JAX正在使用的后端: gpu
可用的JAX设备: [CudaDevice(id=0)]
JAX正在使用的后端: gpu
可用的JAX设备: [CudaDevice(id=0)]
JAX正在使用的后端: gpu
可用的JAX设备: [CudaDevice(id=0)]
JAX正在使用的后端: gpu
可用的JAX设备: [CudaDevice(id=0)]
JAX正在使用的后端: gpu
可用的JAX设备: [CudaDevice(id=0)]
[SAVED] /blue/shiboli.fsu/yifeisun.umich/adversarial_robustness_FNO/1D_Burgers_FNO_generalization/datasets/range_-2p0_2p0/gaussian_diff_distr/gaussiandiffdistr_cl0.1_dim=1d_solver=exponax_kernel=gaussian_correlation_length=0.1_bc=periodic_nu=0.0005_t=1.0_seed=3_N=5.pkl
  -> Rescale to [-3.0, 0.0] and resolve (5 samples)
JAX正在使用的后端: gpu
可用的JAX设备: [CudaDevice(id=0)]
JAX正在使用的后端: gpu
可用的JAX设备: [CudaDevice(id=0)]
JAX正在使用的后端: gpu
可用的JAX设备: [CudaDevice(id=0)]
JAX正在使用的后端: gpu
可用的JAX设备: [CudaDevice(id=0)]
JAX正在使用的后端: gpu
可用的JAX设备: [CudaDevice(id=0)]
[SAVED] /blue/shiboli.fsu/yifeisun.umich/adversarial_robustness_FNO/1D_Burgers_FNO_generalization/datasets/range_-3p0_0p0/gaussian_diff_distr/gaussiandiffdistr_cl0.1_dim=1d_solver=exponax_kernel=gaussian_correlation_length=0.1_bc=periodic_nu=0.0005_t=1.0_seed=3_N=5.pkl
  -> Rescale to [-2.0, 0.0] and resolve (5 samples)
JAX正在使用的后端: gpu
可用的JAX设备: [CudaDevice(id=0)]
JAX正在使用的后端: gpu
可用的JAX设备: [CudaDevice(id=0)]
JAX正在使用的后端: gpu
可用的JAX设备: [CudaDevice(id=0)]
JAX正在使用的后端: gpu
可用的JAX设备: [CudaDevice(id=0)]
JAX正在使用的后端: gpu
可用的JAX设备: [CudaDevice(id=0)]
[SAVED] /blue/shiboli.fsu/yifeisun.umich/adversarial_robustness_FNO/1D_Burgers_FNO_generalization/datasets/range_-2p0_0p0/gaussian_diff_distr/gaussiandiffdistr_cl0.1_dim=1d_solver=exponax_kernel=gaussian_correlation_length=0.1_bc=periodic_nu=0.0005_t=1.0_seed=3_N=5.pkl
  -> Rescale to [-3.0, 3.0] and resolve (5 samples)
JAX正在使用的后端: gpu
可用的JAX设备: [CudaDevice(id=0)]
JAX正在使用的后端: gpu
可用的JAX设备: [CudaDevice(id=0)]
JAX正在使用的后端: gpu
可用的JAX设备: [CudaDevice(id=0)]
JAX正在使用的后端: gpu
可用的JAX设备: [CudaDevice(id=0)]
JAX正在使用的后端: gpu
可用的JAX设备: [CudaDevice(id=0)]
[SAVED] /blue/shiboli.fsu/yifeisun.umich/adversarial_robustness_FNO/1D_Burgers_FNO_generalization/datasets/range_-3p0_3p0/gaussian_diff_distr/gaussiandiffdistr_cl0.1_dim=1d_solver=exponax_kernel=gaussian_correlation_length=0.1_bc=periodic_nu=0.0005_t=1.0_seed=3_N=5.pkl
[DATASET] /blue/shiboli.fsu/yifeisun.umich/adversarial_robustness_FNO/1D_Burgers_FNO_generalization/datasets/all_pos/gaussian_diff_distr/gaussiandiffdistr_cl0.2_dim=1d_solver=exponax_kernel=gaussian_correlation_length=0.2_bc=periodic_nu=0.0005_t=1.0_seed=3_N=5.pkl | N=5, nx=1024 | nu=0.0005, t=1.0, step=0.001, bc=periodic
  -> Rescale to [0.0, 2.0] and resolve (5 samples)
JAX正在使用的后端: gpu
可用的JAX设备: [CudaDevice(id=0)]
JAX正在使用的后端: gpu
可用的JAX设备: [CudaDevice(id=0)]
JAX正在使用的后端: gpu
可用的JAX设备: [CudaDevice(id=0)]
JAX正在使用的后端: gpu
可用的JAX设备: [CudaDevice(id=0)]
JAX正在使用的后端: gpu
可用的JAX设备: [CudaDevice(id=0)]
[SAVED] /blue/shiboli.fsu/yifeisun.umich/adversarial_robustness_FNO/1D_Burgers_FNO_generalization/datasets/range_0p0_2p0/gaussian_diff_distr/gaussiandiffdistr_cl0.2_dim=1d_solver=exponax_kernel=gaussian_correlation_length=0.2_bc=periodic_nu=0.0005_t=1.0_seed=3_N=5.pkl
  -> Rescale to [0.0, 0.5] and resolve (5 samples)
JAX正在使用的后端: gpu
可用的JAX设备: [CudaDevice(id=0)]
JAX正在使用的后端: gpu
可用的JAX设备: [CudaDevice(id=0)]
JAX正在使用的后端: gpu
可用的JAX设备: [CudaDevice(id=0)]
JAX正在使用的后端: gpu
可用的JAX设备: [CudaDevice(id=0)]
JAX正在使用的后端: gpu
可用的JAX设备: [CudaDevice(id=0)]
[SAVED] /blue/shiboli.fsu/yifeisun.umich/adversarial_robustness_FNO/1D_Burgers_FNO_generalization/datasets/range_0p0_0p5/gaussian_diff_distr/gaussiandiffdistr_cl0.2_dim=1d_solver=exponax_kernel=gaussian_correlation_length=0.2_bc=periodic_nu=0.0005_t=1.0_seed=3_N=5.pkl
  -> Rescale to [0.0, 3.0] and resolve (5 samples)
JAX正在使用的后端: gpu
可用的JAX设备: [CudaDevice(id=0)]
JAX正在使用的后端: gpu
可用的JAX设备: [CudaDevice(id=0)]
JAX正在使用的后端: gpu
可用的JAX设备: [CudaDevice(id=0)]
JAX正在使用的后端: gpu
可用的JAX设备: [CudaDevice(id=0)]
JAX正在使用的后端: gpu
可用的JAX设备: [CudaDevice(id=0)]
[SAVED] /blue/shiboli.fsu/yifeisun.umich/adversarial_robustness_FNO/1D_Burgers_FNO_generalization/datasets/range_0p0_3p0/gaussian_diff_distr/gaussiandiffdistr_cl0.2_dim=1d_solver=exponax_kernel=gaussian_correlation_length=0.2_bc=periodic_nu=0.0005_t=1.0_seed=3_N=5.pkl
  -> Rescale to [-2.0, 2.0] and resolve (5 samples)
JAX正在使用的后端: gpu
可用的JAX设备: [CudaDevice(id=0)]
JAX正在使用的后端: gpu
可用的JAX设备: [CudaDevice(id=0)]
JAX正在使用的后端: gpu
可用的JAX设备: [CudaDevice(id=0)]
JAX正在使用的后端: gpu
可用的JAX设备: [CudaDevice(id=0)]
JAX正在使用的后端: gpu
可用的JAX设备: [CudaDevice(id=0)]
[SAVED] /blue/shiboli.fsu/yifeisun.umich/adversarial_robustness_FNO/1D_Burgers_FNO_generalization/datasets/range_-2p0_2p0/gaussian_diff_distr/gaussiandiffdistr_cl0.2_dim=1d_solver=exponax_kernel=gaussian_correlation_length=0.2_bc=periodic_nu=0.0005_t=1.0_seed=3_N=5.pkl
  -> Rescale to [-3.0, 0.0] and resolve (5 samples)
JAX正在使用的后端: gpu
可用的JAX设备: [CudaDevice(id=0)]
JAX正在使用的后端: gpu
可用的JAX设备: [CudaDevice(id=0)]
JAX正在使用的后端: gpu
可用的JAX设备: [CudaDevice(id=0)]
JAX正在使用的后端: gpu
可用的JAX设备: [CudaDevice(id=0)]
JAX正在使用的后端: gpu
可用的JAX设备: [CudaDevice(id=0)]
[SAVED] /blue/shiboli.fsu/yifeisun.umich/adversarial_robustness_FNO/1D_Burgers_FNO_generalization/datasets/range_-3p0_0p0/gaussian_diff_distr/gaussiandiffdistr_cl0.2_dim=1d_solver=exponax_kernel=gaussian_correlation_length=0.2_bc=periodic_nu=0.0005_t=1.0_seed=3_N=5.pkl
  -> Rescale to [-2.0, 0.0] and resolve (5 samples)
JAX正在使用的后端: gpu
可用的JAX设备: [CudaDevice(id=0)]
JAX正在使用的后端: gpu
可用的JAX设备: [CudaDevice(id=0)]
JAX正在使用的后端: gpu
可用的JAX设备: [CudaDevice(id=0)]
JAX正在使用的后端: gpu
可用的JAX设备: [CudaDevice(id=0)]
JAX正在使用的后端: gpu
可用的JAX设备: [CudaDevice(id=0)]
[SAVED] /blue/shiboli.fsu/yifeisun.umich/adversarial_robustness_FNO/1D_Burgers_FNO_generalization/datasets/range_-2p0_0p0/gaussian_diff_distr/gaussiandiffdistr_cl0.2_dim=1d_solver=exponax_kernel=gaussian_correlation_length=0.2_bc=periodic_nu=0.0005_t=1.0_seed=3_N=5.pkl
  -> Rescale to [-3.0, 3.0] and resolve (5 samples)
JAX正在使用的后端: gpu
可用的JAX设备: [CudaDevice(id=0)]
JAX正在使用的后端: gpu
可用的JAX设备: [CudaDevice(id=0)]
JAX正在使用的后端: gpu
可用的JAX设备: [CudaDevice(id=0)]
JAX正在使用的后端: gpu
可用的JAX设备: [CudaDevice(id=0)]
JAX正在使用的后端: gpu
可用的JAX设备: [CudaDevice(id=0)]
[SAVED] /blue/shiboli.fsu/yifeisun.umich/adversarial_robustness_FNO/1D_Burgers_FNO_generalization/datasets/range_-3p0_3p0/gaussian_diff_distr/gaussiandiffdistr_cl0.2_dim=1d_solver=exponax_kernel=gaussian_correlation_length=0.2_bc=periodic_nu=0.0005_t=1.0_seed=3_N=5.pkl
[DATASET] /blue/shiboli.fsu/yifeisun.umich/adversarial_robustness_FNO/1D_Burgers_FNO_generalization/datasets/all_pos/gaussian_diff_distr/gaussiandiffdistr_cl0.01_dim=1d_solver=exponax_kernel=gaussian_correlation_length=0.01_bc=periodic_nu=0.0005_t=1.0_seed=3_N=5.pkl | N=5, nx=1024 | nu=0.0005, t=1.0, step=0.001, bc=periodic
  -> Rescale to [0.0, 2.0] and resolve (5 samples)
JAX正在使用的后端: gpu
可用的JAX设备: [CudaDevice(id=0)]
JAX正在使用的后端: gpu
可用的JAX设备: [CudaDevice(id=0)]
JAX正在使用的后端: gpu
可用的JAX设备: [CudaDevice(id=0)]
JAX正在使用的后端: gpu
可用的JAX设备: [CudaDevice(id=0)]
JAX正在使用的后端: gpu
可用的JAX设备: [CudaDevice(id=0)]
[SAVED] /blue/shiboli.fsu/yifeisun.umich/adversarial_robustness_FNO/1D_Burgers_FNO_generalization/datasets/range_0p0_2p0/gaussian_diff_distr/gaussiandiffdistr_cl0.01_dim=1d_solver=exponax_kernel=gaussian_correlation_length=0.01_bc=periodic_nu=0.0005_t=1.0_seed=3_N=5.pkl
  -> Rescale to [0.0, 0.5] and resolve (5 samples)
JAX正在使用的后端: gpu
可用的JAX设备: [CudaDevice(id=0)]
JAX正在使用的后端: gpu
可用的JAX设备: [CudaDevice(id=0)]
JAX正在使用的后端: gpu
可用的JAX设备: [CudaDevice(id=0)]
JAX正在使用的后端: gpu
可用的JAX设备: [CudaDevice(id=0)]
JAX正在使用的后端: gpu
可用的JAX设备: [CudaDevice(id=0)]
[SAVED] /blue/shiboli.fsu/yifeisun.umich/adversarial_robustness_FNO/1D_Burgers_FNO_generalization/datasets/range_0p0_0p5/gaussian_diff_distr/gaussiandiffdistr_cl0.01_dim=1d_solver=exponax_kernel=gaussian_correlation_length=0.01_bc=periodic_nu=0.0005_t=1.0_seed=3_N=5.pkl
  -> Rescale to [0.0, 3.0] and resolve (5 samples)
JAX正在使用的后端: gpu
可用的JAX设备: [CudaDevice(id=0)]
JAX正在使用的后端: gpu
可用的JAX设备: [CudaDevice(id=0)]
JAX正在使用的后端: gpu
可用的JAX设备: [CudaDevice(id=0)]
JAX正在使用的后端: gpu
可用的JAX设备: [CudaDevice(id=0)]
JAX正在使用的后端: gpu
可用的JAX设备: [CudaDevice(id=0)]
[SAVED] /blue/shiboli.fsu/yifeisun.umich/adversarial_robustness_FNO/1D_Burgers_FNO_generalization/datasets/range_0p0_3p0/gaussian_diff_distr/gaussiandiffdistr_cl0.01_dim=1d_solver=exponax_kernel=gaussian_correlation_length=0.01_bc=periodic_nu=0.0005_t=1.0_seed=3_N=5.pkl
  -> Rescale to [-2.0, 2.0] and resolve (5 samples)
JAX正在使用的后端: gpu
可用的JAX设备: [CudaDevice(id=0)]
JAX正在使用的后端: gpu
可用的JAX设备: [CudaDevice(id=0)]
JAX正在使用的后端: gpu
可用的JAX设备: [CudaDevice(id=0)]
JAX正在使用的后端: gpu
可用的JAX设备: [CudaDevice(id=0)]
JAX正在使用的后端: gpu
可用的JAX设备: [CudaDevice(id=0)]
[SAVED] /blue/shiboli.fsu/yifeisun.umich/adversarial_robustness_FNO/1D_Burgers_FNO_generalization/datasets/range_-2p0_2p0/gaussian_diff_distr/gaussiandiffdistr_cl0.01_dim=1d_solver=exponax_kernel=gaussian_correlation_length=0.01_bc=periodic_nu=0.0005_t=1.0_seed=3_N=5.pkl
  -> Rescale to [-3.0, 0.0] and resolve (5 samples)
JAX正在使用的后端: gpu
可用的JAX设备: [CudaDevice(id=0)]
JAX正在使用的后端: gpu
可用的JAX设备: [CudaDevice(id=0)]
JAX正在使用的后端: gpu
可用的JAX设备: [CudaDevice(id=0)]
JAX正在使用的后端: gpu
可用的JAX设备: [CudaDevice(id=0)]
JAX正在使用的后端: gpu
可用的JAX设备: [CudaDevice(id=0)]
[SAVED] /blue/shiboli.fsu/yifeisun.umich/adversarial_robustness_FNO/1D_Burgers_FNO_generalization/datasets/range_-3p0_0p0/gaussian_diff_distr/gaussiandiffdistr_cl0.01_dim=1d_solver=exponax_kernel=gaussian_correlation_length=0.01_bc=periodic_nu=0.0005_t=1.0_seed=3_N=5.pkl
  -> Rescale to [-2.0, 0.0] and resolve (5 samples)
JAX正在使用的后端: gpu
可用的JAX设备: [CudaDevice(id=0)]
JAX正在使用的后端: gpu
可用的JAX设备: [CudaDevice(id=0)]
JAX正在使用的后端: gpu
可用的JAX设备: [CudaDevice(id=0)]
JAX正在使用的后端: gpu
可用的JAX设备: [CudaDevice(id=0)]
JAX正在使用的后端: gpu
可用的JAX设备: [CudaDevice(id=0)]
[SAVED] /blue/shiboli.fsu/yifeisun.umich/adversarial_robustness_FNO/1D_Burgers_FNO_generalization/datasets/range_-2p0_0p0/gaussian_diff_distr/gaussiandiffdistr_cl0.01_dim=1d_solver=exponax_kernel=gaussian_correlation_length=0.01_bc=periodic_nu=0.0005_t=1.0_seed=3_N=5.pkl
  -> Rescale to [-3.0, 3.0] and resolve (5 samples)
JAX正在使用的后端: gpu
可用的JAX设备: [CudaDevice(id=0)]
JAX正在使用的后端: gpu
可用的JAX设备: [CudaDevice(id=0)]
JAX正在使用的后端: gpu
可用的JAX设备: [CudaDevice(id=0)]
JAX正在使用的后端: gpu
可用的JAX设备: [CudaDevice(id=0)]
JAX正在使用的后端: gpu
可用的JAX设备: [CudaDevice(id=0)]
[SAVED] /blue/shiboli.fsu/yifeisun.umich/adversarial_robustness_FNO/1D_Burgers_FNO_generalization/datasets/range_-3p0_3p0/gaussian_diff_distr/gaussiandiffdistr_cl0.01_dim=1d_solver=exponax_kernel=gaussian_correlation_length=0.01_bc=periodic_nu=0.0005_t=1.0_seed=3_N=5.pkl
[DATASET] /blue/shiboli.fsu/yifeisun.umich/adversarial_robustness_FNO/1D_Burgers_FNO_generalization/datasets/all_pos/gaussian_diff_distr/gaussiandiffdistr_cl0.005_dim=1d_solver=exponax_kernel=gaussian_correlation_length=0.005_bc=periodic_nu=0.0005_t=1.0_seed=3_N=5.pkl | N=5, nx=1024 | nu=0.0005, t=1.0, step=0.001, bc=periodic
  -> Rescale to [0.0, 2.0] and resolve (5 samples)
JAX正在使用的后端: gpu
可用的JAX设备: [CudaDevice(id=0)]
JAX正在使用的后端: gpu
可用的JAX设备: [CudaDevice(id=0)]
JAX正在使用的后端: gpu
可用的JAX设备: [CudaDevice(id=0)]
JAX正在使用的后端: gpu
可用的JAX设备: [CudaDevice(id=0)]
JAX正在使用的后端: gpu
可用的JAX设备: [CudaDevice(id=0)]
[SAVED] /blue/shiboli.fsu/yifeisun.umich/adversarial_robustness_FNO/1D_Burgers_FNO_generalization/datasets/range_0p0_2p0/gaussian_diff_distr/gaussiandiffdistr_cl0.005_dim=1d_solver=exponax_kernel=gaussian_correlation_length=0.005_bc=periodic_nu=0.0005_t=1.0_seed=3_N=5.pkl
  -> Rescale to [0.0, 0.5] and resolve (5 samples)
JAX正在使用的后端: gpu
可用的JAX设备: [CudaDevice(id=0)]
JAX正在使用的后端: gpu
可用的JAX设备: [CudaDevice(id=0)]
JAX正在使用的后端: gpu
可用的JAX设备: [CudaDevice(id=0)]
JAX正在使用的后端: gpu
可用的JAX设备: [CudaDevice(id=0)]
JAX正在使用的后端: gpu
可用的JAX设备: [CudaDevice(id=0)]
[SAVED] /blue/shiboli.fsu/yifeisun.umich/adversarial_robustness_FNO/1D_Burgers_FNO_generalization/datasets/range_0p0_0p5/gaussian_diff_distr/gaussiandiffdistr_cl0.005_dim=1d_solver=exponax_kernel=gaussian_correlation_length=0.005_bc=periodic_nu=0.0005_t=1.0_seed=3_N=5.pkl
  -> Rescale to [0.0, 3.0] and resolve (5 samples)
JAX正在使用的后端: gpu
可用的JAX设备: [CudaDevice(id=0)]
JAX正在使用的后端: gpu
可用的JAX设备: [CudaDevice(id=0)]
JAX正在使用的后端: gpu
可用的JAX设备: [CudaDevice(id=0)]
JAX正在使用的后端: gpu
可用的JAX设备: [CudaDevice(id=0)]
JAX正在使用的后端: gpu
可用的JAX设备: [CudaDevice(id=0)]
[SAVED] /blue/shiboli.fsu/yifeisun.umich/adversarial_robustness_FNO/1D_Burgers_FNO_generalization/datasets/range_0p0_3p0/gaussian_diff_distr/gaussiandiffdistr_cl0.005_dim=1d_solver=exponax_kernel=gaussian_correlation_length=0.005_bc=periodic_nu=0.0005_t=1.0_seed=3_N=5.pkl
  -> Rescale to [-2.0, 2.0] and resolve (5 samples)
JAX正在使用的后端: gpu
可用的JAX设备: [CudaDevice(id=0)]
JAX正在使用的后端: gpu
可用的JAX设备: [CudaDevice(id=0)]
JAX正在使用的后端: gpu
可用的JAX设备: [CudaDevice(id=0)]
JAX正在使用的后端: gpu
可用的JAX设备: [CudaDevice(id=0)]
JAX正在使用的后端: gpu
可用的JAX设备: [CudaDevice(id=0)]
[SAVED] /blue/shiboli.fsu/yifeisun.umich/adversarial_robustness_FNO/1D_Burgers_FNO_generalization/datasets/range_-2p0_2p0/gaussian_diff_distr/gaussiandiffdistr_cl0.005_dim=1d_solver=exponax_kernel=gaussian_correlation_length=0.005_bc=periodic_nu=0.0005_t=1.0_seed=3_N=5.pkl
  -> Rescale to [-3.0, 0.0] and resolve (5 samples)
JAX正在使用的后端: gpu
可用的JAX设备: [CudaDevice(id=0)]
JAX正在使用的后端: gpu
可用的JAX设备: [CudaDevice(id=0)]
JAX正在使用的后端: gpu
可用的JAX设备: [CudaDevice(id=0)]
JAX正在使用的后端: gpu
可用的JAX设备: [CudaDevice(id=0)]
JAX正在使用的后端: gpu
可用的JAX设备: [CudaDevice(id=0)]
[SAVED] /blue/shiboli.fsu/yifeisun.umich/adversarial_robustness_FNO/1D_Burgers_FNO_generalization/datasets/range_-3p0_0p0/gaussian_diff_distr/gaussiandiffdistr_cl0.005_dim=1d_solver=exponax_kernel=gaussian_correlation_length=0.005_bc=periodic_nu=0.0005_t=1.0_seed=3_N=5.pkl
  -> Rescale to [-2.0, 0.0] and resolve (5 samples)
JAX正在使用的后端: gpu
可用的JAX设备: [CudaDevice(id=0)]
JAX正在使用的后端: gpu
可用的JAX设备: [CudaDevice(id=0)]
JAX正在使用的后端: gpu
可用的JAX设备: [CudaDevice(id=0)]
JAX正在使用的后端: gpu
可用的JAX设备: [CudaDevice(id=0)]
JAX正在使用的后端: gpu
可用的JAX设备: [CudaDevice(id=0)]
[SAVED] /blue/shiboli.fsu/yifeisun.umich/adversarial_robustness_FNO/1D_Burgers_FNO_generalization/datasets/range_-2p0_0p0/gaussian_diff_distr/gaussiandiffdistr_cl0.005_dim=1d_solver=exponax_kernel=gaussian_correlation_length=0.005_bc=periodic_nu=0.0005_t=1.0_seed=3_N=5.pkl
  -> Rescale to [-3.0, 3.0] and resolve (5 samples)
JAX正在使用的后端: gpu
可用的JAX设备: [CudaDevice(id=0)]
JAX正在使用的后端: gpu
可用的JAX设备: [CudaDevice(id=0)]
JAX正在使用的后端: gpu
可用的JAX设备: [CudaDevice(id=0)]
JAX正在使用的后端: gpu
可用的JAX设备: [CudaDevice(id=0)]
JAX正在使用的后端: gpu
可用的JAX设备: [CudaDevice(id=0)]
[SAVED] /blue/shiboli.fsu/yifeisun.umich/adversarial_robustness_FNO/1D_Burgers_FNO_generalization/datasets/range_-3p0_3p0/gaussian_diff_distr/gaussiandiffdistr_cl0.005_dim=1d_solver=exponax_kernel=gaussian_correlation_length=0.005_bc=periodic_nu=0.0005_t=1.0_seed=3_N=5.pkl
[DATASET] /blue/shiboli.fsu/yifeisun.umich/adversarial_robustness_FNO/1D_Burgers_FNO_generalization/datasets/all_pos/gaussian_diff_distr/gaussiandiffdistr_cl0.03_dim=1d_solver=exponax_kernel=gaussian_correlation_length=0.03_bc=periodic_nu=0.0005_t=1.0_seed=3_N=5.pkl | N=5, nx=1024 | nu=0.0005, t=1.0, step=0.001, bc=periodic
  -> Rescale to [0.0, 2.0] and resolve (5 samples)
JAX正在使用的后端: gpu
可用的JAX设备: [CudaDevice(id=0)]
JAX正在使用的后端: gpu
可用的JAX设备: [CudaDevice(id=0)]
JAX正在使用的后端: gpu
可用的JAX设备: [CudaDevice(id=0)]
JAX正在使用的后端: gpu
可用的JAX设备: [CudaDevice(id=0)]
JAX正在使用的后端: gpu
可用的JAX设备: [CudaDevice(id=0)]
[SAVED] /blue/shiboli.fsu/yifeisun.umich/adversarial_robustness_FNO/1D_Burgers_FNO_generalization/datasets/range_0p0_2p0/gaussian_diff_distr/gaussiandiffdistr_cl0.03_dim=1d_solver=exponax_kernel=gaussian_correlation_length=0.03_bc=periodic_nu=0.0005_t=1.0_seed=3_N=5.pkl
  -> Rescale to [0.0, 0.5] and resolve (5 samples)
JAX正在使用的后端: gpu
可用的JAX设备: [CudaDevice(id=0)]
JAX正在使用的后端: gpu
可用的JAX设备: [CudaDevice(id=0)]
JAX正在使用的后端: gpu
可用的JAX设备: [CudaDevice(id=0)]
JAX正在使用的后端: gpu
可用的JAX设备: [CudaDevice(id=0)]
JAX正在使用的后端: gpu
可用的JAX设备: [CudaDevice(id=0)]
[SAVED] /blue/shiboli.fsu/yifeisun.umich/adversarial_robustness_FNO/1D_Burgers_FNO_generalization/datasets/range_0p0_0p5/gaussian_diff_distr/gaussiandiffdistr_cl0.03_dim=1d_solver=exponax_kernel=gaussian_correlation_length=0.03_bc=periodic_nu=0.0005_t=1.0_seed=3_N=5.pkl
  -> Rescale to [0.0, 3.0] and resolve (5 samples)
JAX正在使用的后端: gpu
可用的JAX设备: [CudaDevice(id=0)]
JAX正在使用的后端: gpu
可用的JAX设备: [CudaDevice(id=0)]
JAX正在使用的后端: gpu
可用的JAX设备: [CudaDevice(id=0)]
JAX正在使用的后端: gpu
可用的JAX设备: [CudaDevice(id=0)]
JAX正在使用的后端: gpu
可用的JAX设备: [CudaDevice(id=0)]
[SAVED] /blue/shiboli.fsu/yifeisun.umich/adversarial_robustness_FNO/1D_Burgers_FNO_generalization/datasets/range_0p0_3p0/gaussian_diff_distr/gaussiandiffdistr_cl0.03_dim=1d_solver=exponax_kernel=gaussian_correlation_length=0.03_bc=periodic_nu=0.0005_t=1.0_seed=3_N=5.pkl
  -> Rescale to [-2.0, 2.0] and resolve (5 samples)
JAX正在使用的后端: gpu
可用的JAX设备: [CudaDevice(id=0)]
JAX正在使用的后端: gpu
可用的JAX设备: [CudaDevice(id=0)]
JAX正在使用的后端: gpu
可用的JAX设备: [CudaDevice(id=0)]
JAX正在使用的后端: gpu
可用的JAX设备: [CudaDevice(id=0)]
JAX正在使用的后端: gpu
可用的JAX设备: [CudaDevice(id=0)]
[SAVED] /blue/shiboli.fsu/yifeisun.umich/adversarial_robustness_FNO/1D_Burgers_FNO_generalization/datasets/range_-2p0_2p0/gaussian_diff_distr/gaussiandiffdistr_cl0.03_dim=1d_solver=exponax_kernel=gaussian_correlation_length=0.03_bc=periodic_nu=0.0005_t=1.0_seed=3_N=5.pkl
  -> Rescale to [-3.0, 0.0] and resolve (5 samples)
JAX正在使用的后端: gpu
可用的JAX设备: [CudaDevice(id=0)]
JAX正在使用的后端: gpu
可用的JAX设备: [CudaDevice(id=0)]
JAX正在使用的后端: gpu
可用的JAX设备: [CudaDevice(id=0)]
JAX正在使用的后端: gpu
可用的JAX设备: [CudaDevice(id=0)]
JAX正在使用的后端: gpu
可用的JAX设备: [CudaDevice(id=0)]
[SAVED] /blue/shiboli.fsu/yifeisun.umich/adversarial_robustness_FNO/1D_Burgers_FNO_generalization/datasets/range_-3p0_0p0/gaussian_diff_distr/gaussiandiffdistr_cl0.03_dim=1d_solver=exponax_kernel=gaussian_correlation_length=0.03_bc=periodic_nu=0.0005_t=1.0_seed=3_N=5.pkl
  -> Rescale to [-2.0, 0.0] and resolve (5 samples)
JAX正在使用的后端: gpu
可用的JAX设备: [CudaDevice(id=0)]
JAX正在使用的后端: gpu
可用的JAX设备: [CudaDevice(id=0)]
JAX正在使用的后端: gpu
可用的JAX设备: [CudaDevice(id=0)]
JAX正在使用的后端: gpu
可用的JAX设备: [CudaDevice(id=0)]
JAX正在使用的后端: gpu
可用的JAX设备: [CudaDevice(id=0)]
[SAVED] /blue/shiboli.fsu/yifeisun.umich/adversarial_robustness_FNO/1D_Burgers_FNO_generalization/datasets/range_-2p0_0p0/gaussian_diff_distr/gaussiandiffdistr_cl0.03_dim=1d_solver=exponax_kernel=gaussian_correlation_length=0.03_bc=periodic_nu=0.0005_t=1.0_seed=3_N=5.pkl
  -> Rescale to [-3.0, 3.0] and resolve (5 samples)
JAX正在使用的后端: gpu
可用的JAX设备: [CudaDevice(id=0)]
JAX正在使用的后端: gpu
可用的JAX设备: [CudaDevice(id=0)]
JAX正在使用的后端: gpu
可用的JAX设备: [CudaDevice(id=0)]
JAX正在使用的后端: gpu
可用的JAX设备: [CudaDevice(id=0)]
JAX正在使用的后端: gpu
可用的JAX设备: [CudaDevice(id=0)]
[SAVED] /blue/shiboli.fsu/yifeisun.umich/adversarial_robustness_FNO/1D_Burgers_FNO_generalization/datasets/range_-3p0_3p0/gaussian_diff_distr/gaussiandiffdistr_cl0.03_dim=1d_solver=exponax_kernel=gaussian_correlation_length=0.03_bc=periodic_nu=0.0005_t=1.0_seed=3_N=5.pkl
[DATASET] /blue/shiboli.fsu/yifeisun.umich/adversarial_robustness_FNO/1D_Burgers_FNO_generalization/datasets/all_pos/zigzag/zigzag_peaks10_amp1.0_dim=1d_solver=exponax_bc=periodic_nu=0.0005_t=1.0_seed=3_N=5.pkl | N=5, nx=1024 | nu=0.0005, t=1.0, step=0.001, bc=periodic
  -> Rescale to [0.0, 2.0] and resolve (5 samples)
JAX正在使用的后端: gpu
可用的JAX设备: [CudaDevice(id=0)]
JAX正在使用的后端: gpu
可用的JAX设备: [CudaDevice(id=0)]
JAX正在使用的后端: gpu
可用的JAX设备: [CudaDevice(id=0)]
JAX正在使用的后端: gpu
可用的JAX设备: [CudaDevice(id=0)]
JAX正在使用的后端: gpu
可用的JAX设备: [CudaDevice(id=0)]
[SAVED] /blue/shiboli.fsu/yifeisun.umich/adversarial_robustness_FNO/1D_Burgers_FNO_generalization/datasets/range_0p0_2p0/zigzag/zigzag_peaks10_amp1.0_dim=1d_solver=exponax_bc=periodic_nu=0.0005_t=1.0_seed=3_N=5.pkl
  -> Rescale to [0.0, 0.5] and resolve (5 samples)
JAX正在使用的后端: gpu
可用的JAX设备: [CudaDevice(id=0)]
JAX正在使用的后端: gpu
可用的JAX设备: [CudaDevice(id=0)]
JAX正在使用的后端: gpu
可用的JAX设备: [CudaDevice(id=0)]
JAX正在使用的后端: gpu
可用的JAX设备: [CudaDevice(id=0)]
JAX正在使用的后端: gpu
可用的JAX设备: [CudaDevice(id=0)]
[SAVED] /blue/shiboli.fsu/yifeisun.umich/adversarial_robustness_FNO/1D_Burgers_FNO_generalization/datasets/range_0p0_0p5/zigzag/zigzag_peaks10_amp1.0_dim=1d_solver=exponax_bc=periodic_nu=0.0005_t=1.0_seed=3_N=5.pkl
  -> Rescale to [0.0, 3.0] and resolve (5 samples)
JAX正在使用的后端: gpu
可用的JAX设备: [CudaDevice(id=0)]
JAX正在使用的后端: gpu
可用的JAX设备: [CudaDevice(id=0)]
JAX正在使用的后端: gpu
可用的JAX设备: [CudaDevice(id=0)]
JAX正在使用的后端: gpu
可用的JAX设备: [CudaDevice(id=0)]
JAX正在使用的后端: gpu
可用的JAX设备: [CudaDevice(id=0)]
[SAVED] /blue/shiboli.fsu/yifeisun.umich/adversarial_robustness_FNO/1D_Burgers_FNO_generalization/datasets/range_0p0_3p0/zigzag/zigzag_peaks10_amp1.0_dim=1d_solver=exponax_bc=periodic_nu=0.0005_t=1.0_seed=3_N=5.pkl
  -> Rescale to [-2.0, 2.0] and resolve (5 samples)
JAX正在使用的后端: gpu
可用的JAX设备: [CudaDevice(id=0)]
JAX正在使用的后端: gpu
可用的JAX设备: [CudaDevice(id=0)]
JAX正在使用的后端: gpu
可用的JAX设备: [CudaDevice(id=0)]
JAX正在使用的后端: gpu
可用的JAX设备: [CudaDevice(id=0)]
JAX正在使用的后端: gpu
可用的JAX设备: [CudaDevice(id=0)]
[SAVED] /blue/shiboli.fsu/yifeisun.umich/adversarial_robustness_FNO/1D_Burgers_FNO_generalization/datasets/range_-2p0_2p0/zigzag/zigzag_peaks10_amp1.0_dim=1d_solver=exponax_bc=periodic_nu=0.0005_t=1.0_seed=3_N=5.pkl
  -> Rescale to [-3.0, 0.0] and resolve (5 samples)
JAX正在使用的后端: gpu
可用的JAX设备: [CudaDevice(id=0)]
JAX正在使用的后端: gpu
可用的JAX设备: [CudaDevice(id=0)]
JAX正在使用的后端: gpu
可用的JAX设备: [CudaDevice(id=0)]
JAX正在使用的后端: gpu
可用的JAX设备: [CudaDevice(id=0)]
JAX正在使用的后端: gpu
可用的JAX设备: [CudaDevice(id=0)]
[SAVED] /blue/shiboli.fsu/yifeisun.umich/adversarial_robustness_FNO/1D_Burgers_FNO_generalization/datasets/range_-3p0_0p0/zigzag/zigzag_peaks10_amp1.0_dim=1d_solver=exponax_bc=periodic_nu=0.0005_t=1.0_seed=3_N=5.pkl
  -> Rescale to [-2.0, 0.0] and resolve (5 samples)
JAX正在使用的后端: gpu
可用的JAX设备: [CudaDevice(id=0)]
JAX正在使用的后端: gpu
可用的JAX设备: [CudaDevice(id=0)]
JAX正在使用的后端: gpu
可用的JAX设备: [CudaDevice(id=0)]
JAX正在使用的后端: gpu
可用的JAX设备: [CudaDevice(id=0)]
JAX正在使用的后端: gpu
可用的JAX设备: [CudaDevice(id=0)]
[SAVED] /blue/shiboli.fsu/yifeisun.umich/adversarial_robustness_FNO/1D_Burgers_FNO_generalization/datasets/range_-2p0_0p0/zigzag/zigzag_peaks10_amp1.0_dim=1d_solver=exponax_bc=periodic_nu=0.0005_t=1.0_seed=3_N=5.pkl
  -> Rescale to [-3.0, 3.0] and resolve (5 samples)
JAX正在使用的后端: gpu
可用的JAX设备: [CudaDevice(id=0)]
JAX正在使用的后端: gpu
可用的JAX设备: [CudaDevice(id=0)]
JAX正在使用的后端: gpu
可用的JAX设备: [CudaDevice(id=0)]
JAX正在使用的后端: gpu
可用的JAX设备: [CudaDevice(id=0)]
JAX正在使用的后端: gpu
可用的JAX设备: [CudaDevice(id=0)]
[SAVED] /blue/shiboli.fsu/yifeisun.umich/adversarial_robustness_FNO/1D_Burgers_FNO_generalization/datasets/range_-3p0_3p0/zigzag/zigzag_peaks10_amp1.0_dim=1d_solver=exponax_bc=periodic_nu=0.0005_t=1.0_seed=3_N=5.pkl
[DATASET] /blue/shiboli.fsu/yifeisun.umich/adversarial_robustness_FNO/1D_Burgers_FNO_generalization/datasets/all_pos/zigzag/zigzag_peaks30_amp1.0_dim=1d_solver=exponax_bc=periodic_nu=0.0005_t=1.0_seed=3_N=5.pkl | N=5, nx=1024 | nu=0.0005, t=1.0, step=0.001, bc=periodic
  -> Rescale to [0.0, 2.0] and resolve (5 samples)
JAX正在使用的后端: gpu
可用的JAX设备: [CudaDevice(id=0)]
JAX正在使用的后端: gpu
可用的JAX设备: [CudaDevice(id=0)]
JAX正在使用的后端: gpu
可用的JAX设备: [CudaDevice(id=0)]
JAX正在使用的后端: gpu
可用的JAX设备: [CudaDevice(id=0)]
JAX正在使用的后端: gpu
可用的JAX设备: [CudaDevice(id=0)]
[SAVED] /blue/shiboli.fsu/yifeisun.umich/adversarial_robustness_FNO/1D_Burgers_FNO_generalization/datasets/range_0p0_2p0/zigzag/zigzag_peaks30_amp1.0_dim=1d_solver=exponax_bc=periodic_nu=0.0005_t=1.0_seed=3_N=5.pkl
  -> Rescale to [0.0, 0.5] and resolve (5 samples)
JAX正在使用的后端: gpu
可用的JAX设备: [CudaDevice(id=0)]
JAX正在使用的后端: gpu
可用的JAX设备: [CudaDevice(id=0)]
JAX正在使用的后端: gpu
可用的JAX设备: [CudaDevice(id=0)]
JAX正在使用的后端: gpu
可用的JAX设备: [CudaDevice(id=0)]
JAX正在使用的后端: gpu
可用的JAX设备: [CudaDevice(id=0)]
[SAVED] /blue/shiboli.fsu/yifeisun.umich/adversarial_robustness_FNO/1D_Burgers_FNO_generalization/datasets/range_0p0_0p5/zigzag/zigzag_peaks30_amp1.0_dim=1d_solver=exponax_bc=periodic_nu=0.0005_t=1.0_seed=3_N=5.pkl
  -> Rescale to [0.0, 3.0] and resolve (5 samples)
JAX正在使用的后端: gpu
可用的JAX设备: [CudaDevice(id=0)]
JAX正在使用的后端: gpu
可用的JAX设备: [CudaDevice(id=0)]
JAX正在使用的后端: gpu
可用的JAX设备: [CudaDevice(id=0)]
JAX正在使用的后端: gpu
可用的JAX设备: [CudaDevice(id=0)]
JAX正在使用的后端: gpu
可用的JAX设备: [CudaDevice(id=0)]
[SAVED] /blue/shiboli.fsu/yifeisun.umich/adversarial_robustness_FNO/1D_Burgers_FNO_generalization/datasets/range_0p0_3p0/zigzag/zigzag_peaks30_amp1.0_dim=1d_solver=exponax_bc=periodic_nu=0.0005_t=1.0_seed=3_N=5.pkl
  -> Rescale to [-2.0, 2.0] and resolve (5 samples)
JAX正在使用的后端: gpu
可用的JAX设备: [CudaDevice(id=0)]
JAX正在使用的后端: gpu
可用的JAX设备: [CudaDevice(id=0)]
JAX正在使用的后端: gpu
可用的JAX设备: [CudaDevice(id=0)]
JAX正在使用的后端: gpu
可用的JAX设备: [CudaDevice(id=0)]
JAX正在使用的后端: gpu
可用的JAX设备: [CudaDevice(id=0)]
[SAVED] /blue/shiboli.fsu/yifeisun.umich/adversarial_robustness_FNO/1D_Burgers_FNO_generalization/datasets/range_-2p0_2p0/zigzag/zigzag_peaks30_amp1.0_dim=1d_solver=exponax_bc=periodic_nu=0.0005_t=1.0_seed=3_N=5.pkl
  -> Rescale to [-3.0, 0.0] and resolve (5 samples)
JAX正在使用的后端: gpu
可用的JAX设备: [CudaDevice(id=0)]
JAX正在使用的后端: gpu
可用的JAX设备: [CudaDevice(id=0)]
JAX正在使用的后端: gpu
可用的JAX设备: [CudaDevice(id=0)]
JAX正在使用的后端: gpu
可用的JAX设备: [CudaDevice(id=0)]
JAX正在使用的后端: gpu
可用的JAX设备: [CudaDevice(id=0)]
[SAVED] /blue/shiboli.fsu/yifeisun.umich/adversarial_robustness_FNO/1D_Burgers_FNO_generalization/datasets/range_-3p0_0p0/zigzag/zigzag_peaks30_amp1.0_dim=1d_solver=exponax_bc=periodic_nu=0.0005_t=1.0_seed=3_N=5.pkl
  -> Rescale to [-2.0, 0.0] and resolve (5 samples)
JAX正在使用的后端: gpu
可用的JAX设备: [CudaDevice(id=0)]
JAX正在使用的后端: gpu
可用的JAX设备: [CudaDevice(id=0)]
JAX正在使用的后端: gpu
可用的JAX设备: [CudaDevice(id=0)]
JAX正在使用的后端: gpu
可用的JAX设备: [CudaDevice(id=0)]
JAX正在使用的后端: gpu
可用的JAX设备: [CudaDevice(id=0)]
[SAVED] /blue/shiboli.fsu/yifeisun.umich/adversarial_robustness_FNO/1D_Burgers_FNO_generalization/datasets/range_-2p0_0p0/zigzag/zigzag_peaks30_amp1.0_dim=1d_solver=exponax_bc=periodic_nu=0.0005_t=1.0_seed=3_N=5.pkl
  -> Rescale to [-3.0, 3.0] and resolve (5 samples)
JAX正在使用的后端: gpu
可用的JAX设备: [CudaDevice(id=0)]
JAX正在使用的后端: gpu
可用的JAX设备: [CudaDevice(id=0)]
JAX正在使用的后端: gpu
可用的JAX设备: [CudaDevice(id=0)]
JAX正在使用的后端: gpu
可用的JAX设备: [CudaDevice(id=0)]
JAX正在使用的后端: gpu
可用的JAX设备: [CudaDevice(id=0)]
[SAVED] /blue/shiboli.fsu/yifeisun.umich/adversarial_robustness_FNO/1D_Burgers_FNO_generalization/datasets/range_-3p0_3p0/zigzag/zigzag_peaks30_amp1.0_dim=1d_solver=exponax_bc=periodic_nu=0.0005_t=1.0_seed=3_N=5.pkl
[DATASET] /blue/shiboli.fsu/yifeisun.umich/adversarial_robustness_FNO/1D_Burgers_FNO_generalization/datasets/all_pos/zigzag/zigzag_peaks100_amp1.0_dim=1d_solver=exponax_bc=periodic_nu=0.0005_t=1.0_seed=3_N=5.pkl | N=5, nx=1024 | nu=0.0005, t=1.0, step=0.001, bc=periodic
  -> Rescale to [0.0, 2.0] and resolve (5 samples)
JAX正在使用的后端: gpu
可用的JAX设备: [CudaDevice(id=0)]
JAX正在使用的后端: gpu
可用的JAX设备: [CudaDevice(id=0)]
JAX正在使用的后端: gpu
可用的JAX设备: [CudaDevice(id=0)]
JAX正在使用的后端: gpu
可用的JAX设备: [CudaDevice(id=0)]
JAX正在使用的后端: gpu
可用的JAX设备: [CudaDevice(id=0)]
[SAVED] /blue/shiboli.fsu/yifeisun.umich/adversarial_robustness_FNO/1D_Burgers_FNO_generalization/datasets/range_0p0_2p0/zigzag/zigzag_peaks100_amp1.0_dim=1d_solver=exponax_bc=periodic_nu=0.0005_t=1.0_seed=3_N=5.pkl
  -> Rescale to [0.0, 0.5] and resolve (5 samples)
JAX正在使用的后端: gpu
可用的JAX设备: [CudaDevice(id=0)]
JAX正在使用的后端: gpu
可用的JAX设备: [CudaDevice(id=0)]
JAX正在使用的后端: gpu
可用的JAX设备: [CudaDevice(id=0)]
JAX正在使用的后端: gpu
可用的JAX设备: [CudaDevice(id=0)]
JAX正在使用的后端: gpu
可用的JAX设备: [CudaDevice(id=0)]
[SAVED] /blue/shiboli.fsu/yifeisun.umich/adversarial_robustness_FNO/1D_Burgers_FNO_generalization/datasets/range_0p0_0p5/zigzag/zigzag_peaks100_amp1.0_dim=1d_solver=exponax_bc=periodic_nu=0.0005_t=1.0_seed=3_N=5.pkl
  -> Rescale to [0.0, 3.0] and resolve (5 samples)
JAX正在使用的后端: gpu
可用的JAX设备: [CudaDevice(id=0)]
JAX正在使用的后端: gpu
可用的JAX设备: [CudaDevice(id=0)]
JAX正在使用的后端: gpu
可用的JAX设备: [CudaDevice(id=0)]
JAX正在使用的后端: gpu
可用的JAX设备: [CudaDevice(id=0)]
JAX正在使用的后端: gpu
可用的JAX设备: [CudaDevice(id=0)]
[SAVED] /blue/shiboli.fsu/yifeisun.umich/adversarial_robustness_FNO/1D_Burgers_FNO_generalization/datasets/range_0p0_3p0/zigzag/zigzag_peaks100_amp1.0_dim=1d_solver=exponax_bc=periodic_nu=0.0005_t=1.0_seed=3_N=5.pkl
  -> Rescale to [-2.0, 2.0] and resolve (5 samples)
JAX正在使用的后端: gpu
可用的JAX设备: [CudaDevice(id=0)]
JAX正在使用的后端: gpu
可用的JAX设备: [CudaDevice(id=0)]
JAX正在使用的后端: gpu
可用的JAX设备: [CudaDevice(id=0)]
JAX正在使用的后端: gpu
可用的JAX设备: [CudaDevice(id=0)]
JAX正在使用的后端: gpu
可用的JAX设备: [CudaDevice(id=0)]
[SAVED] /blue/shiboli.fsu/yifeisun.umich/adversarial_robustness_FNO/1D_Burgers_FNO_generalization/datasets/range_-2p0_2p0/zigzag/zigzag_peaks100_amp1.0_dim=1d_solver=exponax_bc=periodic_nu=0.0005_t=1.0_seed=3_N=5.pkl
  -> Rescale to [-3.0, 0.0] and resolve (5 samples)
JAX正在使用的后端: gpu
可用的JAX设备: [CudaDevice(id=0)]
JAX正在使用的后端: gpu
可用的JAX设备: [CudaDevice(id=0)]
JAX正在使用的后端: gpu
可用的JAX设备: [CudaDevice(id=0)]
JAX正在使用的后端: gpu
可用的JAX设备: [CudaDevice(id=0)]
JAX正在使用的后端: gpu
可用的JAX设备: [CudaDevice(id=0)]
[SAVED] /blue/shiboli.fsu/yifeisun.umich/adversarial_robustness_FNO/1D_Burgers_FNO_generalization/datasets/range_-3p0_0p0/zigzag/zigzag_peaks100_amp1.0_dim=1d_solver=exponax_bc=periodic_nu=0.0005_t=1.0_seed=3_N=5.pkl
  -> Rescale to [-2.0, 0.0] and resolve (5 samples)
JAX正在使用的后端: gpu
可用的JAX设备: [CudaDevice(id=0)]
JAX正在使用的后端: gpu
可用的JAX设备: [CudaDevice(id=0)]
JAX正在使用的后端: gpu
可用的JAX设备: [CudaDevice(id=0)]
JAX正在使用的后端: gpu
可用的JAX设备: [CudaDevice(id=0)]
JAX正在使用的后端: gpu
可用的JAX设备: [CudaDevice(id=0)]
[SAVED] /blue/shiboli.fsu/yifeisun.umich/adversarial_robustness_FNO/1D_Burgers_FNO_generalization/datasets/range_-2p0_0p0/zigzag/zigzag_peaks100_amp1.0_dim=1d_solver=exponax_bc=periodic_nu=0.0005_t=1.0_seed=3_N=5.pkl
  -> Rescale to [-3.0, 3.0] and resolve (5 samples)
JAX正在使用的后端: gpu
可用的JAX设备: [CudaDevice(id=0)]
JAX正在使用的后端: gpu
可用的JAX设备: [CudaDevice(id=0)]
JAX正在使用的后端: gpu
可用的JAX设备: [CudaDevice(id=0)]
JAX正在使用的后端: gpu
可用的JAX设备: [CudaDevice(id=0)]
JAX正在使用的后端: gpu
可用的JAX设备: [CudaDevice(id=0)]
[SAVED] /blue/shiboli.fsu/yifeisun.umich/adversarial_robustness_FNO/1D_Burgers_FNO_generalization/datasets/range_-3p0_3p0/zigzag/zigzag_peaks100_amp1.0_dim=1d_solver=exponax_bc=periodic_nu=0.0005_t=1.0_seed=3_N=5.pkl
[DATASET] /blue/shiboli.fsu/yifeisun.umich/adversarial_robustness_FNO/1D_Burgers_FNO_generalization/datasets/all_pos/zigzag/zigzag_peaks50_amp1.0_dim=1d_solver=exponax_bc=periodic_nu=0.0005_t=1.0_seed=3_N=5.pkl | N=5, nx=1024 | nu=0.0005, t=1.0, step=0.001, bc=periodic
  -> Rescale to [0.0, 2.0] and resolve (5 samples)
JAX正在使用的后端: gpu
可用的JAX设备: [CudaDevice(id=0)]
JAX正在使用的后端: gpu
可用的JAX设备: [CudaDevice(id=0)]
JAX正在使用的后端: gpu
可用的JAX设备: [CudaDevice(id=0)]
JAX正在使用的后端: gpu
可用的JAX设备: [CudaDevice(id=0)]
JAX正在使用的后端: gpu
可用的JAX设备: [CudaDevice(id=0)]
[SAVED] /blue/shiboli.fsu/yifeisun.umich/adversarial_robustness_FNO/1D_Burgers_FNO_generalization/datasets/range_0p0_2p0/zigzag/zigzag_peaks50_amp1.0_dim=1d_solver=exponax_bc=periodic_nu=0.0005_t=1.0_seed=3_N=5.pkl
  -> Rescale to [0.0, 0.5] and resolve (5 samples)
JAX正在使用的后端: gpu
可用的JAX设备: [CudaDevice(id=0)]
JAX正在使用的后端: gpu
可用的JAX设备: [CudaDevice(id=0)]
JAX正在使用的后端: gpu
可用的JAX设备: [CudaDevice(id=0)]
JAX正在使用的后端: gpu
可用的JAX设备: [CudaDevice(id=0)]
JAX正在使用的后端: gpu
可用的JAX设备: [CudaDevice(id=0)]
[SAVED] /blue/shiboli.fsu/yifeisun.umich/adversarial_robustness_FNO/1D_Burgers_FNO_generalization/datasets/range_0p0_0p5/zigzag/zigzag_peaks50_amp1.0_dim=1d_solver=exponax_bc=periodic_nu=0.0005_t=1.0_seed=3_N=5.pkl
  -> Rescale to [0.0, 3.0] and resolve (5 samples)
JAX正在使用的后端: gpu
可用的JAX设备: [CudaDevice(id=0)]
JAX正在使用的后端: gpu
可用的JAX设备: [CudaDevice(id=0)]
JAX正在使用的后端: gpu
可用的JAX设备: [CudaDevice(id=0)]
JAX正在使用的后端: gpu
可用的JAX设备: [CudaDevice(id=0)]
JAX正在使用的后端: gpu
可用的JAX设备: [CudaDevice(id=0)]
[SAVED] /blue/shiboli.fsu/yifeisun.umich/adversarial_robustness_FNO/1D_Burgers_FNO_generalization/datasets/range_0p0_3p0/zigzag/zigzag_peaks50_amp1.0_dim=1d_solver=exponax_bc=periodic_nu=0.0005_t=1.0_seed=3_N=5.pkl
  -> Rescale to [-2.0, 2.0] and resolve (5 samples)
JAX正在使用的后端: gpu
可用的JAX设备: [CudaDevice(id=0)]
JAX正在使用的后端: gpu
可用的JAX设备: [CudaDevice(id=0)]
JAX正在使用的后端: gpu
可用的JAX设备: [CudaDevice(id=0)]
JAX正在使用的后端: gpu
可用的JAX设备: [CudaDevice(id=0)]
JAX正在使用的后端: gpu
可用的JAX设备: [CudaDevice(id=0)]
[SAVED] /blue/shiboli.fsu/yifeisun.umich/adversarial_robustness_FNO/1D_Burgers_FNO_generalization/datasets/range_-2p0_2p0/zigzag/zigzag_peaks50_amp1.0_dim=1d_solver=exponax_bc=periodic_nu=0.0005_t=1.0_seed=3_N=5.pkl
  -> Rescale to [-3.0, 0.0] and resolve (5 samples)
JAX正在使用的后端: gpu
可用的JAX设备: [CudaDevice(id=0)]
JAX正在使用的后端: gpu
可用的JAX设备: [CudaDevice(id=0)]
JAX正在使用的后端: gpu
可用的JAX设备: [CudaDevice(id=0)]
JAX正在使用的后端: gpu
可用的JAX设备: [CudaDevice(id=0)]
JAX正在使用的后端: gpu
可用的JAX设备: [CudaDevice(id=0)]
[SAVED] /blue/shiboli.fsu/yifeisun.umich/adversarial_robustness_FNO/1D_Burgers_FNO_generalization/datasets/range_-3p0_0p0/zigzag/zigzag_peaks50_amp1.0_dim=1d_solver=exponax_bc=periodic_nu=0.0005_t=1.0_seed=3_N=5.pkl
  -> Rescale to [-2.0, 0.0] and resolve (5 samples)
JAX正在使用的后端: gpu
可用的JAX设备: [CudaDevice(id=0)]
JAX正在使用的后端: gpu
可用的JAX设备: [CudaDevice(id=0)]
JAX正在使用的后端: gpu
可用的JAX设备: [CudaDevice(id=0)]
JAX正在使用的后端: gpu
可用的JAX设备: [CudaDevice(id=0)]
JAX正在使用的后端: gpu
可用的JAX设备: [CudaDevice(id=0)]
[SAVED] /blue/shiboli.fsu/yifeisun.umich/adversarial_robustness_FNO/1D_Burgers_FNO_generalization/datasets/range_-2p0_0p0/zigzag/zigzag_peaks50_amp1.0_dim=1d_solver=exponax_bc=periodic_nu=0.0005_t=1.0_seed=3_N=5.pkl
  -> Rescale to [-3.0, 3.0] and resolve (5 samples)
JAX正在使用的后端: gpu
可用的JAX设备: [CudaDevice(id=0)]
JAX正在使用的后端: gpu
可用的JAX设备: [CudaDevice(id=0)]
JAX正在使用的后端: gpu
可用的JAX设备: [CudaDevice(id=0)]
JAX正在使用的后端: gpu
可用的JAX设备: [CudaDevice(id=0)]
JAX正在使用的后端: gpu
可用的JAX设备: [CudaDevice(id=0)]
[SAVED] /blue/shiboli.fsu/yifeisun.umich/adversarial_robustness_FNO/1D_Burgers_FNO_generalization/datasets/range_-3p0_3p0/zigzag/zigzag_peaks50_amp1.0_dim=1d_solver=exponax_bc=periodic_nu=0.0005_t=1.0_seed=3_N=5.pkl
