c0611a-s24.ufhpc
Sun Aug 24 05:30:36 PM EDT 2025
/blue/shiboli.fsu/yifeisun.umich/adversarial_robustness_FNO
[LISTING] All existing files under: /blue/shiboli.fsu/yifeisun.umich/adversarial_robustness_FNO/1D_Burgers_FNO_generalization/datasets
/blue/shiboli.fsu/yifeisun.umich/adversarial_robustness_FNO/1D_Burgers_FNO_generalization/datasets/all_neg/gaussian_diff_distr/gaussiandiffdistr_cl0.005_dim=1d_solver=exponax_kernel=gaussian_correlation_length=0.005_bc=periodic_nu=0.0005_t=1.0_seed=3_N=5.pkl
/blue/shiboli.fsu/yifeisun.umich/adversarial_robustness_FNO/1D_Burgers_FNO_generalization/datasets/all_neg/gaussian_diff_distr/gaussiandiffdistr_cl0.01_dim=1d_solver=exponax_kernel=gaussian_correlation_length=0.01_bc=periodic_nu=0.0005_t=1.0_seed=3_N=5.pkl
/blue/shiboli.fsu/yifeisun.umich/adversarial_robustness_FNO/1D_Burgers_FNO_generalization/datasets/all_neg/gaussian_diff_distr/gaussiandiffdistr_cl0.03_dim=1d_solver=exponax_kernel=gaussian_correlation_length=0.03_bc=periodic_nu=0.0005_t=1.0_seed=3_N=5.pkl
/blue/shiboli.fsu/yifeisun.umich/adversarial_robustness_FNO/1D_Burgers_FNO_generalization/datasets/all_neg/gaussian_diff_distr/gaussiandiffdistr_cl0.1_dim=1d_solver=exponax_kernel=gaussian_correlation_length=0.1_bc=periodic_nu=0.0005_t=1.0_seed=3_N=5.pkl
/blue/shiboli.fsu/yifeisun.umich/adversarial_robustness_FNO/1D_Burgers_FNO_generalization/datasets/all_neg/gaussian_diff_distr/gaussiandiffdistr_cl0.2_dim=1d_solver=exponax_kernel=gaussian_correlation_length=0.2_bc=periodic_nu=0.0005_t=1.0_seed=3_N=5.pkl
/blue/shiboli.fsu/yifeisun.umich/adversarial_robustness_FNO/1D_Burgers_FNO_generalization/datasets/all_neg/matern_diff_distr/materndiffdistr_cl0.005_nu0.5_dim=1d_solver=exponax_kernel=matern_correlation_length=0.005_nu=0.5_bc=periodic_nu=0.0005_t=1.0_seed=3_N=5.pkl
/blue/shiboli.fsu/yifeisun.umich/adversarial_robustness_FNO/1D_Burgers_FNO_generalization/datasets/all_neg/matern_diff_distr/materndiffdistr_cl0.005_nu1.5_dim=1d_solver=exponax_kernel=matern_correlation_length=0.005_nu=1.5_bc=periodic_nu=0.0005_t=1.0_seed=3_N=5.pkl
/blue/shiboli.fsu/yifeisun.umich/adversarial_robustness_FNO/1D_Burgers_FNO_generalization/datasets/all_neg/matern_diff_distr/materndiffdistr_cl0.005_nu2.5_dim=1d_solver=exponax_kernel=matern_correlation_length=0.005_nu=2.5_bc=periodic_nu=0.0005_t=1.0_seed=3_N=5.pkl
/blue/shiboli.fsu/yifeisun.umich/adversarial_robustness_FNO/1D_Burgers_FNO_generalization/datasets/all_neg/matern_diff_distr/materndiffdistr_cl0.03_nu0.5_dim=1d_solver=exponax_kernel=matern_correlation_length=0.03_nu=0.5_bc=periodic_nu=0.0005_t=1.0_seed=3_N=5.pkl
/blue/shiboli.fsu/yifeisun.umich/adversarial_robustness_FNO/1D_Burgers_FNO_generalization/datasets/all_neg/matern_diff_distr/materndiffdistr_cl0.03_nu1.5_dim=1d_solver=exponax_kernel=matern_correlation_length=0.03_nu=1.5_bc=periodic_nu=0.0005_t=1.0_seed=3_N=5.pkl
/blue/shiboli.fsu/yifeisun.umich/adversarial_robustness_FNO/1D_Burgers_FNO_generalization/datasets/all_neg/matern_diff_distr/materndiffdistr_cl0.03_nu2.5_dim=1d_solver=exponax_kernel=matern_correlation_length=0.03_nu=2.5_bc=periodic_nu=0.0005_t=1.0_seed=3_N=5.pkl
/blue/shiboli.fsu/yifeisun.umich/adversarial_robustness_FNO/1D_Burgers_FNO_generalization/datasets/all_neg/matern_diff_distr/materndiffdistr_cl0.2_nu0.5_dim=1d_solver=exponax_kernel=matern_correlation_length=0.2_nu=0.5_bc=periodic_nu=0.0005_t=1.0_seed=3_N=5.pkl
/blue/shiboli.fsu/yifeisun.umich/adversarial_robustness_FNO/1D_Burgers_FNO_generalization/datasets/all_neg/matern_diff_distr/materndiffdistr_cl0.2_nu1.5_dim=1d_solver=exponax_kernel=matern_correlation_length=0.2_nu=1.5_bc=periodic_nu=0.0005_t=1.0_seed=3_N=5.pkl
/blue/shiboli.fsu/yifeisun.umich/adversarial_robustness_FNO/1D_Burgers_FNO_generalization/datasets/all_neg/matern_diff_distr/materndiffdistr_cl0.2_nu2.5_dim=1d_solver=exponax_kernel=matern_correlation_length=0.2_nu=2.5_bc=periodic_nu=0.0005_t=1.0_seed=3_N=5.pkl
/blue/shiboli.fsu/yifeisun.umich/adversarial_robustness_FNO/1D_Burgers_FNO_generalization/datasets/all_neg/zigzag/zigzag_peaks100_amp1.0_dim=1d_solver=exponax_bc=periodic_nu=0.0005_t=1.0_seed=3_N=5.pkl
/blue/shiboli.fsu/yifeisun.umich/adversarial_robustness_FNO/1D_Burgers_FNO_generalization/datasets/all_neg/zigzag/zigzag_peaks10_amp1.0_dim=1d_solver=exponax_bc=periodic_nu=0.0005_t=1.0_seed=3_N=5.pkl
/blue/shiboli.fsu/yifeisun.umich/adversarial_robustness_FNO/1D_Burgers_FNO_generalization/datasets/all_neg/zigzag/zigzag_peaks30_amp1.0_dim=1d_solver=exponax_bc=periodic_nu=0.0005_t=1.0_seed=3_N=5.pkl
/blue/shiboli.fsu/yifeisun.umich/adversarial_robustness_FNO/1D_Burgers_FNO_generalization/datasets/all_neg/zigzag/zigzag_peaks50_amp1.0_dim=1d_solver=exponax_bc=periodic_nu=0.0005_t=1.0_seed=3_N=5.pkl
/blue/shiboli.fsu/yifeisun.umich/adversarial_robustness_FNO/1D_Burgers_FNO_generalization/datasets/all_pos/gaussian_diff_distr/gaussiandiffdistr_cl0.005_dim=1d_solver=exponax_kernel=gaussian_correlation_length=0.005_bc=periodic_nu=0.0005_t=1.0_seed=3_N=5.pkl
/blue/shiboli.fsu/yifeisun.umich/adversarial_robustness_FNO/1D_Burgers_FNO_generalization/datasets/all_pos/gaussian_diff_distr/gaussiandiffdistr_cl0.01_dim=1d_solver=exponax_kernel=gaussian_correlation_length=0.01_bc=periodic_nu=0.0005_t=1.0_seed=3_N=5.pkl
/blue/shiboli.fsu/yifeisun.umich/adversarial_robustness_FNO/1D_Burgers_FNO_generalization/datasets/all_pos/gaussian_diff_distr/gaussiandiffdistr_cl0.03_dim=1d_solver=exponax_kernel=gaussian_correlation_length=0.03_bc=nonperiodic_nu=0.0005_t=1.0_seed=3_N=5.pkl
/blue/shiboli.fsu/yifeisun.umich/adversarial_robustness_FNO/1D_Burgers_FNO_generalization/datasets/all_pos/gaussian_diff_distr/gaussiandiffdistr_cl0.03_dim=1d_solver=exponax_kernel=gaussian_correlation_length=0.03_bc=periodic_nu=0.0005_t=1.0_seed=3_N=5.pkl
/blue/shiboli.fsu/yifeisun.umich/adversarial_robustness_FNO/1D_Burgers_FNO_generalization/datasets/all_pos/gaussian_diff_distr/gaussiandiffdistr_cl0.1_dim=1d_solver=exponax_kernel=gaussian_correlation_length=0.1_bc=periodic_nu=0.0005_t=1.0_seed=3_N=5.pkl
/blue/shiboli.fsu/yifeisun.umich/adversarial_robustness_FNO/1D_Burgers_FNO_generalization/datasets/all_pos/gaussian_diff_distr/gaussiandiffdistr_cl0.2_dim=1d_solver=exponax_kernel=gaussian_correlation_length=0.2_bc=periodic_nu=0.0005_t=1.0_seed=3_N=5.pkl
/blue/shiboli.fsu/yifeisun.umich/adversarial_robustness_FNO/1D_Burgers_FNO_generalization/datasets/all_pos/matern_diff_distr/materndiffdistr_cl0.005_nu0.5_dim=1d_solver=exponax_kernel=matern_correlation_length=0.005_nu=0.5_bc=periodic_nu=0.0005_t=1.0_seed=3_N=5.pkl
/blue/shiboli.fsu/yifeisun.umich/adversarial_robustness_FNO/1D_Burgers_FNO_generalization/datasets/all_pos/matern_diff_distr/materndiffdistr_cl0.005_nu1.5_dim=1d_solver=exponax_kernel=matern_correlation_length=0.005_nu=1.5_bc=periodic_nu=0.0005_t=1.0_seed=3_N=5.pkl
/blue/shiboli.fsu/yifeisun.umich/adversarial_robustness_FNO/1D_Burgers_FNO_generalization/datasets/all_pos/matern_diff_distr/materndiffdistr_cl0.005_nu2.5_dim=1d_solver=exponax_kernel=matern_correlation_length=0.005_nu=2.5_bc=periodic_nu=0.0005_t=1.0_seed=3_N=5.pkl
/blue/shiboli.fsu/yifeisun.umich/adversarial_robustness_FNO/1D_Burgers_FNO_generalization/datasets/all_pos/matern_diff_distr/materndiffdistr_cl0.03_nu0.5_dim=1d_solver=exponax_kernel=matern_correlation_length=0.03_nu=0.5_bc=periodic_nu=0.0005_t=1.0_seed=3_N=5.pkl
/blue/shiboli.fsu/yifeisun.umich/adversarial_robustness_FNO/1D_Burgers_FNO_generalization/datasets/all_pos/matern_diff_distr/materndiffdistr_cl0.03_nu1.5_dim=1d_solver=exponax_kernel=matern_correlation_length=0.03_nu=1.5_bc=periodic_nu=0.0005_t=1.0_seed=3_N=5.pkl
/blue/shiboli.fsu/yifeisun.umich/adversarial_robustness_FNO/1D_Burgers_FNO_generalization/datasets/all_pos/matern_diff_distr/materndiffdistr_cl0.03_nu2.5_dim=1d_solver=exponax_kernel=matern_correlation_length=0.03_nu=2.5_bc=periodic_nu=0.0005_t=1.0_seed=3_N=5.pkl
/blue/shiboli.fsu/yifeisun.umich/adversarial_robustness_FNO/1D_Burgers_FNO_generalization/datasets/all_pos/matern_diff_distr/materndiffdistr_cl0.2_nu0.5_dim=1d_solver=exponax_kernel=matern_correlation_length=0.2_nu=0.5_bc=periodic_nu=0.0005_t=1.0_seed=3_N=5.pkl
/blue/shiboli.fsu/yifeisun.umich/adversarial_robustness_FNO/1D_Burgers_FNO_generalization/datasets/all_pos/matern_diff_distr/materndiffdistr_cl0.2_nu1.5_dim=1d_solver=exponax_kernel=matern_correlation_length=0.2_nu=1.5_bc=periodic_nu=0.0005_t=1.0_seed=3_N=5.pkl
/blue/shiboli.fsu/yifeisun.umich/adversarial_robustness_FNO/1D_Burgers_FNO_generalization/datasets/all_pos/matern_diff_distr/materndiffdistr_cl0.2_nu2.5_dim=1d_solver=exponax_kernel=matern_correlation_length=0.2_nu=2.5_bc=periodic_nu=0.0005_t=1.0_seed=3_N=5.pkl
/blue/shiboli.fsu/yifeisun.umich/adversarial_robustness_FNO/1D_Burgers_FNO_generalization/datasets/all_pos/zigzag/zigzag_peaks100_amp1.0_dim=1d_solver=exponax_bc=periodic_nu=0.0005_t=1.0_seed=3_N=5.pkl
/blue/shiboli.fsu/yifeisun.umich/adversarial_robustness_FNO/1D_Burgers_FNO_generalization/datasets/all_pos/zigzag/zigzag_peaks10_amp1.0_dim=1d_solver=exponax_bc=periodic_nu=0.0005_t=1.0_seed=3_N=5.pkl
/blue/shiboli.fsu/yifeisun.umich/adversarial_robustness_FNO/1D_Burgers_FNO_generalization/datasets/all_pos/zigzag/zigzag_peaks30_amp1.0_dim=1d_solver=exponax_bc=periodic_nu=0.0005_t=1.0_seed=3_N=5.pkl
/blue/shiboli.fsu/yifeisun.umich/adversarial_robustness_FNO/1D_Burgers_FNO_generalization/datasets/all_pos/zigzag/zigzag_peaks50_amp1.0_dim=1d_solver=exponax_bc=periodic_nu=0.0005_t=1.0_seed=3_N=5.pkl
/blue/shiboli.fsu/yifeisun.umich/adversarial_robustness_FNO/1D_Burgers_FNO_generalization/datasets/pos_neg/gaussian_diff_distr/gaussiandiffdistr_cl0.005_dim=1d_solver=exponax_kernel=gaussian_correlation_length=0.005_bc=periodic_nu=0.0005_t=1.0_seed=3_N=5.pkl
/blue/shiboli.fsu/yifeisun.umich/adversarial_robustness_FNO/1D_Burgers_FNO_generalization/datasets/pos_neg/gaussian_diff_distr/gaussiandiffdistr_cl0.01_dim=1d_solver=exponax_kernel=gaussian_correlation_length=0.01_bc=periodic_nu=0.0005_t=1.0_seed=3_N=5.pkl
/blue/shiboli.fsu/yifeisun.umich/adversarial_robustness_FNO/1D_Burgers_FNO_generalization/datasets/pos_neg/gaussian_diff_distr/gaussiandiffdistr_cl0.03_dim=1d_solver=exponax_kernel=gaussian_correlation_length=0.03_bc=periodic_nu=0.0005_t=1.0_seed=3_N=5_zeromean.pkl
/blue/shiboli.fsu/yifeisun.umich/adversarial_robustness_FNO/1D_Burgers_FNO_generalization/datasets/pos_neg/gaussian_diff_distr/gaussiandiffdistr_cl0.1_dim=1d_solver=exponax_kernel=gaussian_correlation_length=0.1_bc=periodic_nu=0.0005_t=1.0_seed=3_N=5.pkl
/blue/shiboli.fsu/yifeisun.umich/adversarial_robustness_FNO/1D_Burgers_FNO_generalization/datasets/pos_neg/gaussian_diff_distr/gaussiandiffdistr_cl0.2_dim=1d_solver=exponax_kernel=gaussian_correlation_length=0.2_bc=periodic_nu=0.0005_t=1.0_seed=3_N=5.pkl
/blue/shiboli.fsu/yifeisun.umich/adversarial_robustness_FNO/1D_Burgers_FNO_generalization/datasets/pos_neg/matern_diff_distr/materndiffdistr_cl0.005_nu0.5_dim=1d_solver=exponax_kernel=matern_correlation_length=0.005_nu=0.5_bc=periodic_nu=0.0005_t=1.0_seed=3_N=5.pkl
/blue/shiboli.fsu/yifeisun.umich/adversarial_robustness_FNO/1D_Burgers_FNO_generalization/datasets/pos_neg/matern_diff_distr/materndiffdistr_cl0.005_nu1.5_dim=1d_solver=exponax_kernel=matern_correlation_length=0.005_nu=1.5_bc=periodic_nu=0.0005_t=1.0_seed=3_N=5.pkl
/blue/shiboli.fsu/yifeisun.umich/adversarial_robustness_FNO/1D_Burgers_FNO_generalization/datasets/pos_neg/matern_diff_distr/materndiffdistr_cl0.005_nu2.5_dim=1d_solver=exponax_kernel=matern_correlation_length=0.005_nu=2.5_bc=periodic_nu=0.0005_t=1.0_seed=3_N=5.pkl
/blue/shiboli.fsu/yifeisun.umich/adversarial_robustness_FNO/1D_Burgers_FNO_generalization/datasets/pos_neg/matern_diff_distr/materndiffdistr_cl0.03_nu0.5_dim=1d_solver=exponax_kernel=matern_correlation_length=0.03_nu=0.5_bc=periodic_nu=0.0005_t=1.0_seed=3_N=5.pkl
/blue/shiboli.fsu/yifeisun.umich/adversarial_robustness_FNO/1D_Burgers_FNO_generalization/datasets/pos_neg/matern_diff_distr/materndiffdistr_cl0.03_nu1.5_dim=1d_solver=exponax_kernel=matern_correlation_length=0.03_nu=1.5_bc=periodic_nu=0.0005_t=1.0_seed=3_N=5.pkl
/blue/shiboli.fsu/yifeisun.umich/adversarial_robustness_FNO/1D_Burgers_FNO_generalization/datasets/pos_neg/matern_diff_distr/materndiffdistr_cl0.03_nu2.5_dim=1d_solver=exponax_kernel=matern_correlation_length=0.03_nu=2.5_bc=periodic_nu=0.0005_t=1.0_seed=3_N=5.pkl
/blue/shiboli.fsu/yifeisun.umich/adversarial_robustness_FNO/1D_Burgers_FNO_generalization/datasets/pos_neg/matern_diff_distr/materndiffdistr_cl0.2_nu0.5_dim=1d_solver=exponax_kernel=matern_correlation_length=0.2_nu=0.5_bc=periodic_nu=0.0005_t=1.0_seed=3_N=5.pkl
/blue/shiboli.fsu/yifeisun.umich/adversarial_robustness_FNO/1D_Burgers_FNO_generalization/datasets/pos_neg/matern_diff_distr/materndiffdistr_cl0.2_nu1.5_dim=1d_solver=exponax_kernel=matern_correlation_length=0.2_nu=1.5_bc=periodic_nu=0.0005_t=1.0_seed=3_N=5.pkl
/blue/shiboli.fsu/yifeisun.umich/adversarial_robustness_FNO/1D_Burgers_FNO_generalization/datasets/pos_neg/matern_diff_distr/materndiffdistr_cl0.2_nu2.5_dim=1d_solver=exponax_kernel=matern_correlation_length=0.2_nu=2.5_bc=periodic_nu=0.0005_t=1.0_seed=3_N=5.pkl
/blue/shiboli.fsu/yifeisun.umich/adversarial_robustness_FNO/1D_Burgers_FNO_generalization/datasets/pos_neg/zigzag/zigzag_peaks100_amp1.0_dim=1d_solver=exponax_bc=periodic_nu=0.0005_t=1.0_seed=3_N=5.pkl
/blue/shiboli.fsu/yifeisun.umich/adversarial_robustness_FNO/1D_Burgers_FNO_generalization/datasets/pos_neg/zigzag/zigzag_peaks10_amp1.0_dim=1d_solver=exponax_bc=periodic_nu=0.0005_t=1.0_seed=3_N=5.pkl
/blue/shiboli.fsu/yifeisun.umich/adversarial_robustness_FNO/1D_Burgers_FNO_generalization/datasets/pos_neg/zigzag/zigzag_peaks30_amp1.0_dim=1d_solver=exponax_bc=periodic_nu=0.0005_t=1.0_seed=3_N=5.pkl
/blue/shiboli.fsu/yifeisun.umich/adversarial_robustness_FNO/1D_Burgers_FNO_generalization/datasets/pos_neg/zigzag/zigzag_peaks50_amp1.0_dim=1d_solver=exponax_bc=periodic_nu=0.0005_t=1.0_seed=3_N=5.pkl
[LISTING] Total files found: 55
