c0900a-s15.ufhpc
Wed Jul  9 08:25:58 AM EDT 2025
/blue/shiboli.fsu/yifeisun.umich/adversarial_robustness_FNO
GIF saved to: /blue/shiboli.fsu/yifeisun.umich/adversarial_robustness_FNO/2D_NS_FNO2d_recurrent/perturbation_results/attack_progress_norminf_epsilon1_alpha0.01_num_steps100_index3.gif
GIF successfully saved to /blue/shiboli.fsu/yifeisun.umich/adversarial_robustness_FNO/2D_NS_FNO2d_recurrent/perturbation_results/attack_progress_norminf_epsilon1_alpha0.01_num_steps100_index3.gif
Created visualization: attack_progress_norminf_epsilon1_alpha0.01_num_steps100_index3.gif
Compact GIF saved to: /blue/shiboli.fsu/yifeisun.umich/adversarial_robustness_FNO/2D_NS_FNO2d_recurrent/perturbation_results/attack_progress_norminf_epsilon1_alpha0.01_num_steps100_index3_periodic.gif
Created visualization: attack_progress_norminf_epsilon1_alpha0.01_num_steps100_index3_periodic.gif
GIF saved to: /blue/shiboli.fsu/yifeisun.umich/adversarial_robustness_FNO/2D_NS_FNO2d_recurrent/perturbation_results/attack_progress_norm2_epsilon32768.0_alpha1.0_num_steps100_index3.gif
GIF successfully saved to /blue/shiboli.fsu/yifeisun.umich/adversarial_robustness_FNO/2D_NS_FNO2d_recurrent/perturbation_results/attack_progress_norm2_epsilon32768.0_alpha1.0_num_steps100_index3.gif
Created visualization: attack_progress_norm2_epsilon32768.0_alpha1.0_num_steps100_index3.gif
Compact GIF saved to: /blue/shiboli.fsu/yifeisun.umich/adversarial_robustness_FNO/2D_NS_FNO2d_recurrent/perturbation_results/attack_progress_norm2_epsilon32768.0_alpha1.0_num_steps100_index3_periodic.gif
Created visualization: attack_progress_norm2_epsilon32768.0_alpha1.0_num_steps100_index3_periodic.gif
GIF saved to: /blue/shiboli.fsu/yifeisun.umich/adversarial_robustness_FNO/2D_NS_FNO2d_recurrent/perturbation_results/attack_progress_norm2_epsilon6553.6_alpha10.0_num_steps100_index1.gif
GIF successfully saved to /blue/shiboli.fsu/yifeisun.umich/adversarial_robustness_FNO/2D_NS_FNO2d_recurrent/perturbation_results/attack_progress_norm2_epsilon6553.6_alpha10.0_num_steps100_index1.gif
Created visualization: attack_progress_norm2_epsilon6553.6_alpha10.0_num_steps100_index1.gif
Compact GIF saved to: /blue/shiboli.fsu/yifeisun.umich/adversarial_robustness_FNO/2D_NS_FNO2d_recurrent/perturbation_results/attack_progress_norm2_epsilon6553.6_alpha10.0_num_steps100_index1_periodic.gif
Created visualization: attack_progress_norm2_epsilon6553.6_alpha10.0_num_steps100_index1_periodic.gif
GIF saved to: /blue/shiboli.fsu/yifeisun.umich/adversarial_robustness_FNO/2D_NS_FNO2d_recurrent/perturbation_results/attack_progress_norminf_epsilon0.5_alpha0.05_num_steps100_index2.gif
GIF successfully saved to /blue/shiboli.fsu/yifeisun.umich/adversarial_robustness_FNO/2D_NS_FNO2d_recurrent/perturbation_results/attack_progress_norminf_epsilon0.5_alpha0.05_num_steps100_index2.gif
Created visualization: attack_progress_norminf_epsilon0.5_alpha0.05_num_steps100_index2.gif
Compact GIF saved to: /blue/shiboli.fsu/yifeisun.umich/adversarial_robustness_FNO/2D_NS_FNO2d_recurrent/perturbation_results/attack_progress_norminf_epsilon0.5_alpha0.05_num_steps100_index2_periodic.gif
Created visualization: attack_progress_norminf_epsilon0.5_alpha0.05_num_steps100_index2_periodic.gif
GIF saved to: /blue/shiboli.fsu/yifeisun.umich/adversarial_robustness_FNO/2D_NS_FNO2d_recurrent/perturbation_results/attack_progress_norminf_epsilon1_alpha0.01_num_steps100_index2.gif
GIF successfully saved to /blue/shiboli.fsu/yifeisun.umich/adversarial_robustness_FNO/2D_NS_FNO2d_recurrent/perturbation_results/attack_progress_norminf_epsilon1_alpha0.01_num_steps100_index2.gif
Created visualization: attack_progress_norminf_epsilon1_alpha0.01_num_steps100_index2.gif
Compact GIF saved to: /blue/shiboli.fsu/yifeisun.umich/adversarial_robustness_FNO/2D_NS_FNO2d_recurrent/perturbation_results/attack_progress_norminf_epsilon1_alpha0.01_num_steps100_index2_periodic.gif
Created visualization: attack_progress_norminf_epsilon1_alpha0.01_num_steps100_index2_periodic.gif
GIF saved to: /blue/shiboli.fsu/yifeisun.umich/adversarial_robustness_FNO/2D_NS_FNO2d_recurrent/perturbation_results/attack_progress_norm2_epsilon32768.0_alpha10.0_num_steps100_index1.gif
GIF successfully saved to /blue/shiboli.fsu/yifeisun.umich/adversarial_robustness_FNO/2D_NS_FNO2d_recurrent/perturbation_results/attack_progress_norm2_epsilon32768.0_alpha10.0_num_steps100_index1.gif
Created visualization: attack_progress_norm2_epsilon32768.0_alpha10.0_num_steps100_index1.gif
Compact GIF saved to: /blue/shiboli.fsu/yifeisun.umich/adversarial_robustness_FNO/2D_NS_FNO2d_recurrent/perturbation_results/attack_progress_norm2_epsilon32768.0_alpha10.0_num_steps100_index1_periodic.gif
Created visualization: attack_progress_norm2_epsilon32768.0_alpha10.0_num_steps100_index1_periodic.gif
GIF saved to: /blue/shiboli.fsu/yifeisun.umich/adversarial_robustness_FNO/2D_NS_FNO2d_recurrent/perturbation_results/attack_progress_norminf_epsilon0.1_alpha0.01_num_steps100_index1.gif
GIF successfully saved to /blue/shiboli.fsu/yifeisun.umich/adversarial_robustness_FNO/2D_NS_FNO2d_recurrent/perturbation_results/attack_progress_norminf_epsilon0.1_alpha0.01_num_steps100_index1.gif
Created visualization: attack_progress_norminf_epsilon0.1_alpha0.01_num_steps100_index1.gif
Compact GIF saved to: /blue/shiboli.fsu/yifeisun.umich/adversarial_robustness_FNO/2D_NS_FNO2d_recurrent/perturbation_results/attack_progress_norminf_epsilon0.1_alpha0.01_num_steps100_index1_periodic.gif
Created visualization: attack_progress_norminf_epsilon0.1_alpha0.01_num_steps100_index1_periodic.gif
GIF saved to: /blue/shiboli.fsu/yifeisun.umich/adversarial_robustness_FNO/2D_NS_FNO2d_recurrent/perturbation_results/attack_progress_norm2_epsilon32768.0_alpha5.0_num_steps100_index1.gif
GIF successfully saved to /blue/shiboli.fsu/yifeisun.umich/adversarial_robustness_FNO/2D_NS_FNO2d_recurrent/perturbation_results/attack_progress_norm2_epsilon32768.0_alpha5.0_num_steps100_index1.gif
Created visualization: attack_progress_norm2_epsilon32768.0_alpha5.0_num_steps100_index1.gif
Compact GIF saved to: /blue/shiboli.fsu/yifeisun.umich/adversarial_robustness_FNO/2D_NS_FNO2d_recurrent/perturbation_results/attack_progress_norm2_epsilon32768.0_alpha5.0_num_steps100_index1_periodic.gif
Created visualization: attack_progress_norm2_epsilon32768.0_alpha5.0_num_steps100_index1_periodic.gif
GIF saved to: /blue/shiboli.fsu/yifeisun.umich/adversarial_robustness_FNO/2D_NS_FNO2d_recurrent/perturbation_results/attack_progress_norm2_epsilon65.536_alpha10.0_num_steps100_index2.gif
GIF successfully saved to /blue/shiboli.fsu/yifeisun.umich/adversarial_robustness_FNO/2D_NS_FNO2d_recurrent/perturbation_results/attack_progress_norm2_epsilon65.536_alpha10.0_num_steps100_index2.gif
Created visualization: attack_progress_norm2_epsilon65.536_alpha10.0_num_steps100_index2.gif
Compact GIF saved to: /blue/shiboli.fsu/yifeisun.umich/adversarial_robustness_FNO/2D_NS_FNO2d_recurrent/perturbation_results/attack_progress_norm2_epsilon65.536_alpha10.0_num_steps100_index2_periodic.gif
Created visualization: attack_progress_norm2_epsilon65.536_alpha10.0_num_steps100_index2_periodic.gif
GIF saved to: /blue/shiboli.fsu/yifeisun.umich/adversarial_robustness_FNO/2D_NS_FNO2d_recurrent/perturbation_results/attack_progress_norminf_epsilon0.1_alpha0.05_num_steps100_index2.gif
GIF successfully saved to /blue/shiboli.fsu/yifeisun.umich/adversarial_robustness_FNO/2D_NS_FNO2d_recurrent/perturbation_results/attack_progress_norminf_epsilon0.1_alpha0.05_num_steps100_index2.gif
Created visualization: attack_progress_norminf_epsilon0.1_alpha0.05_num_steps100_index2.gif
Compact GIF saved to: /blue/shiboli.fsu/yifeisun.umich/adversarial_robustness_FNO/2D_NS_FNO2d_recurrent/perturbation_results/attack_progress_norminf_epsilon0.1_alpha0.05_num_steps100_index2_periodic.gif
Created visualization: attack_progress_norminf_epsilon0.1_alpha0.05_num_steps100_index2_periodic.gif
GIF saved to: /blue/shiboli.fsu/yifeisun.umich/adversarial_robustness_FNO/2D_NS_FNO2d_recurrent/perturbation_results/attack_progress_norminf_epsilon0.5_alpha0.01_num_steps100_index1.gif
GIF successfully saved to /blue/shiboli.fsu/yifeisun.umich/adversarial_robustness_FNO/2D_NS_FNO2d_recurrent/perturbation_results/attack_progress_norminf_epsilon0.5_alpha0.01_num_steps100_index1.gif
Created visualization: attack_progress_norminf_epsilon0.5_alpha0.01_num_steps100_index1.gif
Compact GIF saved to: /blue/shiboli.fsu/yifeisun.umich/adversarial_robustness_FNO/2D_NS_FNO2d_recurrent/perturbation_results/attack_progress_norminf_epsilon0.5_alpha0.01_num_steps100_index1_periodic.gif
Created visualization: attack_progress_norminf_epsilon0.5_alpha0.01_num_steps100_index1_periodic.gif
GIF saved to: /blue/shiboli.fsu/yifeisun.umich/adversarial_robustness_FNO/2D_NS_FNO2d_recurrent/perturbation_results/attack_progress_norm2_epsilon65536_alpha50.0_num_steps100_index1.gif
GIF successfully saved to /blue/shiboli.fsu/yifeisun.umich/adversarial_robustness_FNO/2D_NS_FNO2d_recurrent/perturbation_results/attack_progress_norm2_epsilon65536_alpha50.0_num_steps100_index1.gif
Created visualization: attack_progress_norm2_epsilon65536_alpha50.0_num_steps100_index1.gif
Compact GIF saved to: /blue/shiboli.fsu/yifeisun.umich/adversarial_robustness_FNO/2D_NS_FNO2d_recurrent/perturbation_results/attack_progress_norm2_epsilon65536_alpha50.0_num_steps100_index1_periodic.gif
Created visualization: attack_progress_norm2_epsilon65536_alpha50.0_num_steps100_index1_periodic.gif
GIF saved to: /blue/shiboli.fsu/yifeisun.umich/adversarial_robustness_FNO/2D_NS_FNO2d_recurrent/perturbation_results/attack_progress_norm2_epsilon655.36_alpha10.0_num_steps100_index3.gif
GIF successfully saved to /blue/shiboli.fsu/yifeisun.umich/adversarial_robustness_FNO/2D_NS_FNO2d_recurrent/perturbation_results/attack_progress_norm2_epsilon655.36_alpha10.0_num_steps100_index3.gif
Created visualization: attack_progress_norm2_epsilon655.36_alpha10.0_num_steps100_index3.gif
Compact GIF saved to: /blue/shiboli.fsu/yifeisun.umich/adversarial_robustness_FNO/2D_NS_FNO2d_recurrent/perturbation_results/attack_progress_norm2_epsilon655.36_alpha10.0_num_steps100_index3_periodic.gif
Created visualization: attack_progress_norm2_epsilon655.36_alpha10.0_num_steps100_index3_periodic.gif
GIF saved to: /blue/shiboli.fsu/yifeisun.umich/adversarial_robustness_FNO/2D_NS_FNO2d_recurrent/perturbation_results/attack_progress_norm2_epsilon65536_alpha50.0_num_steps100_index2.gif
GIF successfully saved to /blue/shiboli.fsu/yifeisun.umich/adversarial_robustness_FNO/2D_NS_FNO2d_recurrent/perturbation_results/attack_progress_norm2_epsilon65536_alpha50.0_num_steps100_index2.gif
Created visualization: attack_progress_norm2_epsilon65536_alpha50.0_num_steps100_index2.gif
Compact GIF saved to: /blue/shiboli.fsu/yifeisun.umich/adversarial_robustness_FNO/2D_NS_FNO2d_recurrent/perturbation_results/attack_progress_norm2_epsilon65536_alpha50.0_num_steps100_index2_periodic.gif
Created visualization: attack_progress_norm2_epsilon65536_alpha50.0_num_steps100_index2_periodic.gif
GIF saved to: /blue/shiboli.fsu/yifeisun.umich/adversarial_robustness_FNO/2D_NS_FNO2d_recurrent/perturbation_results/attack_progress_norm2_epsilon32768.0_alpha1.0_num_steps100_index1.gif
GIF successfully saved to /blue/shiboli.fsu/yifeisun.umich/adversarial_robustness_FNO/2D_NS_FNO2d_recurrent/perturbation_results/attack_progress_norm2_epsilon32768.0_alpha1.0_num_steps100_index1.gif
Created visualization: attack_progress_norm2_epsilon32768.0_alpha1.0_num_steps100_index1.gif
Compact GIF saved to: /blue/shiboli.fsu/yifeisun.umich/adversarial_robustness_FNO/2D_NS_FNO2d_recurrent/perturbation_results/attack_progress_norm2_epsilon32768.0_alpha1.0_num_steps100_index1_periodic.gif
Created visualization: attack_progress_norm2_epsilon32768.0_alpha1.0_num_steps100_index1_periodic.gif
GIF saved to: /blue/shiboli.fsu/yifeisun.umich/adversarial_robustness_FNO/2D_NS_FNO2d_recurrent/perturbation_results/attack_progress_norm2_epsilon32768.0_alpha5.0_num_steps100_index2.gif
GIF successfully saved to /blue/shiboli.fsu/yifeisun.umich/adversarial_robustness_FNO/2D_NS_FNO2d_recurrent/perturbation_results/attack_progress_norm2_epsilon32768.0_alpha5.0_num_steps100_index2.gif
Created visualization: attack_progress_norm2_epsilon32768.0_alpha5.0_num_steps100_index2.gif
Compact GIF saved to: /blue/shiboli.fsu/yifeisun.umich/adversarial_robustness_FNO/2D_NS_FNO2d_recurrent/perturbation_results/attack_progress_norm2_epsilon32768.0_alpha5.0_num_steps100_index2_periodic.gif
Created visualization: attack_progress_norm2_epsilon32768.0_alpha5.0_num_steps100_index2_periodic.gif
GIF saved to: /blue/shiboli.fsu/yifeisun.umich/adversarial_robustness_FNO/2D_NS_FNO2d_recurrent/perturbation_results/attack_progress_norm2_epsilon32768.0_alpha1.0_num_steps100_index2.gif
GIF successfully saved to /blue/shiboli.fsu/yifeisun.umich/adversarial_robustness_FNO/2D_NS_FNO2d_recurrent/perturbation_results/attack_progress_norm2_epsilon32768.0_alpha1.0_num_steps100_index2.gif
Created visualization: attack_progress_norm2_epsilon32768.0_alpha1.0_num_steps100_index2.gif
Compact GIF saved to: /blue/shiboli.fsu/yifeisun.umich/adversarial_robustness_FNO/2D_NS_FNO2d_recurrent/perturbation_results/attack_progress_norm2_epsilon32768.0_alpha1.0_num_steps100_index2_periodic.gif
Created visualization: attack_progress_norm2_epsilon32768.0_alpha1.0_num_steps100_index2_periodic.gif
GIF saved to: /blue/shiboli.fsu/yifeisun.umich/adversarial_robustness_FNO/2D_NS_FNO2d_recurrent/perturbation_results/attack_progress_norminf_epsilon0.5_alpha0.05_num_steps100_index1.gif
GIF successfully saved to /blue/shiboli.fsu/yifeisun.umich/adversarial_robustness_FNO/2D_NS_FNO2d_recurrent/perturbation_results/attack_progress_norminf_epsilon0.5_alpha0.05_num_steps100_index1.gif
Created visualization: attack_progress_norminf_epsilon0.5_alpha0.05_num_steps100_index1.gif
Compact GIF saved to: /blue/shiboli.fsu/yifeisun.umich/adversarial_robustness_FNO/2D_NS_FNO2d_recurrent/perturbation_results/attack_progress_norminf_epsilon0.5_alpha0.05_num_steps100_index1_periodic.gif
Created visualization: attack_progress_norminf_epsilon0.5_alpha0.05_num_steps100_index1_periodic.gif
GIF saved to: /blue/shiboli.fsu/yifeisun.umich/adversarial_robustness_FNO/2D_NS_FNO2d_recurrent/perturbation_results/attack_progress_norminf_epsilon0.5_alpha0.05_num_steps100_index3.gif
GIF successfully saved to /blue/shiboli.fsu/yifeisun.umich/adversarial_robustness_FNO/2D_NS_FNO2d_recurrent/perturbation_results/attack_progress_norminf_epsilon0.5_alpha0.05_num_steps100_index3.gif
Created visualization: attack_progress_norminf_epsilon0.5_alpha0.05_num_steps100_index3.gif
Compact GIF saved to: /blue/shiboli.fsu/yifeisun.umich/adversarial_robustness_FNO/2D_NS_FNO2d_recurrent/perturbation_results/attack_progress_norminf_epsilon0.5_alpha0.05_num_steps100_index3_periodic.gif
Created visualization: attack_progress_norminf_epsilon0.5_alpha0.05_num_steps100_index3_periodic.gif
GIF saved to: /blue/shiboli.fsu/yifeisun.umich/adversarial_robustness_FNO/2D_NS_FNO2d_recurrent/perturbation_results/attack_progress_norm2_epsilon6553.6_alpha10.0_num_steps100_index2.gif
GIF successfully saved to /blue/shiboli.fsu/yifeisun.umich/adversarial_robustness_FNO/2D_NS_FNO2d_recurrent/perturbation_results/attack_progress_norm2_epsilon6553.6_alpha10.0_num_steps100_index2.gif
Created visualization: attack_progress_norm2_epsilon6553.6_alpha10.0_num_steps100_index2.gif
