c0900a-s25.ufhpc
Fri Aug 29 10:29:34 PM EDT 2025
/blue/shiboli.fsu/yifeisun.umich/adversarial_robustness_FNO
Expanded files found: 5
TOTAL combos: 20
TASKS: 2, TASK_ID: 0
Processing slice: [0, 10)  (size=10)
==> Running combo 1/20: file=./2D_NS_FNO2d_recurrent/datasets/expanded_exponax_datasets/t20/N=1150/dim2d_nx256_N1150_solver=exponax_nu0.000_t20.0_train_all_frames_modespec=wwwwwwwwww_norm2_alpha10_epsilon13.1072_steps10.pt  percent=0.25

================ ADD RUN CONFIG ================
mode                      : ADD (添加)
expanded_dataset_file     : dim2d_nx256_N1150_solver=exponax_nu0.000_t20.0_train_all_frames_modespec=wwwwwwwwww_norm2_alpha10_epsilon13.1072_steps10.pt
percent_added             : 25.00%
samples_added_vs_total    : 288 / 1150
original_dataset_file     : dim2d_nx256_N1150_solver=exponax_nu0.000_t20.0_train_all_frames.pt
total_samples_after_merge : 1438
ntrain                    : 1250
ntest                     : 125
modes                     : 64
width                     : 60
s                         : 256
T_in                      : 10
T_out                     : 10
step                      : 1
batch_size                : 20
epochs                    : 500
iterations                : 31000
subsample_factor          : 1
device                    : cuda
seed                      : 1234
======================================================


================ REPLACE RUN CONFIG ================
mode                      : REPLACE (替换)
expanded_dataset_file     : dim2d_nx256_N1150_solver=exponax_nu0.000_t20.0_train_all_frames_modespec=wwwwwwwwww_norm2_alpha10_epsilon13.1072_steps10.pt
percent_replaced          : 25.00%
samples_replaced_vs_total : 288 / 1150
original_dataset_file     : dim2d_nx256_N1150_solver=exponax_nu0.000_t20.0_train_all_frames.pt
total_samples_after_replace: 1150
ntrain                    : 1000
ntest                     : 100
modes                     : 64
width                     : 60
s                         : 256
T_in                      : 10
T_out                     : 10
step                      : 1
batch_size                : 20
epochs                    : 500
iterations                : 25000
subsample_factor          : 1
device                    : cuda
seed                      : 1234
======================================================

==> Running combo 2/20: file=./2D_NS_FNO2d_recurrent/datasets/expanded_exponax_datasets/t20/N=1150/dim2d_nx256_N1150_solver=exponax_nu0.000_t20.0_train_all_frames_modespec=wwwwwwwwww_norm2_alpha10_epsilon13.1072_steps10.pt  percent=0.5

================ ADD RUN CONFIG ================
mode                      : ADD (添加)
expanded_dataset_file     : dim2d_nx256_N1150_solver=exponax_nu0.000_t20.0_train_all_frames_modespec=wwwwwwwwww_norm2_alpha10_epsilon13.1072_steps10.pt
percent_added             : 50.00%
samples_added_vs_total    : 575 / 1150
original_dataset_file     : dim2d_nx256_N1150_solver=exponax_nu0.000_t20.0_train_all_frames.pt
total_samples_after_merge : 1725
ntrain                    : 1500
ntest                     : 150
modes                     : 64
width                     : 60
s                         : 256
T_in                      : 10
T_out                     : 10
step                      : 1
batch_size                : 20
epochs                    : 500
iterations                : 37500
subsample_factor          : 1
device                    : cuda
seed                      : 1234
======================================================


================ REPLACE RUN CONFIG ================
mode                      : REPLACE (替换)
expanded_dataset_file     : dim2d_nx256_N1150_solver=exponax_nu0.000_t20.0_train_all_frames_modespec=wwwwwwwwww_norm2_alpha10_epsilon13.1072_steps10.pt
percent_replaced          : 50.00%
samples_replaced_vs_total : 575 / 1150
original_dataset_file     : dim2d_nx256_N1150_solver=exponax_nu0.000_t20.0_train_all_frames.pt
total_samples_after_replace: 1150
ntrain                    : 1000
ntest                     : 100
modes                     : 64
width                     : 60
s                         : 256
T_in                      : 10
T_out                     : 10
step                      : 1
batch_size                : 20
epochs                    : 500
iterations                : 25000
subsample_factor          : 1
device                    : cuda
seed                      : 1234
======================================================

==> Running combo 3/20: file=./2D_NS_FNO2d_recurrent/datasets/expanded_exponax_datasets/t20/N=1150/dim2d_nx256_N1150_solver=exponax_nu0.000_t20.0_train_all_frames_modespec=wwwwwwwwww_norm2_alpha10_epsilon13.1072_steps10.pt  percent=0.75

================ ADD RUN CONFIG ================
mode                      : ADD (添加)
expanded_dataset_file     : dim2d_nx256_N1150_solver=exponax_nu0.000_t20.0_train_all_frames_modespec=wwwwwwwwww_norm2_alpha10_epsilon13.1072_steps10.pt
percent_added             : 75.00%
samples_added_vs_total    : 862 / 1150
original_dataset_file     : dim2d_nx256_N1150_solver=exponax_nu0.000_t20.0_train_all_frames.pt
total_samples_after_merge : 2012
ntrain                    : 1750
ntest                     : 175
modes                     : 64
width                     : 60
s                         : 256
T_in                      : 10
T_out                     : 10
step                      : 1
batch_size                : 20
epochs                    : 500
iterations                : 43500
subsample_factor          : 1
device                    : cuda
seed                      : 1234
======================================================


================ REPLACE RUN CONFIG ================
mode                      : REPLACE (替换)
expanded_dataset_file     : dim2d_nx256_N1150_solver=exponax_nu0.000_t20.0_train_all_frames_modespec=wwwwwwwwww_norm2_alpha10_epsilon13.1072_steps10.pt
percent_replaced          : 75.00%
samples_replaced_vs_total : 862 / 1150
original_dataset_file     : dim2d_nx256_N1150_solver=exponax_nu0.000_t20.0_train_all_frames.pt
total_samples_after_replace: 1150
ntrain                    : 1000
ntest                     : 100
modes                     : 64
width                     : 60
s                         : 256
T_in                      : 10
T_out                     : 10
step                      : 1
batch_size                : 20
epochs                    : 500
iterations                : 25000
subsample_factor          : 1
device                    : cuda
seed                      : 1234
======================================================

==> Running combo 4/20: file=./2D_NS_FNO2d_recurrent/datasets/expanded_exponax_datasets/t20/N=1150/dim2d_nx256_N1150_solver=exponax_nu0.000_t20.0_train_all_frames_modespec=wwwwwwwwww_norm2_alpha10_epsilon13.1072_steps10.pt  percent=1.0

================ ADD RUN CONFIG ================
mode                      : ADD (添加)
expanded_dataset_file     : dim2d_nx256_N1150_solver=exponax_nu0.000_t20.0_train_all_frames_modespec=wwwwwwwwww_norm2_alpha10_epsilon13.1072_steps10.pt
percent_added             : 100.00%
samples_added_vs_total    : 1150 / 1150
original_dataset_file     : dim2d_nx256_N1150_solver=exponax_nu0.000_t20.0_train_all_frames.pt
total_samples_after_merge : 2300
ntrain                    : 2000
ntest                     : 200
modes                     : 64
width                     : 60
s                         : 256
T_in                      : 10
T_out                     : 10
step                      : 1
batch_size                : 20
epochs                    : 500
iterations                : 50000
subsample_factor          : 1
device                    : cuda
seed                      : 1234
======================================================

[SAVED][ADD] /blue/shiboli.fsu/yifeisun.umich/adversarial_robustness_FNO/2D_NS_FNO2d_recurrent/saved_models_expanded/2D/dim2d_nx256_N1150_solver=exponax_nu0.000_t20.0_train_all_frames_modespec=wwwwwwwwww_norm2_alpha10_epsilon13.1072_steps10/100pct/add/modes64_width60_epochs500_Tin10_T10/NS_2d_FNO_model_trainedby_dim2d_nx256_N1150_solver=exponax_nu0.000_t20.0_train_all_frames.pth

================ REPLACE RUN CONFIG ================
mode                      : REPLACE (替换)
expanded_dataset_file     : dim2d_nx256_N1150_solver=exponax_nu0.000_t20.0_train_all_frames_modespec=wwwwwwwwww_norm2_alpha10_epsilon13.1072_steps10.pt
percent_replaced          : 100.00%
samples_replaced_vs_total : 1150 / 1150
original_dataset_file     : dim2d_nx256_N1150_solver=exponax_nu0.000_t20.0_train_all_frames.pt
total_samples_after_replace: 1150
ntrain                    : 1000
ntest                     : 100
modes                     : 64
width                     : 60
s                         : 256
T_in                      : 10
T_out                     : 10
step                      : 1
batch_size                : 20
epochs                    : 500
iterations                : 25000
subsample_factor          : 1
device                    : cuda
seed                      : 1234
======================================================

[SAVED][REPLACE] /blue/shiboli.fsu/yifeisun.umich/adversarial_robustness_FNO/2D_NS_FNO2d_recurrent/saved_models_expanded/2D/dim2d_nx256_N1150_solver=exponax_nu0.000_t20.0_train_all_frames_modespec=wwwwwwwwww_norm2_alpha10_epsilon13.1072_steps10/100pct/replace/modes64__width60_epochs500_Tin10_T10/NS_2d_FNO_model_trainedby_dim2d_nx256_N1150_solver=exponax_nu0.000_t20.0_train_all_frames.pth
==> Running combo 5/20: file=./2D_NS_FNO2d_recurrent/datasets/expanded_exponax_datasets/t20/N=1150/dim2d_nx256_N1150_solver=exponax_nu0.000_t20.0_train_all_frames_modespec=wwwwwwwwww_norm2_alpha1_epsilon13.1072_steps10.pt  percent=0.25

================ ADD RUN CONFIG ================
mode                      : ADD (添加)
expanded_dataset_file     : dim2d_nx256_N1150_solver=exponax_nu0.000_t20.0_train_all_frames_modespec=wwwwwwwwww_norm2_alpha1_epsilon13.1072_steps10.pt
percent_added             : 25.00%
samples_added_vs_total    : 288 / 1150
original_dataset_file     : dim2d_nx256_N1150_solver=exponax_nu0.000_t20.0_train_all_frames.pt
total_samples_after_merge : 1438
ntrain                    : 1250
ntest                     : 125
modes                     : 64
width                     : 60
s                         : 256
T_in                      : 10
T_out                     : 10
step                      : 1
batch_size                : 20
epochs                    : 500
iterations                : 31000
subsample_factor          : 1
device                    : cuda
seed                      : 1234
======================================================

[SAVED][ADD] /blue/shiboli.fsu/yifeisun.umich/adversarial_robustness_FNO/2D_NS_FNO2d_recurrent/saved_models_expanded/2D/dim2d_nx256_N1150_solver=exponax_nu0.000_t20.0_train_all_frames_modespec=wwwwwwwwww_norm2_alpha1_epsilon13.1072_steps10/25pct/add/modes64_width60_epochs500_Tin10_T10/NS_2d_FNO_model_trainedby_dim2d_nx256_N1150_solver=exponax_nu0.000_t20.0_train_all_frames.pth

================ REPLACE RUN CONFIG ================
mode                      : REPLACE (替换)
expanded_dataset_file     : dim2d_nx256_N1150_solver=exponax_nu0.000_t20.0_train_all_frames_modespec=wwwwwwwwww_norm2_alpha1_epsilon13.1072_steps10.pt
percent_replaced          : 25.00%
samples_replaced_vs_total : 288 / 1150
original_dataset_file     : dim2d_nx256_N1150_solver=exponax_nu0.000_t20.0_train_all_frames.pt
total_samples_after_replace: 1150
ntrain                    : 1000
ntest                     : 100
modes                     : 64
width                     : 60
s                         : 256
T_in                      : 10
T_out                     : 10
step                      : 1
batch_size                : 20
epochs                    : 500
iterations                : 25000
subsample_factor          : 1
device                    : cuda
seed                      : 1234
======================================================

[SAVED][REPLACE] /blue/shiboli.fsu/yifeisun.umich/adversarial_robustness_FNO/2D_NS_FNO2d_recurrent/saved_models_expanded/2D/dim2d_nx256_N1150_solver=exponax_nu0.000_t20.0_train_all_frames_modespec=wwwwwwwwww_norm2_alpha1_epsilon13.1072_steps10/25pct/replace/modes64__width60_epochs500_Tin10_T10/NS_2d_FNO_model_trainedby_dim2d_nx256_N1150_solver=exponax_nu0.000_t20.0_train_all_frames.pth
==> Running combo 6/20: file=./2D_NS_FNO2d_recurrent/datasets/expanded_exponax_datasets/t20/N=1150/dim2d_nx256_N1150_solver=exponax_nu0.000_t20.0_train_all_frames_modespec=wwwwwwwwww_norm2_alpha1_epsilon13.1072_steps10.pt  percent=0.5

================ ADD RUN CONFIG ================
mode                      : ADD (添加)
expanded_dataset_file     : dim2d_nx256_N1150_solver=exponax_nu0.000_t20.0_train_all_frames_modespec=wwwwwwwwww_norm2_alpha1_epsilon13.1072_steps10.pt
percent_added             : 50.00%
samples_added_vs_total    : 575 / 1150
original_dataset_file     : dim2d_nx256_N1150_solver=exponax_nu0.000_t20.0_train_all_frames.pt
total_samples_after_merge : 1725
ntrain                    : 1500
ntest                     : 150
modes                     : 64
width                     : 60
s                         : 256
T_in                      : 10
T_out                     : 10
step                      : 1
batch_size                : 20
epochs                    : 500
iterations                : 37500
subsample_factor          : 1
device                    : cuda
seed                      : 1234
======================================================

[SAVED][ADD] /blue/shiboli.fsu/yifeisun.umich/adversarial_robustness_FNO/2D_NS_FNO2d_recurrent/saved_models_expanded/2D/dim2d_nx256_N1150_solver=exponax_nu0.000_t20.0_train_all_frames_modespec=wwwwwwwwww_norm2_alpha1_epsilon13.1072_steps10/50pct/add/modes64_width60_epochs500_Tin10_T10/NS_2d_FNO_model_trainedby_dim2d_nx256_N1150_solver=exponax_nu0.000_t20.0_train_all_frames.pth

================ REPLACE RUN CONFIG ================
mode                      : REPLACE (替换)
expanded_dataset_file     : dim2d_nx256_N1150_solver=exponax_nu0.000_t20.0_train_all_frames_modespec=wwwwwwwwww_norm2_alpha1_epsilon13.1072_steps10.pt
percent_replaced          : 50.00%
samples_replaced_vs_total : 575 / 1150
original_dataset_file     : dim2d_nx256_N1150_solver=exponax_nu0.000_t20.0_train_all_frames.pt
total_samples_after_replace: 1150
ntrain                    : 1000
ntest                     : 100
modes                     : 64
width                     : 60
s                         : 256
T_in                      : 10
T_out                     : 10
step                      : 1
batch_size                : 20
epochs                    : 500
iterations                : 25000
subsample_factor          : 1
device                    : cuda
seed                      : 1234
======================================================

[SAVED][REPLACE] /blue/shiboli.fsu/yifeisun.umich/adversarial_robustness_FNO/2D_NS_FNO2d_recurrent/saved_models_expanded/2D/dim2d_nx256_N1150_solver=exponax_nu0.000_t20.0_train_all_frames_modespec=wwwwwwwwww_norm2_alpha1_epsilon13.1072_steps10/50pct/replace/modes64__width60_epochs500_Tin10_T10/NS_2d_FNO_model_trainedby_dim2d_nx256_N1150_solver=exponax_nu0.000_t20.0_train_all_frames.pth
==> Running combo 7/20: file=./2D_NS_FNO2d_recurrent/datasets/expanded_exponax_datasets/t20/N=1150/dim2d_nx256_N1150_solver=exponax_nu0.000_t20.0_train_all_frames_modespec=wwwwwwwwww_norm2_alpha1_epsilon13.1072_steps10.pt  percent=0.75

================ ADD RUN CONFIG ================
mode                      : ADD (添加)
expanded_dataset_file     : dim2d_nx256_N1150_solver=exponax_nu0.000_t20.0_train_all_frames_modespec=wwwwwwwwww_norm2_alpha1_epsilon13.1072_steps10.pt
percent_added             : 75.00%
samples_added_vs_total    : 862 / 1150
original_dataset_file     : dim2d_nx256_N1150_solver=exponax_nu0.000_t20.0_train_all_frames.pt
total_samples_after_merge : 2012
ntrain                    : 1750
ntest                     : 175
modes                     : 96
width                     : 80
s                         : 256
T_in                      : 10
T_out                     : 10
step                      : 1
batch_size                : 20
epochs                    : 500
iterations                : 43500
subsample_factor          : 1
device                    : cuda
seed                      : 1234
======================================================

