c0900a-s25.ufhpc
Fri Aug 29 10:19:26 PM EDT 2025
/blue/shiboli.fsu/yifeisun.umich/adversarial_robustness_FNO
Expanded files found: 5
TOTAL combos: 20
TASKS: 2, TASK_ID: 0
Processing slice: [0, 10)  (size=10)
==> Running combo 1/20: file=./2D_NS_FNO2d_recurrent/datasets/expanded_exponax_datasets/t20/N=1150/dim2d_nx256_N1150_solver=exponax_nu0.000_t20.0_train_all_frames_modespec=wwwwwwwwww_norm2_alpha10_epsilon13.1072_steps10.pt  percent=0.25

================ ADD RUN CONFIG ================
mode                      : ADD (添加)
expanded_dataset_file     : dim2d_nx256_N1150_solver=exponax_nu0.000_t20.0_train_all_frames_modespec=wwwwwwwwww_norm2_alpha10_epsilon13.1072_steps10.pt
percent_added             : 25.00%
samples_added_vs_total    : 288 / 1150
original_dataset_file     : dim2d_nx256_N1150_solver=exponax_nu0.000_t20.0_train_all_frames.pt
total_samples_after_merge : 1438
ntrain                    : 1250
ntest                     : 125
modes                     : 64
width                     : 60
s                         : 256
T_in                      : 10
T_out                     : 10
step                      : 1
batch_size                : 20
epochs                    : 500
iterations                : 31000
subsample_factor          : 1
device                    : cuda
seed                      : 1234
======================================================

