c0901a-s15.ufhpc
Fri Aug 29 10:19:26 PM EDT 2025
/blue/shiboli.fsu/yifeisun.umich/adversarial_robustness_FNO
Expanded files found: 5
TOTAL combos: 20
TASKS: 2, TASK_ID: 1
Processing slice: [10, 20)  (size=10)
==> Running combo 11/20: file=./2D_NS_FNO2d_recurrent/datasets/expanded_exponax_datasets/t20/N=1150/dim2d_nx256_N1150_solver=exponax_nu0.000_t20.0_train_all_frames_modespec=wwwwwwwwww_norm2_alpha2.5_epsilon13.1072_steps10.pt  percent=0.75

================ ADD RUN CONFIG ================
mode                      : ADD (添加)
expanded_dataset_file     : dim2d_nx256_N1150_solver=exponax_nu0.000_t20.0_train_all_frames_modespec=wwwwwwwwww_norm2_alpha2.5_epsilon13.1072_steps10.pt
percent_added             : 75.00%
samples_added_vs_total    : 862 / 1150
original_dataset_file     : dim2d_nx256_N1150_solver=exponax_nu0.000_t20.0_train_all_frames.pt
total_samples_after_merge : 2012
ntrain                    : 1750
ntest                     : 175
modes                     : 64
width                     : 60
s                         : 256
T_in                      : 10
T_out                     : 10
step                      : 1
batch_size                : 20
epochs                    : 500
iterations                : 43500
subsample_factor          : 1
device                    : cuda
seed                      : 1234
======================================================

