c0910a-s5.ufhpc
Wed Aug 27 07:24:49 PM EDT 2025
/blue/shiboli.fsu/yifeisun.umich/adversarial_robustness_FNO
分组键数量: 15
('norm=2', 'alpha=50.0', 'epsilon=78.6432', 'steps=100', 'idx=1') => ['aaaaaaaaaw', 'addddaaaaw', 'addddddddw']
('norm=2', 'alpha=1.0', 'epsilon=13.1072', 'steps=100', 'idx=1') => ['addddaaaaw', 'aaaaaaaaaw', 'wwwwwwwwww', 'dwdwdwdwdw', 'aaaaaaawww', 'aaawwwwwww', 'ddddaaaaaw', 'wwwddddaaa', 'addddddddw']
('norm=2', 'alpha=2.5', 'epsilon=78.6432', 'steps=100', 'idx=1') => ['aaaaaaaaaw', 'addddaaaaw', 'aaawwwwwww', 'wwwwwwwwww', 'addddddddw', 'dwdwdwdwdw']
('norm=2', 'alpha=2.5', 'epsilon=13.1072', 'steps=100', 'idx=1') => ['dwdwdwdwdw', 'aaaaaaaaaw', 'ddddaaaaaw', 'aaawwwwwww', 'wwwwwwwwww', 'addddaaaaw', 'addddddddw']
('norm=2', 'alpha=1.0', 'epsilon=39.3216', 'steps=100', 'idx=1') => ['addddaaaaw', 'dwdwdwdwdw', 'aaaaaaaaaw', 'addddddddw', 'aaawwwwwww', 'ddddaaaaaw', 'wwwwwwwwww']
('norm=2', 'alpha=10.0', 'epsilon=13.1072', 'steps=100', 'idx=1') => ['addddaaaaw', 'addddddddw', 'aaaaaaaaaw']
('norm=2', 'alpha=1.0', 'epsilon=78.6432', 'steps=100', 'idx=1') => ['addddddddw', 'aaawwwwwww', 'ddddaaaaaw', 'addddaaaaw', 'wwwwwwwwww', 'aaaaaaaaaw', 'dwdwdwdwdw']
('norm=2', 'alpha=50.0', 'epsilon=39.3216', 'steps=100', 'idx=1') => ['addddaaaaw', 'addddddddw', 'aaaaaaaaaw']
('norm=2', 'alpha=5.0', 'epsilon=78.6432', 'steps=100', 'idx=1') => ['addddaaaaw', 'addddddddw', 'aaaaaaaaaw']
('norm=2', 'alpha=10.0', 'epsilon=78.6432', 'steps=100', 'idx=1') => ['addddddddw', 'addddaaaaw', 'aaaaaaaaaw']
('norm=2', 'alpha=50.0', 'epsilon=13.1072', 'steps=100', 'idx=1') => ['addddaaaaw', 'aaaaaaaaaw', 'addddddddw']
('norm=2', 'alpha=2.5', 'epsilon=39.3216', 'steps=100', 'idx=1') => ['aaawwwwwww', 'wwwwwwwwww', 'aaaaaaaaaw', 'dwdwdwdwdw', 'addddddddw', 'addddaaaaw']
('norm=2', 'alpha=5.0', 'epsilon=39.3216', 'steps=100', 'idx=1') => ['aaaaaaaaaw', 'addddddddw', 'addddaaaaw']
('norm=2', 'alpha=5.0', 'epsilon=13.1072', 'steps=100', 'idx=1') => ['addddaaaaw', 'aaaaaaaaaw', 'addddddddw']
('norm=2', 'alpha=10.0', 'epsilon=39.3216', 'steps=100', 'idx=1') => ['addddddddw', 'aaaaaaaaaw', 'addddaaaaw']
加载文件（组：('norm=2', 'alpha=50.0', 'epsilon=78.6432', 'steps=100', 'idx=1')）...
✅ 图像保存到: /blue/shiboli.fsu/yifeisun.umich/adversarial_robustness_FNO/2D_NS_FNO2d_recurrent/perturbation_results/adam_attacks_results_1solver/comparison_plots_modespec/modespec_comparison_norm=2_alpha=50.0_epsilon=78.6432_steps=100_idx=1_true.png
加载文件（组：('norm=2', 'alpha=50.0', 'epsilon=78.6432', 'steps=100', 'idx=1')）...
✅ 图像保存到: /blue/shiboli.fsu/yifeisun.umich/adversarial_robustness_FNO/2D_NS_FNO2d_recurrent/perturbation_results/adam_attacks_results_1solver/comparison_plots_modespec/modespec_comparison_norm=2_alpha=50.0_epsilon=78.6432_steps=100_idx=1_surrogate.png
⚠️ 警告：有文件未记录 surrogate_loss，已回退到 loss 作图。
加载文件（组：('norm=2', 'alpha=1.0', 'epsilon=13.1072', 'steps=100', 'idx=1')）...
✅ 图像保存到: /blue/shiboli.fsu/yifeisun.umich/adversarial_robustness_FNO/2D_NS_FNO2d_recurrent/perturbation_results/adam_attacks_results_1solver/comparison_plots_modespec/modespec_comparison_norm=2_alpha=1.0_epsilon=13.1072_steps=100_idx=1_true.png
加载文件（组：('norm=2', 'alpha=1.0', 'epsilon=13.1072', 'steps=100', 'idx=1')）...
✅ 图像保存到: /blue/shiboli.fsu/yifeisun.umich/adversarial_robustness_FNO/2D_NS_FNO2d_recurrent/perturbation_results/adam_attacks_results_1solver/comparison_plots_modespec/modespec_comparison_norm=2_alpha=1.0_epsilon=13.1072_steps=100_idx=1_surrogate.png
⚠️ 警告：有文件未记录 surrogate_loss，已回退到 loss 作图。
加载文件（组：('norm=2', 'alpha=2.5', 'epsilon=78.6432', 'steps=100', 'idx=1')）...
✅ 图像保存到: /blue/shiboli.fsu/yifeisun.umich/adversarial_robustness_FNO/2D_NS_FNO2d_recurrent/perturbation_results/adam_attacks_results_1solver/comparison_plots_modespec/modespec_comparison_norm=2_alpha=2.5_epsilon=78.6432_steps=100_idx=1_true.png
加载文件（组：('norm=2', 'alpha=2.5', 'epsilon=78.6432', 'steps=100', 'idx=1')）...
✅ 图像保存到: /blue/shiboli.fsu/yifeisun.umich/adversarial_robustness_FNO/2D_NS_FNO2d_recurrent/perturbation_results/adam_attacks_results_1solver/comparison_plots_modespec/modespec_comparison_norm=2_alpha=2.5_epsilon=78.6432_steps=100_idx=1_surrogate.png
⚠️ 警告：有文件未记录 surrogate_loss，已回退到 loss 作图。
加载文件（组：('norm=2', 'alpha=2.5', 'epsilon=13.1072', 'steps=100', 'idx=1')）...
✅ 图像保存到: /blue/shiboli.fsu/yifeisun.umich/adversarial_robustness_FNO/2D_NS_FNO2d_recurrent/perturbation_results/adam_attacks_results_1solver/comparison_plots_modespec/modespec_comparison_norm=2_alpha=2.5_epsilon=13.1072_steps=100_idx=1_true.png
加载文件（组：('norm=2', 'alpha=2.5', 'epsilon=13.1072', 'steps=100', 'idx=1')）...
✅ 图像保存到: /blue/shiboli.fsu/yifeisun.umich/adversarial_robustness_FNO/2D_NS_FNO2d_recurrent/perturbation_results/adam_attacks_results_1solver/comparison_plots_modespec/modespec_comparison_norm=2_alpha=2.5_epsilon=13.1072_steps=100_idx=1_surrogate.png
⚠️ 警告：有文件未记录 surrogate_loss，已回退到 loss 作图。
加载文件（组：('norm=2', 'alpha=1.0', 'epsilon=39.3216', 'steps=100', 'idx=1')）...
✅ 图像保存到: /blue/shiboli.fsu/yifeisun.umich/adversarial_robustness_FNO/2D_NS_FNO2d_recurrent/perturbation_results/adam_attacks_results_1solver/comparison_plots_modespec/modespec_comparison_norm=2_alpha=1.0_epsilon=39.3216_steps=100_idx=1_true.png
加载文件（组：('norm=2', 'alpha=1.0', 'epsilon=39.3216', 'steps=100', 'idx=1')）...
✅ 图像保存到: /blue/shiboli.fsu/yifeisun.umich/adversarial_robustness_FNO/2D_NS_FNO2d_recurrent/perturbation_results/adam_attacks_results_1solver/comparison_plots_modespec/modespec_comparison_norm=2_alpha=1.0_epsilon=39.3216_steps=100_idx=1_surrogate.png
⚠️ 警告：有文件未记录 surrogate_loss，已回退到 loss 作图。
加载文件（组：('norm=2', 'alpha=10.0', 'epsilon=13.1072', 'steps=100', 'idx=1')）...
✅ 图像保存到: /blue/shiboli.fsu/yifeisun.umich/adversarial_robustness_FNO/2D_NS_FNO2d_recurrent/perturbation_results/adam_attacks_results_1solver/comparison_plots_modespec/modespec_comparison_norm=2_alpha=10.0_epsilon=13.1072_steps=100_idx=1_true.png
加载文件（组：('norm=2', 'alpha=10.0', 'epsilon=13.1072', 'steps=100', 'idx=1')）...
✅ 图像保存到: /blue/shiboli.fsu/yifeisun.umich/adversarial_robustness_FNO/2D_NS_FNO2d_recurrent/perturbation_results/adam_attacks_results_1solver/comparison_plots_modespec/modespec_comparison_norm=2_alpha=10.0_epsilon=13.1072_steps=100_idx=1_surrogate.png
⚠️ 警告：有文件未记录 surrogate_loss，已回退到 loss 作图。
加载文件（组：('norm=2', 'alpha=1.0', 'epsilon=78.6432', 'steps=100', 'idx=1')）...
✅ 图像保存到: /blue/shiboli.fsu/yifeisun.umich/adversarial_robustness_FNO/2D_NS_FNO2d_recurrent/perturbation_results/adam_attacks_results_1solver/comparison_plots_modespec/modespec_comparison_norm=2_alpha=1.0_epsilon=78.6432_steps=100_idx=1_true.png
加载文件（组：('norm=2', 'alpha=1.0', 'epsilon=78.6432', 'steps=100', 'idx=1')）...
✅ 图像保存到: /blue/shiboli.fsu/yifeisun.umich/adversarial_robustness_FNO/2D_NS_FNO2d_recurrent/perturbation_results/adam_attacks_results_1solver/comparison_plots_modespec/modespec_comparison_norm=2_alpha=1.0_epsilon=78.6432_steps=100_idx=1_surrogate.png
⚠️ 警告：有文件未记录 surrogate_loss，已回退到 loss 作图。
加载文件（组：('norm=2', 'alpha=50.0', 'epsilon=39.3216', 'steps=100', 'idx=1')）...
✅ 图像保存到: /blue/shiboli.fsu/yifeisun.umich/adversarial_robustness_FNO/2D_NS_FNO2d_recurrent/perturbation_results/adam_attacks_results_1solver/comparison_plots_modespec/modespec_comparison_norm=2_alpha=50.0_epsilon=39.3216_steps=100_idx=1_true.png
加载文件（组：('norm=2', 'alpha=50.0', 'epsilon=39.3216', 'steps=100', 'idx=1')）...
✅ 图像保存到: /blue/shiboli.fsu/yifeisun.umich/adversarial_robustness_FNO/2D_NS_FNO2d_recurrent/perturbation_results/adam_attacks_results_1solver/comparison_plots_modespec/modespec_comparison_norm=2_alpha=50.0_epsilon=39.3216_steps=100_idx=1_surrogate.png
⚠️ 警告：有文件未记录 surrogate_loss，已回退到 loss 作图。
加载文件（组：('norm=2', 'alpha=5.0', 'epsilon=78.6432', 'steps=100', 'idx=1')）...
✅ 图像保存到: /blue/shiboli.fsu/yifeisun.umich/adversarial_robustness_FNO/2D_NS_FNO2d_recurrent/perturbation_results/adam_attacks_results_1solver/comparison_plots_modespec/modespec_comparison_norm=2_alpha=5.0_epsilon=78.6432_steps=100_idx=1_true.png
加载文件（组：('norm=2', 'alpha=5.0', 'epsilon=78.6432', 'steps=100', 'idx=1')）...
✅ 图像保存到: /blue/shiboli.fsu/yifeisun.umich/adversarial_robustness_FNO/2D_NS_FNO2d_recurrent/perturbation_results/adam_attacks_results_1solver/comparison_plots_modespec/modespec_comparison_norm=2_alpha=5.0_epsilon=78.6432_steps=100_idx=1_surrogate.png
⚠️ 警告：有文件未记录 surrogate_loss，已回退到 loss 作图。
加载文件（组：('norm=2', 'alpha=10.0', 'epsilon=78.6432', 'steps=100', 'idx=1')）...
✅ 图像保存到: /blue/shiboli.fsu/yifeisun.umich/adversarial_robustness_FNO/2D_NS_FNO2d_recurrent/perturbation_results/adam_attacks_results_1solver/comparison_plots_modespec/modespec_comparison_norm=2_alpha=10.0_epsilon=78.6432_steps=100_idx=1_true.png
加载文件（组：('norm=2', 'alpha=10.0', 'epsilon=78.6432', 'steps=100', 'idx=1')）...
✅ 图像保存到: /blue/shiboli.fsu/yifeisun.umich/adversarial_robustness_FNO/2D_NS_FNO2d_recurrent/perturbation_results/adam_attacks_results_1solver/comparison_plots_modespec/modespec_comparison_norm=2_alpha=10.0_epsilon=78.6432_steps=100_idx=1_surrogate.png
⚠️ 警告：有文件未记录 surrogate_loss，已回退到 loss 作图。
加载文件（组：('norm=2', 'alpha=50.0', 'epsilon=13.1072', 'steps=100', 'idx=1')）...
✅ 图像保存到: /blue/shiboli.fsu/yifeisun.umich/adversarial_robustness_FNO/2D_NS_FNO2d_recurrent/perturbation_results/adam_attacks_results_1solver/comparison_plots_modespec/modespec_comparison_norm=2_alpha=50.0_epsilon=13.1072_steps=100_idx=1_true.png
加载文件（组：('norm=2', 'alpha=50.0', 'epsilon=13.1072', 'steps=100', 'idx=1')）...
✅ 图像保存到: /blue/shiboli.fsu/yifeisun.umich/adversarial_robustness_FNO/2D_NS_FNO2d_recurrent/perturbation_results/adam_attacks_results_1solver/comparison_plots_modespec/modespec_comparison_norm=2_alpha=50.0_epsilon=13.1072_steps=100_idx=1_surrogate.png
⚠️ 警告：有文件未记录 surrogate_loss，已回退到 loss 作图。
加载文件（组：('norm=2', 'alpha=2.5', 'epsilon=39.3216', 'steps=100', 'idx=1')）...
✅ 图像保存到: /blue/shiboli.fsu/yifeisun.umich/adversarial_robustness_FNO/2D_NS_FNO2d_recurrent/perturbation_results/adam_attacks_results_1solver/comparison_plots_modespec/modespec_comparison_norm=2_alpha=2.5_epsilon=39.3216_steps=100_idx=1_true.png
加载文件（组：('norm=2', 'alpha=2.5', 'epsilon=39.3216', 'steps=100', 'idx=1')）...
✅ 图像保存到: /blue/shiboli.fsu/yifeisun.umich/adversarial_robustness_FNO/2D_NS_FNO2d_recurrent/perturbation_results/adam_attacks_results_1solver/comparison_plots_modespec/modespec_comparison_norm=2_alpha=2.5_epsilon=39.3216_steps=100_idx=1_surrogate.png
⚠️ 警告：有文件未记录 surrogate_loss，已回退到 loss 作图。
加载文件（组：('norm=2', 'alpha=5.0', 'epsilon=39.3216', 'steps=100', 'idx=1')）...
✅ 图像保存到: /blue/shiboli.fsu/yifeisun.umich/adversarial_robustness_FNO/2D_NS_FNO2d_recurrent/perturbation_results/adam_attacks_results_1solver/comparison_plots_modespec/modespec_comparison_norm=2_alpha=5.0_epsilon=39.3216_steps=100_idx=1_true.png
加载文件（组：('norm=2', 'alpha=5.0', 'epsilon=39.3216', 'steps=100', 'idx=1')）...
✅ 图像保存到: /blue/shiboli.fsu/yifeisun.umich/adversarial_robustness_FNO/2D_NS_FNO2d_recurrent/perturbation_results/adam_attacks_results_1solver/comparison_plots_modespec/modespec_comparison_norm=2_alpha=5.0_epsilon=39.3216_steps=100_idx=1_surrogate.png
⚠️ 警告：有文件未记录 surrogate_loss，已回退到 loss 作图。
加载文件（组：('norm=2', 'alpha=5.0', 'epsilon=13.1072', 'steps=100', 'idx=1')）...
✅ 图像保存到: /blue/shiboli.fsu/yifeisun.umich/adversarial_robustness_FNO/2D_NS_FNO2d_recurrent/perturbation_results/adam_attacks_results_1solver/comparison_plots_modespec/modespec_comparison_norm=2_alpha=5.0_epsilon=13.1072_steps=100_idx=1_true.png
加载文件（组：('norm=2', 'alpha=5.0', 'epsilon=13.1072', 'steps=100', 'idx=1')）...
✅ 图像保存到: /blue/shiboli.fsu/yifeisun.umich/adversarial_robustness_FNO/2D_NS_FNO2d_recurrent/perturbation_results/adam_attacks_results_1solver/comparison_plots_modespec/modespec_comparison_norm=2_alpha=5.0_epsilon=13.1072_steps=100_idx=1_surrogate.png
⚠️ 警告：有文件未记录 surrogate_loss，已回退到 loss 作图。
加载文件（组：('norm=2', 'alpha=10.0', 'epsilon=39.3216', 'steps=100', 'idx=1')）...
✅ 图像保存到: /blue/shiboli.fsu/yifeisun.umich/adversarial_robustness_FNO/2D_NS_FNO2d_recurrent/perturbation_results/adam_attacks_results_1solver/comparison_plots_modespec/modespec_comparison_norm=2_alpha=10.0_epsilon=39.3216_steps=100_idx=1_true.png
加载文件（组：('norm=2', 'alpha=10.0', 'epsilon=39.3216', 'steps=100', 'idx=1')）...
✅ 图像保存到: /blue/shiboli.fsu/yifeisun.umich/adversarial_robustness_FNO/2D_NS_FNO2d_recurrent/perturbation_results/adam_attacks_results_1solver/comparison_plots_modespec/modespec_comparison_norm=2_alpha=10.0_epsilon=39.3216_steps=100_idx=1_surrogate.png
⚠️ 警告：有文件未记录 surrogate_loss，已回退到 loss 作图。
