/blue/shiboli.fsu/yifeisun.umich/adversarial_robustness_FNO/./2D_NS_FNO2d_recurrent/perturbation_results/adam_attacks_results_1solver/viz_attack_results_short_pic_detach_withsolver.py:195: MatplotlibDeprecationWarning: The get_cmap function was deprecated in Matplotlib 3.7 and will be removed in 3.11. Use ``matplotlib.colormaps[name]`` or ``matplotlib.colormaps.get_cmap()`` or ``pyplot.get_cmap()`` instead.
  cmap = plt.cm.get_cmap("tab20")
/blue/shiboli.fsu/yifeisun.umich/adversarial_robustness_FNO/./2D_NS_FNO2d_recurrent/perturbation_results/adam_attacks_results_1solver/viz_attack_results_short_pic_detach_withsolver.py:351: UserWarning: Glyph 26080 (\N{CJK UNIFIED IDEOGRAPH-65E0}) missing from font(s) DejaVu Sans.
  plt.savefig(out_path, dpi=dpi, bbox_inches="tight")
/blue/shiboli.fsu/yifeisun.umich/adversarial_robustness_FNO/./2D_NS_FNO2d_recurrent/perturbation_results/adam_attacks_results_1solver/viz_attack_results_short_pic_detach_withsolver.py:351: UserWarning: Glyph 30340 (\N{CJK UNIFIED IDEOGRAPH-7684}) missing from font(s) DejaVu Sans.
  plt.savefig(out_path, dpi=dpi, bbox_inches="tight")
/blue/shiboli.fsu/yifeisun.umich/adversarial_robustness_FNO/./2D_NS_FNO2d_recurrent/perturbation_results/adam_attacks_results_1solver/viz_attack_results_short_pic_detach_withsolver.py:351: UserWarning: Glyph 65288 (\N{FULLWIDTH LEFT PARENTHESIS}) missing from font(s) DejaVu Sans.
  plt.savefig(out_path, dpi=dpi, bbox_inches="tight")
/blue/shiboli.fsu/yifeisun.umich/adversarial_robustness_FNO/./2D_NS_FNO2d_recurrent/perturbation_results/adam_attacks_results_1solver/viz_attack_results_short_pic_detach_withsolver.py:351: UserWarning: Glyph 65289 (\N{FULLWIDTH RIGHT PARENTHESIS}) missing from font(s) DejaVu Sans.
  plt.savefig(out_path, dpi=dpi, bbox_inches="tight")
/blue/shiboli.fsu/yifeisun.umich/adversarial_robustness_FNO/./2D_NS_FNO2d_recurrent/perturbation_results/adam_attacks_results_1solver/viz_attack_results_short_pic_detach_withsolver.py:351: UserWarning: Glyph 20165 (\N{CJK UNIFIED IDEOGRAPH-4EC5}) missing from font(s) DejaVu Sans.
  plt.savefig(out_path, dpi=dpi, bbox_inches="tight")
/blue/shiboli.fsu/yifeisun.umich/adversarial_robustness_FNO/./2D_NS_FNO2d_recurrent/perturbation_results/adam_attacks_results_1solver/viz_attack_results_short_pic_detach_withsolver.py:351: UserWarning: Glyph 26368 (\N{CJK UNIFIED IDEOGRAPH-6700}) missing from font(s) DejaVu Sans.
  plt.savefig(out_path, dpi=dpi, bbox_inches="tight")
/blue/shiboli.fsu/yifeisun.umich/adversarial_robustness_FNO/./2D_NS_FNO2d_recurrent/perturbation_results/adam_attacks_results_1solver/viz_attack_results_short_pic_detach_withsolver.py:351: UserWarning: Glyph 21518 (\N{CJK UNIFIED IDEOGRAPH-540E}) missing from font(s) DejaVu Sans.
  plt.savefig(out_path, dpi=dpi, bbox_inches="tight")
/blue/shiboli.fsu/yifeisun.umich/adversarial_robustness_FNO/./2D_NS_FNO2d_recurrent/perturbation_results/adam_attacks_results_1solver/viz_attack_results_short_pic_detach_withsolver.py:351: UserWarning: Glyph 19968 (\N{CJK UNIFIED IDEOGRAPH-4E00}) missing from font(s) DejaVu Sans.
  plt.savefig(out_path, dpi=dpi, bbox_inches="tight")
/blue/shiboli.fsu/yifeisun.umich/adversarial_robustness_FNO/./2D_NS_FNO2d_recurrent/perturbation_results/adam_attacks_results_1solver/viz_attack_results_short_pic_detach_withsolver.py:351: UserWarning: Glyph 20301 (\N{CJK UNIFIED IDEOGRAPH-4F4D}) missing from font(s) DejaVu Sans.
  plt.savefig(out_path, dpi=dpi, bbox_inches="tight")
/blue/shiboli.fsu/yifeisun.umich/adversarial_robustness_FNO/./2D_NS_FNO2d_recurrent/perturbation_results/adam_attacks_results_1solver/viz_attack_results_short_pic_detach_withsolver.py:351: UserWarning: Glyph 26159 (\N{CJK UNIFIED IDEOGRAPH-662F}) missing from font(s) DejaVu Sans.
  plt.savefig(out_path, dpi=dpi, bbox_inches="tight")
/blue/shiboli.fsu/yifeisun.umich/adversarial_robustness_FNO/./2D_NS_FNO2d_recurrent/perturbation_results/adam_attacks_results_1solver/viz_attack_results_short_pic_detach_withsolver.py:351: UserWarning: Glyph 19988 (\N{CJK UNIFIED IDEOGRAPH-4E14}) missing from font(s) DejaVu Sans.
  plt.savefig(out_path, dpi=dpi, bbox_inches="tight")
/blue/shiboli.fsu/yifeisun.umich/adversarial_robustness_FNO/./2D_NS_FNO2d_recurrent/perturbation_results/adam_attacks_results_1solver/viz_attack_results_short_pic_detach_withsolver.py:351: UserWarning: Glyph 20986 (\N{CJK UNIFIED IDEOGRAPH-51FA}) missing from font(s) DejaVu Sans.
  plt.savefig(out_path, dpi=dpi, bbox_inches="tight")
/blue/shiboli.fsu/yifeisun.umich/adversarial_robustness_FNO/./2D_NS_FNO2d_recurrent/perturbation_results/adam_attacks_results_1solver/viz_attack_results_short_pic_detach_withsolver.py:351: UserWarning: Glyph 29616 (\N{CJK UNIFIED IDEOGRAPH-73B0}) missing from font(s) DejaVu Sans.
  plt.savefig(out_path, dpi=dpi, bbox_inches="tight")
/blue/shiboli.fsu/yifeisun.umich/adversarial_robustness_FNO/./2D_NS_FNO2d_recurrent/perturbation_results/adam_attacks_results_1solver/viz_attack_results_short_pic_detach_withsolver.py:351: UserWarning: Glyph 27425 (\N{CJK UNIFIED IDEOGRAPH-6B21}) missing from font(s) DejaVu Sans.
  plt.savefig(out_path, dpi=dpi, bbox_inches="tight")
slurmstepd: error: *** JOB 11154514 ON c1007a-s5 CANCELLED AT 2025-08-28T18:07:04 ***
