c0901a-s15.ufhpc
Thu Aug 28 06:19:19 PM EDT 2025
/blue/shiboli.fsu/yifeisun.umich/adversarial_robustness_FNO
分组键数量: 15
('norm=2', 'alpha=2.5', 'epsilon=13.1072', 'steps=100', 'idx=1') => ['wwddddddaa', 'dddddddddw', 'dddwwwwwww', 'awawawawaw', 'awwwwwwwww', 'aaaaaaaaaw', 'aaaaaddddw', 'aaaaawwwww', 'aaddddddww', 'wwwwdddddw', 'dwwwwwwwww', 'ddddaaaaaw', 'wwwwwwwwwa', 'addddaaaaw', 'aaawwwwwww', 'dwdwdwdwdw', 'dddddddddd', 'wdddddddda', 'wwwddddaaa', 'wwwwwwwwww', 'aaaaaaawww', 'dddddwwwww', 'dddddddwww', 'aaaaaaaaaa', 'aaaddddwww', 'addddddddw']
('norm=2', 'alpha=50.0', 'epsilon=13.1072', 'steps=100', 'idx=1') => ['dddddddddw', 'wwwddddaaa', 'wdddddddda', 'addddaaaaw', 'dddddddddd', 'addddddddw', 'aaaaaaaaaa', 'aaaaaddddw', 'aaaaawwwww', 'dddddwwwww', 'awwwwwwwww', 'aaawwwwwww', 'awawawawaw', 'aaddddddww', 'ddddaaaaaw', 'dddwwwwwww', 'dddddddwww', 'dwwwwwwwww', 'aaaddddwww', 'wwwwdddddw', 'wwwwwwwwwa', 'aaaaaaawww', 'dwdwdwdwdw', 'wwddddddaa', 'aaaaaaaaaw', 'wwwwwwwwww']
('norm=2', 'alpha=2.5', 'epsilon=39.3216', 'steps=100', 'idx=1') => ['aaaaaaaaaw', 'wwwwdddddw', 'aaaaaaawww', 'aaaaaaaaaa', 'aaaddddwww', 'aaawwwwwww', 'wdddddddda', 'awwwwwwwww', 'wwwddddaaa', 'dddddddddd', 'wwddddddaa', 'dddddddwww', 'wwwwwwwwww', 'dddddddddw', 'addddddddw', 'addddaaaaw', 'dddwwwwwww', 'dwwwwwwwww', 'wwwwwwwwwa', 'dddddwwwww', 'dwdwdwdwdw', 'awawawawaw', 'aaaaaddddw', 'ddddaaaaaw', 'aaaaawwwww', 'aaddddddww']
('norm=2', 'alpha=1.0', 'epsilon=39.3216', 'steps=100', 'idx=1') => ['ddddaaaaaw', 'dddwwwwwww', 'aaaaaaaaaw', 'aaaaaaawww', 'dddddddddd', 'wdddddddda', 'dddddwwwww', 'dwwwwwwwww', 'dwdwdwdwdw', 'aaaaaaaaaa', 'wwddddddaa', 'aaaaaddddw', 'aaddddddww', 'aaaaawwwww', 'dddddddwww', 'addddaaaaw', 'awwwwwwwww', 'wwwddddaaa', 'aaaddddwww', 'aaawwwwwww', 'awawawawaw', 'wwwwwwwwww', 'wwwwdddddw', 'addddddddw', 'dddddddddw', 'wwwwwwwwwa']
('norm=2', 'alpha=1.0', 'epsilon=13.1072', 'steps=100', 'idx=1') => ['addddaaaaw', 'dwwwwwwwww', 'dddddwwwww', 'aaaaaddddw', 'aaaaaaaaaw', 'addddddddw', 'aaaaawwwww', 'ddddaaaaaw', 'awawawawaw', 'aaddddddww', 'dddddddddd', 'wdddddddda', 'wwddddddaa', 'aaaaaaaaaa', 'awwwwwwwww', 'aaawwwwwww', 'wwwwwwwwwa', 'dddddddddw', 'wwwwdddddw', 'wwwddddaaa', 'aaaaaaawww', 'dwdwdwdwdw', 'aaaddddwww', 'wwwwwwwwww', 'dddddddwww', 'dddwwwwwww']
('norm=2', 'alpha=1.0', 'epsilon=78.6432', 'steps=100', 'idx=1') => ['awwwwwwwww', 'ddddaaaaaw', 'addddaaaaw', 'aaawwwwwww', 'addddddddw', 'wwddddddaa', 'dwwwwwwwww', 'aaaaaaawww', 'aaaddddwww', 'wwwddddaaa', 'awawawawaw', 'aaaaawwwww', 'wwwwwwwwwa', 'aaaaaaaaaa', 'dddddddddw', 'aaaaaaaaaw', 'wwwwdddddw', 'wdddddddda', 'aaaaaddddw', 'wwwwwwwwww', 'dddddwwwww', 'dwdwdwdwdw', 'dddddddddd', 'dddwwwwwww', 'dddddddwww', 'aaddddddww']
('norm=2', 'alpha=50.0', 'epsilon=39.3216', 'steps=100', 'idx=1') => ['aaaaaaaaaa', 'addddddddw', 'ddddaaaaaw', 'awwwwwwwww', 'wwwwdddddw', 'aaaaaaawww', 'aaddddddww', 'aaaaaddddw', 'dddddddddd', 'dwdwdwdwdw', 'aaaaawwwww', 'aaaddddwww', 'aaaaaaaaaw', 'wwwddddaaa', 'addddaaaaw', 'wwwwwwwwwa', 'dddddwwwww', 'dddddddwww', 'awawawawaw', 'dwwwwwwwww', 'aaawwwwwww', 'dddwwwwwww', 'wwwwwwwwww', 'dddddddddw', 'wwddddddaa', 'wdddddddda']
('norm=2', 'alpha=50.0', 'epsilon=78.6432', 'steps=100', 'idx=1') => ['aaaaawwwww', 'wdddddddda', 'ddddaaaaaw', 'aaddddddww', 'wwddddddaa', 'wwwwwwwwww', 'dwdwdwdwdw', 'dddddddwww', 'addddaaaaw', 'wwwddddaaa', 'dddddwwwww', 'dwwwwwwwww', 'aaaaaaawww', 'aaawwwwwww', 'addddddddw', 'aaaddddwww', 'wwwwwwwwwa', 'dddddddddw', 'dddddddddd', 'awwwwwwwww', 'awawawawaw', 'aaaaaaaaaw', 'wwwwdddddw', 'aaaaaddddw', 'dddwwwwwww', 'aaaaaaaaaa']
('norm=2', 'alpha=2.5', 'epsilon=78.6432', 'steps=100', 'idx=1') => ['addddddddw', 'dwdwdwdwdw', 'wwwwwwwwww', 'wwddddddaa', 'awwwwwwwww', 'wwwwdddddw', 'aaaaaaaaaa', 'aaaaawwwww', 'dddwwwwwww', 'dwwwwwwwww', 'dddddddddw', 'wdddddddda', 'aaddddddww', 'aaaaaaawww', 'aaaaaddddw', 'wwwddddaaa', 'aaaddddwww', 'ddddaaaaaw', 'awawawawaw', 'dddddddwww', 'dddddddddd', 'aaaaaaaaaw', 'addddaaaaw', 'dddddwwwww', 'wwwwwwwwwa', 'aaawwwwwww']
('norm=2', 'alpha=10.0', 'epsilon=13.1072', 'steps=100', 'idx=1') => ['dddddddddd', 'addddddddw', 'dddwwwwwww', 'dwdwdwdwdw', 'awwwwwwwww', 'aaaddddwww', 'aaddddddww', 'awawawawaw', 'dwwwwwwwww', 'wdddddddda', 'dddddddddw', 'aaaaaaawww', 'wwwwwwwwww', 'aaaaaddddw', 'aaaaawwwww', 'wwwddddaaa', 'aaaaaaaaaa', 'addddaaaaw', 'wwwwwwwwwa', 'ddddaaaaaw', 'wwddddddaa', 'aaawwwwwww', 'dddddddwww', 'dddddwwwww', 'wwwwdddddw', 'aaaaaaaaaw']
('norm=2', 'alpha=5.0', 'epsilon=78.6432', 'steps=100', 'idx=1') => ['aaaaawwwww', 'wwwwwwwwwa', 'dddddwwwww', 'awwwwwwwww', 'aaaaaaaaaa', 'wwwwwwwwww', 'dddwwwwwww', 'addddddddw', 'dddddddddw', 'wwddddddaa', 'aaawwwwwww', 'awawawawaw', 'dddddddddd', 'dddddddwww', 'ddddaaaaaw', 'aaaaaaawww', 'addddaaaaw', 'aaddddddww', 'wwwwdddddw', 'dwdwdwdwdw', 'wdddddddda', 'aaaddddwww', 'aaaaaddddw', 'aaaaaaaaaw', 'dwwwwwwwww', 'wwwddddaaa']
('norm=2', 'alpha=5.0', 'epsilon=39.3216', 'steps=100', 'idx=1') => ['awawawawaw', 'awwwwwwwww', 'dddwwwwwww', 'wwwwdddddw', 'wwwwwwwwwa', 'dwwwwwwwww', 'aaaaaaaaaa', 'aaaaaddddw', 'aaaaawwwww', 'wdddddddda', 'aaaddddwww', 'wwwddddaaa', 'ddddaaaaaw', 'dddddddwww', 'dddddwwwww', 'aaawwwwwww', 'aaddddddww', 'aaaaaaaaaw', 'addddaaaaw', 'dwdwdwdwdw', 'dddddddddd', 'dddddddddw', 'addddddddw', 'wwddddddaa', 'aaaaaaawww', 'wwwwwwwwww']
('norm=2', 'alpha=10.0', 'epsilon=39.3216', 'steps=100', 'idx=1') => ['wwwwwwwwwa', 'aaaaaddddw', 'wwddddddaa', 'dddddddddw', 'addddaaaaw', 'aaaddddwww', 'aaawwwwwww', 'awawawawaw', 'awwwwwwwww', 'aaaaaaaaaa', 'wdddddddda', 'addddddddw', 'dwdwdwdwdw', 'ddddaaaaaw', 'wwwwdddddw', 'dddddddwww', 'wwwwwwwwww', 'aaaaawwwww', 'dddddddddd', 'aaddddddww', 'wwwddddaaa', 'aaaaaaaaaw', 'dddwwwwwww', 'dddddwwwww', 'dwwwwwwwww', 'aaaaaaawww']
('norm=2', 'alpha=10.0', 'epsilon=78.6432', 'steps=100', 'idx=1') => ['dwwwwwwwww', 'aaaaawwwww', 'aaaaaaaaaw', 'wwwwwwwwwa', 'dddddwwwww', 'aaaaaaaaaa', 'wwddddddaa', 'dwdwdwdwdw', 'dddddddwww', 'wwwwwwwwww', 'aaaddddwww', 'awawawawaw', 'wwwwdddddw', 'dddddddddd', 'wdddddddda', 'aaaaaddddw', 'aaawwwwwww', 'ddddaaaaaw', 'addddaaaaw', 'awwwwwwwww', 'aaddddddww', 'addddddddw', 'dddwwwwwww', 'dddddddddw', 'aaaaaaawww', 'wwwddddaaa']
('norm=2', 'alpha=5.0', 'epsilon=13.1072', 'steps=100', 'idx=1') => ['awwwwwwwww', 'dddddddddd', 'wwddddddaa', 'wwwwdddddw', 'dddddddwww', 'wwwddddaaa', 'aaaaawwwww', 'dddddddddw', 'dwwwwwwwww', 'addddaaaaw', 'dddddwwwww', 'dddwwwwwww', 'wwwwwwwwww', 'aaaaaddddw', 'aaaaaaawww', 'aaddddddww', 'aaaddddwww', 'aaaaaaaaaa', 'aaaaaaaaaw', 'dwdwdwdwdw', 'wdddddddda', 'addddddddw', 'aaawwwwwww', 'awawawawaw', 'wwwwwwwwwa', 'ddddaaaaaw']
Loading files (group: ('norm=2', 'alpha=2.5', 'epsilon=13.1072', 'steps=100', 'idx=1')) ...

================================================================================
[PKL] /blue/shiboli.fsu/yifeisun.umich/adversarial_robustness_FNO/2D_NS_FNO2d_recurrent/perturbation_results/adam_attacks_results_1solver/pickle_files/pgd_attack_records_modespec=wwddddddaa_norm2_alpha2.5_epsilon13.1072_steps100_idx1|adam_b10.9_b20.999_ae1e-08_sgn1_ams0.pkl
Top-level keys: ['steps', 'metadata']
  - steps        => type=list, shape/desc=list[len=100], dtype=None
  - metadata     => type=dict, shape/desc=dict[11 keys], dtype=None

[steps] length = 100
  * gradient           -> present=100/100, shapes={{ (256, 256) }}, dtypes={{ float32 }}, types={{ numpy.ndarray }}
  * loss               -> present=100/100, shapes={{ scalar }}, dtypes={{ float }}, types={{ float }}
  * output             -> present=100/100, shapes={{ (256, 256) }}, dtypes={{ float32 }}, types={{ numpy.ndarray }}
  * reach_boundary     -> present=100/100, shapes={{ scalar }}, dtypes={{ bool }}, types={{ bool }}
  * scaled_gradient    -> present=100/100, shapes={{ (256, 256) }}, dtypes={{ float32 }}, types={{ numpy.ndarray }}
  * step               -> present=100/100, shapes={{ scalar }}, dtypes={{ int }}, types={{ int }}
  * surrogate_loss     -> present=100/100, shapes={{ scalar }}, dtypes={{ float }}, types={{ float }}
  * surrogate_truth    -> present=100/100, shapes={{ (256, 256) }}, dtypes={{ float32 }}, types={{ numpy.ndarray }}
  * truth              -> present=100/100, shapes={{ (256, 256) }}, dtypes={{ float32 }}, types={{ numpy.ndarray }}
  * x0                 -> present=100/100, shapes={{ (256, 256) }}, dtypes={{ float32 }}, types={{ numpy.ndarray }}
================================================================================


================================================================================
[PKL] /blue/shiboli.fsu/yifeisun.umich/adversarial_robustness_FNO/2D_NS_FNO2d_recurrent/perturbation_results/adam_attacks_results_1solver/pickle_files/pgd_attack_records_modespec=dddddddddw_norm2_alpha2.5_epsilon13.1072_steps100_idx1|adam_b10.9_b20.999_ae1e-08_sgn1_ams0.pkl
Top-level keys: ['steps', 'metadata']
  - steps        => type=list, shape/desc=list[len=100], dtype=None
  - metadata     => type=dict, shape/desc=dict[11 keys], dtype=None

[steps] length = 100
  * gradient           -> present=100/100, shapes={{ (256, 256) }}, dtypes={{ float32 }}, types={{ numpy.ndarray }}
  * loss               -> present=100/100, shapes={{ scalar }}, dtypes={{ float }}, types={{ float }}
  * output             -> present=100/100, shapes={{ (256, 256) }}, dtypes={{ float32 }}, types={{ numpy.ndarray }}
  * reach_boundary     -> present=100/100, shapes={{ scalar }}, dtypes={{ bool }}, types={{ bool }}
  * scaled_gradient    -> present=100/100, shapes={{ (256, 256) }}, dtypes={{ float32 }}, types={{ numpy.ndarray }}
  * step               -> present=100/100, shapes={{ scalar }}, dtypes={{ int }}, types={{ int }}
  * truth              -> present=100/100, shapes={{ (256, 256) }}, dtypes={{ float32 }}, types={{ numpy.ndarray }}
  * x0                 -> present=100/100, shapes={{ (256, 256) }}, dtypes={{ float32 }}, types={{ numpy.ndarray }}
================================================================================


================================================================================
[PKL] /blue/shiboli.fsu/yifeisun.umich/adversarial_robustness_FNO/2D_NS_FNO2d_recurrent/perturbation_results/adam_attacks_results_1solver/pickle_files/pgd_attack_records_modespec=dddwwwwwww_norm2_alpha2.5_epsilon13.1072_steps100_idx1|adam_b10.9_b20.999_ae1e-08_sgn1_ams0.pkl
Top-level keys: ['steps', 'metadata']
  - steps        => type=list, shape/desc=list[len=100], dtype=None
  - metadata     => type=dict, shape/desc=dict[11 keys], dtype=None

[steps] length = 100
  * gradient           -> present=100/100, shapes={{ (256, 256) }}, dtypes={{ float32 }}, types={{ numpy.ndarray }}
  * loss               -> present=100/100, shapes={{ scalar }}, dtypes={{ float }}, types={{ float }}
  * output             -> present=100/100, shapes={{ (256, 256) }}, dtypes={{ float32 }}, types={{ numpy.ndarray }}
  * reach_boundary     -> present=100/100, shapes={{ scalar }}, dtypes={{ bool }}, types={{ bool }}
  * scaled_gradient    -> present=100/100, shapes={{ (256, 256) }}, dtypes={{ float32 }}, types={{ numpy.ndarray }}
  * step               -> present=100/100, shapes={{ scalar }}, dtypes={{ int }}, types={{ int }}
  * truth              -> present=100/100, shapes={{ (256, 256) }}, dtypes={{ float32 }}, types={{ numpy.ndarray }}
  * x0                 -> present=100/100, shapes={{ (256, 256) }}, dtypes={{ float32 }}, types={{ numpy.ndarray }}
================================================================================


================================================================================
[PKL] /blue/shiboli.fsu/yifeisun.umich/adversarial_robustness_FNO/2D_NS_FNO2d_recurrent/perturbation_results/adam_attacks_results_1solver/pickle_files/pgd_attack_records_modespec=awawawawaw_norm2_alpha2.5_epsilon13.1072_steps100_idx1|adam_b10.9_b20.999_ae1e-08_sgn1_ams0.pkl
Top-level keys: ['steps', 'metadata']
  - steps        => type=list, shape/desc=list[len=100], dtype=None
  - metadata     => type=dict, shape/desc=dict[11 keys], dtype=None

[steps] length = 100
  * gradient           -> present=100/100, shapes={{ (256, 256) }}, dtypes={{ float32 }}, types={{ numpy.ndarray }}
  * loss               -> present=100/100, shapes={{ scalar }}, dtypes={{ float }}, types={{ float }}
  * output             -> present=100/100, shapes={{ (256, 256) }}, dtypes={{ float32 }}, types={{ numpy.ndarray }}
  * reach_boundary     -> present=100/100, shapes={{ scalar }}, dtypes={{ bool }}, types={{ bool }}
  * scaled_gradient    -> present=100/100, shapes={{ (256, 256) }}, dtypes={{ float32 }}, types={{ numpy.ndarray }}
  * step               -> present=100/100, shapes={{ scalar }}, dtypes={{ int }}, types={{ int }}
  * truth              -> present=100/100, shapes={{ (256, 256) }}, dtypes={{ float32 }}, types={{ numpy.ndarray }}
  * x0                 -> present=100/100, shapes={{ (256, 256) }}, dtypes={{ float32 }}, types={{ numpy.ndarray }}
================================================================================


================================================================================
[PKL] /blue/shiboli.fsu/yifeisun.umich/adversarial_robustness_FNO/2D_NS_FNO2d_recurrent/perturbation_results/adam_attacks_results_1solver/pickle_files/pgd_attack_records_modespec=awwwwwwwww_norm2_alpha2.5_epsilon13.1072_steps100_idx1|adam_b10.9_b20.999_ae1e-08_sgn1_ams0.pkl
Top-level keys: ['steps', 'metadata']
  - steps        => type=list, shape/desc=list[len=100], dtype=None
  - metadata     => type=dict, shape/desc=dict[11 keys], dtype=None

[steps] length = 100
  * gradient           -> present=100/100, shapes={{ (256, 256) }}, dtypes={{ float32 }}, types={{ numpy.ndarray }}
  * loss               -> present=100/100, shapes={{ scalar }}, dtypes={{ float }}, types={{ float }}
  * output             -> present=100/100, shapes={{ (256, 256) }}, dtypes={{ float32 }}, types={{ numpy.ndarray }}
  * reach_boundary     -> present=100/100, shapes={{ scalar }}, dtypes={{ bool }}, types={{ bool }}
  * scaled_gradient    -> present=100/100, shapes={{ (256, 256) }}, dtypes={{ float32 }}, types={{ numpy.ndarray }}
  * step               -> present=100/100, shapes={{ scalar }}, dtypes={{ int }}, types={{ int }}
  * truth              -> present=100/100, shapes={{ (256, 256) }}, dtypes={{ float32 }}, types={{ numpy.ndarray }}
  * x0                 -> present=100/100, shapes={{ (256, 256) }}, dtypes={{ float32 }}, types={{ numpy.ndarray }}
================================================================================


================================================================================
[PKL] /blue/shiboli.fsu/yifeisun.umich/adversarial_robustness_FNO/2D_NS_FNO2d_recurrent/perturbation_results/adam_attacks_results_1solver/pickle_files/pgd_attack_records_modespec=aaaaaaaaaw_norm2_alpha2.5_epsilon13.1072_steps100_idx1|adam_b10.9_b20.999_ae1e-08_sgn1_ams0.pkl
Top-level keys: ['steps', 'metadata']
  - steps        => type=list, shape/desc=list[len=100], dtype=None
  - metadata     => type=dict, shape/desc=dict[11 keys], dtype=None

[steps] length = 100
  * gradient           -> present=100/100, shapes={{ (256, 256) }}, dtypes={{ float32 }}, types={{ numpy.ndarray }}
  * loss               -> present=100/100, shapes={{ scalar }}, dtypes={{ float }}, types={{ float }}
  * output             -> present=100/100, shapes={{ (256, 256) }}, dtypes={{ float32 }}, types={{ numpy.ndarray }}
  * reach_boundary     -> present=100/100, shapes={{ scalar }}, dtypes={{ bool }}, types={{ bool }}
  * scaled_gradient    -> present=100/100, shapes={{ (256, 256) }}, dtypes={{ float32 }}, types={{ numpy.ndarray }}
  * step               -> present=100/100, shapes={{ scalar }}, dtypes={{ int }}, types={{ int }}
  * truth              -> present=100/100, shapes={{ (256, 256) }}, dtypes={{ float32 }}, types={{ numpy.ndarray }}
  * x0                 -> present=100/100, shapes={{ (256, 256) }}, dtypes={{ float32 }}, types={{ numpy.ndarray }}
================================================================================


================================================================================
[PKL] /blue/shiboli.fsu/yifeisun.umich/adversarial_robustness_FNO/2D_NS_FNO2d_recurrent/perturbation_results/adam_attacks_results_1solver/pickle_files/pgd_attack_records_modespec=aaaaaddddw_norm2_alpha2.5_epsilon13.1072_steps100_idx1|adam_b10.9_b20.999_ae1e-08_sgn1_ams0.pkl
Top-level keys: ['steps', 'metadata']
  - steps        => type=list, shape/desc=list[len=100], dtype=None
  - metadata     => type=dict, shape/desc=dict[11 keys], dtype=None

[steps] length = 100
  * gradient           -> present=100/100, shapes={{ (256, 256) }}, dtypes={{ float32 }}, types={{ numpy.ndarray }}
  * loss               -> present=100/100, shapes={{ scalar }}, dtypes={{ float }}, types={{ float }}
  * output             -> present=100/100, shapes={{ (256, 256) }}, dtypes={{ float32 }}, types={{ numpy.ndarray }}
  * reach_boundary     -> present=100/100, shapes={{ scalar }}, dtypes={{ bool }}, types={{ bool }}
  * scaled_gradient    -> present=100/100, shapes={{ (256, 256) }}, dtypes={{ float32 }}, types={{ numpy.ndarray }}
  * step               -> present=100/100, shapes={{ scalar }}, dtypes={{ int }}, types={{ int }}
  * truth              -> present=100/100, shapes={{ (256, 256) }}, dtypes={{ float32 }}, types={{ numpy.ndarray }}
  * x0                 -> present=100/100, shapes={{ (256, 256) }}, dtypes={{ float32 }}, types={{ numpy.ndarray }}
================================================================================


================================================================================
[PKL] /blue/shiboli.fsu/yifeisun.umich/adversarial_robustness_FNO/2D_NS_FNO2d_recurrent/perturbation_results/adam_attacks_results_1solver/pickle_files/pgd_attack_records_modespec=aaaaawwwww_norm2_alpha2.5_epsilon13.1072_steps100_idx1|adam_b10.9_b20.999_ae1e-08_sgn1_ams0.pkl
Top-level keys: ['steps', 'metadata']
  - steps        => type=list, shape/desc=list[len=100], dtype=None
  - metadata     => type=dict, shape/desc=dict[11 keys], dtype=None

[steps] length = 100
  * gradient           -> present=100/100, shapes={{ (256, 256) }}, dtypes={{ float32 }}, types={{ numpy.ndarray }}
  * loss               -> present=100/100, shapes={{ scalar }}, dtypes={{ float }}, types={{ float }}
  * output             -> present=100/100, shapes={{ (256, 256) }}, dtypes={{ float32 }}, types={{ numpy.ndarray }}
  * reach_boundary     -> present=100/100, shapes={{ scalar }}, dtypes={{ bool }}, types={{ bool }}
  * scaled_gradient    -> present=100/100, shapes={{ (256, 256) }}, dtypes={{ float32 }}, types={{ numpy.ndarray }}
  * step               -> present=100/100, shapes={{ scalar }}, dtypes={{ int }}, types={{ int }}
  * truth              -> present=100/100, shapes={{ (256, 256) }}, dtypes={{ float32 }}, types={{ numpy.ndarray }}
  * x0                 -> present=100/100, shapes={{ (256, 256) }}, dtypes={{ float32 }}, types={{ numpy.ndarray }}
================================================================================


================================================================================
[PKL] /blue/shiboli.fsu/yifeisun.umich/adversarial_robustness_FNO/2D_NS_FNO2d_recurrent/perturbation_results/adam_attacks_results_1solver/pickle_files/pgd_attack_records_modespec=aaddddddww_norm2_alpha2.5_epsilon13.1072_steps100_idx1|adam_b10.9_b20.999_ae1e-08_sgn1_ams0.pkl
Top-level keys: ['steps', 'metadata']
  - steps        => type=list, shape/desc=list[len=100], dtype=None
  - metadata     => type=dict, shape/desc=dict[11 keys], dtype=None

[steps] length = 100
  * gradient           -> present=100/100, shapes={{ (256, 256) }}, dtypes={{ float32 }}, types={{ numpy.ndarray }}
  * loss               -> present=100/100, shapes={{ scalar }}, dtypes={{ float }}, types={{ float }}
  * output             -> present=100/100, shapes={{ (256, 256) }}, dtypes={{ float32 }}, types={{ numpy.ndarray }}
  * reach_boundary     -> present=100/100, shapes={{ scalar }}, dtypes={{ bool }}, types={{ bool }}
  * scaled_gradient    -> present=100/100, shapes={{ (256, 256) }}, dtypes={{ float32 }}, types={{ numpy.ndarray }}
  * step               -> present=100/100, shapes={{ scalar }}, dtypes={{ int }}, types={{ int }}
  * truth              -> present=100/100, shapes={{ (256, 256) }}, dtypes={{ float32 }}, types={{ numpy.ndarray }}
  * x0                 -> present=100/100, shapes={{ (256, 256) }}, dtypes={{ float32 }}, types={{ numpy.ndarray }}
================================================================================


================================================================================
[PKL] /blue/shiboli.fsu/yifeisun.umich/adversarial_robustness_FNO/2D_NS_FNO2d_recurrent/perturbation_results/adam_attacks_results_1solver/pickle_files/pgd_attack_records_modespec=wwwwdddddw_norm2_alpha2.5_epsilon13.1072_steps100_idx1|adam_b10.9_b20.999_ae1e-08_sgn1_ams0.pkl
Top-level keys: ['steps', 'metadata']
  - steps        => type=list, shape/desc=list[len=100], dtype=None
  - metadata     => type=dict, shape/desc=dict[11 keys], dtype=None

[steps] length = 100
  * gradient           -> present=100/100, shapes={{ (256, 256) }}, dtypes={{ float32 }}, types={{ numpy.ndarray }}
  * loss               -> present=100/100, shapes={{ scalar }}, dtypes={{ float }}, types={{ float }}
  * output             -> present=100/100, shapes={{ (256, 256) }}, dtypes={{ float32 }}, types={{ numpy.ndarray }}
  * reach_boundary     -> present=100/100, shapes={{ scalar }}, dtypes={{ bool }}, types={{ bool }}
  * scaled_gradient    -> present=100/100, shapes={{ (256, 256) }}, dtypes={{ float32 }}, types={{ numpy.ndarray }}
  * step               -> present=100/100, shapes={{ scalar }}, dtypes={{ int }}, types={{ int }}
  * truth              -> present=100/100, shapes={{ (256, 256) }}, dtypes={{ float32 }}, types={{ numpy.ndarray }}
  * x0                 -> present=100/100, shapes={{ (256, 256) }}, dtypes={{ float32 }}, types={{ numpy.ndarray }}
================================================================================


================================================================================
[PKL] /blue/shiboli.fsu/yifeisun.umich/adversarial_robustness_FNO/2D_NS_FNO2d_recurrent/perturbation_results/adam_attacks_results_1solver/pickle_files/pgd_attack_records_modespec=dwwwwwwwww_norm2_alpha2.5_epsilon13.1072_steps100_idx1|adam_b10.9_b20.999_ae1e-08_sgn1_ams0.pkl
Top-level keys: ['steps', 'metadata']
  - steps        => type=list, shape/desc=list[len=100], dtype=None
  - metadata     => type=dict, shape/desc=dict[11 keys], dtype=None

[steps] length = 100
  * gradient           -> present=100/100, shapes={{ (256, 256) }}, dtypes={{ float32 }}, types={{ numpy.ndarray }}
  * loss               -> present=100/100, shapes={{ scalar }}, dtypes={{ float }}, types={{ float }}
  * output             -> present=100/100, shapes={{ (256, 256) }}, dtypes={{ float32 }}, types={{ numpy.ndarray }}
  * reach_boundary     -> present=100/100, shapes={{ scalar }}, dtypes={{ bool }}, types={{ bool }}
  * scaled_gradient    -> present=100/100, shapes={{ (256, 256) }}, dtypes={{ float32 }}, types={{ numpy.ndarray }}
  * step               -> present=100/100, shapes={{ scalar }}, dtypes={{ int }}, types={{ int }}
  * truth              -> present=100/100, shapes={{ (256, 256) }}, dtypes={{ float32 }}, types={{ numpy.ndarray }}
  * x0                 -> present=100/100, shapes={{ (256, 256) }}, dtypes={{ float32 }}, types={{ numpy.ndarray }}
================================================================================


================================================================================
[PKL] /blue/shiboli.fsu/yifeisun.umich/adversarial_robustness_FNO/2D_NS_FNO2d_recurrent/perturbation_results/adam_attacks_results_1solver/pickle_files/pgd_attack_records_modespec=ddddaaaaaw_norm2_alpha2.5_epsilon13.1072_steps100_idx1|adam_b10.9_b20.999_ae1e-08_sgn1_ams0.pkl
Top-level keys: ['steps', 'metadata']
  - steps        => type=list, shape/desc=list[len=100], dtype=None
  - metadata     => type=dict, shape/desc=dict[11 keys], dtype=None

[steps] length = 100
  * gradient           -> present=100/100, shapes={{ (256, 256) }}, dtypes={{ float32 }}, types={{ numpy.ndarray }}
  * loss               -> present=100/100, shapes={{ scalar }}, dtypes={{ float }}, types={{ float }}
  * output             -> present=100/100, shapes={{ (256, 256) }}, dtypes={{ float32 }}, types={{ numpy.ndarray }}
  * reach_boundary     -> present=100/100, shapes={{ scalar }}, dtypes={{ bool }}, types={{ bool }}
  * scaled_gradient    -> present=100/100, shapes={{ (256, 256) }}, dtypes={{ float32 }}, types={{ numpy.ndarray }}
  * step               -> present=100/100, shapes={{ scalar }}, dtypes={{ int }}, types={{ int }}
  * truth              -> present=100/100, shapes={{ (256, 256) }}, dtypes={{ float32 }}, types={{ numpy.ndarray }}
  * x0                 -> present=100/100, shapes={{ (256, 256) }}, dtypes={{ float32 }}, types={{ numpy.ndarray }}
================================================================================


================================================================================
[PKL] /blue/shiboli.fsu/yifeisun.umich/adversarial_robustness_FNO/2D_NS_FNO2d_recurrent/perturbation_results/adam_attacks_results_1solver/pickle_files/pgd_attack_records_modespec=wwwwwwwwwa_norm2_alpha2.5_epsilon13.1072_steps100_idx1|adam_b10.9_b20.999_ae1e-08_sgn1_ams0.pkl
Top-level keys: ['steps', 'metadata']
  - steps        => type=list, shape/desc=list[len=100], dtype=None
  - metadata     => type=dict, shape/desc=dict[11 keys], dtype=None

[steps] length = 100
  * gradient           -> present=100/100, shapes={{ (256, 256) }}, dtypes={{ float32 }}, types={{ numpy.ndarray }}
  * loss               -> present=100/100, shapes={{ scalar }}, dtypes={{ float }}, types={{ float }}
  * output             -> present=100/100, shapes={{ (256, 256) }}, dtypes={{ float32 }}, types={{ numpy.ndarray }}
  * reach_boundary     -> present=100/100, shapes={{ scalar }}, dtypes={{ bool }}, types={{ bool }}
  * scaled_gradient    -> present=100/100, shapes={{ (256, 256) }}, dtypes={{ float32 }}, types={{ numpy.ndarray }}
  * step               -> present=100/100, shapes={{ scalar }}, dtypes={{ int }}, types={{ int }}
  * surrogate_loss     -> present=100/100, shapes={{ scalar }}, dtypes={{ float }}, types={{ float }}
  * surrogate_truth    -> present=100/100, shapes={{ (256, 256) }}, dtypes={{ float32 }}, types={{ numpy.ndarray }}
  * truth              -> present=100/100, shapes={{ (256, 256) }}, dtypes={{ float32 }}, types={{ numpy.ndarray }}
  * x0                 -> present=100/100, shapes={{ (256, 256) }}, dtypes={{ float32 }}, types={{ numpy.ndarray }}
================================================================================


================================================================================
[PKL] /blue/shiboli.fsu/yifeisun.umich/adversarial_robustness_FNO/2D_NS_FNO2d_recurrent/perturbation_results/adam_attacks_results_1solver/pickle_files/pgd_attack_records_modespec=addddaaaaw_norm2_alpha2.5_epsilon13.1072_steps100_idx1|adam_b10.9_b20.999_ae1e-08_sgn1_ams0.pkl
Top-level keys: ['steps', 'metadata']
  - steps        => type=list, shape/desc=list[len=100], dtype=None
  - metadata     => type=dict, shape/desc=dict[11 keys], dtype=None

[steps] length = 100
  * gradient           -> present=100/100, shapes={{ (256, 256) }}, dtypes={{ float32 }}, types={{ numpy.ndarray }}
  * loss               -> present=100/100, shapes={{ scalar }}, dtypes={{ float }}, types={{ float }}
  * output             -> present=100/100, shapes={{ (256, 256) }}, dtypes={{ float32 }}, types={{ numpy.ndarray }}
  * reach_boundary     -> present=100/100, shapes={{ scalar }}, dtypes={{ bool }}, types={{ bool }}
  * scaled_gradient    -> present=100/100, shapes={{ (256, 256) }}, dtypes={{ float32 }}, types={{ numpy.ndarray }}
  * step               -> present=100/100, shapes={{ scalar }}, dtypes={{ int }}, types={{ int }}
  * truth              -> present=100/100, shapes={{ (256, 256) }}, dtypes={{ float32 }}, types={{ numpy.ndarray }}
  * x0                 -> present=100/100, shapes={{ (256, 256) }}, dtypes={{ float32 }}, types={{ numpy.ndarray }}
================================================================================


================================================================================
[PKL] /blue/shiboli.fsu/yifeisun.umich/adversarial_robustness_FNO/2D_NS_FNO2d_recurrent/perturbation_results/adam_attacks_results_1solver/pickle_files/pgd_attack_records_modespec=aaawwwwwww_norm2_alpha2.5_epsilon13.1072_steps100_idx1|adam_b10.9_b20.999_ae1e-08_sgn1_ams0.pkl
Top-level keys: ['steps', 'metadata']
  - steps        => type=list, shape/desc=list[len=100], dtype=None
  - metadata     => type=dict, shape/desc=dict[11 keys], dtype=None

[steps] length = 100
  * gradient           -> present=100/100, shapes={{ (256, 256) }}, dtypes={{ float32 }}, types={{ numpy.ndarray }}
  * loss               -> present=100/100, shapes={{ scalar }}, dtypes={{ float }}, types={{ float }}
  * output             -> present=100/100, shapes={{ (256, 256) }}, dtypes={{ float32 }}, types={{ numpy.ndarray }}
  * reach_boundary     -> present=100/100, shapes={{ scalar }}, dtypes={{ bool }}, types={{ bool }}
  * scaled_gradient    -> present=100/100, shapes={{ (256, 256) }}, dtypes={{ float32 }}, types={{ numpy.ndarray }}
  * step               -> present=100/100, shapes={{ scalar }}, dtypes={{ int }}, types={{ int }}
  * truth              -> present=100/100, shapes={{ (256, 256) }}, dtypes={{ float32 }}, types={{ numpy.ndarray }}
  * x0                 -> present=100/100, shapes={{ (256, 256) }}, dtypes={{ float32 }}, types={{ numpy.ndarray }}
================================================================================


================================================================================
[PKL] /blue/shiboli.fsu/yifeisun.umich/adversarial_robustness_FNO/2D_NS_FNO2d_recurrent/perturbation_results/adam_attacks_results_1solver/pickle_files/pgd_attack_records_modespec=dwdwdwdwdw_norm2_alpha2.5_epsilon13.1072_steps100_idx1|adam_b10.9_b20.999_ae1e-08_sgn1_ams0.pkl
Top-level keys: ['steps', 'metadata']
  - steps        => type=list, shape/desc=list[len=100], dtype=None
  - metadata     => type=dict, shape/desc=dict[11 keys], dtype=None

[steps] length = 100
  * gradient           -> present=100/100, shapes={{ (256, 256) }}, dtypes={{ float32 }}, types={{ numpy.ndarray }}
  * loss               -> present=100/100, shapes={{ scalar }}, dtypes={{ float }}, types={{ float }}
  * output             -> present=100/100, shapes={{ (256, 256) }}, dtypes={{ float32 }}, types={{ numpy.ndarray }}
  * reach_boundary     -> present=100/100, shapes={{ scalar }}, dtypes={{ bool }}, types={{ bool }}
  * scaled_gradient    -> present=100/100, shapes={{ (256, 256) }}, dtypes={{ float32 }}, types={{ numpy.ndarray }}
  * step               -> present=100/100, shapes={{ scalar }}, dtypes={{ int }}, types={{ int }}
  * truth              -> present=100/100, shapes={{ (256, 256) }}, dtypes={{ float32 }}, types={{ numpy.ndarray }}
  * x0                 -> present=100/100, shapes={{ (256, 256) }}, dtypes={{ float32 }}, types={{ numpy.ndarray }}
================================================================================


================================================================================
[PKL] /blue/shiboli.fsu/yifeisun.umich/adversarial_robustness_FNO/2D_NS_FNO2d_recurrent/perturbation_results/adam_attacks_results_1solver/pickle_files/pgd_attack_records_modespec=dddddddddd_norm2_alpha2.5_epsilon13.1072_steps100_idx1|adam_b10.9_b20.999_ae1e-08_sgn1_ams0.pkl
Top-level keys: ['steps', 'metadata']
  - steps        => type=list, shape/desc=list[len=100], dtype=None
  - metadata     => type=dict, shape/desc=dict[11 keys], dtype=None

[steps] length = 100
  * gradient           -> present=100/100, shapes={{ (256, 256) }}, dtypes={{ float32 }}, types={{ numpy.ndarray }}
  * loss               -> present=100/100, shapes={{ scalar }}, dtypes={{ float }}, types={{ float }}
  * output             -> present=100/100, shapes={{ (256, 256) }}, dtypes={{ float32 }}, types={{ numpy.ndarray }}
  * reach_boundary     -> present=100/100, shapes={{ scalar }}, dtypes={{ bool }}, types={{ bool }}
  * scaled_gradient    -> present=100/100, shapes={{ (256, 256) }}, dtypes={{ float32 }}, types={{ numpy.ndarray }}
  * step               -> present=100/100, shapes={{ scalar }}, dtypes={{ int }}, types={{ int }}
  * truth              -> present=100/100, shapes={{ (256, 256) }}, dtypes={{ float32 }}, types={{ numpy.ndarray }}
  * x0                 -> present=100/100, shapes={{ (256, 256) }}, dtypes={{ float32 }}, types={{ numpy.ndarray }}
================================================================================


================================================================================
[PKL] /blue/shiboli.fsu/yifeisun.umich/adversarial_robustness_FNO/2D_NS_FNO2d_recurrent/perturbation_results/adam_attacks_results_1solver/pickle_files/pgd_attack_records_modespec=wdddddddda_norm2_alpha2.5_epsilon13.1072_steps100_idx1|adam_b10.9_b20.999_ae1e-08_sgn1_ams0.pkl
Top-level keys: ['steps', 'metadata']
  - steps        => type=list, shape/desc=list[len=100], dtype=None
  - metadata     => type=dict, shape/desc=dict[11 keys], dtype=None

[steps] length = 100
  * gradient           -> present=100/100, shapes={{ (256, 256) }}, dtypes={{ float32 }}, types={{ numpy.ndarray }}
  * loss               -> present=100/100, shapes={{ scalar }}, dtypes={{ float }}, types={{ float }}
  * output             -> present=100/100, shapes={{ (256, 256) }}, dtypes={{ float32 }}, types={{ numpy.ndarray }}
  * reach_boundary     -> present=100/100, shapes={{ scalar }}, dtypes={{ bool }}, types={{ bool }}
  * scaled_gradient    -> present=100/100, shapes={{ (256, 256) }}, dtypes={{ float32 }}, types={{ numpy.ndarray }}
  * step               -> present=100/100, shapes={{ scalar }}, dtypes={{ int }}, types={{ int }}
  * surrogate_loss     -> present=100/100, shapes={{ scalar }}, dtypes={{ float }}, types={{ float }}
  * surrogate_truth    -> present=100/100, shapes={{ (256, 256) }}, dtypes={{ float32 }}, types={{ numpy.ndarray }}
  * truth              -> present=100/100, shapes={{ (256, 256) }}, dtypes={{ float32 }}, types={{ numpy.ndarray }}
  * x0                 -> present=100/100, shapes={{ (256, 256) }}, dtypes={{ float32 }}, types={{ numpy.ndarray }}
================================================================================


================================================================================
[PKL] /blue/shiboli.fsu/yifeisun.umich/adversarial_robustness_FNO/2D_NS_FNO2d_recurrent/perturbation_results/adam_attacks_results_1solver/pickle_files/pgd_attack_records_modespec=wwwddddaaa_norm2_alpha2.5_epsilon13.1072_steps100_idx1|adam_b10.9_b20.999_ae1e-08_sgn1_ams0.pkl
Top-level keys: ['steps', 'metadata']
  - steps        => type=list, shape/desc=list[len=100], dtype=None
  - metadata     => type=dict, shape/desc=dict[11 keys], dtype=None

[steps] length = 100
  * gradient           -> present=100/100, shapes={{ (256, 256) }}, dtypes={{ float32 }}, types={{ numpy.ndarray }}
  * loss               -> present=100/100, shapes={{ scalar }}, dtypes={{ float }}, types={{ float }}
  * output             -> present=100/100, shapes={{ (256, 256) }}, dtypes={{ float32 }}, types={{ numpy.ndarray }}
  * reach_boundary     -> present=100/100, shapes={{ scalar }}, dtypes={{ bool }}, types={{ bool }}
  * scaled_gradient    -> present=100/100, shapes={{ (256, 256) }}, dtypes={{ float32 }}, types={{ numpy.ndarray }}
  * step               -> present=100/100, shapes={{ scalar }}, dtypes={{ int }}, types={{ int }}
  * surrogate_loss     -> present=100/100, shapes={{ scalar }}, dtypes={{ float }}, types={{ float }}
  * surrogate_truth    -> present=100/100, shapes={{ (256, 256) }}, dtypes={{ float32 }}, types={{ numpy.ndarray }}
  * truth              -> present=100/100, shapes={{ (256, 256) }}, dtypes={{ float32 }}, types={{ numpy.ndarray }}
  * x0                 -> present=100/100, shapes={{ (256, 256) }}, dtypes={{ float32 }}, types={{ numpy.ndarray }}
================================================================================


================================================================================
[PKL] /blue/shiboli.fsu/yifeisun.umich/adversarial_robustness_FNO/2D_NS_FNO2d_recurrent/perturbation_results/adam_attacks_results_1solver/pickle_files/pgd_attack_records_modespec=wwwwwwwwww_norm2_alpha2.5_epsilon13.1072_steps100_idx1|adam_b10.9_b20.999_ae1e-08_sgn1_ams0.pkl
Top-level keys: ['steps', 'metadata']
  - steps        => type=list, shape/desc=list[len=100], dtype=None
  - metadata     => type=dict, shape/desc=dict[11 keys], dtype=None

[steps] length = 100
  * gradient           -> present=100/100, shapes={{ (256, 256) }}, dtypes={{ float32 }}, types={{ numpy.ndarray }}
  * loss               -> present=100/100, shapes={{ scalar }}, dtypes={{ float }}, types={{ float }}
  * output             -> present=100/100, shapes={{ (256, 256) }}, dtypes={{ float32 }}, types={{ numpy.ndarray }}
  * reach_boundary     -> present=100/100, shapes={{ scalar }}, dtypes={{ bool }}, types={{ bool }}
  * scaled_gradient    -> present=100/100, shapes={{ (256, 256) }}, dtypes={{ float32 }}, types={{ numpy.ndarray }}
  * step               -> present=100/100, shapes={{ scalar }}, dtypes={{ int }}, types={{ int }}
  * truth              -> present=100/100, shapes={{ (256, 256) }}, dtypes={{ float32 }}, types={{ numpy.ndarray }}
  * x0                 -> present=100/100, shapes={{ (256, 256) }}, dtypes={{ float32 }}, types={{ numpy.ndarray }}
================================================================================


================================================================================
[PKL] /blue/shiboli.fsu/yifeisun.umich/adversarial_robustness_FNO/2D_NS_FNO2d_recurrent/perturbation_results/adam_attacks_results_1solver/pickle_files/pgd_attack_records_modespec=aaaaaaawww_norm2_alpha2.5_epsilon13.1072_steps100_idx1|adam_b10.9_b20.999_ae1e-08_sgn1_ams0.pkl
Top-level keys: ['steps', 'metadata']
  - steps        => type=list, shape/desc=list[len=100], dtype=None
  - metadata     => type=dict, shape/desc=dict[11 keys], dtype=None

[steps] length = 100
  * gradient           -> present=100/100, shapes={{ (256, 256) }}, dtypes={{ float32 }}, types={{ numpy.ndarray }}
  * loss               -> present=100/100, shapes={{ scalar }}, dtypes={{ float }}, types={{ float }}
  * output             -> present=100/100, shapes={{ (256, 256) }}, dtypes={{ float32 }}, types={{ numpy.ndarray }}
  * reach_boundary     -> present=100/100, shapes={{ scalar }}, dtypes={{ bool }}, types={{ bool }}
  * scaled_gradient    -> present=100/100, shapes={{ (256, 256) }}, dtypes={{ float32 }}, types={{ numpy.ndarray }}
  * step               -> present=100/100, shapes={{ scalar }}, dtypes={{ int }}, types={{ int }}
  * truth              -> present=100/100, shapes={{ (256, 256) }}, dtypes={{ float32 }}, types={{ numpy.ndarray }}
  * x0                 -> present=100/100, shapes={{ (256, 256) }}, dtypes={{ float32 }}, types={{ numpy.ndarray }}
================================================================================


================================================================================
[PKL] /blue/shiboli.fsu/yifeisun.umich/adversarial_robustness_FNO/2D_NS_FNO2d_recurrent/perturbation_results/adam_attacks_results_1solver/pickle_files/pgd_attack_records_modespec=dddddwwwww_norm2_alpha2.5_epsilon13.1072_steps100_idx1|adam_b10.9_b20.999_ae1e-08_sgn1_ams0.pkl
Top-level keys: ['steps', 'metadata']
  - steps        => type=list, shape/desc=list[len=100], dtype=None
  - metadata     => type=dict, shape/desc=dict[11 keys], dtype=None

[steps] length = 100
  * gradient           -> present=100/100, shapes={{ (256, 256) }}, dtypes={{ float32 }}, types={{ numpy.ndarray }}
  * loss               -> present=100/100, shapes={{ scalar }}, dtypes={{ float }}, types={{ float }}
  * output             -> present=100/100, shapes={{ (256, 256) }}, dtypes={{ float32 }}, types={{ numpy.ndarray }}
  * reach_boundary     -> present=100/100, shapes={{ scalar }}, dtypes={{ bool }}, types={{ bool }}
  * scaled_gradient    -> present=100/100, shapes={{ (256, 256) }}, dtypes={{ float32 }}, types={{ numpy.ndarray }}
  * step               -> present=100/100, shapes={{ scalar }}, dtypes={{ int }}, types={{ int }}
  * truth              -> present=100/100, shapes={{ (256, 256) }}, dtypes={{ float32 }}, types={{ numpy.ndarray }}
  * x0                 -> present=100/100, shapes={{ (256, 256) }}, dtypes={{ float32 }}, types={{ numpy.ndarray }}
================================================================================


================================================================================
[PKL] /blue/shiboli.fsu/yifeisun.umich/adversarial_robustness_FNO/2D_NS_FNO2d_recurrent/perturbation_results/adam_attacks_results_1solver/pickle_files/pgd_attack_records_modespec=dddddddwww_norm2_alpha2.5_epsilon13.1072_steps100_idx1|adam_b10.9_b20.999_ae1e-08_sgn1_ams0.pkl
Top-level keys: ['steps', 'metadata']
  - steps        => type=list, shape/desc=list[len=100], dtype=None
  - metadata     => type=dict, shape/desc=dict[11 keys], dtype=None

[steps] length = 100
  * gradient           -> present=100/100, shapes={{ (256, 256) }}, dtypes={{ float32 }}, types={{ numpy.ndarray }}
  * loss               -> present=100/100, shapes={{ scalar }}, dtypes={{ float }}, types={{ float }}
  * output             -> present=100/100, shapes={{ (256, 256) }}, dtypes={{ float32 }}, types={{ numpy.ndarray }}
  * reach_boundary     -> present=100/100, shapes={{ scalar }}, dtypes={{ bool }}, types={{ bool }}
  * scaled_gradient    -> present=100/100, shapes={{ (256, 256) }}, dtypes={{ float32 }}, types={{ numpy.ndarray }}
  * step               -> present=100/100, shapes={{ scalar }}, dtypes={{ int }}, types={{ int }}
  * truth              -> present=100/100, shapes={{ (256, 256) }}, dtypes={{ float32 }}, types={{ numpy.ndarray }}
  * x0                 -> present=100/100, shapes={{ (256, 256) }}, dtypes={{ float32 }}, types={{ numpy.ndarray }}
================================================================================


================================================================================
[PKL] /blue/shiboli.fsu/yifeisun.umich/adversarial_robustness_FNO/2D_NS_FNO2d_recurrent/perturbation_results/adam_attacks_results_1solver/pickle_files/pgd_attack_records_modespec=aaaaaaaaaa_norm2_alpha2.5_epsilon13.1072_steps100_idx1|adam_b10.9_b20.999_ae1e-08_sgn1_ams0.pkl
Top-level keys: ['steps', 'metadata']
  - steps        => type=list, shape/desc=list[len=100], dtype=None
  - metadata     => type=dict, shape/desc=dict[11 keys], dtype=None

[steps] length = 100
  * gradient           -> present=100/100, shapes={{ (256, 256) }}, dtypes={{ float32 }}, types={{ numpy.ndarray }}
  * loss               -> present=100/100, shapes={{ scalar }}, dtypes={{ float }}, types={{ float }}
  * output             -> present=100/100, shapes={{ (256, 256) }}, dtypes={{ float32 }}, types={{ numpy.ndarray }}
  * reach_boundary     -> present=100/100, shapes={{ scalar }}, dtypes={{ bool }}, types={{ bool }}
  * scaled_gradient    -> present=100/100, shapes={{ (256, 256) }}, dtypes={{ float32 }}, types={{ numpy.ndarray }}
  * step               -> present=100/100, shapes={{ scalar }}, dtypes={{ int }}, types={{ int }}
  * surrogate_loss     -> present=100/100, shapes={{ scalar }}, dtypes={{ float }}, types={{ float }}
  * surrogate_truth    -> present=100/100, shapes={{ (256, 256) }}, dtypes={{ float32 }}, types={{ numpy.ndarray }}
  * truth              -> present=100/100, shapes={{ (256, 256) }}, dtypes={{ float32 }}, types={{ numpy.ndarray }}
  * x0                 -> present=100/100, shapes={{ (256, 256) }}, dtypes={{ float32 }}, types={{ numpy.ndarray }}
================================================================================


================================================================================
[PKL] /blue/shiboli.fsu/yifeisun.umich/adversarial_robustness_FNO/2D_NS_FNO2d_recurrent/perturbation_results/adam_attacks_results_1solver/pickle_files/pgd_attack_records_modespec=aaaddddwww_norm2_alpha2.5_epsilon13.1072_steps100_idx1|adam_b10.9_b20.999_ae1e-08_sgn1_ams0.pkl
Top-level keys: ['steps', 'metadata']
  - steps        => type=list, shape/desc=list[len=100], dtype=None
  - metadata     => type=dict, shape/desc=dict[11 keys], dtype=None

[steps] length = 100
  * gradient           -> present=100/100, shapes={{ (256, 256) }}, dtypes={{ float32 }}, types={{ numpy.ndarray }}
  * loss               -> present=100/100, shapes={{ scalar }}, dtypes={{ float }}, types={{ float }}
  * output             -> present=100/100, shapes={{ (256, 256) }}, dtypes={{ float32 }}, types={{ numpy.ndarray }}
  * reach_boundary     -> present=100/100, shapes={{ scalar }}, dtypes={{ bool }}, types={{ bool }}
  * scaled_gradient    -> present=100/100, shapes={{ (256, 256) }}, dtypes={{ float32 }}, types={{ numpy.ndarray }}
  * step               -> present=100/100, shapes={{ scalar }}, dtypes={{ int }}, types={{ int }}
  * truth              -> present=100/100, shapes={{ (256, 256) }}, dtypes={{ float32 }}, types={{ numpy.ndarray }}
  * x0                 -> present=100/100, shapes={{ (256, 256) }}, dtypes={{ float32 }}, types={{ numpy.ndarray }}
================================================================================


================================================================================
[PKL] /blue/shiboli.fsu/yifeisun.umich/adversarial_robustness_FNO/2D_NS_FNO2d_recurrent/perturbation_results/adam_attacks_results_1solver/pickle_files/pgd_attack_records_modespec=addddddddw_norm2_alpha2.5_epsilon13.1072_steps100_idx1|adam_b10.9_b20.999_ae1e-08_sgn1_ams0.pkl
Top-level keys: ['steps', 'metadata']
  - steps        => type=list, shape/desc=list[len=100], dtype=None
  - metadata     => type=dict, shape/desc=dict[11 keys], dtype=None

[steps] length = 100
  * gradient           -> present=100/100, shapes={{ (256, 256) }}, dtypes={{ float32 }}, types={{ numpy.ndarray }}
  * loss               -> present=100/100, shapes={{ scalar }}, dtypes={{ float }}, types={{ float }}
  * output             -> present=100/100, shapes={{ (256, 256) }}, dtypes={{ float32 }}, types={{ numpy.ndarray }}
  * reach_boundary     -> present=100/100, shapes={{ scalar }}, dtypes={{ bool }}, types={{ bool }}
  * scaled_gradient    -> present=100/100, shapes={{ (256, 256) }}, dtypes={{ float32 }}, types={{ numpy.ndarray }}
  * step               -> present=100/100, shapes={{ scalar }}, dtypes={{ int }}, types={{ int }}
  * truth              -> present=100/100, shapes={{ (256, 256) }}, dtypes={{ float32 }}, types={{ numpy.ndarray }}
  * x0                 -> present=100/100, shapes={{ (256, 256) }}, dtypes={{ float32 }}, types={{ numpy.ndarray }}
================================================================================

✅ Figure saved to: /blue/shiboli.fsu/yifeisun.umich/adversarial_robustness_FNO/2D_NS_FNO2d_recurrent/perturbation_results/adam_attacks_results_1solver/comparison_plots_modespec/true/modespec_comparison_norm=2_alpha=2.5_epsilon=13.1072_steps=100_idx=1.png
Loading files (group: ('norm=2', 'alpha=2.5', 'epsilon=13.1072', 'steps=100', 'idx=1')) ...
✅ Figure saved to: /blue/shiboli.fsu/yifeisun.umich/adversarial_robustness_FNO/2D_NS_FNO2d_recurrent/perturbation_results/adam_attacks_results_1solver/comparison_plots_modespec/surrogate/modespec_comparison_norm=2_alpha=2.5_epsilon=13.1072_steps=100_idx=1.png
ℹ️ Skipped (no surrogate_loss recorded): ['aaaaaaaaaw', 'aaaaaaawww', 'aaaaaddddw', 'aaaaawwwww', 'aaaddddwww', 'aaawwwwwww', 'aaddddddww', 'addddaaaaw', 'addddddddw', 'awawawawaw', 'awwwwwwwww', 'ddddaaaaaw', 'dddddddddd', 'dddddddddw', 'dddddddwww', 'dddddwwwww', 'dddwwwwwww', 'dwdwdwdwdw', 'dwwwwwwwww', 'wwwwdddddw', 'wwwwwwwwww']
Loading files (group: ('norm=2', 'alpha=50.0', 'epsilon=13.1072', 'steps=100', 'idx=1')) ...

================================================================================
[PKL] /blue/shiboli.fsu/yifeisun.umich/adversarial_robustness_FNO/2D_NS_FNO2d_recurrent/perturbation_results/adam_attacks_results_1solver/pickle_files/pgd_attack_records_modespec=dddddddddw_norm2_alpha50.0_epsilon13.1072_steps100_idx1|adam_b10.9_b20.999_ae1e-08_sgn1_ams0.pkl
Top-level keys: ['steps', 'metadata']
  - steps        => type=list, shape/desc=list[len=100], dtype=None
  - metadata     => type=dict, shape/desc=dict[11 keys], dtype=None

[steps] length = 100
  * gradient           -> present=100/100, shapes={{ (256, 256) }}, dtypes={{ float32 }}, types={{ numpy.ndarray }}
  * loss               -> present=100/100, shapes={{ scalar }}, dtypes={{ float }}, types={{ float }}
  * output             -> present=100/100, shapes={{ (256, 256) }}, dtypes={{ float32 }}, types={{ numpy.ndarray }}
  * reach_boundary     -> present=100/100, shapes={{ scalar }}, dtypes={{ bool }}, types={{ bool }}
  * scaled_gradient    -> present=100/100, shapes={{ (256, 256) }}, dtypes={{ float32 }}, types={{ numpy.ndarray }}
  * step               -> present=100/100, shapes={{ scalar }}, dtypes={{ int }}, types={{ int }}
  * truth              -> present=100/100, shapes={{ (256, 256) }}, dtypes={{ float32 }}, types={{ numpy.ndarray }}
  * x0                 -> present=100/100, shapes={{ (256, 256) }}, dtypes={{ float32 }}, types={{ numpy.ndarray }}
================================================================================


================================================================================
[PKL] /blue/shiboli.fsu/yifeisun.umich/adversarial_robustness_FNO/2D_NS_FNO2d_recurrent/perturbation_results/adam_attacks_results_1solver/pickle_files/pgd_attack_records_modespec=wwwddddaaa_norm2_alpha50.0_epsilon13.1072_steps100_idx1|adam_b10.9_b20.999_ae1e-08_sgn1_ams0.pkl
Top-level keys: ['steps', 'metadata']
  - steps        => type=list, shape/desc=list[len=100], dtype=None
  - metadata     => type=dict, shape/desc=dict[11 keys], dtype=None

[steps] length = 100
  * gradient           -> present=100/100, shapes={{ (256, 256) }}, dtypes={{ float32 }}, types={{ numpy.ndarray }}
  * loss               -> present=100/100, shapes={{ scalar }}, dtypes={{ float }}, types={{ float }}
  * output             -> present=100/100, shapes={{ (256, 256) }}, dtypes={{ float32 }}, types={{ numpy.ndarray }}
  * reach_boundary     -> present=100/100, shapes={{ scalar }}, dtypes={{ bool }}, types={{ bool }}
  * scaled_gradient    -> present=100/100, shapes={{ (256, 256) }}, dtypes={{ float32 }}, types={{ numpy.ndarray }}
  * step               -> present=100/100, shapes={{ scalar }}, dtypes={{ int }}, types={{ int }}
  * surrogate_loss     -> present=100/100, shapes={{ scalar }}, dtypes={{ float }}, types={{ float }}
  * surrogate_truth    -> present=100/100, shapes={{ (256, 256) }}, dtypes={{ float32 }}, types={{ numpy.ndarray }}
  * truth              -> present=100/100, shapes={{ (256, 256) }}, dtypes={{ float32 }}, types={{ numpy.ndarray }}
  * x0                 -> present=100/100, shapes={{ (256, 256) }}, dtypes={{ float32 }}, types={{ numpy.ndarray }}
================================================================================


================================================================================
[PKL] /blue/shiboli.fsu/yifeisun.umich/adversarial_robustness_FNO/2D_NS_FNO2d_recurrent/perturbation_results/adam_attacks_results_1solver/pickle_files/pgd_attack_records_modespec=wdddddddda_norm2_alpha50.0_epsilon13.1072_steps100_idx1|adam_b10.9_b20.999_ae1e-08_sgn1_ams0.pkl
Top-level keys: ['steps', 'metadata']
  - steps        => type=list, shape/desc=list[len=100], dtype=None
  - metadata     => type=dict, shape/desc=dict[11 keys], dtype=None

[steps] length = 100
  * gradient           -> present=100/100, shapes={{ (256, 256) }}, dtypes={{ float32 }}, types={{ numpy.ndarray }}
  * loss               -> present=100/100, shapes={{ scalar }}, dtypes={{ float }}, types={{ float }}
  * output             -> present=100/100, shapes={{ (256, 256) }}, dtypes={{ float32 }}, types={{ numpy.ndarray }}
  * reach_boundary     -> present=100/100, shapes={{ scalar }}, dtypes={{ bool }}, types={{ bool }}
  * scaled_gradient    -> present=100/100, shapes={{ (256, 256) }}, dtypes={{ float32 }}, types={{ numpy.ndarray }}
  * step               -> present=100/100, shapes={{ scalar }}, dtypes={{ int }}, types={{ int }}
  * surrogate_loss     -> present=100/100, shapes={{ scalar }}, dtypes={{ float }}, types={{ float }}
  * surrogate_truth    -> present=100/100, shapes={{ (256, 256) }}, dtypes={{ float32 }}, types={{ numpy.ndarray }}
  * truth              -> present=100/100, shapes={{ (256, 256) }}, dtypes={{ float32 }}, types={{ numpy.ndarray }}
  * x0                 -> present=100/100, shapes={{ (256, 256) }}, dtypes={{ float32 }}, types={{ numpy.ndarray }}
================================================================================


================================================================================
[PKL] /blue/shiboli.fsu/yifeisun.umich/adversarial_robustness_FNO/2D_NS_FNO2d_recurrent/perturbation_results/adam_attacks_results_1solver/pickle_files/pgd_attack_records_modespec=addddaaaaw_norm2_alpha50.0_epsilon13.1072_steps100_idx1|adam_b10.9_b20.999_ae1e-08_sgn1_ams0.pkl
Top-level keys: ['steps', 'metadata']
  - steps        => type=list, shape/desc=list[len=100], dtype=None
  - metadata     => type=dict, shape/desc=dict[11 keys], dtype=None

[steps] length = 100
  * gradient           -> present=100/100, shapes={{ (256, 256) }}, dtypes={{ float32 }}, types={{ numpy.ndarray }}
  * loss               -> present=100/100, shapes={{ scalar }}, dtypes={{ float }}, types={{ float }}
  * output             -> present=100/100, shapes={{ (256, 256) }}, dtypes={{ float32 }}, types={{ numpy.ndarray }}
  * reach_boundary     -> present=100/100, shapes={{ scalar }}, dtypes={{ bool }}, types={{ bool }}
  * scaled_gradient    -> present=100/100, shapes={{ (256, 256) }}, dtypes={{ float32 }}, types={{ numpy.ndarray }}
  * step               -> present=100/100, shapes={{ scalar }}, dtypes={{ int }}, types={{ int }}
  * truth              -> present=100/100, shapes={{ (256, 256) }}, dtypes={{ float32 }}, types={{ numpy.ndarray }}
  * x0                 -> present=100/100, shapes={{ (256, 256) }}, dtypes={{ float32 }}, types={{ numpy.ndarray }}
================================================================================


================================================================================
[PKL] /blue/shiboli.fsu/yifeisun.umich/adversarial_robustness_FNO/2D_NS_FNO2d_recurrent/perturbation_results/adam_attacks_results_1solver/pickle_files/pgd_attack_records_modespec=dddddddddd_norm2_alpha50.0_epsilon13.1072_steps100_idx1|adam_b10.9_b20.999_ae1e-08_sgn1_ams0.pkl
Top-level keys: ['steps', 'metadata']
  - steps        => type=list, shape/desc=list[len=100], dtype=None
  - metadata     => type=dict, shape/desc=dict[11 keys], dtype=None

[steps] length = 100
  * gradient           -> present=100/100, shapes={{ (256, 256) }}, dtypes={{ float32 }}, types={{ numpy.ndarray }}
  * loss               -> present=100/100, shapes={{ scalar }}, dtypes={{ float }}, types={{ float }}
  * output             -> present=100/100, shapes={{ (256, 256) }}, dtypes={{ float32 }}, types={{ numpy.ndarray }}
  * reach_boundary     -> present=100/100, shapes={{ scalar }}, dtypes={{ bool }}, types={{ bool }}
  * scaled_gradient    -> present=100/100, shapes={{ (256, 256) }}, dtypes={{ float32 }}, types={{ numpy.ndarray }}
  * step               -> present=100/100, shapes={{ scalar }}, dtypes={{ int }}, types={{ int }}
  * truth              -> present=100/100, shapes={{ (256, 256) }}, dtypes={{ float32 }}, types={{ numpy.ndarray }}
  * x0                 -> present=100/100, shapes={{ (256, 256) }}, dtypes={{ float32 }}, types={{ numpy.ndarray }}
================================================================================


================================================================================
[PKL] /blue/shiboli.fsu/yifeisun.umich/adversarial_robustness_FNO/2D_NS_FNO2d_recurrent/perturbation_results/adam_attacks_results_1solver/pickle_files/pgd_attack_records_modespec=addddddddw_norm2_alpha50.0_epsilon13.1072_steps100_idx1|adam_b10.9_b20.999_ae1e-08_sgn1_ams0.pkl
Top-level keys: ['steps', 'metadata']
  - steps        => type=list, shape/desc=list[len=100], dtype=None
  - metadata     => type=dict, shape/desc=dict[11 keys], dtype=None

[steps] length = 100
  * gradient           -> present=100/100, shapes={{ (256, 256) }}, dtypes={{ float32 }}, types={{ numpy.ndarray }}
  * loss               -> present=100/100, shapes={{ scalar }}, dtypes={{ float }}, types={{ float }}
  * output             -> present=100/100, shapes={{ (256, 256) }}, dtypes={{ float32 }}, types={{ numpy.ndarray }}
  * reach_boundary     -> present=100/100, shapes={{ scalar }}, dtypes={{ bool }}, types={{ bool }}
  * scaled_gradient    -> present=100/100, shapes={{ (256, 256) }}, dtypes={{ float32 }}, types={{ numpy.ndarray }}
  * step               -> present=100/100, shapes={{ scalar }}, dtypes={{ int }}, types={{ int }}
  * truth              -> present=100/100, shapes={{ (256, 256) }}, dtypes={{ float32 }}, types={{ numpy.ndarray }}
  * x0                 -> present=100/100, shapes={{ (256, 256) }}, dtypes={{ float32 }}, types={{ numpy.ndarray }}
================================================================================


================================================================================
[PKL] /blue/shiboli.fsu/yifeisun.umich/adversarial_robustness_FNO/2D_NS_FNO2d_recurrent/perturbation_results/adam_attacks_results_1solver/pickle_files/pgd_attack_records_modespec=aaaaaaaaaa_norm2_alpha50.0_epsilon13.1072_steps100_idx1|adam_b10.9_b20.999_ae1e-08_sgn1_ams0.pkl
Top-level keys: ['steps', 'metadata']
  - steps        => type=list, shape/desc=list[len=100], dtype=None
  - metadata     => type=dict, shape/desc=dict[11 keys], dtype=None

[steps] length = 100
  * gradient           -> present=100/100, shapes={{ (256, 256) }}, dtypes={{ float32 }}, types={{ numpy.ndarray }}
  * loss               -> present=100/100, shapes={{ scalar }}, dtypes={{ float }}, types={{ float }}
  * output             -> present=100/100, shapes={{ (256, 256) }}, dtypes={{ float32 }}, types={{ numpy.ndarray }}
  * reach_boundary     -> present=100/100, shapes={{ scalar }}, dtypes={{ bool }}, types={{ bool }}
  * scaled_gradient    -> present=100/100, shapes={{ (256, 256) }}, dtypes={{ float32 }}, types={{ numpy.ndarray }}
  * step               -> present=100/100, shapes={{ scalar }}, dtypes={{ int }}, types={{ int }}
  * surrogate_loss     -> present=100/100, shapes={{ scalar }}, dtypes={{ float }}, types={{ float }}
  * surrogate_truth    -> present=100/100, shapes={{ (256, 256) }}, dtypes={{ float32 }}, types={{ numpy.ndarray }}
  * truth              -> present=100/100, shapes={{ (256, 256) }}, dtypes={{ float32 }}, types={{ numpy.ndarray }}
  * x0                 -> present=100/100, shapes={{ (256, 256) }}, dtypes={{ float32 }}, types={{ numpy.ndarray }}
================================================================================


================================================================================
[PKL] /blue/shiboli.fsu/yifeisun.umich/adversarial_robustness_FNO/2D_NS_FNO2d_recurrent/perturbation_results/adam_attacks_results_1solver/pickle_files/pgd_attack_records_modespec=aaaaaddddw_norm2_alpha50.0_epsilon13.1072_steps100_idx1|adam_b10.9_b20.999_ae1e-08_sgn1_ams0.pkl
Top-level keys: ['steps', 'metadata']
  - steps        => type=list, shape/desc=list[len=100], dtype=None
  - metadata     => type=dict, shape/desc=dict[11 keys], dtype=None

[steps] length = 100
  * gradient           -> present=100/100, shapes={{ (256, 256) }}, dtypes={{ float32 }}, types={{ numpy.ndarray }}
  * loss               -> present=100/100, shapes={{ scalar }}, dtypes={{ float }}, types={{ float }}
  * output             -> present=100/100, shapes={{ (256, 256) }}, dtypes={{ float32 }}, types={{ numpy.ndarray }}
  * reach_boundary     -> present=100/100, shapes={{ scalar }}, dtypes={{ bool }}, types={{ bool }}
  * scaled_gradient    -> present=100/100, shapes={{ (256, 256) }}, dtypes={{ float32 }}, types={{ numpy.ndarray }}
  * step               -> present=100/100, shapes={{ scalar }}, dtypes={{ int }}, types={{ int }}
  * truth              -> present=100/100, shapes={{ (256, 256) }}, dtypes={{ float32 }}, types={{ numpy.ndarray }}
  * x0                 -> present=100/100, shapes={{ (256, 256) }}, dtypes={{ float32 }}, types={{ numpy.ndarray }}
================================================================================


================================================================================
[PKL] /blue/shiboli.fsu/yifeisun.umich/adversarial_robustness_FNO/2D_NS_FNO2d_recurrent/perturbation_results/adam_attacks_results_1solver/pickle_files/pgd_attack_records_modespec=aaaaawwwww_norm2_alpha50.0_epsilon13.1072_steps100_idx1|adam_b10.9_b20.999_ae1e-08_sgn1_ams0.pkl
Top-level keys: ['steps', 'metadata']
  - steps        => type=list, shape/desc=list[len=100], dtype=None
  - metadata     => type=dict, shape/desc=dict[11 keys], dtype=None

[steps] length = 100
  * gradient           -> present=100/100, shapes={{ (256, 256) }}, dtypes={{ float32 }}, types={{ numpy.ndarray }}
  * loss               -> present=100/100, shapes={{ scalar }}, dtypes={{ float }}, types={{ float }}
  * output             -> present=100/100, shapes={{ (256, 256) }}, dtypes={{ float32 }}, types={{ numpy.ndarray }}
  * reach_boundary     -> present=100/100, shapes={{ scalar }}, dtypes={{ bool }}, types={{ bool }}
  * scaled_gradient    -> present=100/100, shapes={{ (256, 256) }}, dtypes={{ float32 }}, types={{ numpy.ndarray }}
  * step               -> present=100/100, shapes={{ scalar }}, dtypes={{ int }}, types={{ int }}
  * truth              -> present=100/100, shapes={{ (256, 256) }}, dtypes={{ float32 }}, types={{ numpy.ndarray }}
  * x0                 -> present=100/100, shapes={{ (256, 256) }}, dtypes={{ float32 }}, types={{ numpy.ndarray }}
================================================================================


================================================================================
[PKL] /blue/shiboli.fsu/yifeisun.umich/adversarial_robustness_FNO/2D_NS_FNO2d_recurrent/perturbation_results/adam_attacks_results_1solver/pickle_files/pgd_attack_records_modespec=dddddwwwww_norm2_alpha50.0_epsilon13.1072_steps100_idx1|adam_b10.9_b20.999_ae1e-08_sgn1_ams0.pkl
Top-level keys: ['steps', 'metadata']
  - steps        => type=list, shape/desc=list[len=100], dtype=None
  - metadata     => type=dict, shape/desc=dict[11 keys], dtype=None

[steps] length = 100
  * gradient           -> present=100/100, shapes={{ (256, 256) }}, dtypes={{ float32 }}, types={{ numpy.ndarray }}
  * loss               -> present=100/100, shapes={{ scalar }}, dtypes={{ float }}, types={{ float }}
  * output             -> present=100/100, shapes={{ (256, 256) }}, dtypes={{ float32 }}, types={{ numpy.ndarray }}
  * reach_boundary     -> present=100/100, shapes={{ scalar }}, dtypes={{ bool }}, types={{ bool }}
  * scaled_gradient    -> present=100/100, shapes={{ (256, 256) }}, dtypes={{ float32 }}, types={{ numpy.ndarray }}
  * step               -> present=100/100, shapes={{ scalar }}, dtypes={{ int }}, types={{ int }}
  * truth              -> present=100/100, shapes={{ (256, 256) }}, dtypes={{ float32 }}, types={{ numpy.ndarray }}
  * x0                 -> present=100/100, shapes={{ (256, 256) }}, dtypes={{ float32 }}, types={{ numpy.ndarray }}
================================================================================


================================================================================
[PKL] /blue/shiboli.fsu/yifeisun.umich/adversarial_robustness_FNO/2D_NS_FNO2d_recurrent/perturbation_results/adam_attacks_results_1solver/pickle_files/pgd_attack_records_modespec=awwwwwwwww_norm2_alpha50.0_epsilon13.1072_steps100_idx1|adam_b10.9_b20.999_ae1e-08_sgn1_ams0.pkl
Top-level keys: ['steps', 'metadata']
  - steps        => type=list, shape/desc=list[len=100], dtype=None
  - metadata     => type=dict, shape/desc=dict[11 keys], dtype=None

[steps] length = 100
  * gradient           -> present=100/100, shapes={{ (256, 256) }}, dtypes={{ float32 }}, types={{ numpy.ndarray }}
  * loss               -> present=100/100, shapes={{ scalar }}, dtypes={{ float }}, types={{ float }}
  * output             -> present=100/100, shapes={{ (256, 256) }}, dtypes={{ float32 }}, types={{ numpy.ndarray }}
  * reach_boundary     -> present=100/100, shapes={{ scalar }}, dtypes={{ bool }}, types={{ bool }}
  * scaled_gradient    -> present=100/100, shapes={{ (256, 256) }}, dtypes={{ float32 }}, types={{ numpy.ndarray }}
  * step               -> present=100/100, shapes={{ scalar }}, dtypes={{ int }}, types={{ int }}
  * truth              -> present=100/100, shapes={{ (256, 256) }}, dtypes={{ float32 }}, types={{ numpy.ndarray }}
  * x0                 -> present=100/100, shapes={{ (256, 256) }}, dtypes={{ float32 }}, types={{ numpy.ndarray }}
================================================================================


================================================================================
[PKL] /blue/shiboli.fsu/yifeisun.umich/adversarial_robustness_FNO/2D_NS_FNO2d_recurrent/perturbation_results/adam_attacks_results_1solver/pickle_files/pgd_attack_records_modespec=aaawwwwwww_norm2_alpha50.0_epsilon13.1072_steps100_idx1|adam_b10.9_b20.999_ae1e-08_sgn1_ams0.pkl
Top-level keys: ['steps', 'metadata']
  - steps        => type=list, shape/desc=list[len=100], dtype=None
  - metadata     => type=dict, shape/desc=dict[11 keys], dtype=None

[steps] length = 100
  * gradient           -> present=100/100, shapes={{ (256, 256) }}, dtypes={{ float32 }}, types={{ numpy.ndarray }}
  * loss               -> present=100/100, shapes={{ scalar }}, dtypes={{ float }}, types={{ float }}
  * output             -> present=100/100, shapes={{ (256, 256) }}, dtypes={{ float32 }}, types={{ numpy.ndarray }}
  * reach_boundary     -> present=100/100, shapes={{ scalar }}, dtypes={{ bool }}, types={{ bool }}
  * scaled_gradient    -> present=100/100, shapes={{ (256, 256) }}, dtypes={{ float32 }}, types={{ numpy.ndarray }}
  * step               -> present=100/100, shapes={{ scalar }}, dtypes={{ int }}, types={{ int }}
  * truth              -> present=100/100, shapes={{ (256, 256) }}, dtypes={{ float32 }}, types={{ numpy.ndarray }}
  * x0                 -> present=100/100, shapes={{ (256, 256) }}, dtypes={{ float32 }}, types={{ numpy.ndarray }}
================================================================================


================================================================================
[PKL] /blue/shiboli.fsu/yifeisun.umich/adversarial_robustness_FNO/2D_NS_FNO2d_recurrent/perturbation_results/adam_attacks_results_1solver/pickle_files/pgd_attack_records_modespec=awawawawaw_norm2_alpha50.0_epsilon13.1072_steps100_idx1|adam_b10.9_b20.999_ae1e-08_sgn1_ams0.pkl
Top-level keys: ['steps', 'metadata']
  - steps        => type=list, shape/desc=list[len=100], dtype=None
  - metadata     => type=dict, shape/desc=dict[11 keys], dtype=None

[steps] length = 100
  * gradient           -> present=100/100, shapes={{ (256, 256) }}, dtypes={{ float32 }}, types={{ numpy.ndarray }}
  * loss               -> present=100/100, shapes={{ scalar }}, dtypes={{ float }}, types={{ float }}
  * output             -> present=100/100, shapes={{ (256, 256) }}, dtypes={{ float32 }}, types={{ numpy.ndarray }}
  * reach_boundary     -> present=100/100, shapes={{ scalar }}, dtypes={{ bool }}, types={{ bool }}
  * scaled_gradient    -> present=100/100, shapes={{ (256, 256) }}, dtypes={{ float32 }}, types={{ numpy.ndarray }}
  * step               -> present=100/100, shapes={{ scalar }}, dtypes={{ int }}, types={{ int }}
  * truth              -> present=100/100, shapes={{ (256, 256) }}, dtypes={{ float32 }}, types={{ numpy.ndarray }}
  * x0                 -> present=100/100, shapes={{ (256, 256) }}, dtypes={{ float32 }}, types={{ numpy.ndarray }}
================================================================================


================================================================================
[PKL] /blue/shiboli.fsu/yifeisun.umich/adversarial_robustness_FNO/2D_NS_FNO2d_recurrent/perturbation_results/adam_attacks_results_1solver/pickle_files/pgd_attack_records_modespec=aaddddddww_norm2_alpha50.0_epsilon13.1072_steps100_idx1|adam_b10.9_b20.999_ae1e-08_sgn1_ams0.pkl
Top-level keys: ['steps', 'metadata']
  - steps        => type=list, shape/desc=list[len=100], dtype=None
  - metadata     => type=dict, shape/desc=dict[11 keys], dtype=None

[steps] length = 100
  * gradient           -> present=100/100, shapes={{ (256, 256) }}, dtypes={{ float32 }}, types={{ numpy.ndarray }}
  * loss               -> present=100/100, shapes={{ scalar }}, dtypes={{ float }}, types={{ float }}
  * output             -> present=100/100, shapes={{ (256, 256) }}, dtypes={{ float32 }}, types={{ numpy.ndarray }}
  * reach_boundary     -> present=100/100, shapes={{ scalar }}, dtypes={{ bool }}, types={{ bool }}
  * scaled_gradient    -> present=100/100, shapes={{ (256, 256) }}, dtypes={{ float32 }}, types={{ numpy.ndarray }}
  * step               -> present=100/100, shapes={{ scalar }}, dtypes={{ int }}, types={{ int }}
  * truth              -> present=100/100, shapes={{ (256, 256) }}, dtypes={{ float32 }}, types={{ numpy.ndarray }}
  * x0                 -> present=100/100, shapes={{ (256, 256) }}, dtypes={{ float32 }}, types={{ numpy.ndarray }}
================================================================================


================================================================================
[PKL] /blue/shiboli.fsu/yifeisun.umich/adversarial_robustness_FNO/2D_NS_FNO2d_recurrent/perturbation_results/adam_attacks_results_1solver/pickle_files/pgd_attack_records_modespec=ddddaaaaaw_norm2_alpha50.0_epsilon13.1072_steps100_idx1|adam_b10.9_b20.999_ae1e-08_sgn1_ams0.pkl
Top-level keys: ['steps', 'metadata']
  - steps        => type=list, shape/desc=list[len=100], dtype=None
  - metadata     => type=dict, shape/desc=dict[11 keys], dtype=None

[steps] length = 100
  * gradient           -> present=100/100, shapes={{ (256, 256) }}, dtypes={{ float32 }}, types={{ numpy.ndarray }}
  * loss               -> present=100/100, shapes={{ scalar }}, dtypes={{ float }}, types={{ float }}
  * output             -> present=100/100, shapes={{ (256, 256) }}, dtypes={{ float32 }}, types={{ numpy.ndarray }}
  * reach_boundary     -> present=100/100, shapes={{ scalar }}, dtypes={{ bool }}, types={{ bool }}
  * scaled_gradient    -> present=100/100, shapes={{ (256, 256) }}, dtypes={{ float32 }}, types={{ numpy.ndarray }}
  * step               -> present=100/100, shapes={{ scalar }}, dtypes={{ int }}, types={{ int }}
  * truth              -> present=100/100, shapes={{ (256, 256) }}, dtypes={{ float32 }}, types={{ numpy.ndarray }}
  * x0                 -> present=100/100, shapes={{ (256, 256) }}, dtypes={{ float32 }}, types={{ numpy.ndarray }}
================================================================================


================================================================================
[PKL] /blue/shiboli.fsu/yifeisun.umich/adversarial_robustness_FNO/2D_NS_FNO2d_recurrent/perturbation_results/adam_attacks_results_1solver/pickle_files/pgd_attack_records_modespec=dddwwwwwww_norm2_alpha50.0_epsilon13.1072_steps100_idx1|adam_b10.9_b20.999_ae1e-08_sgn1_ams0.pkl
Top-level keys: ['steps', 'metadata']
  - steps        => type=list, shape/desc=list[len=100], dtype=None
  - metadata     => type=dict, shape/desc=dict[11 keys], dtype=None

[steps] length = 100
  * gradient           -> present=100/100, shapes={{ (256, 256) }}, dtypes={{ float32 }}, types={{ numpy.ndarray }}
  * loss               -> present=100/100, shapes={{ scalar }}, dtypes={{ float }}, types={{ float }}
  * output             -> present=100/100, shapes={{ (256, 256) }}, dtypes={{ float32 }}, types={{ numpy.ndarray }}
  * reach_boundary     -> present=100/100, shapes={{ scalar }}, dtypes={{ bool }}, types={{ bool }}
  * scaled_gradient    -> present=100/100, shapes={{ (256, 256) }}, dtypes={{ float32 }}, types={{ numpy.ndarray }}
  * step               -> present=100/100, shapes={{ scalar }}, dtypes={{ int }}, types={{ int }}
  * truth              -> present=100/100, shapes={{ (256, 256) }}, dtypes={{ float32 }}, types={{ numpy.ndarray }}
  * x0                 -> present=100/100, shapes={{ (256, 256) }}, dtypes={{ float32 }}, types={{ numpy.ndarray }}
================================================================================


================================================================================
[PKL] /blue/shiboli.fsu/yifeisun.umich/adversarial_robustness_FNO/2D_NS_FNO2d_recurrent/perturbation_results/adam_attacks_results_1solver/pickle_files/pgd_attack_records_modespec=dddddddwww_norm2_alpha50.0_epsilon13.1072_steps100_idx1|adam_b10.9_b20.999_ae1e-08_sgn1_ams0.pkl
Top-level keys: ['steps', 'metadata']
  - steps        => type=list, shape/desc=list[len=100], dtype=None
  - metadata     => type=dict, shape/desc=dict[11 keys], dtype=None

[steps] length = 100
  * gradient           -> present=100/100, shapes={{ (256, 256) }}, dtypes={{ float32 }}, types={{ numpy.ndarray }}
  * loss               -> present=100/100, shapes={{ scalar }}, dtypes={{ float }}, types={{ float }}
  * output             -> present=100/100, shapes={{ (256, 256) }}, dtypes={{ float32 }}, types={{ numpy.ndarray }}
  * reach_boundary     -> present=100/100, shapes={{ scalar }}, dtypes={{ bool }}, types={{ bool }}
  * scaled_gradient    -> present=100/100, shapes={{ (256, 256) }}, dtypes={{ float32 }}, types={{ numpy.ndarray }}
  * step               -> present=100/100, shapes={{ scalar }}, dtypes={{ int }}, types={{ int }}
  * truth              -> present=100/100, shapes={{ (256, 256) }}, dtypes={{ float32 }}, types={{ numpy.ndarray }}
  * x0                 -> present=100/100, shapes={{ (256, 256) }}, dtypes={{ float32 }}, types={{ numpy.ndarray }}
================================================================================


================================================================================
[PKL] /blue/shiboli.fsu/yifeisun.umich/adversarial_robustness_FNO/2D_NS_FNO2d_recurrent/perturbation_results/adam_attacks_results_1solver/pickle_files/pgd_attack_records_modespec=dwwwwwwwww_norm2_alpha50.0_epsilon13.1072_steps100_idx1|adam_b10.9_b20.999_ae1e-08_sgn1_ams0.pkl
Top-level keys: ['steps', 'metadata']
  - steps        => type=list, shape/desc=list[len=100], dtype=None
  - metadata     => type=dict, shape/desc=dict[11 keys], dtype=None

[steps] length = 100
  * gradient           -> present=100/100, shapes={{ (256, 256) }}, dtypes={{ float32 }}, types={{ numpy.ndarray }}
  * loss               -> present=100/100, shapes={{ scalar }}, dtypes={{ float }}, types={{ float }}
  * output             -> present=100/100, shapes={{ (256, 256) }}, dtypes={{ float32 }}, types={{ numpy.ndarray }}
  * reach_boundary     -> present=100/100, shapes={{ scalar }}, dtypes={{ bool }}, types={{ bool }}
  * scaled_gradient    -> present=100/100, shapes={{ (256, 256) }}, dtypes={{ float32 }}, types={{ numpy.ndarray }}
  * step               -> present=100/100, shapes={{ scalar }}, dtypes={{ int }}, types={{ int }}
  * truth              -> present=100/100, shapes={{ (256, 256) }}, dtypes={{ float32 }}, types={{ numpy.ndarray }}
  * x0                 -> present=100/100, shapes={{ (256, 256) }}, dtypes={{ float32 }}, types={{ numpy.ndarray }}
================================================================================


================================================================================
[PKL] /blue/shiboli.fsu/yifeisun.umich/adversarial_robustness_FNO/2D_NS_FNO2d_recurrent/perturbation_results/adam_attacks_results_1solver/pickle_files/pgd_attack_records_modespec=aaaddddwww_norm2_alpha50.0_epsilon13.1072_steps100_idx1|adam_b10.9_b20.999_ae1e-08_sgn1_ams0.pkl
Top-level keys: ['steps', 'metadata']
  - steps        => type=list, shape/desc=list[len=100], dtype=None
  - metadata     => type=dict, shape/desc=dict[11 keys], dtype=None

[steps] length = 100
  * gradient           -> present=100/100, shapes={{ (256, 256) }}, dtypes={{ float32 }}, types={{ numpy.ndarray }}
  * loss               -> present=100/100, shapes={{ scalar }}, dtypes={{ float }}, types={{ float }}
  * output             -> present=100/100, shapes={{ (256, 256) }}, dtypes={{ float32 }}, types={{ numpy.ndarray }}
  * reach_boundary     -> present=100/100, shapes={{ scalar }}, dtypes={{ bool }}, types={{ bool }}
  * scaled_gradient    -> present=100/100, shapes={{ (256, 256) }}, dtypes={{ float32 }}, types={{ numpy.ndarray }}
  * step               -> present=100/100, shapes={{ scalar }}, dtypes={{ int }}, types={{ int }}
  * truth              -> present=100/100, shapes={{ (256, 256) }}, dtypes={{ float32 }}, types={{ numpy.ndarray }}
  * x0                 -> present=100/100, shapes={{ (256, 256) }}, dtypes={{ float32 }}, types={{ numpy.ndarray }}
================================================================================


================================================================================
[PKL] /blue/shiboli.fsu/yifeisun.umich/adversarial_robustness_FNO/2D_NS_FNO2d_recurrent/perturbation_results/adam_attacks_results_1solver/pickle_files/pgd_attack_records_modespec=wwwwdddddw_norm2_alpha50.0_epsilon13.1072_steps100_idx1|adam_b10.9_b20.999_ae1e-08_sgn1_ams0.pkl
Top-level keys: ['steps', 'metadata']
  - steps        => type=list, shape/desc=list[len=100], dtype=None
  - metadata     => type=dict, shape/desc=dict[11 keys], dtype=None

[steps] length = 100
  * gradient           -> present=100/100, shapes={{ (256, 256) }}, dtypes={{ float32 }}, types={{ numpy.ndarray }}
  * loss               -> present=100/100, shapes={{ scalar }}, dtypes={{ float }}, types={{ float }}
  * output             -> present=100/100, shapes={{ (256, 256) }}, dtypes={{ float32 }}, types={{ numpy.ndarray }}
  * reach_boundary     -> present=100/100, shapes={{ scalar }}, dtypes={{ bool }}, types={{ bool }}
  * scaled_gradient    -> present=100/100, shapes={{ (256, 256) }}, dtypes={{ float32 }}, types={{ numpy.ndarray }}
  * step               -> present=100/100, shapes={{ scalar }}, dtypes={{ int }}, types={{ int }}
  * truth              -> present=100/100, shapes={{ (256, 256) }}, dtypes={{ float32 }}, types={{ numpy.ndarray }}
  * x0                 -> present=100/100, shapes={{ (256, 256) }}, dtypes={{ float32 }}, types={{ numpy.ndarray }}
================================================================================


================================================================================
[PKL] /blue/shiboli.fsu/yifeisun.umich/adversarial_robustness_FNO/2D_NS_FNO2d_recurrent/perturbation_results/adam_attacks_results_1solver/pickle_files/pgd_attack_records_modespec=wwwwwwwwwa_norm2_alpha50.0_epsilon13.1072_steps100_idx1|adam_b10.9_b20.999_ae1e-08_sgn1_ams0.pkl
Top-level keys: ['steps', 'metadata']
  - steps        => type=list, shape/desc=list[len=100], dtype=None
  - metadata     => type=dict, shape/desc=dict[11 keys], dtype=None

[steps] length = 100
  * gradient           -> present=100/100, shapes={{ (256, 256) }}, dtypes={{ float32 }}, types={{ numpy.ndarray }}
  * loss               -> present=100/100, shapes={{ scalar }}, dtypes={{ float }}, types={{ float }}
  * output             -> present=100/100, shapes={{ (256, 256) }}, dtypes={{ float32 }}, types={{ numpy.ndarray }}
  * reach_boundary     -> present=100/100, shapes={{ scalar }}, dtypes={{ bool }}, types={{ bool }}
  * scaled_gradient    -> present=100/100, shapes={{ (256, 256) }}, dtypes={{ float32 }}, types={{ numpy.ndarray }}
  * step               -> present=100/100, shapes={{ scalar }}, dtypes={{ int }}, types={{ int }}
  * surrogate_loss     -> present=100/100, shapes={{ scalar }}, dtypes={{ float }}, types={{ float }}
  * surrogate_truth    -> present=100/100, shapes={{ (256, 256) }}, dtypes={{ float32 }}, types={{ numpy.ndarray }}
  * truth              -> present=100/100, shapes={{ (256, 256) }}, dtypes={{ float32 }}, types={{ numpy.ndarray }}
  * x0                 -> present=100/100, shapes={{ (256, 256) }}, dtypes={{ float32 }}, types={{ numpy.ndarray }}
================================================================================


================================================================================
[PKL] /blue/shiboli.fsu/yifeisun.umich/adversarial_robustness_FNO/2D_NS_FNO2d_recurrent/perturbation_results/adam_attacks_results_1solver/pickle_files/pgd_attack_records_modespec=aaaaaaawww_norm2_alpha50.0_epsilon13.1072_steps100_idx1|adam_b10.9_b20.999_ae1e-08_sgn1_ams0.pkl
Top-level keys: ['steps', 'metadata']
  - steps        => type=list, shape/desc=list[len=100], dtype=None
  - metadata     => type=dict, shape/desc=dict[11 keys], dtype=None

[steps] length = 100
  * gradient           -> present=100/100, shapes={{ (256, 256) }}, dtypes={{ float32 }}, types={{ numpy.ndarray }}
  * loss               -> present=100/100, shapes={{ scalar }}, dtypes={{ float }}, types={{ float }}
  * output             -> present=100/100, shapes={{ (256, 256) }}, dtypes={{ float32 }}, types={{ numpy.ndarray }}
  * reach_boundary     -> present=100/100, shapes={{ scalar }}, dtypes={{ bool }}, types={{ bool }}
  * scaled_gradient    -> present=100/100, shapes={{ (256, 256) }}, dtypes={{ float32 }}, types={{ numpy.ndarray }}
  * step               -> present=100/100, shapes={{ scalar }}, dtypes={{ int }}, types={{ int }}
  * truth              -> present=100/100, shapes={{ (256, 256) }}, dtypes={{ float32 }}, types={{ numpy.ndarray }}
  * x0                 -> present=100/100, shapes={{ (256, 256) }}, dtypes={{ float32 }}, types={{ numpy.ndarray }}
================================================================================


================================================================================
[PKL] /blue/shiboli.fsu/yifeisun.umich/adversarial_robustness_FNO/2D_NS_FNO2d_recurrent/perturbation_results/adam_attacks_results_1solver/pickle_files/pgd_attack_records_modespec=dwdwdwdwdw_norm2_alpha50.0_epsilon13.1072_steps100_idx1|adam_b10.9_b20.999_ae1e-08_sgn1_ams0.pkl
Top-level keys: ['steps', 'metadata']
  - steps        => type=list, shape/desc=list[len=100], dtype=None
  - metadata     => type=dict, shape/desc=dict[11 keys], dtype=None

[steps] length = 100
  * gradient           -> present=100/100, shapes={{ (256, 256) }}, dtypes={{ float32 }}, types={{ numpy.ndarray }}
  * loss               -> present=100/100, shapes={{ scalar }}, dtypes={{ float }}, types={{ float }}
  * output             -> present=100/100, shapes={{ (256, 256) }}, dtypes={{ float32 }}, types={{ numpy.ndarray }}
  * reach_boundary     -> present=100/100, shapes={{ scalar }}, dtypes={{ bool }}, types={{ bool }}
  * scaled_gradient    -> present=100/100, shapes={{ (256, 256) }}, dtypes={{ float32 }}, types={{ numpy.ndarray }}
  * step               -> present=100/100, shapes={{ scalar }}, dtypes={{ int }}, types={{ int }}
  * truth              -> present=100/100, shapes={{ (256, 256) }}, dtypes={{ float32 }}, types={{ numpy.ndarray }}
  * x0                 -> present=100/100, shapes={{ (256, 256) }}, dtypes={{ float32 }}, types={{ numpy.ndarray }}
================================================================================


================================================================================
[PKL] /blue/shiboli.fsu/yifeisun.umich/adversarial_robustness_FNO/2D_NS_FNO2d_recurrent/perturbation_results/adam_attacks_results_1solver/pickle_files/pgd_attack_records_modespec=wwddddddaa_norm2_alpha50.0_epsilon13.1072_steps100_idx1|adam_b10.9_b20.999_ae1e-08_sgn1_ams0.pkl
Top-level keys: ['steps', 'metadata']
  - steps        => type=list, shape/desc=list[len=100], dtype=None
  - metadata     => type=dict, shape/desc=dict[11 keys], dtype=None

[steps] length = 100
  * gradient           -> present=100/100, shapes={{ (256, 256) }}, dtypes={{ float32 }}, types={{ numpy.ndarray }}
  * loss               -> present=100/100, shapes={{ scalar }}, dtypes={{ float }}, types={{ float }}
  * output             -> present=100/100, shapes={{ (256, 256) }}, dtypes={{ float32 }}, types={{ numpy.ndarray }}
  * reach_boundary     -> present=100/100, shapes={{ scalar }}, dtypes={{ bool }}, types={{ bool }}
  * scaled_gradient    -> present=100/100, shapes={{ (256, 256) }}, dtypes={{ float32 }}, types={{ numpy.ndarray }}
  * step               -> present=100/100, shapes={{ scalar }}, dtypes={{ int }}, types={{ int }}
  * surrogate_loss     -> present=100/100, shapes={{ scalar }}, dtypes={{ float }}, types={{ float }}
  * surrogate_truth    -> present=100/100, shapes={{ (256, 256) }}, dtypes={{ float32 }}, types={{ numpy.ndarray }}
  * truth              -> present=100/100, shapes={{ (256, 256) }}, dtypes={{ float32 }}, types={{ numpy.ndarray }}
  * x0                 -> present=100/100, shapes={{ (256, 256) }}, dtypes={{ float32 }}, types={{ numpy.ndarray }}
================================================================================


================================================================================
[PKL] /blue/shiboli.fsu/yifeisun.umich/adversarial_robustness_FNO/2D_NS_FNO2d_recurrent/perturbation_results/adam_attacks_results_1solver/pickle_files/pgd_attack_records_modespec=aaaaaaaaaw_norm2_alpha50.0_epsilon13.1072_steps100_idx1|adam_b10.9_b20.999_ae1e-08_sgn1_ams0.pkl
Top-level keys: ['steps', 'metadata']
  - steps        => type=list, shape/desc=list[len=100], dtype=None
  - metadata     => type=dict, shape/desc=dict[11 keys], dtype=None

[steps] length = 100
  * gradient           -> present=100/100, shapes={{ (256, 256) }}, dtypes={{ float32 }}, types={{ numpy.ndarray }}
  * loss               -> present=100/100, shapes={{ scalar }}, dtypes={{ float }}, types={{ float }}
  * output             -> present=100/100, shapes={{ (256, 256) }}, dtypes={{ float32 }}, types={{ numpy.ndarray }}
  * reach_boundary     -> present=100/100, shapes={{ scalar }}, dtypes={{ bool }}, types={{ bool }}
  * scaled_gradient    -> present=100/100, shapes={{ (256, 256) }}, dtypes={{ float32 }}, types={{ numpy.ndarray }}
  * step               -> present=100/100, shapes={{ scalar }}, dtypes={{ int }}, types={{ int }}
  * truth              -> present=100/100, shapes={{ (256, 256) }}, dtypes={{ float32 }}, types={{ numpy.ndarray }}
  * x0                 -> present=100/100, shapes={{ (256, 256) }}, dtypes={{ float32 }}, types={{ numpy.ndarray }}
================================================================================


================================================================================
[PKL] /blue/shiboli.fsu/yifeisun.umich/adversarial_robustness_FNO/2D_NS_FNO2d_recurrent/perturbation_results/adam_attacks_results_1solver/pickle_files/pgd_attack_records_modespec=wwwwwwwwww_norm2_alpha50.0_epsilon13.1072_steps100_idx1|adam_b10.9_b20.999_ae1e-08_sgn1_ams0.pkl
Top-level keys: ['steps', 'metadata']
  - steps        => type=list, shape/desc=list[len=100], dtype=None
  - metadata     => type=dict, shape/desc=dict[11 keys], dtype=None

[steps] length = 100
  * gradient           -> present=100/100, shapes={{ (256, 256) }}, dtypes={{ float32 }}, types={{ numpy.ndarray }}
  * loss               -> present=100/100, shapes={{ scalar }}, dtypes={{ float }}, types={{ float }}
  * output             -> present=100/100, shapes={{ (256, 256) }}, dtypes={{ float32 }}, types={{ numpy.ndarray }}
  * reach_boundary     -> present=100/100, shapes={{ scalar }}, dtypes={{ bool }}, types={{ bool }}
  * scaled_gradient    -> present=100/100, shapes={{ (256, 256) }}, dtypes={{ float32 }}, types={{ numpy.ndarray }}
  * step               -> present=100/100, shapes={{ scalar }}, dtypes={{ int }}, types={{ int }}
  * truth              -> present=100/100, shapes={{ (256, 256) }}, dtypes={{ float32 }}, types={{ numpy.ndarray }}
  * x0                 -> present=100/100, shapes={{ (256, 256) }}, dtypes={{ float32 }}, types={{ numpy.ndarray }}
================================================================================

✅ Figure saved to: /blue/shiboli.fsu/yifeisun.umich/adversarial_robustness_FNO/2D_NS_FNO2d_recurrent/perturbation_results/adam_attacks_results_1solver/comparison_plots_modespec/true/modespec_comparison_norm=2_alpha=50.0_epsilon=13.1072_steps=100_idx=1.png
Loading files (group: ('norm=2', 'alpha=50.0', 'epsilon=13.1072', 'steps=100', 'idx=1')) ...
✅ Figure saved to: /blue/shiboli.fsu/yifeisun.umich/adversarial_robustness_FNO/2D_NS_FNO2d_recurrent/perturbation_results/adam_attacks_results_1solver/comparison_plots_modespec/surrogate/modespec_comparison_norm=2_alpha=50.0_epsilon=13.1072_steps=100_idx=1.png
ℹ️ Skipped (no surrogate_loss recorded): ['aaaaaaaaaw', 'aaaaaaawww', 'aaaaaddddw', 'aaaaawwwww', 'aaaddddwww', 'aaawwwwwww', 'aaddddddww', 'addddaaaaw', 'addddddddw', 'awawawawaw', 'awwwwwwwww', 'ddddaaaaaw', 'dddddddddd', 'dddddddddw', 'dddddddwww', 'dddddwwwww', 'dddwwwwwww', 'dwdwdwdwdw', 'dwwwwwwwww', 'wwwwdddddw', 'wwwwwwwwww']
Loading files (group: ('norm=2', 'alpha=2.5', 'epsilon=39.3216', 'steps=100', 'idx=1')) ...

================================================================================
[PKL] /blue/shiboli.fsu/yifeisun.umich/adversarial_robustness_FNO/2D_NS_FNO2d_recurrent/perturbation_results/adam_attacks_results_1solver/pickle_files/pgd_attack_records_modespec=aaaaaaaaaw_norm2_alpha2.5_epsilon39.3216_steps100_idx1|adam_b10.9_b20.999_ae1e-08_sgn1_ams0.pkl
Top-level keys: ['steps', 'metadata']
  - steps        => type=list, shape/desc=list[len=100], dtype=None
  - metadata     => type=dict, shape/desc=dict[11 keys], dtype=None

[steps] length = 100
  * gradient           -> present=100/100, shapes={{ (256, 256) }}, dtypes={{ float32 }}, types={{ numpy.ndarray }}
  * loss               -> present=100/100, shapes={{ scalar }}, dtypes={{ float }}, types={{ float }}
  * output             -> present=100/100, shapes={{ (256, 256) }}, dtypes={{ float32 }}, types={{ numpy.ndarray }}
  * reach_boundary     -> present=100/100, shapes={{ scalar }}, dtypes={{ bool }}, types={{ bool }}
  * scaled_gradient    -> present=100/100, shapes={{ (256, 256) }}, dtypes={{ float32 }}, types={{ numpy.ndarray }}
  * step               -> present=100/100, shapes={{ scalar }}, dtypes={{ int }}, types={{ int }}
  * truth              -> present=100/100, shapes={{ (256, 256) }}, dtypes={{ float32 }}, types={{ numpy.ndarray }}
  * x0                 -> present=100/100, shapes={{ (256, 256) }}, dtypes={{ float32 }}, types={{ numpy.ndarray }}
================================================================================


================================================================================
[PKL] /blue/shiboli.fsu/yifeisun.umich/adversarial_robustness_FNO/2D_NS_FNO2d_recurrent/perturbation_results/adam_attacks_results_1solver/pickle_files/pgd_attack_records_modespec=wwwwdddddw_norm2_alpha2.5_epsilon39.3216_steps100_idx1|adam_b10.9_b20.999_ae1e-08_sgn1_ams0.pkl
Top-level keys: ['steps', 'metadata']
  - steps        => type=list, shape/desc=list[len=100], dtype=None
  - metadata     => type=dict, shape/desc=dict[11 keys], dtype=None

[steps] length = 100
  * gradient           -> present=100/100, shapes={{ (256, 256) }}, dtypes={{ float32 }}, types={{ numpy.ndarray }}
  * loss               -> present=100/100, shapes={{ scalar }}, dtypes={{ float }}, types={{ float }}
  * output             -> present=100/100, shapes={{ (256, 256) }}, dtypes={{ float32 }}, types={{ numpy.ndarray }}
  * reach_boundary     -> present=100/100, shapes={{ scalar }}, dtypes={{ bool }}, types={{ bool }}
  * scaled_gradient    -> present=100/100, shapes={{ (256, 256) }}, dtypes={{ float32 }}, types={{ numpy.ndarray }}
  * step               -> present=100/100, shapes={{ scalar }}, dtypes={{ int }}, types={{ int }}
  * truth              -> present=100/100, shapes={{ (256, 256) }}, dtypes={{ float32 }}, types={{ numpy.ndarray }}
  * x0                 -> present=100/100, shapes={{ (256, 256) }}, dtypes={{ float32 }}, types={{ numpy.ndarray }}
================================================================================


================================================================================
[PKL] /blue/shiboli.fsu/yifeisun.umich/adversarial_robustness_FNO/2D_NS_FNO2d_recurrent/perturbation_results/adam_attacks_results_1solver/pickle_files/pgd_attack_records_modespec=aaaaaaawww_norm2_alpha2.5_epsilon39.3216_steps100_idx1|adam_b10.9_b20.999_ae1e-08_sgn1_ams0.pkl
Top-level keys: ['steps', 'metadata']
  - steps        => type=list, shape/desc=list[len=100], dtype=None
  - metadata     => type=dict, shape/desc=dict[11 keys], dtype=None

[steps] length = 100
  * gradient           -> present=100/100, shapes={{ (256, 256) }}, dtypes={{ float32 }}, types={{ numpy.ndarray }}
  * loss               -> present=100/100, shapes={{ scalar }}, dtypes={{ float }}, types={{ float }}
  * output             -> present=100/100, shapes={{ (256, 256) }}, dtypes={{ float32 }}, types={{ numpy.ndarray }}
  * reach_boundary     -> present=100/100, shapes={{ scalar }}, dtypes={{ bool }}, types={{ bool }}
  * scaled_gradient    -> present=100/100, shapes={{ (256, 256) }}, dtypes={{ float32 }}, types={{ numpy.ndarray }}
  * step               -> present=100/100, shapes={{ scalar }}, dtypes={{ int }}, types={{ int }}
  * truth              -> present=100/100, shapes={{ (256, 256) }}, dtypes={{ float32 }}, types={{ numpy.ndarray }}
  * x0                 -> present=100/100, shapes={{ (256, 256) }}, dtypes={{ float32 }}, types={{ numpy.ndarray }}
================================================================================


================================================================================
[PKL] /blue/shiboli.fsu/yifeisun.umich/adversarial_robustness_FNO/2D_NS_FNO2d_recurrent/perturbation_results/adam_attacks_results_1solver/pickle_files/pgd_attack_records_modespec=aaaaaaaaaa_norm2_alpha2.5_epsilon39.3216_steps100_idx1|adam_b10.9_b20.999_ae1e-08_sgn1_ams0.pkl
Top-level keys: ['steps', 'metadata']
  - steps        => type=list, shape/desc=list[len=100], dtype=None
  - metadata     => type=dict, shape/desc=dict[11 keys], dtype=None

[steps] length = 100
  * gradient           -> present=100/100, shapes={{ (256, 256) }}, dtypes={{ float32 }}, types={{ numpy.ndarray }}
  * loss               -> present=100/100, shapes={{ scalar }}, dtypes={{ float }}, types={{ float }}
  * output             -> present=100/100, shapes={{ (256, 256) }}, dtypes={{ float32 }}, types={{ numpy.ndarray }}
  * reach_boundary     -> present=100/100, shapes={{ scalar }}, dtypes={{ bool }}, types={{ bool }}
  * scaled_gradient    -> present=100/100, shapes={{ (256, 256) }}, dtypes={{ float32 }}, types={{ numpy.ndarray }}
  * step               -> present=100/100, shapes={{ scalar }}, dtypes={{ int }}, types={{ int }}
  * surrogate_loss     -> present=100/100, shapes={{ scalar }}, dtypes={{ float }}, types={{ float }}
  * surrogate_truth    -> present=100/100, shapes={{ (256, 256) }}, dtypes={{ float32 }}, types={{ numpy.ndarray }}
  * truth              -> present=100/100, shapes={{ (256, 256) }}, dtypes={{ float32 }}, types={{ numpy.ndarray }}
  * x0                 -> present=100/100, shapes={{ (256, 256) }}, dtypes={{ float32 }}, types={{ numpy.ndarray }}
================================================================================


================================================================================
[PKL] /blue/shiboli.fsu/yifeisun.umich/adversarial_robustness_FNO/2D_NS_FNO2d_recurrent/perturbation_results/adam_attacks_results_1solver/pickle_files/pgd_attack_records_modespec=aaaddddwww_norm2_alpha2.5_epsilon39.3216_steps100_idx1|adam_b10.9_b20.999_ae1e-08_sgn1_ams0.pkl
Top-level keys: ['steps', 'metadata']
  - steps        => type=list, shape/desc=list[len=100], dtype=None
  - metadata     => type=dict, shape/desc=dict[11 keys], dtype=None

[steps] length = 100
  * gradient           -> present=100/100, shapes={{ (256, 256) }}, dtypes={{ float32 }}, types={{ numpy.ndarray }}
  * loss               -> present=100/100, shapes={{ scalar }}, dtypes={{ float }}, types={{ float }}
  * output             -> present=100/100, shapes={{ (256, 256) }}, dtypes={{ float32 }}, types={{ numpy.ndarray }}
  * reach_boundary     -> present=100/100, shapes={{ scalar }}, dtypes={{ bool }}, types={{ bool }}
  * scaled_gradient    -> present=100/100, shapes={{ (256, 256) }}, dtypes={{ float32 }}, types={{ numpy.ndarray }}
  * step               -> present=100/100, shapes={{ scalar }}, dtypes={{ int }}, types={{ int }}
  * truth              -> present=100/100, shapes={{ (256, 256) }}, dtypes={{ float32 }}, types={{ numpy.ndarray }}
  * x0                 -> present=100/100, shapes={{ (256, 256) }}, dtypes={{ float32 }}, types={{ numpy.ndarray }}
================================================================================


================================================================================
[PKL] /blue/shiboli.fsu/yifeisun.umich/adversarial_robustness_FNO/2D_NS_FNO2d_recurrent/perturbation_results/adam_attacks_results_1solver/pickle_files/pgd_attack_records_modespec=aaawwwwwww_norm2_alpha2.5_epsilon39.3216_steps100_idx1|adam_b10.9_b20.999_ae1e-08_sgn1_ams0.pkl
Top-level keys: ['steps', 'metadata']
  - steps        => type=list, shape/desc=list[len=100], dtype=None
  - metadata     => type=dict, shape/desc=dict[11 keys], dtype=None

[steps] length = 100
  * gradient           -> present=100/100, shapes={{ (256, 256) }}, dtypes={{ float32 }}, types={{ numpy.ndarray }}
  * loss               -> present=100/100, shapes={{ scalar }}, dtypes={{ float }}, types={{ float }}
  * output             -> present=100/100, shapes={{ (256, 256) }}, dtypes={{ float32 }}, types={{ numpy.ndarray }}
  * reach_boundary     -> present=100/100, shapes={{ scalar }}, dtypes={{ bool }}, types={{ bool }}
  * scaled_gradient    -> present=100/100, shapes={{ (256, 256) }}, dtypes={{ float32 }}, types={{ numpy.ndarray }}
  * step               -> present=100/100, shapes={{ scalar }}, dtypes={{ int }}, types={{ int }}
  * truth              -> present=100/100, shapes={{ (256, 256) }}, dtypes={{ float32 }}, types={{ numpy.ndarray }}
  * x0                 -> present=100/100, shapes={{ (256, 256) }}, dtypes={{ float32 }}, types={{ numpy.ndarray }}
================================================================================

