c0907a-s25.ufhpc
Wed Aug 27 09:20:18 PM EDT 2025
/blue/shiboli.fsu/yifeisun.umich/adversarial_robustness_FNO
分组键数量: 5
('norm=2', 'alpha=2.5', 'epsilon=39.3216', 'steps=100', 'idx=1') => ['aaaaaaaaaw', 'aaawwwwwww', 'wwwwwwwwww', 'addddddddw', 'addddaaaaw', 'dwdwdwdwdw']
('norm=2', 'alpha=1.0', 'epsilon=13.1072', 'steps=100', 'idx=1') => ['addddaaaaw', 'aaaaaaaaaw', 'addddddddw', 'aaawwwwwww', 'dwdwdwdwdw', 'wwwwwwwwww']
('norm=2', 'alpha=1.0', 'epsilon=39.3216', 'steps=100', 'idx=1') => ['aaaaaaaaaw', 'dwdwdwdwdw', 'addddaaaaw', 'aaawwwwwww', 'wwwwwwwwww', 'addddddddw']
('norm=2', 'alpha=1.0', 'epsilon=78.6432', 'steps=100', 'idx=1') => ['addddaaaaw', 'aaawwwwwww', 'addddddddw', 'aaaaaaaaaw', 'wwwwwwwwww', 'dwdwdwdwdw']
('norm=2', 'alpha=2.5', 'epsilon=13.1072', 'steps=100', 'idx=1') => ['aaaaaaaaaw', 'addddaaaaw', 'aaawwwwwww', 'dwdwdwdwdw', 'wwwwwwwwww', 'addddddddw']
加载文件（组：('norm=2', 'alpha=2.5', 'epsilon=39.3216', 'steps=100', 'idx=1')）...

================================================================================
[PKL] /blue/shiboli.fsu/yifeisun.umich/adversarial_robustness_FNO/2D_NS_FNO2d_recurrent/perturbation_results/adam_attacks_results_1solver/pickle_files/pgd_attack_records_modespec=aaaaaaaaaw_norm2_alpha2.5_epsilon39.3216_steps100_idx1|adam_b10.9_b20.999_ae1e-08_sgn1_ams0.pkl
Top-level keys: ['steps', 'metadata']
  - steps        => type=list, shape/desc=list[len=100], dtype=None
  - metadata     => type=dict, shape/desc=dict[11 keys], dtype=None

[steps] length = 100
  * gradient           -> present=100/100, shapes={{ (256, 256) }}, dtypes={{ float32 }}, types={{ numpy.ndarray }}
  * loss               -> present=100/100, shapes={{ scalar }}, dtypes={{ float }}, types={{ float }}
  * output             -> present=100/100, shapes={{ (256, 256) }}, dtypes={{ float32 }}, types={{ numpy.ndarray }}
  * reach_boundary     -> present=100/100, shapes={{ scalar }}, dtypes={{ bool }}, types={{ bool }}
  * scaled_gradient    -> present=100/100, shapes={{ (256, 256) }}, dtypes={{ float32 }}, types={{ numpy.ndarray }}
  * step               -> present=100/100, shapes={{ scalar }}, dtypes={{ int }}, types={{ int }}
  * truth              -> present=100/100, shapes={{ (256, 256) }}, dtypes={{ float32 }}, types={{ numpy.ndarray }}
  * x0                 -> present=100/100, shapes={{ (256, 256) }}, dtypes={{ float32 }}, types={{ numpy.ndarray }}
================================================================================


================================================================================
[PKL] /blue/shiboli.fsu/yifeisun.umich/adversarial_robustness_FNO/2D_NS_FNO2d_recurrent/perturbation_results/adam_attacks_results_1solver/pickle_files/pgd_attack_records_modespec=aaawwwwwww_norm2_alpha2.5_epsilon39.3216_steps100_idx1|adam_b10.9_b20.999_ae1e-08_sgn1_ams0.pkl
Top-level keys: ['steps', 'metadata']
  - steps        => type=list, shape/desc=list[len=100], dtype=None
  - metadata     => type=dict, shape/desc=dict[11 keys], dtype=None

[steps] length = 100
  * gradient           -> present=100/100, shapes={{ (256, 256) }}, dtypes={{ float32 }}, types={{ numpy.ndarray }}
  * loss               -> present=100/100, shapes={{ scalar }}, dtypes={{ float }}, types={{ float }}
  * output             -> present=100/100, shapes={{ (256, 256) }}, dtypes={{ float32 }}, types={{ numpy.ndarray }}
  * reach_boundary     -> present=100/100, shapes={{ scalar }}, dtypes={{ bool }}, types={{ bool }}
  * scaled_gradient    -> present=100/100, shapes={{ (256, 256) }}, dtypes={{ float32 }}, types={{ numpy.ndarray }}
  * step               -> present=100/100, shapes={{ scalar }}, dtypes={{ int }}, types={{ int }}
  * truth              -> present=100/100, shapes={{ (256, 256) }}, dtypes={{ float32 }}, types={{ numpy.ndarray }}
  * x0                 -> present=100/100, shapes={{ (256, 256) }}, dtypes={{ float32 }}, types={{ numpy.ndarray }}
================================================================================


================================================================================
[PKL] /blue/shiboli.fsu/yifeisun.umich/adversarial_robustness_FNO/2D_NS_FNO2d_recurrent/perturbation_results/adam_attacks_results_1solver/pickle_files/pgd_attack_records_modespec=wwwwwwwwww_norm2_alpha2.5_epsilon39.3216_steps100_idx1|adam_b10.9_b20.999_ae1e-08_sgn1_ams0.pkl
Top-level keys: ['steps', 'metadata']
  - steps        => type=list, shape/desc=list[len=100], dtype=None
  - metadata     => type=dict, shape/desc=dict[11 keys], dtype=None

[steps] length = 100
  * gradient           -> present=100/100, shapes={{ (256, 256) }}, dtypes={{ float32 }}, types={{ numpy.ndarray }}
  * loss               -> present=100/100, shapes={{ scalar }}, dtypes={{ float }}, types={{ float }}
  * output             -> present=100/100, shapes={{ (256, 256) }}, dtypes={{ float32 }}, types={{ numpy.ndarray }}
  * reach_boundary     -> present=100/100, shapes={{ scalar }}, dtypes={{ bool }}, types={{ bool }}
  * scaled_gradient    -> present=100/100, shapes={{ (256, 256) }}, dtypes={{ float32 }}, types={{ numpy.ndarray }}
  * step               -> present=100/100, shapes={{ scalar }}, dtypes={{ int }}, types={{ int }}
  * truth              -> present=100/100, shapes={{ (256, 256) }}, dtypes={{ float32 }}, types={{ numpy.ndarray }}
  * x0                 -> present=100/100, shapes={{ (256, 256) }}, dtypes={{ float32 }}, types={{ numpy.ndarray }}
================================================================================


================================================================================
[PKL] /blue/shiboli.fsu/yifeisun.umich/adversarial_robustness_FNO/2D_NS_FNO2d_recurrent/perturbation_results/adam_attacks_results_1solver/pickle_files/pgd_attack_records_modespec=addddddddw_norm2_alpha2.5_epsilon39.3216_steps100_idx1|adam_b10.9_b20.999_ae1e-08_sgn1_ams0.pkl
Top-level keys: ['steps', 'metadata']
  - steps        => type=list, shape/desc=list[len=100], dtype=None
  - metadata     => type=dict, shape/desc=dict[11 keys], dtype=None

[steps] length = 100
  * gradient           -> present=100/100, shapes={{ (256, 256) }}, dtypes={{ float32 }}, types={{ numpy.ndarray }}
  * loss               -> present=100/100, shapes={{ scalar }}, dtypes={{ float }}, types={{ float }}
  * output             -> present=100/100, shapes={{ (256, 256) }}, dtypes={{ float32 }}, types={{ numpy.ndarray }}
  * reach_boundary     -> present=100/100, shapes={{ scalar }}, dtypes={{ bool }}, types={{ bool }}
  * scaled_gradient    -> present=100/100, shapes={{ (256, 256) }}, dtypes={{ float32 }}, types={{ numpy.ndarray }}
  * step               -> present=100/100, shapes={{ scalar }}, dtypes={{ int }}, types={{ int }}
  * truth              -> present=100/100, shapes={{ (256, 256) }}, dtypes={{ float32 }}, types={{ numpy.ndarray }}
  * x0                 -> present=100/100, shapes={{ (256, 256) }}, dtypes={{ float32 }}, types={{ numpy.ndarray }}
================================================================================


================================================================================
[PKL] /blue/shiboli.fsu/yifeisun.umich/adversarial_robustness_FNO/2D_NS_FNO2d_recurrent/perturbation_results/adam_attacks_results_1solver/pickle_files/pgd_attack_records_modespec=addddaaaaw_norm2_alpha2.5_epsilon39.3216_steps100_idx1|adam_b10.9_b20.999_ae1e-08_sgn1_ams0.pkl
Top-level keys: ['steps', 'metadata']
  - steps        => type=list, shape/desc=list[len=100], dtype=None
  - metadata     => type=dict, shape/desc=dict[11 keys], dtype=None

[steps] length = 100
  * gradient           -> present=100/100, shapes={{ (256, 256) }}, dtypes={{ float32 }}, types={{ numpy.ndarray }}
  * loss               -> present=100/100, shapes={{ scalar }}, dtypes={{ float }}, types={{ float }}
  * output             -> present=100/100, shapes={{ (256, 256) }}, dtypes={{ float32 }}, types={{ numpy.ndarray }}
  * reach_boundary     -> present=100/100, shapes={{ scalar }}, dtypes={{ bool }}, types={{ bool }}
  * scaled_gradient    -> present=100/100, shapes={{ (256, 256) }}, dtypes={{ float32 }}, types={{ numpy.ndarray }}
  * step               -> present=100/100, shapes={{ scalar }}, dtypes={{ int }}, types={{ int }}
  * truth              -> present=100/100, shapes={{ (256, 256) }}, dtypes={{ float32 }}, types={{ numpy.ndarray }}
  * x0                 -> present=100/100, shapes={{ (256, 256) }}, dtypes={{ float32 }}, types={{ numpy.ndarray }}
================================================================================


================================================================================
[PKL] /blue/shiboli.fsu/yifeisun.umich/adversarial_robustness_FNO/2D_NS_FNO2d_recurrent/perturbation_results/adam_attacks_results_1solver/pickle_files/pgd_attack_records_modespec=dwdwdwdwdw_norm2_alpha2.5_epsilon39.3216_steps100_idx1|adam_b10.9_b20.999_ae1e-08_sgn1_ams0.pkl
Top-level keys: ['steps', 'metadata']
  - steps        => type=list, shape/desc=list[len=100], dtype=None
  - metadata     => type=dict, shape/desc=dict[11 keys], dtype=None

[steps] length = 100
  * gradient           -> present=100/100, shapes={{ (256, 256) }}, dtypes={{ float32 }}, types={{ numpy.ndarray }}
  * loss               -> present=100/100, shapes={{ scalar }}, dtypes={{ float }}, types={{ float }}
  * output             -> present=100/100, shapes={{ (256, 256) }}, dtypes={{ float32 }}, types={{ numpy.ndarray }}
  * reach_boundary     -> present=100/100, shapes={{ scalar }}, dtypes={{ bool }}, types={{ bool }}
  * scaled_gradient    -> present=100/100, shapes={{ (256, 256) }}, dtypes={{ float32 }}, types={{ numpy.ndarray }}
  * step               -> present=100/100, shapes={{ scalar }}, dtypes={{ int }}, types={{ int }}
  * truth              -> present=100/100, shapes={{ (256, 256) }}, dtypes={{ float32 }}, types={{ numpy.ndarray }}
  * x0                 -> present=100/100, shapes={{ (256, 256) }}, dtypes={{ float32 }}, types={{ numpy.ndarray }}
================================================================================

✅ 图像保存到: /blue/shiboli.fsu/yifeisun.umich/adversarial_robustness_FNO/2D_NS_FNO2d_recurrent/perturbation_results/adam_attacks_results_1solver/comparison_plots_modespec/true/modespec_comparison_norm=2_alpha=2.5_epsilon=39.3216_steps=100_idx=1.png
加载文件（组：('norm=2', 'alpha=2.5', 'epsilon=39.3216', 'steps=100', 'idx=1')）...
✅ 图像保存到: /blue/shiboli.fsu/yifeisun.umich/adversarial_robustness_FNO/2D_NS_FNO2d_recurrent/perturbation_results/adam_attacks_results_1solver/comparison_plots_modespec/surrogate/modespec_comparison_norm=2_alpha=2.5_epsilon=39.3216_steps=100_idx=1.png
ℹ️ surrogate图已跳过无surrogate_loss的文件: ['aaaaaaaaaw', 'aaawwwwwww', 'addddaaaaw', 'addddddddw', 'dwdwdwdwdw', 'wwwwwwwwww']
加载文件（组：('norm=2', 'alpha=1.0', 'epsilon=13.1072', 'steps=100', 'idx=1')）...

================================================================================
[PKL] /blue/shiboli.fsu/yifeisun.umich/adversarial_robustness_FNO/2D_NS_FNO2d_recurrent/perturbation_results/adam_attacks_results_1solver/pickle_files/pgd_attack_records_modespec=addddaaaaw_norm2_alpha1.0_epsilon13.1072_steps100_idx1|adam_b10.9_b20.999_ae1e-08_sgn1_ams0.pkl
Top-level keys: ['steps', 'metadata']
  - steps        => type=list, shape/desc=list[len=100], dtype=None
  - metadata     => type=dict, shape/desc=dict[11 keys], dtype=None

[steps] length = 100
  * gradient           -> present=100/100, shapes={{ (256, 256) }}, dtypes={{ float32 }}, types={{ numpy.ndarray }}
  * loss               -> present=100/100, shapes={{ scalar }}, dtypes={{ float }}, types={{ float }}
  * output             -> present=100/100, shapes={{ (256, 256) }}, dtypes={{ float32 }}, types={{ numpy.ndarray }}
  * reach_boundary     -> present=100/100, shapes={{ scalar }}, dtypes={{ bool }}, types={{ bool }}
  * scaled_gradient    -> present=100/100, shapes={{ (256, 256) }}, dtypes={{ float32 }}, types={{ numpy.ndarray }}
  * step               -> present=100/100, shapes={{ scalar }}, dtypes={{ int }}, types={{ int }}
  * truth              -> present=100/100, shapes={{ (256, 256) }}, dtypes={{ float32 }}, types={{ numpy.ndarray }}
  * x0                 -> present=100/100, shapes={{ (256, 256) }}, dtypes={{ float32 }}, types={{ numpy.ndarray }}
================================================================================


================================================================================
[PKL] /blue/shiboli.fsu/yifeisun.umich/adversarial_robustness_FNO/2D_NS_FNO2d_recurrent/perturbation_results/adam_attacks_results_1solver/pickle_files/pgd_attack_records_modespec=aaaaaaaaaw_norm2_alpha1.0_epsilon13.1072_steps100_idx1|adam_b10.9_b20.999_ae1e-08_sgn1_ams0.pkl
Top-level keys: ['steps', 'metadata']
  - steps        => type=list, shape/desc=list[len=100], dtype=None
  - metadata     => type=dict, shape/desc=dict[11 keys], dtype=None

[steps] length = 100
  * gradient           -> present=100/100, shapes={{ (256, 256) }}, dtypes={{ float32 }}, types={{ numpy.ndarray }}
  * loss               -> present=100/100, shapes={{ scalar }}, dtypes={{ float }}, types={{ float }}
  * output             -> present=100/100, shapes={{ (256, 256) }}, dtypes={{ float32 }}, types={{ numpy.ndarray }}
  * reach_boundary     -> present=100/100, shapes={{ scalar }}, dtypes={{ bool }}, types={{ bool }}
  * scaled_gradient    -> present=100/100, shapes={{ (256, 256) }}, dtypes={{ float32 }}, types={{ numpy.ndarray }}
  * step               -> present=100/100, shapes={{ scalar }}, dtypes={{ int }}, types={{ int }}
  * truth              -> present=100/100, shapes={{ (256, 256) }}, dtypes={{ float32 }}, types={{ numpy.ndarray }}
  * x0                 -> present=100/100, shapes={{ (256, 256) }}, dtypes={{ float32 }}, types={{ numpy.ndarray }}
================================================================================


================================================================================
[PKL] /blue/shiboli.fsu/yifeisun.umich/adversarial_robustness_FNO/2D_NS_FNO2d_recurrent/perturbation_results/adam_attacks_results_1solver/pickle_files/pgd_attack_records_modespec=addddddddw_norm2_alpha1.0_epsilon13.1072_steps100_idx1|adam_b10.9_b20.999_ae1e-08_sgn1_ams0.pkl
Top-level keys: ['steps', 'metadata']
  - steps        => type=list, shape/desc=list[len=100], dtype=None
  - metadata     => type=dict, shape/desc=dict[11 keys], dtype=None

[steps] length = 100
  * gradient           -> present=100/100, shapes={{ (256, 256) }}, dtypes={{ float32 }}, types={{ numpy.ndarray }}
  * loss               -> present=100/100, shapes={{ scalar }}, dtypes={{ float }}, types={{ float }}
  * output             -> present=100/100, shapes={{ (256, 256) }}, dtypes={{ float32 }}, types={{ numpy.ndarray }}
  * reach_boundary     -> present=100/100, shapes={{ scalar }}, dtypes={{ bool }}, types={{ bool }}
  * scaled_gradient    -> present=100/100, shapes={{ (256, 256) }}, dtypes={{ float32 }}, types={{ numpy.ndarray }}
  * step               -> present=100/100, shapes={{ scalar }}, dtypes={{ int }}, types={{ int }}
  * truth              -> present=100/100, shapes={{ (256, 256) }}, dtypes={{ float32 }}, types={{ numpy.ndarray }}
  * x0                 -> present=100/100, shapes={{ (256, 256) }}, dtypes={{ float32 }}, types={{ numpy.ndarray }}
================================================================================


================================================================================
[PKL] /blue/shiboli.fsu/yifeisun.umich/adversarial_robustness_FNO/2D_NS_FNO2d_recurrent/perturbation_results/adam_attacks_results_1solver/pickle_files/pgd_attack_records_modespec=aaawwwwwww_norm2_alpha1.0_epsilon13.1072_steps100_idx1|adam_b10.9_b20.999_ae1e-08_sgn1_ams0.pkl
Top-level keys: ['steps', 'metadata']
  - steps        => type=list, shape/desc=list[len=100], dtype=None
  - metadata     => type=dict, shape/desc=dict[11 keys], dtype=None

[steps] length = 100
  * gradient           -> present=100/100, shapes={{ (256, 256) }}, dtypes={{ float32 }}, types={{ numpy.ndarray }}
  * loss               -> present=100/100, shapes={{ scalar }}, dtypes={{ float }}, types={{ float }}
  * output             -> present=100/100, shapes={{ (256, 256) }}, dtypes={{ float32 }}, types={{ numpy.ndarray }}
  * reach_boundary     -> present=100/100, shapes={{ scalar }}, dtypes={{ bool }}, types={{ bool }}
  * scaled_gradient    -> present=100/100, shapes={{ (256, 256) }}, dtypes={{ float32 }}, types={{ numpy.ndarray }}
  * step               -> present=100/100, shapes={{ scalar }}, dtypes={{ int }}, types={{ int }}
  * truth              -> present=100/100, shapes={{ (256, 256) }}, dtypes={{ float32 }}, types={{ numpy.ndarray }}
  * x0                 -> present=100/100, shapes={{ (256, 256) }}, dtypes={{ float32 }}, types={{ numpy.ndarray }}
================================================================================


================================================================================
[PKL] /blue/shiboli.fsu/yifeisun.umich/adversarial_robustness_FNO/2D_NS_FNO2d_recurrent/perturbation_results/adam_attacks_results_1solver/pickle_files/pgd_attack_records_modespec=dwdwdwdwdw_norm2_alpha1.0_epsilon13.1072_steps100_idx1|adam_b10.9_b20.999_ae1e-08_sgn1_ams0.pkl
Top-level keys: ['steps', 'metadata']
  - steps        => type=list, shape/desc=list[len=100], dtype=None
  - metadata     => type=dict, shape/desc=dict[11 keys], dtype=None

[steps] length = 100
  * gradient           -> present=100/100, shapes={{ (256, 256) }}, dtypes={{ float32 }}, types={{ numpy.ndarray }}
  * loss               -> present=100/100, shapes={{ scalar }}, dtypes={{ float }}, types={{ float }}
  * output             -> present=100/100, shapes={{ (256, 256) }}, dtypes={{ float32 }}, types={{ numpy.ndarray }}
  * reach_boundary     -> present=100/100, shapes={{ scalar }}, dtypes={{ bool }}, types={{ bool }}
  * scaled_gradient    -> present=100/100, shapes={{ (256, 256) }}, dtypes={{ float32 }}, types={{ numpy.ndarray }}
  * step               -> present=100/100, shapes={{ scalar }}, dtypes={{ int }}, types={{ int }}
  * truth              -> present=100/100, shapes={{ (256, 256) }}, dtypes={{ float32 }}, types={{ numpy.ndarray }}
  * x0                 -> present=100/100, shapes={{ (256, 256) }}, dtypes={{ float32 }}, types={{ numpy.ndarray }}
================================================================================


================================================================================
[PKL] /blue/shiboli.fsu/yifeisun.umich/adversarial_robustness_FNO/2D_NS_FNO2d_recurrent/perturbation_results/adam_attacks_results_1solver/pickle_files/pgd_attack_records_modespec=wwwwwwwwww_norm2_alpha1.0_epsilon13.1072_steps100_idx1|adam_b10.9_b20.999_ae1e-08_sgn1_ams0.pkl
Top-level keys: ['steps', 'metadata']
  - steps        => type=list, shape/desc=list[len=100], dtype=None
  - metadata     => type=dict, shape/desc=dict[11 keys], dtype=None

[steps] length = 100
  * gradient           -> present=100/100, shapes={{ (256, 256) }}, dtypes={{ float32 }}, types={{ numpy.ndarray }}
  * loss               -> present=100/100, shapes={{ scalar }}, dtypes={{ float }}, types={{ float }}
  * output             -> present=100/100, shapes={{ (256, 256) }}, dtypes={{ float32 }}, types={{ numpy.ndarray }}
  * reach_boundary     -> present=100/100, shapes={{ scalar }}, dtypes={{ bool }}, types={{ bool }}
  * scaled_gradient    -> present=100/100, shapes={{ (256, 256) }}, dtypes={{ float32 }}, types={{ numpy.ndarray }}
  * step               -> present=100/100, shapes={{ scalar }}, dtypes={{ int }}, types={{ int }}
  * truth              -> present=100/100, shapes={{ (256, 256) }}, dtypes={{ float32 }}, types={{ numpy.ndarray }}
  * x0                 -> present=100/100, shapes={{ (256, 256) }}, dtypes={{ float32 }}, types={{ numpy.ndarray }}
================================================================================

✅ 图像保存到: /blue/shiboli.fsu/yifeisun.umich/adversarial_robustness_FNO/2D_NS_FNO2d_recurrent/perturbation_results/adam_attacks_results_1solver/comparison_plots_modespec/true/modespec_comparison_norm=2_alpha=1.0_epsilon=13.1072_steps=100_idx=1.png
加载文件（组：('norm=2', 'alpha=1.0', 'epsilon=13.1072', 'steps=100', 'idx=1')）...
✅ 图像保存到: /blue/shiboli.fsu/yifeisun.umich/adversarial_robustness_FNO/2D_NS_FNO2d_recurrent/perturbation_results/adam_attacks_results_1solver/comparison_plots_modespec/surrogate/modespec_comparison_norm=2_alpha=1.0_epsilon=13.1072_steps=100_idx=1.png
ℹ️ surrogate图已跳过无surrogate_loss的文件: ['aaaaaaaaaw', 'aaawwwwwww', 'addddaaaaw', 'addddddddw', 'dwdwdwdwdw', 'wwwwwwwwww']
加载文件（组：('norm=2', 'alpha=1.0', 'epsilon=39.3216', 'steps=100', 'idx=1')）...

================================================================================
[PKL] /blue/shiboli.fsu/yifeisun.umich/adversarial_robustness_FNO/2D_NS_FNO2d_recurrent/perturbation_results/adam_attacks_results_1solver/pickle_files/pgd_attack_records_modespec=aaaaaaaaaw_norm2_alpha1.0_epsilon39.3216_steps100_idx1|adam_b10.9_b20.999_ae1e-08_sgn1_ams0.pkl
Top-level keys: ['steps', 'metadata']
  - steps        => type=list, shape/desc=list[len=100], dtype=None
  - metadata     => type=dict, shape/desc=dict[11 keys], dtype=None

[steps] length = 100
  * gradient           -> present=100/100, shapes={{ (256, 256) }}, dtypes={{ float32 }}, types={{ numpy.ndarray }}
  * loss               -> present=100/100, shapes={{ scalar }}, dtypes={{ float }}, types={{ float }}
  * output             -> present=100/100, shapes={{ (256, 256) }}, dtypes={{ float32 }}, types={{ numpy.ndarray }}
  * reach_boundary     -> present=100/100, shapes={{ scalar }}, dtypes={{ bool }}, types={{ bool }}
  * scaled_gradient    -> present=100/100, shapes={{ (256, 256) }}, dtypes={{ float32 }}, types={{ numpy.ndarray }}
  * step               -> present=100/100, shapes={{ scalar }}, dtypes={{ int }}, types={{ int }}
  * truth              -> present=100/100, shapes={{ (256, 256) }}, dtypes={{ float32 }}, types={{ numpy.ndarray }}
  * x0                 -> present=100/100, shapes={{ (256, 256) }}, dtypes={{ float32 }}, types={{ numpy.ndarray }}
================================================================================


================================================================================
[PKL] /blue/shiboli.fsu/yifeisun.umich/adversarial_robustness_FNO/2D_NS_FNO2d_recurrent/perturbation_results/adam_attacks_results_1solver/pickle_files/pgd_attack_records_modespec=dwdwdwdwdw_norm2_alpha1.0_epsilon39.3216_steps100_idx1|adam_b10.9_b20.999_ae1e-08_sgn1_ams0.pkl
Top-level keys: ['steps', 'metadata']
  - steps        => type=list, shape/desc=list[len=100], dtype=None
  - metadata     => type=dict, shape/desc=dict[11 keys], dtype=None

[steps] length = 100
  * gradient           -> present=100/100, shapes={{ (256, 256) }}, dtypes={{ float32 }}, types={{ numpy.ndarray }}
  * loss               -> present=100/100, shapes={{ scalar }}, dtypes={{ float }}, types={{ float }}
  * output             -> present=100/100, shapes={{ (256, 256) }}, dtypes={{ float32 }}, types={{ numpy.ndarray }}
  * reach_boundary     -> present=100/100, shapes={{ scalar }}, dtypes={{ bool }}, types={{ bool }}
  * scaled_gradient    -> present=100/100, shapes={{ (256, 256) }}, dtypes={{ float32 }}, types={{ numpy.ndarray }}
  * step               -> present=100/100, shapes={{ scalar }}, dtypes={{ int }}, types={{ int }}
  * truth              -> present=100/100, shapes={{ (256, 256) }}, dtypes={{ float32 }}, types={{ numpy.ndarray }}
  * x0                 -> present=100/100, shapes={{ (256, 256) }}, dtypes={{ float32 }}, types={{ numpy.ndarray }}
================================================================================


================================================================================
[PKL] /blue/shiboli.fsu/yifeisun.umich/adversarial_robustness_FNO/2D_NS_FNO2d_recurrent/perturbation_results/adam_attacks_results_1solver/pickle_files/pgd_attack_records_modespec=addddaaaaw_norm2_alpha1.0_epsilon39.3216_steps100_idx1|adam_b10.9_b20.999_ae1e-08_sgn1_ams0.pkl
Top-level keys: ['steps', 'metadata']
  - steps        => type=list, shape/desc=list[len=100], dtype=None
  - metadata     => type=dict, shape/desc=dict[11 keys], dtype=None

[steps] length = 100
  * gradient           -> present=100/100, shapes={{ (256, 256) }}, dtypes={{ float32 }}, types={{ numpy.ndarray }}
  * loss               -> present=100/100, shapes={{ scalar }}, dtypes={{ float }}, types={{ float }}
  * output             -> present=100/100, shapes={{ (256, 256) }}, dtypes={{ float32 }}, types={{ numpy.ndarray }}
  * reach_boundary     -> present=100/100, shapes={{ scalar }}, dtypes={{ bool }}, types={{ bool }}
  * scaled_gradient    -> present=100/100, shapes={{ (256, 256) }}, dtypes={{ float32 }}, types={{ numpy.ndarray }}
  * step               -> present=100/100, shapes={{ scalar }}, dtypes={{ int }}, types={{ int }}
  * truth              -> present=100/100, shapes={{ (256, 256) }}, dtypes={{ float32 }}, types={{ numpy.ndarray }}
  * x0                 -> present=100/100, shapes={{ (256, 256) }}, dtypes={{ float32 }}, types={{ numpy.ndarray }}
================================================================================


================================================================================
[PKL] /blue/shiboli.fsu/yifeisun.umich/adversarial_robustness_FNO/2D_NS_FNO2d_recurrent/perturbation_results/adam_attacks_results_1solver/pickle_files/pgd_attack_records_modespec=aaawwwwwww_norm2_alpha1.0_epsilon39.3216_steps100_idx1|adam_b10.9_b20.999_ae1e-08_sgn1_ams0.pkl
Top-level keys: ['steps', 'metadata']
  - steps        => type=list, shape/desc=list[len=100], dtype=None
  - metadata     => type=dict, shape/desc=dict[11 keys], dtype=None

[steps] length = 100
  * gradient           -> present=100/100, shapes={{ (256, 256) }}, dtypes={{ float32 }}, types={{ numpy.ndarray }}
  * loss               -> present=100/100, shapes={{ scalar }}, dtypes={{ float }}, types={{ float }}
  * output             -> present=100/100, shapes={{ (256, 256) }}, dtypes={{ float32 }}, types={{ numpy.ndarray }}
  * reach_boundary     -> present=100/100, shapes={{ scalar }}, dtypes={{ bool }}, types={{ bool }}
  * scaled_gradient    -> present=100/100, shapes={{ (256, 256) }}, dtypes={{ float32 }}, types={{ numpy.ndarray }}
  * step               -> present=100/100, shapes={{ scalar }}, dtypes={{ int }}, types={{ int }}
  * truth              -> present=100/100, shapes={{ (256, 256) }}, dtypes={{ float32 }}, types={{ numpy.ndarray }}
  * x0                 -> present=100/100, shapes={{ (256, 256) }}, dtypes={{ float32 }}, types={{ numpy.ndarray }}
================================================================================


================================================================================
[PKL] /blue/shiboli.fsu/yifeisun.umich/adversarial_robustness_FNO/2D_NS_FNO2d_recurrent/perturbation_results/adam_attacks_results_1solver/pickle_files/pgd_attack_records_modespec=wwwwwwwwww_norm2_alpha1.0_epsilon39.3216_steps100_idx1|adam_b10.9_b20.999_ae1e-08_sgn1_ams0.pkl
Top-level keys: ['steps', 'metadata']
  - steps        => type=list, shape/desc=list[len=100], dtype=None
  - metadata     => type=dict, shape/desc=dict[11 keys], dtype=None

[steps] length = 100
  * gradient           -> present=100/100, shapes={{ (256, 256) }}, dtypes={{ float32 }}, types={{ numpy.ndarray }}
  * loss               -> present=100/100, shapes={{ scalar }}, dtypes={{ float }}, types={{ float }}
  * output             -> present=100/100, shapes={{ (256, 256) }}, dtypes={{ float32 }}, types={{ numpy.ndarray }}
  * reach_boundary     -> present=100/100, shapes={{ scalar }}, dtypes={{ bool }}, types={{ bool }}
  * scaled_gradient    -> present=100/100, shapes={{ (256, 256) }}, dtypes={{ float32 }}, types={{ numpy.ndarray }}
  * step               -> present=100/100, shapes={{ scalar }}, dtypes={{ int }}, types={{ int }}
  * truth              -> present=100/100, shapes={{ (256, 256) }}, dtypes={{ float32 }}, types={{ numpy.ndarray }}
  * x0                 -> present=100/100, shapes={{ (256, 256) }}, dtypes={{ float32 }}, types={{ numpy.ndarray }}
================================================================================


================================================================================
[PKL] /blue/shiboli.fsu/yifeisun.umich/adversarial_robustness_FNO/2D_NS_FNO2d_recurrent/perturbation_results/adam_attacks_results_1solver/pickle_files/pgd_attack_records_modespec=addddddddw_norm2_alpha1.0_epsilon39.3216_steps100_idx1|adam_b10.9_b20.999_ae1e-08_sgn1_ams0.pkl
Top-level keys: ['steps', 'metadata']
  - steps        => type=list, shape/desc=list[len=100], dtype=None
  - metadata     => type=dict, shape/desc=dict[11 keys], dtype=None

[steps] length = 100
  * gradient           -> present=100/100, shapes={{ (256, 256) }}, dtypes={{ float32 }}, types={{ numpy.ndarray }}
  * loss               -> present=100/100, shapes={{ scalar }}, dtypes={{ float }}, types={{ float }}
  * output             -> present=100/100, shapes={{ (256, 256) }}, dtypes={{ float32 }}, types={{ numpy.ndarray }}
  * reach_boundary     -> present=100/100, shapes={{ scalar }}, dtypes={{ bool }}, types={{ bool }}
  * scaled_gradient    -> present=100/100, shapes={{ (256, 256) }}, dtypes={{ float32 }}, types={{ numpy.ndarray }}
  * step               -> present=100/100, shapes={{ scalar }}, dtypes={{ int }}, types={{ int }}
  * truth              -> present=100/100, shapes={{ (256, 256) }}, dtypes={{ float32 }}, types={{ numpy.ndarray }}
  * x0                 -> present=100/100, shapes={{ (256, 256) }}, dtypes={{ float32 }}, types={{ numpy.ndarray }}
================================================================================

✅ 图像保存到: /blue/shiboli.fsu/yifeisun.umich/adversarial_robustness_FNO/2D_NS_FNO2d_recurrent/perturbation_results/adam_attacks_results_1solver/comparison_plots_modespec/true/modespec_comparison_norm=2_alpha=1.0_epsilon=39.3216_steps=100_idx=1.png
加载文件（组：('norm=2', 'alpha=1.0', 'epsilon=39.3216', 'steps=100', 'idx=1')）...
✅ 图像保存到: /blue/shiboli.fsu/yifeisun.umich/adversarial_robustness_FNO/2D_NS_FNO2d_recurrent/perturbation_results/adam_attacks_results_1solver/comparison_plots_modespec/surrogate/modespec_comparison_norm=2_alpha=1.0_epsilon=39.3216_steps=100_idx=1.png
ℹ️ surrogate图已跳过无surrogate_loss的文件: ['aaaaaaaaaw', 'aaawwwwwww', 'addddaaaaw', 'addddddddw', 'dwdwdwdwdw', 'wwwwwwwwww']
加载文件（组：('norm=2', 'alpha=1.0', 'epsilon=78.6432', 'steps=100', 'idx=1')）...

================================================================================
[PKL] /blue/shiboli.fsu/yifeisun.umich/adversarial_robustness_FNO/2D_NS_FNO2d_recurrent/perturbation_results/adam_attacks_results_1solver/pickle_files/pgd_attack_records_modespec=addddaaaaw_norm2_alpha1.0_epsilon78.6432_steps100_idx1|adam_b10.9_b20.999_ae1e-08_sgn1_ams0.pkl
Top-level keys: ['steps', 'metadata']
  - steps        => type=list, shape/desc=list[len=100], dtype=None
  - metadata     => type=dict, shape/desc=dict[11 keys], dtype=None

[steps] length = 100
  * gradient           -> present=100/100, shapes={{ (256, 256) }}, dtypes={{ float32 }}, types={{ numpy.ndarray }}
  * loss               -> present=100/100, shapes={{ scalar }}, dtypes={{ float }}, types={{ float }}
  * output             -> present=100/100, shapes={{ (256, 256) }}, dtypes={{ float32 }}, types={{ numpy.ndarray }}
  * reach_boundary     -> present=100/100, shapes={{ scalar }}, dtypes={{ bool }}, types={{ bool }}
  * scaled_gradient    -> present=100/100, shapes={{ (256, 256) }}, dtypes={{ float32 }}, types={{ numpy.ndarray }}
  * step               -> present=100/100, shapes={{ scalar }}, dtypes={{ int }}, types={{ int }}
  * truth              -> present=100/100, shapes={{ (256, 256) }}, dtypes={{ float32 }}, types={{ numpy.ndarray }}
  * x0                 -> present=100/100, shapes={{ (256, 256) }}, dtypes={{ float32 }}, types={{ numpy.ndarray }}
================================================================================


================================================================================
[PKL] /blue/shiboli.fsu/yifeisun.umich/adversarial_robustness_FNO/2D_NS_FNO2d_recurrent/perturbation_results/adam_attacks_results_1solver/pickle_files/pgd_attack_records_modespec=aaawwwwwww_norm2_alpha1.0_epsilon78.6432_steps100_idx1|adam_b10.9_b20.999_ae1e-08_sgn1_ams0.pkl
Top-level keys: ['steps', 'metadata']
  - steps        => type=list, shape/desc=list[len=100], dtype=None
  - metadata     => type=dict, shape/desc=dict[11 keys], dtype=None

[steps] length = 100
  * gradient           -> present=100/100, shapes={{ (256, 256) }}, dtypes={{ float32 }}, types={{ numpy.ndarray }}
  * loss               -> present=100/100, shapes={{ scalar }}, dtypes={{ float }}, types={{ float }}
  * output             -> present=100/100, shapes={{ (256, 256) }}, dtypes={{ float32 }}, types={{ numpy.ndarray }}
  * reach_boundary     -> present=100/100, shapes={{ scalar }}, dtypes={{ bool }}, types={{ bool }}
  * scaled_gradient    -> present=100/100, shapes={{ (256, 256) }}, dtypes={{ float32 }}, types={{ numpy.ndarray }}
  * step               -> present=100/100, shapes={{ scalar }}, dtypes={{ int }}, types={{ int }}
  * truth              -> present=100/100, shapes={{ (256, 256) }}, dtypes={{ float32 }}, types={{ numpy.ndarray }}
  * x0                 -> present=100/100, shapes={{ (256, 256) }}, dtypes={{ float32 }}, types={{ numpy.ndarray }}
================================================================================


================================================================================
[PKL] /blue/shiboli.fsu/yifeisun.umich/adversarial_robustness_FNO/2D_NS_FNO2d_recurrent/perturbation_results/adam_attacks_results_1solver/pickle_files/pgd_attack_records_modespec=addddddddw_norm2_alpha1.0_epsilon78.6432_steps100_idx1|adam_b10.9_b20.999_ae1e-08_sgn1_ams0.pkl
Top-level keys: ['steps', 'metadata']
  - steps        => type=list, shape/desc=list[len=100], dtype=None
  - metadata     => type=dict, shape/desc=dict[11 keys], dtype=None

[steps] length = 100
  * gradient           -> present=100/100, shapes={{ (256, 256) }}, dtypes={{ float32 }}, types={{ numpy.ndarray }}
  * loss               -> present=100/100, shapes={{ scalar }}, dtypes={{ float }}, types={{ float }}
  * output             -> present=100/100, shapes={{ (256, 256) }}, dtypes={{ float32 }}, types={{ numpy.ndarray }}
  * reach_boundary     -> present=100/100, shapes={{ scalar }}, dtypes={{ bool }}, types={{ bool }}
  * scaled_gradient    -> present=100/100, shapes={{ (256, 256) }}, dtypes={{ float32 }}, types={{ numpy.ndarray }}
  * step               -> present=100/100, shapes={{ scalar }}, dtypes={{ int }}, types={{ int }}
  * truth              -> present=100/100, shapes={{ (256, 256) }}, dtypes={{ float32 }}, types={{ numpy.ndarray }}
  * x0                 -> present=100/100, shapes={{ (256, 256) }}, dtypes={{ float32 }}, types={{ numpy.ndarray }}
================================================================================


================================================================================
[PKL] /blue/shiboli.fsu/yifeisun.umich/adversarial_robustness_FNO/2D_NS_FNO2d_recurrent/perturbation_results/adam_attacks_results_1solver/pickle_files/pgd_attack_records_modespec=aaaaaaaaaw_norm2_alpha1.0_epsilon78.6432_steps100_idx1|adam_b10.9_b20.999_ae1e-08_sgn1_ams0.pkl
Top-level keys: ['steps', 'metadata']
  - steps        => type=list, shape/desc=list[len=100], dtype=None
  - metadata     => type=dict, shape/desc=dict[11 keys], dtype=None

[steps] length = 100
  * gradient           -> present=100/100, shapes={{ (256, 256) }}, dtypes={{ float32 }}, types={{ numpy.ndarray }}
  * loss               -> present=100/100, shapes={{ scalar }}, dtypes={{ float }}, types={{ float }}
  * output             -> present=100/100, shapes={{ (256, 256) }}, dtypes={{ float32 }}, types={{ numpy.ndarray }}
  * reach_boundary     -> present=100/100, shapes={{ scalar }}, dtypes={{ bool }}, types={{ bool }}
  * scaled_gradient    -> present=100/100, shapes={{ (256, 256) }}, dtypes={{ float32 }}, types={{ numpy.ndarray }}
  * step               -> present=100/100, shapes={{ scalar }}, dtypes={{ int }}, types={{ int }}
  * truth              -> present=100/100, shapes={{ (256, 256) }}, dtypes={{ float32 }}, types={{ numpy.ndarray }}
  * x0                 -> present=100/100, shapes={{ (256, 256) }}, dtypes={{ float32 }}, types={{ numpy.ndarray }}
================================================================================


================================================================================
[PKL] /blue/shiboli.fsu/yifeisun.umich/adversarial_robustness_FNO/2D_NS_FNO2d_recurrent/perturbation_results/adam_attacks_results_1solver/pickle_files/pgd_attack_records_modespec=wwwwwwwwww_norm2_alpha1.0_epsilon78.6432_steps100_idx1|adam_b10.9_b20.999_ae1e-08_sgn1_ams0.pkl
Top-level keys: ['steps', 'metadata']
  - steps        => type=list, shape/desc=list[len=100], dtype=None
  - metadata     => type=dict, shape/desc=dict[11 keys], dtype=None

[steps] length = 100
  * gradient           -> present=100/100, shapes={{ (256, 256) }}, dtypes={{ float32 }}, types={{ numpy.ndarray }}
  * loss               -> present=100/100, shapes={{ scalar }}, dtypes={{ float }}, types={{ float }}
  * output             -> present=100/100, shapes={{ (256, 256) }}, dtypes={{ float32 }}, types={{ numpy.ndarray }}
  * reach_boundary     -> present=100/100, shapes={{ scalar }}, dtypes={{ bool }}, types={{ bool }}
  * scaled_gradient    -> present=100/100, shapes={{ (256, 256) }}, dtypes={{ float32 }}, types={{ numpy.ndarray }}
  * step               -> present=100/100, shapes={{ scalar }}, dtypes={{ int }}, types={{ int }}
  * truth              -> present=100/100, shapes={{ (256, 256) }}, dtypes={{ float32 }}, types={{ numpy.ndarray }}
  * x0                 -> present=100/100, shapes={{ (256, 256) }}, dtypes={{ float32 }}, types={{ numpy.ndarray }}
================================================================================


================================================================================
[PKL] /blue/shiboli.fsu/yifeisun.umich/adversarial_robustness_FNO/2D_NS_FNO2d_recurrent/perturbation_results/adam_attacks_results_1solver/pickle_files/pgd_attack_records_modespec=dwdwdwdwdw_norm2_alpha1.0_epsilon78.6432_steps100_idx1|adam_b10.9_b20.999_ae1e-08_sgn1_ams0.pkl
Top-level keys: ['steps', 'metadata']
  - steps        => type=list, shape/desc=list[len=100], dtype=None
  - metadata     => type=dict, shape/desc=dict[11 keys], dtype=None

[steps] length = 100
  * gradient           -> present=100/100, shapes={{ (256, 256) }}, dtypes={{ float32 }}, types={{ numpy.ndarray }}
  * loss               -> present=100/100, shapes={{ scalar }}, dtypes={{ float }}, types={{ float }}
  * output             -> present=100/100, shapes={{ (256, 256) }}, dtypes={{ float32 }}, types={{ numpy.ndarray }}
  * reach_boundary     -> present=100/100, shapes={{ scalar }}, dtypes={{ bool }}, types={{ bool }}
  * scaled_gradient    -> present=100/100, shapes={{ (256, 256) }}, dtypes={{ float32 }}, types={{ numpy.ndarray }}
  * step               -> present=100/100, shapes={{ scalar }}, dtypes={{ int }}, types={{ int }}
  * truth              -> present=100/100, shapes={{ (256, 256) }}, dtypes={{ float32 }}, types={{ numpy.ndarray }}
  * x0                 -> present=100/100, shapes={{ (256, 256) }}, dtypes={{ float32 }}, types={{ numpy.ndarray }}
================================================================================

✅ 图像保存到: /blue/shiboli.fsu/yifeisun.umich/adversarial_robustness_FNO/2D_NS_FNO2d_recurrent/perturbation_results/adam_attacks_results_1solver/comparison_plots_modespec/true/modespec_comparison_norm=2_alpha=1.0_epsilon=78.6432_steps=100_idx=1.png
加载文件（组：('norm=2', 'alpha=1.0', 'epsilon=78.6432', 'steps=100', 'idx=1')）...
✅ 图像保存到: /blue/shiboli.fsu/yifeisun.umich/adversarial_robustness_FNO/2D_NS_FNO2d_recurrent/perturbation_results/adam_attacks_results_1solver/comparison_plots_modespec/surrogate/modespec_comparison_norm=2_alpha=1.0_epsilon=78.6432_steps=100_idx=1.png
ℹ️ surrogate图已跳过无surrogate_loss的文件: ['aaaaaaaaaw', 'aaawwwwwww', 'addddaaaaw', 'addddddddw', 'dwdwdwdwdw', 'wwwwwwwwww']
加载文件（组：('norm=2', 'alpha=2.5', 'epsilon=13.1072', 'steps=100', 'idx=1')）...

================================================================================
[PKL] /blue/shiboli.fsu/yifeisun.umich/adversarial_robustness_FNO/2D_NS_FNO2d_recurrent/perturbation_results/adam_attacks_results_1solver/pickle_files/pgd_attack_records_modespec=aaaaaaaaaw_norm2_alpha2.5_epsilon13.1072_steps100_idx1|adam_b10.9_b20.999_ae1e-08_sgn1_ams0.pkl
Top-level keys: ['steps', 'metadata']
  - steps        => type=list, shape/desc=list[len=100], dtype=None
  - metadata     => type=dict, shape/desc=dict[11 keys], dtype=None

[steps] length = 100
  * gradient           -> present=100/100, shapes={{ (256, 256) }}, dtypes={{ float32 }}, types={{ numpy.ndarray }}
  * loss               -> present=100/100, shapes={{ scalar }}, dtypes={{ float }}, types={{ float }}
  * output             -> present=100/100, shapes={{ (256, 256) }}, dtypes={{ float32 }}, types={{ numpy.ndarray }}
  * reach_boundary     -> present=100/100, shapes={{ scalar }}, dtypes={{ bool }}, types={{ bool }}
  * scaled_gradient    -> present=100/100, shapes={{ (256, 256) }}, dtypes={{ float32 }}, types={{ numpy.ndarray }}
  * step               -> present=100/100, shapes={{ scalar }}, dtypes={{ int }}, types={{ int }}
  * truth              -> present=100/100, shapes={{ (256, 256) }}, dtypes={{ float32 }}, types={{ numpy.ndarray }}
  * x0                 -> present=100/100, shapes={{ (256, 256) }}, dtypes={{ float32 }}, types={{ numpy.ndarray }}
================================================================================


================================================================================
[PKL] /blue/shiboli.fsu/yifeisun.umich/adversarial_robustness_FNO/2D_NS_FNO2d_recurrent/perturbation_results/adam_attacks_results_1solver/pickle_files/pgd_attack_records_modespec=addddaaaaw_norm2_alpha2.5_epsilon13.1072_steps100_idx1|adam_b10.9_b20.999_ae1e-08_sgn1_ams0.pkl
Top-level keys: ['steps', 'metadata']
  - steps        => type=list, shape/desc=list[len=100], dtype=None
  - metadata     => type=dict, shape/desc=dict[11 keys], dtype=None

[steps] length = 100
  * gradient           -> present=100/100, shapes={{ (256, 256) }}, dtypes={{ float32 }}, types={{ numpy.ndarray }}
  * loss               -> present=100/100, shapes={{ scalar }}, dtypes={{ float }}, types={{ float }}
  * output             -> present=100/100, shapes={{ (256, 256) }}, dtypes={{ float32 }}, types={{ numpy.ndarray }}
  * reach_boundary     -> present=100/100, shapes={{ scalar }}, dtypes={{ bool }}, types={{ bool }}
  * scaled_gradient    -> present=100/100, shapes={{ (256, 256) }}, dtypes={{ float32 }}, types={{ numpy.ndarray }}
  * step               -> present=100/100, shapes={{ scalar }}, dtypes={{ int }}, types={{ int }}
  * truth              -> present=100/100, shapes={{ (256, 256) }}, dtypes={{ float32 }}, types={{ numpy.ndarray }}
  * x0                 -> present=100/100, shapes={{ (256, 256) }}, dtypes={{ float32 }}, types={{ numpy.ndarray }}
================================================================================


================================================================================
[PKL] /blue/shiboli.fsu/yifeisun.umich/adversarial_robustness_FNO/2D_NS_FNO2d_recurrent/perturbation_results/adam_attacks_results_1solver/pickle_files/pgd_attack_records_modespec=aaawwwwwww_norm2_alpha2.5_epsilon13.1072_steps100_idx1|adam_b10.9_b20.999_ae1e-08_sgn1_ams0.pkl
Top-level keys: ['steps', 'metadata']
  - steps        => type=list, shape/desc=list[len=100], dtype=None
  - metadata     => type=dict, shape/desc=dict[11 keys], dtype=None

[steps] length = 100
  * gradient           -> present=100/100, shapes={{ (256, 256) }}, dtypes={{ float32 }}, types={{ numpy.ndarray }}
  * loss               -> present=100/100, shapes={{ scalar }}, dtypes={{ float }}, types={{ float }}
  * output             -> present=100/100, shapes={{ (256, 256) }}, dtypes={{ float32 }}, types={{ numpy.ndarray }}
  * reach_boundary     -> present=100/100, shapes={{ scalar }}, dtypes={{ bool }}, types={{ bool }}
  * scaled_gradient    -> present=100/100, shapes={{ (256, 256) }}, dtypes={{ float32 }}, types={{ numpy.ndarray }}
  * step               -> present=100/100, shapes={{ scalar }}, dtypes={{ int }}, types={{ int }}
  * truth              -> present=100/100, shapes={{ (256, 256) }}, dtypes={{ float32 }}, types={{ numpy.ndarray }}
  * x0                 -> present=100/100, shapes={{ (256, 256) }}, dtypes={{ float32 }}, types={{ numpy.ndarray }}
================================================================================


================================================================================
[PKL] /blue/shiboli.fsu/yifeisun.umich/adversarial_robustness_FNO/2D_NS_FNO2d_recurrent/perturbation_results/adam_attacks_results_1solver/pickle_files/pgd_attack_records_modespec=dwdwdwdwdw_norm2_alpha2.5_epsilon13.1072_steps100_idx1|adam_b10.9_b20.999_ae1e-08_sgn1_ams0.pkl
Top-level keys: ['steps', 'metadata']
  - steps        => type=list, shape/desc=list[len=100], dtype=None
  - metadata     => type=dict, shape/desc=dict[11 keys], dtype=None

[steps] length = 100
  * gradient           -> present=100/100, shapes={{ (256, 256) }}, dtypes={{ float32 }}, types={{ numpy.ndarray }}
  * loss               -> present=100/100, shapes={{ scalar }}, dtypes={{ float }}, types={{ float }}
  * output             -> present=100/100, shapes={{ (256, 256) }}, dtypes={{ float32 }}, types={{ numpy.ndarray }}
  * reach_boundary     -> present=100/100, shapes={{ scalar }}, dtypes={{ bool }}, types={{ bool }}
  * scaled_gradient    -> present=100/100, shapes={{ (256, 256) }}, dtypes={{ float32 }}, types={{ numpy.ndarray }}
  * step               -> present=100/100, shapes={{ scalar }}, dtypes={{ int }}, types={{ int }}
  * truth              -> present=100/100, shapes={{ (256, 256) }}, dtypes={{ float32 }}, types={{ numpy.ndarray }}
  * x0                 -> present=100/100, shapes={{ (256, 256) }}, dtypes={{ float32 }}, types={{ numpy.ndarray }}
================================================================================


================================================================================
[PKL] /blue/shiboli.fsu/yifeisun.umich/adversarial_robustness_FNO/2D_NS_FNO2d_recurrent/perturbation_results/adam_attacks_results_1solver/pickle_files/pgd_attack_records_modespec=wwwwwwwwww_norm2_alpha2.5_epsilon13.1072_steps100_idx1|adam_b10.9_b20.999_ae1e-08_sgn1_ams0.pkl
Top-level keys: ['steps', 'metadata']
  - steps        => type=list, shape/desc=list[len=100], dtype=None
  - metadata     => type=dict, shape/desc=dict[11 keys], dtype=None

[steps] length = 100
  * gradient           -> present=100/100, shapes={{ (256, 256) }}, dtypes={{ float32 }}, types={{ numpy.ndarray }}
  * loss               -> present=100/100, shapes={{ scalar }}, dtypes={{ float }}, types={{ float }}
  * output             -> present=100/100, shapes={{ (256, 256) }}, dtypes={{ float32 }}, types={{ numpy.ndarray }}
  * reach_boundary     -> present=100/100, shapes={{ scalar }}, dtypes={{ bool }}, types={{ bool }}
  * scaled_gradient    -> present=100/100, shapes={{ (256, 256) }}, dtypes={{ float32 }}, types={{ numpy.ndarray }}
  * step               -> present=100/100, shapes={{ scalar }}, dtypes={{ int }}, types={{ int }}
  * truth              -> present=100/100, shapes={{ (256, 256) }}, dtypes={{ float32 }}, types={{ numpy.ndarray }}
  * x0                 -> present=100/100, shapes={{ (256, 256) }}, dtypes={{ float32 }}, types={{ numpy.ndarray }}
================================================================================


================================================================================
[PKL] /blue/shiboli.fsu/yifeisun.umich/adversarial_robustness_FNO/2D_NS_FNO2d_recurrent/perturbation_results/adam_attacks_results_1solver/pickle_files/pgd_attack_records_modespec=addddddddw_norm2_alpha2.5_epsilon13.1072_steps100_idx1|adam_b10.9_b20.999_ae1e-08_sgn1_ams0.pkl
Top-level keys: ['steps', 'metadata']
  - steps        => type=list, shape/desc=list[len=100], dtype=None
  - metadata     => type=dict, shape/desc=dict[11 keys], dtype=None

[steps] length = 100
  * gradient           -> present=100/100, shapes={{ (256, 256) }}, dtypes={{ float32 }}, types={{ numpy.ndarray }}
  * loss               -> present=100/100, shapes={{ scalar }}, dtypes={{ float }}, types={{ float }}
  * output             -> present=100/100, shapes={{ (256, 256) }}, dtypes={{ float32 }}, types={{ numpy.ndarray }}
  * reach_boundary     -> present=100/100, shapes={{ scalar }}, dtypes={{ bool }}, types={{ bool }}
  * scaled_gradient    -> present=100/100, shapes={{ (256, 256) }}, dtypes={{ float32 }}, types={{ numpy.ndarray }}
  * step               -> present=100/100, shapes={{ scalar }}, dtypes={{ int }}, types={{ int }}
  * truth              -> present=100/100, shapes={{ (256, 256) }}, dtypes={{ float32 }}, types={{ numpy.ndarray }}
  * x0                 -> present=100/100, shapes={{ (256, 256) }}, dtypes={{ float32 }}, types={{ numpy.ndarray }}
================================================================================

✅ 图像保存到: /blue/shiboli.fsu/yifeisun.umich/adversarial_robustness_FNO/2D_NS_FNO2d_recurrent/perturbation_results/adam_attacks_results_1solver/comparison_plots_modespec/true/modespec_comparison_norm=2_alpha=2.5_epsilon=13.1072_steps=100_idx=1.png
加载文件（组：('norm=2', 'alpha=2.5', 'epsilon=13.1072', 'steps=100', 'idx=1')）...
✅ 图像保存到: /blue/shiboli.fsu/yifeisun.umich/adversarial_robustness_FNO/2D_NS_FNO2d_recurrent/perturbation_results/adam_attacks_results_1solver/comparison_plots_modespec/surrogate/modespec_comparison_norm=2_alpha=2.5_epsilon=13.1072_steps=100_idx=1.png
ℹ️ surrogate图已跳过无surrogate_loss的文件: ['aaaaaaaaaw', 'aaawwwwwww', 'addddaaaaw', 'addddddddw', 'dwdwdwdwdw', 'wwwwwwwwww']
