c0900a-s25.ufhpc
Sun Jul  6 11:14:43 PM EDT 2025
/blue/shiboli.fsu/yifeisun.umich/adversarial_robustness_FNO
Training FNO3d
Variable        Value     
-------------------------
ntrain          1000      
ntest           100       
batch_size      20        
learning_rate   0.001     
modes12         64        
modes3          6         
width           60        
s               256       
T_in            10        
T               10        
step            1         
iterations      25000     
sub             1         
2831214841
Model saved to /blue/shiboli.fsu/yifeisun.umich/adversarial_robustness_FNO/2D_NS_FNO3d/saved_models/3D/modes1264_modes36_width60_epochs500_Tin10_T10/NS_3d_FNO_model_trainedby_dim2d_nx256_N1150_solver=exponax_nu0.000_t20.0_train_all_frames.pth
