c1000a-s15.ufhpc
Sun Sep  7 10:54:44 PM EDT 2025
/blue/shiboli.fsu/yifeisun.umich/adversarial_robustness_FNO
🔎 使用根目录: /blue/shiboli.fsu/yifeisun.umich/adversarial_robustness_FNO/2D_NS_FNO2d_recurrent/perturbation_results/adam_attacks_results_1solver_batch/pickle_files/perturbation_results_batch_integer_frames  (检测到 per-sample PKL 数: 15)
分组数量: 15
('norm=2', 'alpha=1.0', 'epsilon=13.1072', 'steps=100', 'gid=5') => ['wwwwwwwwww']
('norm=2', 'alpha=1.0', 'epsilon=13.1072', 'steps=100', 'gid=6') => ['wwwwwwwwww']
('norm=2', 'alpha=1.0', 'epsilon=13.1072', 'steps=100', 'gid=9') => ['wwwwwwwwww']
('norm=2', 'alpha=1.0', 'epsilon=13.1072', 'steps=100', 'gid=8') => ['wwwwwwwwww']
('norm=2', 'alpha=1.0', 'epsilon=13.1072', 'steps=100', 'gid=7') => ['wwwwwwwwww']
('norm=2', 'alpha=1.0', 'epsilon=39.3216', 'steps=100', 'gid=3') => ['wwwwwwwwww']
('norm=2', 'alpha=1.0', 'epsilon=39.3216', 'steps=100', 'gid=1') => ['wwwwwwwwww']
('norm=2', 'alpha=1.0', 'epsilon=39.3216', 'steps=100', 'gid=4') => ['wwwwwwwwww']
('norm=2', 'alpha=1.0', 'epsilon=39.3216', 'steps=100', 'gid=0') => ['wwwwwwwwww']
('norm=2', 'alpha=1.0', 'epsilon=39.3216', 'steps=100', 'gid=2') => ['wwwwwwwwww']
('norm=2', 'alpha=1.0', 'epsilon=13.1072', 'steps=100', 'gid=0') => ['wwwwwwwwww']
('norm=2', 'alpha=1.0', 'epsilon=13.1072', 'steps=100', 'gid=3') => ['wwwwwwwwww']
('norm=2', 'alpha=1.0', 'epsilon=13.1072', 'steps=100', 'gid=4') => ['wwwwwwwwww']
('norm=2', 'alpha=1.0', 'epsilon=13.1072', 'steps=100', 'gid=2') => ['wwwwwwwwww']
('norm=2', 'alpha=1.0', 'epsilon=13.1072', 'steps=100', 'gid=1') => ['wwwwwwwwww']
✅ Figure saved to: /blue/shiboli.fsu/yifeisun.umich/adversarial_robustness_FNO/2D_NS_FNO2d_recurrent/perturbation_results/adam_attacks_results_1solver_batch/pickle_files/perturbation_results_batch_integer_frames/results/perturbation_results_batch_integer_frames/comparison_plots_modespec/loss_per_sample_mean/modespec_comparison_norm=2_alpha=1.0_epsilon=13.1072_steps=100_gid=0.png
✅ Figure saved to: /blue/shiboli.fsu/yifeisun.umich/adversarial_robustness_FNO/2D_NS_FNO2d_recurrent/perturbation_results/adam_attacks_results_1solver_batch/pickle_files/perturbation_results_batch_integer_frames/results/perturbation_results_batch_integer_frames/comparison_plots_modespec/loss_per_sample_mean/modespec_comparison_norm=2_alpha=1.0_epsilon=13.1072_steps=100_gid=1.png
✅ Figure saved to: /blue/shiboli.fsu/yifeisun.umich/adversarial_robustness_FNO/2D_NS_FNO2d_recurrent/perturbation_results/adam_attacks_results_1solver_batch/pickle_files/perturbation_results_batch_integer_frames/results/perturbation_results_batch_integer_frames/comparison_plots_modespec/loss_per_sample_mean/modespec_comparison_norm=2_alpha=1.0_epsilon=13.1072_steps=100_gid=2.png
✅ Figure saved to: /blue/shiboli.fsu/yifeisun.umich/adversarial_robustness_FNO/2D_NS_FNO2d_recurrent/perturbation_results/adam_attacks_results_1solver_batch/pickle_files/perturbation_results_batch_integer_frames/results/perturbation_results_batch_integer_frames/comparison_plots_modespec/loss_per_sample_mean/modespec_comparison_norm=2_alpha=1.0_epsilon=13.1072_steps=100_gid=3.png
✅ Figure saved to: /blue/shiboli.fsu/yifeisun.umich/adversarial_robustness_FNO/2D_NS_FNO2d_recurrent/perturbation_results/adam_attacks_results_1solver_batch/pickle_files/perturbation_results_batch_integer_frames/results/perturbation_results_batch_integer_frames/comparison_plots_modespec/loss_per_sample_mean/modespec_comparison_norm=2_alpha=1.0_epsilon=13.1072_steps=100_gid=4.png
✅ Figure saved to: /blue/shiboli.fsu/yifeisun.umich/adversarial_robustness_FNO/2D_NS_FNO2d_recurrent/perturbation_results/adam_attacks_results_1solver_batch/pickle_files/perturbation_results_batch_integer_frames/results/perturbation_results_batch_integer_frames/comparison_plots_modespec/loss_per_sample_mean/modespec_comparison_norm=2_alpha=1.0_epsilon=13.1072_steps=100_gid=5.png
✅ Figure saved to: /blue/shiboli.fsu/yifeisun.umich/adversarial_robustness_FNO/2D_NS_FNO2d_recurrent/perturbation_results/adam_attacks_results_1solver_batch/pickle_files/perturbation_results_batch_integer_frames/results/perturbation_results_batch_integer_frames/comparison_plots_modespec/loss_per_sample_mean/modespec_comparison_norm=2_alpha=1.0_epsilon=13.1072_steps=100_gid=6.png
✅ Figure saved to: /blue/shiboli.fsu/yifeisun.umich/adversarial_robustness_FNO/2D_NS_FNO2d_recurrent/perturbation_results/adam_attacks_results_1solver_batch/pickle_files/perturbation_results_batch_integer_frames/results/perturbation_results_batch_integer_frames/comparison_plots_modespec/loss_per_sample_mean/modespec_comparison_norm=2_alpha=1.0_epsilon=13.1072_steps=100_gid=7.png
✅ Figure saved to: /blue/shiboli.fsu/yifeisun.umich/adversarial_robustness_FNO/2D_NS_FNO2d_recurrent/perturbation_results/adam_attacks_results_1solver_batch/pickle_files/perturbation_results_batch_integer_frames/results/perturbation_results_batch_integer_frames/comparison_plots_modespec/loss_per_sample_mean/modespec_comparison_norm=2_alpha=1.0_epsilon=13.1072_steps=100_gid=8.png
✅ Figure saved to: /blue/shiboli.fsu/yifeisun.umich/adversarial_robustness_FNO/2D_NS_FNO2d_recurrent/perturbation_results/adam_attacks_results_1solver_batch/pickle_files/perturbation_results_batch_integer_frames/results/perturbation_results_batch_integer_frames/comparison_plots_modespec/loss_per_sample_mean/modespec_comparison_norm=2_alpha=1.0_epsilon=13.1072_steps=100_gid=9.png
✅ Figure saved to: /blue/shiboli.fsu/yifeisun.umich/adversarial_robustness_FNO/2D_NS_FNO2d_recurrent/perturbation_results/adam_attacks_results_1solver_batch/pickle_files/perturbation_results_batch_integer_frames/results/perturbation_results_batch_integer_frames/comparison_plots_modespec/loss_per_sample_mean/modespec_comparison_norm=2_alpha=1.0_epsilon=39.3216_steps=100_gid=0.png
✅ Figure saved to: /blue/shiboli.fsu/yifeisun.umich/adversarial_robustness_FNO/2D_NS_FNO2d_recurrent/perturbation_results/adam_attacks_results_1solver_batch/pickle_files/perturbation_results_batch_integer_frames/results/perturbation_results_batch_integer_frames/comparison_plots_modespec/loss_per_sample_mean/modespec_comparison_norm=2_alpha=1.0_epsilon=39.3216_steps=100_gid=1.png
✅ Figure saved to: /blue/shiboli.fsu/yifeisun.umich/adversarial_robustness_FNO/2D_NS_FNO2d_recurrent/perturbation_results/adam_attacks_results_1solver_batch/pickle_files/perturbation_results_batch_integer_frames/results/perturbation_results_batch_integer_frames/comparison_plots_modespec/loss_per_sample_mean/modespec_comparison_norm=2_alpha=1.0_epsilon=39.3216_steps=100_gid=2.png
✅ Figure saved to: /blue/shiboli.fsu/yifeisun.umich/adversarial_robustness_FNO/2D_NS_FNO2d_recurrent/perturbation_results/adam_attacks_results_1solver_batch/pickle_files/perturbation_results_batch_integer_frames/results/perturbation_results_batch_integer_frames/comparison_plots_modespec/loss_per_sample_mean/modespec_comparison_norm=2_alpha=1.0_epsilon=39.3216_steps=100_gid=3.png
✅ Figure saved to: /blue/shiboli.fsu/yifeisun.umich/adversarial_robustness_FNO/2D_NS_FNO2d_recurrent/perturbation_results/adam_attacks_results_1solver_batch/pickle_files/perturbation_results_batch_integer_frames/results/perturbation_results_batch_integer_frames/comparison_plots_modespec/loss_per_sample_mean/modespec_comparison_norm=2_alpha=1.0_epsilon=39.3216_steps=100_gid=4.png
