c0909a-s5.ufhpc
Sun Sep  7 09:49:45 PM EDT 2025
/blue/shiboli.fsu/yifeisun.umich/adversarial_robustness_FNO
分组键数量: 11
('norm=2', 'alpha=1.0', 'epsilon=13.1072', 'steps=100', 'idx=3') => ['wwwwwwwwww']
('norm=2', 'alpha=1.0', 'epsilon=13.1072', 'steps=100', 'idx=6') => ['wwwwwwwwww']
('norm=2', 'alpha=1.0', 'epsilon=13.1072', 'steps=100', 'idx=1') => ['wwwwwwwwww']
('norm=2', 'alpha=1.0', 'epsilon=13.1072', 'steps=100', 'idx=4') => ['wwwwwwwwww']
('norm=2', 'alpha=1.0', 'epsilon=13.1072', 'steps=100', 'idx=5') => ['wwwwwwwwww']
('norm=2', 'alpha=1.0', 'epsilon=13.1072', 'steps=100', 'idx=9') => ['wwwwwwwwww']
('norm=2', 'alpha=1.0', 'epsilon=13.1072', 'steps=100', 'idx=7') => ['wwwwwwwwww']
('norm=2', 'alpha=1.0', 'epsilon=13.1072', 'steps=100', 'idx=2') => ['wwwwwwwwww']
('norm=2', 'alpha=1.0', 'epsilon=39.3216', 'steps=100', 'idx=0') => ['wwwwwwwwww']
('norm=2', 'alpha=1.0', 'epsilon=13.1072', 'steps=100', 'idx=8') => ['wwwwwwwwww']
('norm=2', 'alpha=1.0', 'epsilon=13.1072', 'steps=100', 'idx=0') => ['wwwwwwwwww']
Loading files (group: ('norm=2', 'alpha=1.0', 'epsilon=13.1072', 'steps=100', 'idx=3')) ...

================================================================================
[PKL] /blue/shiboli.fsu/yifeisun.umich/adversarial_robustness_FNO/2D_NS_FNO2d_recurrent/perturbation_results/adam_attacks_results_1solver_batch/pickle_files/perturbation_results_1solver_1sample_all_dt_in_memory/pgd_attack_records_modespec=wwwwwwwwww_norm2_alpha1.0_epsilon13.1072_steps100_idx3|adam_b10.9_b20.999_ae1e-08_sgn1_ams0.pkl
Top-level keys: ['steps', 'metadata']
  - steps        => type=list, shape/desc=list[len=100], dtype=None
  - metadata     => type=dict, shape/desc=dict[11 keys], dtype=None

[steps] length = 100
  * gradient           -> present=100/100, shapes={{ (256, 256) }}, dtypes={{ float32 }}, types={{ numpy.ndarray }}
  * loss               -> present=100/100, shapes={{ scalar }}, dtypes={{ float }}, types={{ float }}
  * output             -> present=100/100, shapes={{ (256, 256) }}, dtypes={{ float32 }}, types={{ numpy.ndarray }}
  * reach_boundary     -> present=100/100, shapes={{ scalar }}, dtypes={{ bool }}, types={{ bool }}
  * scaled_gradient    -> present=100/100, shapes={{ (256, 256) }}, dtypes={{ float32 }}, types={{ numpy.ndarray }}
  * step               -> present=100/100, shapes={{ scalar }}, dtypes={{ int }}, types={{ int }}
  * truth              -> present=100/100, shapes={{ (256, 256) }}, dtypes={{ float32 }}, types={{ numpy.ndarray }}
  * x0                 -> present=100/100, shapes={{ (256, 256) }}, dtypes={{ float32 }}, types={{ numpy.ndarray }}
================================================================================

✅ Figure saved to: /blue/shiboli.fsu/yifeisun.umich/adversarial_robustness_FNO/2D_NS_FNO2d_recurrent/perturbation_results/adam_attacks_results_1solver_batch/results/perturbation_results_1solver_1sample_all_dt_in_memory/comparison_plots_modespec/true/modespec_comparison_norm=2_alpha=1.0_epsilon=13.1072_steps=100_idx=3.png
Loading files (group: ('norm=2', 'alpha=1.0', 'epsilon=13.1072', 'steps=100', 'idx=3')) ...
✅ Figure saved to: /blue/shiboli.fsu/yifeisun.umich/adversarial_robustness_FNO/2D_NS_FNO2d_recurrent/perturbation_results/adam_attacks_results_1solver_batch/comparison_plots_modespec/surrogate/modespec_comparison_norm=2_alpha=1.0_epsilon=13.1072_steps=100_idx=3.png
ℹ️ Skipped (no surrogate_loss recorded): ['wwwwwwwwww']
Loading files (group: ('norm=2', 'alpha=1.0', 'epsilon=13.1072', 'steps=100', 'idx=6')) ...

================================================================================
[PKL] /blue/shiboli.fsu/yifeisun.umich/adversarial_robustness_FNO/2D_NS_FNO2d_recurrent/perturbation_results/adam_attacks_results_1solver_batch/pickle_files/perturbation_results_1solver_1sample_all_dt_in_memory/pgd_attack_records_modespec=wwwwwwwwww_norm2_alpha1.0_epsilon13.1072_steps100_idx6|adam_b10.9_b20.999_ae1e-08_sgn1_ams0.pkl
Top-level keys: ['steps', 'metadata']
  - steps        => type=list, shape/desc=list[len=100], dtype=None
  - metadata     => type=dict, shape/desc=dict[11 keys], dtype=None

[steps] length = 100
  * gradient           -> present=100/100, shapes={{ (256, 256) }}, dtypes={{ float32 }}, types={{ numpy.ndarray }}
  * loss               -> present=100/100, shapes={{ scalar }}, dtypes={{ float }}, types={{ float }}
  * output             -> present=100/100, shapes={{ (256, 256) }}, dtypes={{ float32 }}, types={{ numpy.ndarray }}
  * reach_boundary     -> present=100/100, shapes={{ scalar }}, dtypes={{ bool }}, types={{ bool }}
  * scaled_gradient    -> present=100/100, shapes={{ (256, 256) }}, dtypes={{ float32 }}, types={{ numpy.ndarray }}
  * step               -> present=100/100, shapes={{ scalar }}, dtypes={{ int }}, types={{ int }}
  * truth              -> present=100/100, shapes={{ (256, 256) }}, dtypes={{ float32 }}, types={{ numpy.ndarray }}
  * x0                 -> present=100/100, shapes={{ (256, 256) }}, dtypes={{ float32 }}, types={{ numpy.ndarray }}
================================================================================

✅ Figure saved to: /blue/shiboli.fsu/yifeisun.umich/adversarial_robustness_FNO/2D_NS_FNO2d_recurrent/perturbation_results/adam_attacks_results_1solver_batch/results/perturbation_results_1solver_1sample_all_dt_in_memory/comparison_plots_modespec/true/modespec_comparison_norm=2_alpha=1.0_epsilon=13.1072_steps=100_idx=6.png
Loading files (group: ('norm=2', 'alpha=1.0', 'epsilon=13.1072', 'steps=100', 'idx=6')) ...
✅ Figure saved to: /blue/shiboli.fsu/yifeisun.umich/adversarial_robustness_FNO/2D_NS_FNO2d_recurrent/perturbation_results/adam_attacks_results_1solver_batch/comparison_plots_modespec/surrogate/modespec_comparison_norm=2_alpha=1.0_epsilon=13.1072_steps=100_idx=6.png
ℹ️ Skipped (no surrogate_loss recorded): ['wwwwwwwwww']
Loading files (group: ('norm=2', 'alpha=1.0', 'epsilon=13.1072', 'steps=100', 'idx=1')) ...

================================================================================
[PKL] /blue/shiboli.fsu/yifeisun.umich/adversarial_robustness_FNO/2D_NS_FNO2d_recurrent/perturbation_results/adam_attacks_results_1solver_batch/pickle_files/perturbation_results_1solver_1sample_all_dt_in_memory/pgd_attack_records_modespec=wwwwwwwwww_norm2_alpha1.0_epsilon13.1072_steps100_idx1|adam_b10.9_b20.999_ae1e-08_sgn1_ams0.pkl
Top-level keys: ['steps', 'metadata']
  - steps        => type=list, shape/desc=list[len=100], dtype=None
  - metadata     => type=dict, shape/desc=dict[11 keys], dtype=None

[steps] length = 100
  * gradient           -> present=100/100, shapes={{ (256, 256) }}, dtypes={{ float32 }}, types={{ numpy.ndarray }}
  * loss               -> present=100/100, shapes={{ scalar }}, dtypes={{ float }}, types={{ float }}
  * output             -> present=100/100, shapes={{ (256, 256) }}, dtypes={{ float32 }}, types={{ numpy.ndarray }}
  * reach_boundary     -> present=100/100, shapes={{ scalar }}, dtypes={{ bool }}, types={{ bool }}
  * scaled_gradient    -> present=100/100, shapes={{ (256, 256) }}, dtypes={{ float32 }}, types={{ numpy.ndarray }}
  * step               -> present=100/100, shapes={{ scalar }}, dtypes={{ int }}, types={{ int }}
  * truth              -> present=100/100, shapes={{ (256, 256) }}, dtypes={{ float32 }}, types={{ numpy.ndarray }}
  * x0                 -> present=100/100, shapes={{ (256, 256) }}, dtypes={{ float32 }}, types={{ numpy.ndarray }}
================================================================================

✅ Figure saved to: /blue/shiboli.fsu/yifeisun.umich/adversarial_robustness_FNO/2D_NS_FNO2d_recurrent/perturbation_results/adam_attacks_results_1solver_batch/results/perturbation_results_1solver_1sample_all_dt_in_memory/comparison_plots_modespec/true/modespec_comparison_norm=2_alpha=1.0_epsilon=13.1072_steps=100_idx=1.png
Loading files (group: ('norm=2', 'alpha=1.0', 'epsilon=13.1072', 'steps=100', 'idx=1')) ...
✅ Figure saved to: /blue/shiboli.fsu/yifeisun.umich/adversarial_robustness_FNO/2D_NS_FNO2d_recurrent/perturbation_results/adam_attacks_results_1solver_batch/comparison_plots_modespec/surrogate/modespec_comparison_norm=2_alpha=1.0_epsilon=13.1072_steps=100_idx=1.png
ℹ️ Skipped (no surrogate_loss recorded): ['wwwwwwwwww']
Loading files (group: ('norm=2', 'alpha=1.0', 'epsilon=13.1072', 'steps=100', 'idx=4')) ...

================================================================================
[PKL] /blue/shiboli.fsu/yifeisun.umich/adversarial_robustness_FNO/2D_NS_FNO2d_recurrent/perturbation_results/adam_attacks_results_1solver_batch/pickle_files/perturbation_results_1solver_1sample_all_dt_in_memory/pgd_attack_records_modespec=wwwwwwwwww_norm2_alpha1.0_epsilon13.1072_steps100_idx4|adam_b10.9_b20.999_ae1e-08_sgn1_ams0.pkl
Top-level keys: ['steps', 'metadata']
  - steps        => type=list, shape/desc=list[len=100], dtype=None
  - metadata     => type=dict, shape/desc=dict[11 keys], dtype=None

[steps] length = 100
  * gradient           -> present=100/100, shapes={{ (256, 256) }}, dtypes={{ float32 }}, types={{ numpy.ndarray }}
  * loss               -> present=100/100, shapes={{ scalar }}, dtypes={{ float }}, types={{ float }}
  * output             -> present=100/100, shapes={{ (256, 256) }}, dtypes={{ float32 }}, types={{ numpy.ndarray }}
  * reach_boundary     -> present=100/100, shapes={{ scalar }}, dtypes={{ bool }}, types={{ bool }}
  * scaled_gradient    -> present=100/100, shapes={{ (256, 256) }}, dtypes={{ float32 }}, types={{ numpy.ndarray }}
  * step               -> present=100/100, shapes={{ scalar }}, dtypes={{ int }}, types={{ int }}
  * truth              -> present=100/100, shapes={{ (256, 256) }}, dtypes={{ float32 }}, types={{ numpy.ndarray }}
  * x0                 -> present=100/100, shapes={{ (256, 256) }}, dtypes={{ float32 }}, types={{ numpy.ndarray }}
================================================================================

✅ Figure saved to: /blue/shiboli.fsu/yifeisun.umich/adversarial_robustness_FNO/2D_NS_FNO2d_recurrent/perturbation_results/adam_attacks_results_1solver_batch/results/perturbation_results_1solver_1sample_all_dt_in_memory/comparison_plots_modespec/true/modespec_comparison_norm=2_alpha=1.0_epsilon=13.1072_steps=100_idx=4.png
Loading files (group: ('norm=2', 'alpha=1.0', 'epsilon=13.1072', 'steps=100', 'idx=4')) ...
✅ Figure saved to: /blue/shiboli.fsu/yifeisun.umich/adversarial_robustness_FNO/2D_NS_FNO2d_recurrent/perturbation_results/adam_attacks_results_1solver_batch/comparison_plots_modespec/surrogate/modespec_comparison_norm=2_alpha=1.0_epsilon=13.1072_steps=100_idx=4.png
ℹ️ Skipped (no surrogate_loss recorded): ['wwwwwwwwww']
Loading files (group: ('norm=2', 'alpha=1.0', 'epsilon=13.1072', 'steps=100', 'idx=5')) ...

================================================================================
[PKL] /blue/shiboli.fsu/yifeisun.umich/adversarial_robustness_FNO/2D_NS_FNO2d_recurrent/perturbation_results/adam_attacks_results_1solver_batch/pickle_files/perturbation_results_1solver_1sample_all_dt_in_memory/pgd_attack_records_modespec=wwwwwwwwww_norm2_alpha1.0_epsilon13.1072_steps100_idx5|adam_b10.9_b20.999_ae1e-08_sgn1_ams0.pkl
Top-level keys: ['steps', 'metadata']
  - steps        => type=list, shape/desc=list[len=100], dtype=None
  - metadata     => type=dict, shape/desc=dict[11 keys], dtype=None

[steps] length = 100
  * gradient           -> present=100/100, shapes={{ (256, 256) }}, dtypes={{ float32 }}, types={{ numpy.ndarray }}
  * loss               -> present=100/100, shapes={{ scalar }}, dtypes={{ float }}, types={{ float }}
  * output             -> present=100/100, shapes={{ (256, 256) }}, dtypes={{ float32 }}, types={{ numpy.ndarray }}
  * reach_boundary     -> present=100/100, shapes={{ scalar }}, dtypes={{ bool }}, types={{ bool }}
  * scaled_gradient    -> present=100/100, shapes={{ (256, 256) }}, dtypes={{ float32 }}, types={{ numpy.ndarray }}
  * step               -> present=100/100, shapes={{ scalar }}, dtypes={{ int }}, types={{ int }}
  * truth              -> present=100/100, shapes={{ (256, 256) }}, dtypes={{ float32 }}, types={{ numpy.ndarray }}
  * x0                 -> present=100/100, shapes={{ (256, 256) }}, dtypes={{ float32 }}, types={{ numpy.ndarray }}
================================================================================

✅ Figure saved to: /blue/shiboli.fsu/yifeisun.umich/adversarial_robustness_FNO/2D_NS_FNO2d_recurrent/perturbation_results/adam_attacks_results_1solver_batch/results/perturbation_results_1solver_1sample_all_dt_in_memory/comparison_plots_modespec/true/modespec_comparison_norm=2_alpha=1.0_epsilon=13.1072_steps=100_idx=5.png
Loading files (group: ('norm=2', 'alpha=1.0', 'epsilon=13.1072', 'steps=100', 'idx=5')) ...
✅ Figure saved to: /blue/shiboli.fsu/yifeisun.umich/adversarial_robustness_FNO/2D_NS_FNO2d_recurrent/perturbation_results/adam_attacks_results_1solver_batch/comparison_plots_modespec/surrogate/modespec_comparison_norm=2_alpha=1.0_epsilon=13.1072_steps=100_idx=5.png
ℹ️ Skipped (no surrogate_loss recorded): ['wwwwwwwwww']
Loading files (group: ('norm=2', 'alpha=1.0', 'epsilon=13.1072', 'steps=100', 'idx=9')) ...

================================================================================
[PKL] /blue/shiboli.fsu/yifeisun.umich/adversarial_robustness_FNO/2D_NS_FNO2d_recurrent/perturbation_results/adam_attacks_results_1solver_batch/pickle_files/perturbation_results_1solver_1sample_all_dt_in_memory/pgd_attack_records_modespec=wwwwwwwwww_norm2_alpha1.0_epsilon13.1072_steps100_idx9|adam_b10.9_b20.999_ae1e-08_sgn1_ams0.pkl
Top-level keys: ['steps', 'metadata']
  - steps        => type=list, shape/desc=list[len=100], dtype=None
  - metadata     => type=dict, shape/desc=dict[11 keys], dtype=None

[steps] length = 100
  * gradient           -> present=100/100, shapes={{ (256, 256) }}, dtypes={{ float32 }}, types={{ numpy.ndarray }}
  * loss               -> present=100/100, shapes={{ scalar }}, dtypes={{ float }}, types={{ float }}
  * output             -> present=100/100, shapes={{ (256, 256) }}, dtypes={{ float32 }}, types={{ numpy.ndarray }}
  * reach_boundary     -> present=100/100, shapes={{ scalar }}, dtypes={{ bool }}, types={{ bool }}
  * scaled_gradient    -> present=100/100, shapes={{ (256, 256) }}, dtypes={{ float32 }}, types={{ numpy.ndarray }}
  * step               -> present=100/100, shapes={{ scalar }}, dtypes={{ int }}, types={{ int }}
  * truth              -> present=100/100, shapes={{ (256, 256) }}, dtypes={{ float32 }}, types={{ numpy.ndarray }}
  * x0                 -> present=100/100, shapes={{ (256, 256) }}, dtypes={{ float32 }}, types={{ numpy.ndarray }}
================================================================================

✅ Figure saved to: /blue/shiboli.fsu/yifeisun.umich/adversarial_robustness_FNO/2D_NS_FNO2d_recurrent/perturbation_results/adam_attacks_results_1solver_batch/results/perturbation_results_1solver_1sample_all_dt_in_memory/comparison_plots_modespec/true/modespec_comparison_norm=2_alpha=1.0_epsilon=13.1072_steps=100_idx=9.png
Loading files (group: ('norm=2', 'alpha=1.0', 'epsilon=13.1072', 'steps=100', 'idx=9')) ...
✅ Figure saved to: /blue/shiboli.fsu/yifeisun.umich/adversarial_robustness_FNO/2D_NS_FNO2d_recurrent/perturbation_results/adam_attacks_results_1solver_batch/comparison_plots_modespec/surrogate/modespec_comparison_norm=2_alpha=1.0_epsilon=13.1072_steps=100_idx=9.png
ℹ️ Skipped (no surrogate_loss recorded): ['wwwwwwwwww']
Loading files (group: ('norm=2', 'alpha=1.0', 'epsilon=13.1072', 'steps=100', 'idx=7')) ...

================================================================================
[PKL] /blue/shiboli.fsu/yifeisun.umich/adversarial_robustness_FNO/2D_NS_FNO2d_recurrent/perturbation_results/adam_attacks_results_1solver_batch/pickle_files/perturbation_results_1solver_1sample_all_dt_in_memory/pgd_attack_records_modespec=wwwwwwwwww_norm2_alpha1.0_epsilon13.1072_steps100_idx7|adam_b10.9_b20.999_ae1e-08_sgn1_ams0.pkl
Top-level keys: ['steps', 'metadata']
  - steps        => type=list, shape/desc=list[len=100], dtype=None
  - metadata     => type=dict, shape/desc=dict[11 keys], dtype=None

[steps] length = 100
  * gradient           -> present=100/100, shapes={{ (256, 256) }}, dtypes={{ float32 }}, types={{ numpy.ndarray }}
  * loss               -> present=100/100, shapes={{ scalar }}, dtypes={{ float }}, types={{ float }}
  * output             -> present=100/100, shapes={{ (256, 256) }}, dtypes={{ float32 }}, types={{ numpy.ndarray }}
  * reach_boundary     -> present=100/100, shapes={{ scalar }}, dtypes={{ bool }}, types={{ bool }}
  * scaled_gradient    -> present=100/100, shapes={{ (256, 256) }}, dtypes={{ float32 }}, types={{ numpy.ndarray }}
  * step               -> present=100/100, shapes={{ scalar }}, dtypes={{ int }}, types={{ int }}
  * truth              -> present=100/100, shapes={{ (256, 256) }}, dtypes={{ float32 }}, types={{ numpy.ndarray }}
  * x0                 -> present=100/100, shapes={{ (256, 256) }}, dtypes={{ float32 }}, types={{ numpy.ndarray }}
================================================================================

✅ Figure saved to: /blue/shiboli.fsu/yifeisun.umich/adversarial_robustness_FNO/2D_NS_FNO2d_recurrent/perturbation_results/adam_attacks_results_1solver_batch/results/perturbation_results_1solver_1sample_all_dt_in_memory/comparison_plots_modespec/true/modespec_comparison_norm=2_alpha=1.0_epsilon=13.1072_steps=100_idx=7.png
Loading files (group: ('norm=2', 'alpha=1.0', 'epsilon=13.1072', 'steps=100', 'idx=7')) ...
✅ Figure saved to: /blue/shiboli.fsu/yifeisun.umich/adversarial_robustness_FNO/2D_NS_FNO2d_recurrent/perturbation_results/adam_attacks_results_1solver_batch/comparison_plots_modespec/surrogate/modespec_comparison_norm=2_alpha=1.0_epsilon=13.1072_steps=100_idx=7.png
ℹ️ Skipped (no surrogate_loss recorded): ['wwwwwwwwww']
Loading files (group: ('norm=2', 'alpha=1.0', 'epsilon=13.1072', 'steps=100', 'idx=2')) ...

================================================================================
[PKL] /blue/shiboli.fsu/yifeisun.umich/adversarial_robustness_FNO/2D_NS_FNO2d_recurrent/perturbation_results/adam_attacks_results_1solver_batch/pickle_files/perturbation_results_1solver_1sample_all_dt_in_memory/pgd_attack_records_modespec=wwwwwwwwww_norm2_alpha1.0_epsilon13.1072_steps100_idx2|adam_b10.9_b20.999_ae1e-08_sgn1_ams0.pkl
Top-level keys: ['steps', 'metadata']
  - steps        => type=list, shape/desc=list[len=100], dtype=None
  - metadata     => type=dict, shape/desc=dict[11 keys], dtype=None

[steps] length = 100
  * gradient           -> present=100/100, shapes={{ (256, 256) }}, dtypes={{ float32 }}, types={{ numpy.ndarray }}
  * loss               -> present=100/100, shapes={{ scalar }}, dtypes={{ float }}, types={{ float }}
  * output             -> present=100/100, shapes={{ (256, 256) }}, dtypes={{ float32 }}, types={{ numpy.ndarray }}
  * reach_boundary     -> present=100/100, shapes={{ scalar }}, dtypes={{ bool }}, types={{ bool }}
  * scaled_gradient    -> present=100/100, shapes={{ (256, 256) }}, dtypes={{ float32 }}, types={{ numpy.ndarray }}
  * step               -> present=100/100, shapes={{ scalar }}, dtypes={{ int }}, types={{ int }}
  * truth              -> present=100/100, shapes={{ (256, 256) }}, dtypes={{ float32 }}, types={{ numpy.ndarray }}
  * x0                 -> present=100/100, shapes={{ (256, 256) }}, dtypes={{ float32 }}, types={{ numpy.ndarray }}
================================================================================

✅ Figure saved to: /blue/shiboli.fsu/yifeisun.umich/adversarial_robustness_FNO/2D_NS_FNO2d_recurrent/perturbation_results/adam_attacks_results_1solver_batch/results/perturbation_results_1solver_1sample_all_dt_in_memory/comparison_plots_modespec/true/modespec_comparison_norm=2_alpha=1.0_epsilon=13.1072_steps=100_idx=2.png
Loading files (group: ('norm=2', 'alpha=1.0', 'epsilon=13.1072', 'steps=100', 'idx=2')) ...
✅ Figure saved to: /blue/shiboli.fsu/yifeisun.umich/adversarial_robustness_FNO/2D_NS_FNO2d_recurrent/perturbation_results/adam_attacks_results_1solver_batch/comparison_plots_modespec/surrogate/modespec_comparison_norm=2_alpha=1.0_epsilon=13.1072_steps=100_idx=2.png
ℹ️ Skipped (no surrogate_loss recorded): ['wwwwwwwwww']
Loading files (group: ('norm=2', 'alpha=1.0', 'epsilon=39.3216', 'steps=100', 'idx=0')) ...

================================================================================
[PKL] /blue/shiboli.fsu/yifeisun.umich/adversarial_robustness_FNO/2D_NS_FNO2d_recurrent/perturbation_results/adam_attacks_results_1solver_batch/pickle_files/perturbation_results_1solver_1sample_all_dt_in_memory/pgd_attack_records_modespec=wwwwwwwwww_norm2_alpha1.0_epsilon39.3216_steps100_idx0|adam_b10.9_b20.999_ae1e-08_sgn1_ams0.pkl
Top-level keys: ['steps', 'metadata']
  - steps        => type=list, shape/desc=list[len=100], dtype=None
  - metadata     => type=dict, shape/desc=dict[11 keys], dtype=None

[steps] length = 100
  * gradient           -> present=100/100, shapes={{ (256, 256) }}, dtypes={{ float32 }}, types={{ numpy.ndarray }}
  * loss               -> present=100/100, shapes={{ scalar }}, dtypes={{ float }}, types={{ float }}
  * output             -> present=100/100, shapes={{ (256, 256) }}, dtypes={{ float32 }}, types={{ numpy.ndarray }}
  * reach_boundary     -> present=100/100, shapes={{ scalar }}, dtypes={{ bool }}, types={{ bool }}
  * scaled_gradient    -> present=100/100, shapes={{ (256, 256) }}, dtypes={{ float32 }}, types={{ numpy.ndarray }}
  * step               -> present=100/100, shapes={{ scalar }}, dtypes={{ int }}, types={{ int }}
  * truth              -> present=100/100, shapes={{ (256, 256) }}, dtypes={{ float32 }}, types={{ numpy.ndarray }}
  * x0                 -> present=100/100, shapes={{ (256, 256) }}, dtypes={{ float32 }}, types={{ numpy.ndarray }}
================================================================================

✅ Figure saved to: /blue/shiboli.fsu/yifeisun.umich/adversarial_robustness_FNO/2D_NS_FNO2d_recurrent/perturbation_results/adam_attacks_results_1solver_batch/results/perturbation_results_1solver_1sample_all_dt_in_memory/comparison_plots_modespec/true/modespec_comparison_norm=2_alpha=1.0_epsilon=39.3216_steps=100_idx=0.png
Loading files (group: ('norm=2', 'alpha=1.0', 'epsilon=39.3216', 'steps=100', 'idx=0')) ...
✅ Figure saved to: /blue/shiboli.fsu/yifeisun.umich/adversarial_robustness_FNO/2D_NS_FNO2d_recurrent/perturbation_results/adam_attacks_results_1solver_batch/comparison_plots_modespec/surrogate/modespec_comparison_norm=2_alpha=1.0_epsilon=39.3216_steps=100_idx=0.png
ℹ️ Skipped (no surrogate_loss recorded): ['wwwwwwwwww']
Loading files (group: ('norm=2', 'alpha=1.0', 'epsilon=13.1072', 'steps=100', 'idx=8')) ...

================================================================================
[PKL] /blue/shiboli.fsu/yifeisun.umich/adversarial_robustness_FNO/2D_NS_FNO2d_recurrent/perturbation_results/adam_attacks_results_1solver_batch/pickle_files/perturbation_results_1solver_1sample_all_dt_in_memory/pgd_attack_records_modespec=wwwwwwwwww_norm2_alpha1.0_epsilon13.1072_steps100_idx8|adam_b10.9_b20.999_ae1e-08_sgn1_ams0.pkl
Top-level keys: ['steps', 'metadata']
  - steps        => type=list, shape/desc=list[len=100], dtype=None
  - metadata     => type=dict, shape/desc=dict[11 keys], dtype=None

[steps] length = 100
  * gradient           -> present=100/100, shapes={{ (256, 256) }}, dtypes={{ float32 }}, types={{ numpy.ndarray }}
  * loss               -> present=100/100, shapes={{ scalar }}, dtypes={{ float }}, types={{ float }}
  * output             -> present=100/100, shapes={{ (256, 256) }}, dtypes={{ float32 }}, types={{ numpy.ndarray }}
  * reach_boundary     -> present=100/100, shapes={{ scalar }}, dtypes={{ bool }}, types={{ bool }}
  * scaled_gradient    -> present=100/100, shapes={{ (256, 256) }}, dtypes={{ float32 }}, types={{ numpy.ndarray }}
  * step               -> present=100/100, shapes={{ scalar }}, dtypes={{ int }}, types={{ int }}
  * truth              -> present=100/100, shapes={{ (256, 256) }}, dtypes={{ float32 }}, types={{ numpy.ndarray }}
  * x0                 -> present=100/100, shapes={{ (256, 256) }}, dtypes={{ float32 }}, types={{ numpy.ndarray }}
================================================================================

✅ Figure saved to: /blue/shiboli.fsu/yifeisun.umich/adversarial_robustness_FNO/2D_NS_FNO2d_recurrent/perturbation_results/adam_attacks_results_1solver_batch/results/perturbation_results_1solver_1sample_all_dt_in_memory/comparison_plots_modespec/true/modespec_comparison_norm=2_alpha=1.0_epsilon=13.1072_steps=100_idx=8.png
Loading files (group: ('norm=2', 'alpha=1.0', 'epsilon=13.1072', 'steps=100', 'idx=8')) ...
✅ Figure saved to: /blue/shiboli.fsu/yifeisun.umich/adversarial_robustness_FNO/2D_NS_FNO2d_recurrent/perturbation_results/adam_attacks_results_1solver_batch/comparison_plots_modespec/surrogate/modespec_comparison_norm=2_alpha=1.0_epsilon=13.1072_steps=100_idx=8.png
ℹ️ Skipped (no surrogate_loss recorded): ['wwwwwwwwww']
Loading files (group: ('norm=2', 'alpha=1.0', 'epsilon=13.1072', 'steps=100', 'idx=0')) ...

================================================================================
[PKL] /blue/shiboli.fsu/yifeisun.umich/adversarial_robustness_FNO/2D_NS_FNO2d_recurrent/perturbation_results/adam_attacks_results_1solver_batch/pickle_files/perturbation_results_1solver_1sample_all_dt_in_memory/pgd_attack_records_modespec=wwwwwwwwww_norm2_alpha1.0_epsilon13.1072_steps100_idx0|adam_b10.9_b20.999_ae1e-08_sgn1_ams0.pkl
Top-level keys: ['steps', 'metadata']
  - steps        => type=list, shape/desc=list[len=100], dtype=None
  - metadata     => type=dict, shape/desc=dict[11 keys], dtype=None

[steps] length = 100
  * gradient           -> present=100/100, shapes={{ (256, 256) }}, dtypes={{ float32 }}, types={{ numpy.ndarray }}
  * loss               -> present=100/100, shapes={{ scalar }}, dtypes={{ float }}, types={{ float }}
  * output             -> present=100/100, shapes={{ (256, 256) }}, dtypes={{ float32 }}, types={{ numpy.ndarray }}
  * reach_boundary     -> present=100/100, shapes={{ scalar }}, dtypes={{ bool }}, types={{ bool }}
  * scaled_gradient    -> present=100/100, shapes={{ (256, 256) }}, dtypes={{ float32 }}, types={{ numpy.ndarray }}
  * step               -> present=100/100, shapes={{ scalar }}, dtypes={{ int }}, types={{ int }}
  * truth              -> present=100/100, shapes={{ (256, 256) }}, dtypes={{ float32 }}, types={{ numpy.ndarray }}
  * x0                 -> present=100/100, shapes={{ (256, 256) }}, dtypes={{ float32 }}, types={{ numpy.ndarray }}
================================================================================

✅ Figure saved to: /blue/shiboli.fsu/yifeisun.umich/adversarial_robustness_FNO/2D_NS_FNO2d_recurrent/perturbation_results/adam_attacks_results_1solver_batch/results/perturbation_results_1solver_1sample_all_dt_in_memory/comparison_plots_modespec/true/modespec_comparison_norm=2_alpha=1.0_epsilon=13.1072_steps=100_idx=0.png
Loading files (group: ('norm=2', 'alpha=1.0', 'epsilon=13.1072', 'steps=100', 'idx=0')) ...
✅ Figure saved to: /blue/shiboli.fsu/yifeisun.umich/adversarial_robustness_FNO/2D_NS_FNO2d_recurrent/perturbation_results/adam_attacks_results_1solver_batch/comparison_plots_modespec/surrogate/modespec_comparison_norm=2_alpha=1.0_epsilon=13.1072_steps=100_idx=0.png
ℹ️ Skipped (no surrogate_loss recorded): ['wwwwwwwwww']
