c1009a-s25.ufhpc
Mon Sep  8 07:50:24 AM EDT 2025
/blue/shiboli.fsu/yifeisun.umich/adversarial_robustness_FNO
🔎 使用根目录: /blue/shiboli.fsu/yifeisun.umich/adversarial_robustness_FNO/2D_NS_FNO2d_recurrent/perturbation_results/adam_attacks_results_1solver_batch/pickle_files/perturbation_results_batch4_integer_frames  (检测到 per-sample PKL 数: 20)
分组数量: 20
('norm=2', 'alpha=1.0', 'epsilon=39.3216', 'steps=100', 'gid=7') => ['wwwwwwwwww']
('norm=2', 'alpha=1.0', 'epsilon=39.3216', 'steps=100', 'gid=4') => ['wwwwwwwwww']
('norm=2', 'alpha=1.0', 'epsilon=39.3216', 'steps=100', 'gid=6') => ['wwwwwwwwww']
('norm=2', 'alpha=1.0', 'epsilon=39.3216', 'steps=100', 'gid=5') => ['wwwwwwwwww']
('norm=2', 'alpha=1.0', 'epsilon=13.1072', 'steps=100', 'gid=9') => ['wwwwwwwwww']
('norm=2', 'alpha=1.0', 'epsilon=13.1072', 'steps=100', 'gid=8') => ['wwwwwwwwww']
('norm=2', 'alpha=1.0', 'epsilon=39.3216', 'steps=100', 'gid=2') => ['wwwwwwwwww']
('norm=2', 'alpha=1.0', 'epsilon=39.3216', 'steps=100', 'gid=1') => ['wwwwwwwwww']
('norm=2', 'alpha=1.0', 'epsilon=39.3216', 'steps=100', 'gid=3') => ['wwwwwwwwww']
('norm=2', 'alpha=1.0', 'epsilon=39.3216', 'steps=100', 'gid=0') => ['wwwwwwwwww']
('norm=2', 'alpha=1.0', 'epsilon=13.1072', 'steps=100', 'gid=0') => ['wwwwwwwwww']
('norm=2', 'alpha=1.0', 'epsilon=13.1072', 'steps=100', 'gid=3') => ['wwwwwwwwww']
('norm=2', 'alpha=1.0', 'epsilon=13.1072', 'steps=100', 'gid=2') => ['wwwwwwwwww']
('norm=2', 'alpha=1.0', 'epsilon=13.1072', 'steps=100', 'gid=1') => ['wwwwwwwwww']
('norm=2', 'alpha=1.0', 'epsilon=39.3216', 'steps=100', 'gid=8') => ['wwwwwwwwww']
('norm=2', 'alpha=1.0', 'epsilon=39.3216', 'steps=100', 'gid=9') => ['wwwwwwwwww']
('norm=2', 'alpha=1.0', 'epsilon=13.1072', 'steps=100', 'gid=6') => ['wwwwwwwwww']
('norm=2', 'alpha=1.0', 'epsilon=13.1072', 'steps=100', 'gid=4') => ['wwwwwwwwww']
('norm=2', 'alpha=1.0', 'epsilon=13.1072', 'steps=100', 'gid=5') => ['wwwwwwwwww']
('norm=2', 'alpha=1.0', 'epsilon=13.1072', 'steps=100', 'gid=7') => ['wwwwwwwwww']
❌ 绘制失败 ('norm=2', 'alpha=1.0', 'epsilon=13.1072', 'steps=100', 'gid=0'): The truth value of an array with more than one element is ambiguous. Use a.any() or a.all()
❌ 绘制失败 ('norm=2', 'alpha=1.0', 'epsilon=13.1072', 'steps=100', 'gid=1'): The truth value of an array with more than one element is ambiguous. Use a.any() or a.all()
❌ 绘制失败 ('norm=2', 'alpha=1.0', 'epsilon=13.1072', 'steps=100', 'gid=2'): The truth value of an array with more than one element is ambiguous. Use a.any() or a.all()
❌ 绘制失败 ('norm=2', 'alpha=1.0', 'epsilon=13.1072', 'steps=100', 'gid=3'): The truth value of an array with more than one element is ambiguous. Use a.any() or a.all()
❌ 绘制失败 ('norm=2', 'alpha=1.0', 'epsilon=13.1072', 'steps=100', 'gid=4'): The truth value of an array with more than one element is ambiguous. Use a.any() or a.all()
❌ 绘制失败 ('norm=2', 'alpha=1.0', 'epsilon=13.1072', 'steps=100', 'gid=5'): The truth value of an array with more than one element is ambiguous. Use a.any() or a.all()
❌ 绘制失败 ('norm=2', 'alpha=1.0', 'epsilon=13.1072', 'steps=100', 'gid=6'): The truth value of an array with more than one element is ambiguous. Use a.any() or a.all()
❌ 绘制失败 ('norm=2', 'alpha=1.0', 'epsilon=13.1072', 'steps=100', 'gid=7'): The truth value of an array with more than one element is ambiguous. Use a.any() or a.all()
❌ 绘制失败 ('norm=2', 'alpha=1.0', 'epsilon=13.1072', 'steps=100', 'gid=8'): The truth value of an array with more than one element is ambiguous. Use a.any() or a.all()
❌ 绘制失败 ('norm=2', 'alpha=1.0', 'epsilon=13.1072', 'steps=100', 'gid=9'): The truth value of an array with more than one element is ambiguous. Use a.any() or a.all()
❌ 绘制失败 ('norm=2', 'alpha=1.0', 'epsilon=39.3216', 'steps=100', 'gid=0'): The truth value of an array with more than one element is ambiguous. Use a.any() or a.all()
❌ 绘制失败 ('norm=2', 'alpha=1.0', 'epsilon=39.3216', 'steps=100', 'gid=1'): The truth value of an array with more than one element is ambiguous. Use a.any() or a.all()
❌ 绘制失败 ('norm=2', 'alpha=1.0', 'epsilon=39.3216', 'steps=100', 'gid=2'): The truth value of an array with more than one element is ambiguous. Use a.any() or a.all()
❌ 绘制失败 ('norm=2', 'alpha=1.0', 'epsilon=39.3216', 'steps=100', 'gid=3'): The truth value of an array with more than one element is ambiguous. Use a.any() or a.all()
❌ 绘制失败 ('norm=2', 'alpha=1.0', 'epsilon=39.3216', 'steps=100', 'gid=4'): The truth value of an array with more than one element is ambiguous. Use a.any() or a.all()
❌ 绘制失败 ('norm=2', 'alpha=1.0', 'epsilon=39.3216', 'steps=100', 'gid=5'): The truth value of an array with more than one element is ambiguous. Use a.any() or a.all()
❌ 绘制失败 ('norm=2', 'alpha=1.0', 'epsilon=39.3216', 'steps=100', 'gid=6'): The truth value of an array with more than one element is ambiguous. Use a.any() or a.all()
❌ 绘制失败 ('norm=2', 'alpha=1.0', 'epsilon=39.3216', 'steps=100', 'gid=7'): The truth value of an array with more than one element is ambiguous. Use a.any() or a.all()
❌ 绘制失败 ('norm=2', 'alpha=1.0', 'epsilon=39.3216', 'steps=100', 'gid=8'): The truth value of an array with more than one element is ambiguous. Use a.any() or a.all()
❌ 绘制失败 ('norm=2', 'alpha=1.0', 'epsilon=39.3216', 'steps=100', 'gid=9'): The truth value of an array with more than one element is ambiguous. Use a.any() or a.all()
