c0907a-s5.ufhpc
Mon Sep  8 08:08:44 AM EDT 2025
/blue/shiboli.fsu/yifeisun.umich/adversarial_robustness_FNO
🔎 使用根目录: /blue/shiboli.fsu/yifeisun.umich/adversarial_robustness_FNO/2D_NS_FNO2d_recurrent/perturbation_results/adam_attacks_results_1solver_batch/pickle_files/perturbation_results_batch4_integer_frames  (检测到 per-sample PKL 数: 20)
✅ Saved: /blue/shiboli.fsu/yifeisun.umich/adversarial_robustness_FNO/2D_NS_FNO2d_recurrent/perturbation_results/adam_attacks_results_1solver_batch/pickle_files/perturbation_results_batch4_integer_frames/results/perturbation_results_batch4_integer_frames/per_sample_loss/mse_mean/sample_000000_mse_mean.png
✅ Saved: /blue/shiboli.fsu/yifeisun.umich/adversarial_robustness_FNO/2D_NS_FNO2d_recurrent/perturbation_results/adam_attacks_results_1solver_batch/pickle_files/perturbation_results_batch4_integer_frames/results/perturbation_results_batch4_integer_frames/per_sample_loss/mse_mean/sample_000001_mse_mean.png
✅ Saved: /blue/shiboli.fsu/yifeisun.umich/adversarial_robustness_FNO/2D_NS_FNO2d_recurrent/perturbation_results/adam_attacks_results_1solver_batch/pickle_files/perturbation_results_batch4_integer_frames/results/perturbation_results_batch4_integer_frames/per_sample_loss/mse_mean/sample_000002_mse_mean.png
✅ Saved: /blue/shiboli.fsu/yifeisun.umich/adversarial_robustness_FNO/2D_NS_FNO2d_recurrent/perturbation_results/adam_attacks_results_1solver_batch/pickle_files/perturbation_results_batch4_integer_frames/results/perturbation_results_batch4_integer_frames/per_sample_loss/mse_mean/sample_000003_mse_mean.png
✅ Saved: /blue/shiboli.fsu/yifeisun.umich/adversarial_robustness_FNO/2D_NS_FNO2d_recurrent/perturbation_results/adam_attacks_results_1solver_batch/pickle_files/perturbation_results_batch4_integer_frames/results/perturbation_results_batch4_integer_frames/per_sample_loss/mse_mean/sample_000004_mse_mean.png
✅ Saved: /blue/shiboli.fsu/yifeisun.umich/adversarial_robustness_FNO/2D_NS_FNO2d_recurrent/perturbation_results/adam_attacks_results_1solver_batch/pickle_files/perturbation_results_batch4_integer_frames/results/perturbation_results_batch4_integer_frames/per_sample_loss/mse_mean/sample_000005_mse_mean.png
✅ Saved: /blue/shiboli.fsu/yifeisun.umich/adversarial_robustness_FNO/2D_NS_FNO2d_recurrent/perturbation_results/adam_attacks_results_1solver_batch/pickle_files/perturbation_results_batch4_integer_frames/results/perturbation_results_batch4_integer_frames/per_sample_loss/mse_mean/sample_000006_mse_mean.png
✅ Saved: /blue/shiboli.fsu/yifeisun.umich/adversarial_robustness_FNO/2D_NS_FNO2d_recurrent/perturbation_results/adam_attacks_results_1solver_batch/pickle_files/perturbation_results_batch4_integer_frames/results/perturbation_results_batch4_integer_frames/per_sample_loss/mse_mean/sample_000007_mse_mean.png
✅ Saved: /blue/shiboli.fsu/yifeisun.umich/adversarial_robustness_FNO/2D_NS_FNO2d_recurrent/perturbation_results/adam_attacks_results_1solver_batch/pickle_files/perturbation_results_batch4_integer_frames/results/perturbation_results_batch4_integer_frames/per_sample_loss/mse_mean/sample_000008_mse_mean.png
✅ Saved: /blue/shiboli.fsu/yifeisun.umich/adversarial_robustness_FNO/2D_NS_FNO2d_recurrent/perturbation_results/adam_attacks_results_1solver_batch/pickle_files/perturbation_results_batch4_integer_frames/results/perturbation_results_batch4_integer_frames/per_sample_loss/mse_mean/sample_000009_mse_mean.png
✅ Saved: /blue/shiboli.fsu/yifeisun.umich/adversarial_robustness_FNO/2D_NS_FNO2d_recurrent/perturbation_results/adam_attacks_results_1solver_batch/pickle_files/perturbation_results_batch4_integer_frames/results/perturbation_results_batch4_integer_frames/per_sample_loss/mse_mean/sample_000000_mse_mean.png
✅ Saved: /blue/shiboli.fsu/yifeisun.umich/adversarial_robustness_FNO/2D_NS_FNO2d_recurrent/perturbation_results/adam_attacks_results_1solver_batch/pickle_files/perturbation_results_batch4_integer_frames/results/perturbation_results_batch4_integer_frames/per_sample_loss/mse_mean/sample_000001_mse_mean.png
✅ Saved: /blue/shiboli.fsu/yifeisun.umich/adversarial_robustness_FNO/2D_NS_FNO2d_recurrent/perturbation_results/adam_attacks_results_1solver_batch/pickle_files/perturbation_results_batch4_integer_frames/results/perturbation_results_batch4_integer_frames/per_sample_loss/mse_mean/sample_000002_mse_mean.png
✅ Saved: /blue/shiboli.fsu/yifeisun.umich/adversarial_robustness_FNO/2D_NS_FNO2d_recurrent/perturbation_results/adam_attacks_results_1solver_batch/pickle_files/perturbation_results_batch4_integer_frames/results/perturbation_results_batch4_integer_frames/per_sample_loss/mse_mean/sample_000003_mse_mean.png
✅ Saved: /blue/shiboli.fsu/yifeisun.umich/adversarial_robustness_FNO/2D_NS_FNO2d_recurrent/perturbation_results/adam_attacks_results_1solver_batch/pickle_files/perturbation_results_batch4_integer_frames/results/perturbation_results_batch4_integer_frames/per_sample_loss/mse_mean/sample_000004_mse_mean.png
✅ Saved: /blue/shiboli.fsu/yifeisun.umich/adversarial_robustness_FNO/2D_NS_FNO2d_recurrent/perturbation_results/adam_attacks_results_1solver_batch/pickle_files/perturbation_results_batch4_integer_frames/results/perturbation_results_batch4_integer_frames/per_sample_loss/mse_mean/sample_000005_mse_mean.png
✅ Saved: /blue/shiboli.fsu/yifeisun.umich/adversarial_robustness_FNO/2D_NS_FNO2d_recurrent/perturbation_results/adam_attacks_results_1solver_batch/pickle_files/perturbation_results_batch4_integer_frames/results/perturbation_results_batch4_integer_frames/per_sample_loss/mse_mean/sample_000006_mse_mean.png
✅ Saved: /blue/shiboli.fsu/yifeisun.umich/adversarial_robustness_FNO/2D_NS_FNO2d_recurrent/perturbation_results/adam_attacks_results_1solver_batch/pickle_files/perturbation_results_batch4_integer_frames/results/perturbation_results_batch4_integer_frames/per_sample_loss/mse_mean/sample_000007_mse_mean.png
✅ Saved: /blue/shiboli.fsu/yifeisun.umich/adversarial_robustness_FNO/2D_NS_FNO2d_recurrent/perturbation_results/adam_attacks_results_1solver_batch/pickle_files/perturbation_results_batch4_integer_frames/results/perturbation_results_batch4_integer_frames/per_sample_loss/mse_mean/sample_000008_mse_mean.png
✅ Saved: /blue/shiboli.fsu/yifeisun.umich/adversarial_robustness_FNO/2D_NS_FNO2d_recurrent/perturbation_results/adam_attacks_results_1solver_batch/pickle_files/perturbation_results_batch4_integer_frames/results/perturbation_results_batch4_integer_frames/per_sample_loss/mse_mean/sample_000009_mse_mean.png

完成：成功 20 个，失败 0 个。
