c0907a-s15.ufhpc
Mon Sep  8 08:02:38 AM EDT 2025
/blue/shiboli.fsu/yifeisun.umich/adversarial_robustness_FNO
🔎 使用根目录: /blue/shiboli.fsu/yifeisun.umich/adversarial_robustness_FNO/2D_NS_FNO2d_recurrent/perturbation_results/adam_attacks_results_1solver_batch/pickle_files/perturbation_results_batch4_integer_frames  (检测到 per-sample PKL 数: 20)
✅ Saved: /blue/shiboli.fsu/yifeisun.umich/adversarial_robustness_FNO/2D_NS_FNO2d_recurrent/perturbation_results/adam_attacks_results_1solver_batch/pickle_files/results/perturbation_results_batch4_integer_frames/per_sample_loss/loss/sample_000000_loss.png
✅ Saved: /blue/shiboli.fsu/yifeisun.umich/adversarial_robustness_FNO/2D_NS_FNO2d_recurrent/perturbation_results/adam_attacks_results_1solver_batch/pickle_files/results/perturbation_results_batch4_integer_frames/per_sample_loss/loss/sample_000001_loss.png
✅ Saved: /blue/shiboli.fsu/yifeisun.umich/adversarial_robustness_FNO/2D_NS_FNO2d_recurrent/perturbation_results/adam_attacks_results_1solver_batch/pickle_files/results/perturbation_results_batch4_integer_frames/per_sample_loss/loss/sample_000002_loss.png
✅ Saved: /blue/shiboli.fsu/yifeisun.umich/adversarial_robustness_FNO/2D_NS_FNO2d_recurrent/perturbation_results/adam_attacks_results_1solver_batch/pickle_files/results/perturbation_results_batch4_integer_frames/per_sample_loss/loss/sample_000003_loss.png
✅ Saved: /blue/shiboli.fsu/yifeisun.umich/adversarial_robustness_FNO/2D_NS_FNO2d_recurrent/perturbation_results/adam_attacks_results_1solver_batch/pickle_files/results/perturbation_results_batch4_integer_frames/per_sample_loss/loss/sample_000004_loss.png
✅ Saved: /blue/shiboli.fsu/yifeisun.umich/adversarial_robustness_FNO/2D_NS_FNO2d_recurrent/perturbation_results/adam_attacks_results_1solver_batch/pickle_files/results/perturbation_results_batch4_integer_frames/per_sample_loss/loss/sample_000005_loss.png
✅ Saved: /blue/shiboli.fsu/yifeisun.umich/adversarial_robustness_FNO/2D_NS_FNO2d_recurrent/perturbation_results/adam_attacks_results_1solver_batch/pickle_files/results/perturbation_results_batch4_integer_frames/per_sample_loss/loss/sample_000006_loss.png
✅ Saved: /blue/shiboli.fsu/yifeisun.umich/adversarial_robustness_FNO/2D_NS_FNO2d_recurrent/perturbation_results/adam_attacks_results_1solver_batch/pickle_files/results/perturbation_results_batch4_integer_frames/per_sample_loss/loss/sample_000007_loss.png
✅ Saved: /blue/shiboli.fsu/yifeisun.umich/adversarial_robustness_FNO/2D_NS_FNO2d_recurrent/perturbation_results/adam_attacks_results_1solver_batch/pickle_files/results/perturbation_results_batch4_integer_frames/per_sample_loss/loss/sample_000008_loss.png
✅ Saved: /blue/shiboli.fsu/yifeisun.umich/adversarial_robustness_FNO/2D_NS_FNO2d_recurrent/perturbation_results/adam_attacks_results_1solver_batch/pickle_files/results/perturbation_results_batch4_integer_frames/per_sample_loss/loss/sample_000009_loss.png
✅ Saved: /blue/shiboli.fsu/yifeisun.umich/adversarial_robustness_FNO/2D_NS_FNO2d_recurrent/perturbation_results/adam_attacks_results_1solver_batch/pickle_files/results/perturbation_results_batch4_integer_frames/per_sample_loss/loss/sample_000000_loss.png
✅ Saved: /blue/shiboli.fsu/yifeisun.umich/adversarial_robustness_FNO/2D_NS_FNO2d_recurrent/perturbation_results/adam_attacks_results_1solver_batch/pickle_files/results/perturbation_results_batch4_integer_frames/per_sample_loss/loss/sample_000001_loss.png
✅ Saved: /blue/shiboli.fsu/yifeisun.umich/adversarial_robustness_FNO/2D_NS_FNO2d_recurrent/perturbation_results/adam_attacks_results_1solver_batch/pickle_files/results/perturbation_results_batch4_integer_frames/per_sample_loss/loss/sample_000002_loss.png
✅ Saved: /blue/shiboli.fsu/yifeisun.umich/adversarial_robustness_FNO/2D_NS_FNO2d_recurrent/perturbation_results/adam_attacks_results_1solver_batch/pickle_files/results/perturbation_results_batch4_integer_frames/per_sample_loss/loss/sample_000003_loss.png
✅ Saved: /blue/shiboli.fsu/yifeisun.umich/adversarial_robustness_FNO/2D_NS_FNO2d_recurrent/perturbation_results/adam_attacks_results_1solver_batch/pickle_files/results/perturbation_results_batch4_integer_frames/per_sample_loss/loss/sample_000004_loss.png
✅ Saved: /blue/shiboli.fsu/yifeisun.umich/adversarial_robustness_FNO/2D_NS_FNO2d_recurrent/perturbation_results/adam_attacks_results_1solver_batch/pickle_files/results/perturbation_results_batch4_integer_frames/per_sample_loss/loss/sample_000005_loss.png
✅ Saved: /blue/shiboli.fsu/yifeisun.umich/adversarial_robustness_FNO/2D_NS_FNO2d_recurrent/perturbation_results/adam_attacks_results_1solver_batch/pickle_files/results/perturbation_results_batch4_integer_frames/per_sample_loss/loss/sample_000006_loss.png
✅ Saved: /blue/shiboli.fsu/yifeisun.umich/adversarial_robustness_FNO/2D_NS_FNO2d_recurrent/perturbation_results/adam_attacks_results_1solver_batch/pickle_files/results/perturbation_results_batch4_integer_frames/per_sample_loss/loss/sample_000007_loss.png
✅ Saved: /blue/shiboli.fsu/yifeisun.umich/adversarial_robustness_FNO/2D_NS_FNO2d_recurrent/perturbation_results/adam_attacks_results_1solver_batch/pickle_files/results/perturbation_results_batch4_integer_frames/per_sample_loss/loss/sample_000008_loss.png
✅ Saved: /blue/shiboli.fsu/yifeisun.umich/adversarial_robustness_FNO/2D_NS_FNO2d_recurrent/perturbation_results/adam_attacks_results_1solver_batch/pickle_files/results/perturbation_results_batch4_integer_frames/per_sample_loss/loss/sample_000009_loss.png

完成：成功 20 个，失败 0 个。
