c0906a-s15.ufhpc
Fri Sep 12 12:42:41 AM EDT 2025
/blue/shiboli.fsu/yifeisun.umich/adversarial_robustness_FNO
[2025-09-12T00:42:43-04:00] ▶ pattern=isoCircles  split=train  N=1150
                ds=/blue/shiboli.fsu/yifeisun.umich/adversarial_robustness_FNO/2D_NS_FNO2d_recurrent/external_forcing_patterns/datasets/all_patterns/isoCircles/dim2d_nx256_N1150_solver=exponax_nu0.000_t20.0_train_forcingPatternisoCircles.pt
                mdl=/blue/shiboli.fsu/yifeisun.umich/adversarial_robustness_FNO/2D_NS_FNO2d_recurrent/external_forcing_patterns/saved_models/isoCircles/modes64_width60_epochs500_Tin10_T10/NS_2d_FNO_trained_on_dim2d_nx256_N1150_solver=exponax_nu0.000_t20.0_train_forcingPatternisoCircles.pth
[2025-09-12T00:57:38-04:00] ✅ done -> /blue/shiboli.fsu/yifeisun.umich/adversarial_robustness_FNO/2D_NS_FNO2d_recurrent/external_forcing_patterns/datasets/expanded_datasets/isoCircles_attack_N1150_train.pt

[2025-09-12T00:57:38-04:00] ▶ pattern=petals  split=train  N=1150
                ds=/blue/shiboli.fsu/yifeisun.umich/adversarial_robustness_FNO/2D_NS_FNO2d_recurrent/external_forcing_patterns/datasets/all_patterns/petals/dim2d_nx256_N1150_solver=exponax_nu0.000_t20.0_train_forcingPatternpetals.pt
                mdl=/blue/shiboli.fsu/yifeisun.umich/adversarial_robustness_FNO/2D_NS_FNO2d_recurrent/external_forcing_patterns/saved_models/petals/modes64_width60_epochs500_Tin10_T10/NS_2d_FNO_trained_on_dim2d_nx256_N1150_solver=exponax_nu0.000_t20.0_train_forcingPatternpetals.pth
[2025-09-12T00:58:15-04:00] ✅ done -> /blue/shiboli.fsu/yifeisun.umich/adversarial_robustness_FNO/2D_NS_FNO2d_recurrent/external_forcing_patterns/datasets/expanded_datasets/petals_attack_N1150_train.pt

[2025-09-12T00:58:15-04:00] ▶ pattern=ringsCos  split=train  N=1150
                ds=/blue/shiboli.fsu/yifeisun.umich/adversarial_robustness_FNO/2D_NS_FNO2d_recurrent/external_forcing_patterns/datasets/all_patterns/ringsCos/dim2d_nx256_N1150_solver=exponax_nu0.000_t20.0_train_forcingPatternringsCos.pt
                mdl=/blue/shiboli.fsu/yifeisun.umich/adversarial_robustness_FNO/2D_NS_FNO2d_recurrent/external_forcing_patterns/saved_models/ringsCos/modes64_width60_epochs500_Tin10_T10/NS_2d_FNO_trained_on_dim2d_nx256_N1150_solver=exponax_nu0.000_t20.0_train_forcingPatternringsCos.pth
[2025-09-12T00:58:51-04:00] ✅ done -> /blue/shiboli.fsu/yifeisun.umich/adversarial_robustness_FNO/2D_NS_FNO2d_recurrent/external_forcing_patterns/datasets/expanded_datasets/ringsCos_attack_N1150_train.pt

[2025-09-12T00:58:51-04:00] ▶ pattern=ringsL1  split=train  N=1150
                ds=/blue/shiboli.fsu/yifeisun.umich/adversarial_robustness_FNO/2D_NS_FNO2d_recurrent/external_forcing_patterns/datasets/all_patterns/ringsL1/dim2d_nx256_N1150_solver=exponax_nu0.000_t20.0_train_forcingPatternringsL1.pt
                mdl=/blue/shiboli.fsu/yifeisun.umich/adversarial_robustness_FNO/2D_NS_FNO2d_recurrent/external_forcing_patterns/saved_models/ringsL1/modes64_width60_epochs500_Tin10_T10/NS_2d_FNO_trained_on_dim2d_nx256_N1150_solver=exponax_nu0.000_t20.0_train_forcingPatternringsL1.pth
[2025-09-12T00:59:25-04:00] ✅ done -> /blue/shiboli.fsu/yifeisun.umich/adversarial_robustness_FNO/2D_NS_FNO2d_recurrent/external_forcing_patterns/datasets/expanded_datasets/ringsL1_attack_N1150_train.pt

[2025-09-12T00:59:25-04:00] ▶ pattern=ringsLinf  split=train  N=1150
                ds=/blue/shiboli.fsu/yifeisun.umich/adversarial_robustness_FNO/2D_NS_FNO2d_recurrent/external_forcing_patterns/datasets/all_patterns/ringsLinf/dim2d_nx256_N1150_solver=exponax_nu0.000_t20.0_train_forcingPatternringsLinf.pt
                mdl=/blue/shiboli.fsu/yifeisun.umich/adversarial_robustness_FNO/2D_NS_FNO2d_recurrent/external_forcing_patterns/saved_models/ringsLinf/modes64_width60_epochs500_Tin10_T10/NS_2d_FNO_trained_on_dim2d_nx256_N1150_solver=exponax_nu0.000_t20.0_train_forcingPatternringsLinf.pth
[2025-09-12T01:00:01-04:00] ✅ done -> /blue/shiboli.fsu/yifeisun.umich/adversarial_robustness_FNO/2D_NS_FNO2d_recurrent/external_forcing_patterns/datasets/expanded_datasets/ringsLinf_attack_N1150_train.pt

[2025-09-12T01:00:01-04:00] ▶ pattern=sBands  split=train  N=1150
                ds=/blue/shiboli.fsu/yifeisun.umich/adversarial_robustness_FNO/2D_NS_FNO2d_recurrent/external_forcing_patterns/datasets/all_patterns/sBands/dim2d_nx256_N1150_solver=exponax_nu0.000_t20.0_train_forcingPatternsBands.pt
                mdl=/blue/shiboli.fsu/yifeisun.umich/adversarial_robustness_FNO/2D_NS_FNO2d_recurrent/external_forcing_patterns/saved_models/sBands/modes64_width60_epochs500_Tin10_T10/NS_2d_FNO_trained_on_dim2d_nx256_N1150_solver=exponax_nu0.000_t20.0_train_forcingPatternsBands.pth
[2025-09-12T01:00:37-04:00] ✅ done -> /blue/shiboli.fsu/yifeisun.umich/adversarial_robustness_FNO/2D_NS_FNO2d_recurrent/external_forcing_patterns/datasets/expanded_datasets/sBands_attack_N1150_train.pt

