c0901a-s15.ufhpc
Sat Sep 27 01:18:52 PM EDT 2025
/blue/shiboli.fsu/yifeisun.umich/adversarial_robustness_FNO
[SCAN] Found 6 files under /blue/shiboli.fsu/yifeisun.umich/adversarial_robustness_FNO/2D_NS_FNO2d_recurrent/model_explainability/other_forcing_patterns/infer_results
[LOAD] /blue/shiboli.fsu/yifeisun.umich/adversarial_robustness_FNO/2D_NS_FNO2d_recurrent/model_explainability/other_forcing_patterns/infer_results/isoCircles/modes64_width60_epochs500_Tin10_T10__isoCircles__variants_keep0to4__pred11.pt
[PLOT] first10 -> /blue/shiboli.fsu/yifeisun.umich/adversarial_robustness_FNO/2D_NS_FNO2d_recurrent/model_explainability/other_forcing_patterns/plots/plots_first10/isoCircles/modes64_width60_epochs500_Tin10_T10__isoCircles__variants_keep0to4__pred11
[PLOT] stats   -> /blue/shiboli.fsu/yifeisun.umich/adversarial_robustness_FNO/2D_NS_FNO2d_recurrent/model_explainability/other_forcing_patterns/plots/plots_stats/isoCircles/modes64_width60_epochs500_Tin10_T10__isoCircles__variants_keep0to4__pred11
[LOAD] /blue/shiboli.fsu/yifeisun.umich/adversarial_robustness_FNO/2D_NS_FNO2d_recurrent/model_explainability/other_forcing_patterns/infer_results/petals/modes64_width60_epochs500_Tin10_T10__petals__variants_keep0to4__pred11.pt
[PLOT] first10 -> /blue/shiboli.fsu/yifeisun.umich/adversarial_robustness_FNO/2D_NS_FNO2d_recurrent/model_explainability/other_forcing_patterns/plots/plots_first10/petals/modes64_width60_epochs500_Tin10_T10__petals__variants_keep0to4__pred11
[PLOT] stats   -> /blue/shiboli.fsu/yifeisun.umich/adversarial_robustness_FNO/2D_NS_FNO2d_recurrent/model_explainability/other_forcing_patterns/plots/plots_stats/petals/modes64_width60_epochs500_Tin10_T10__petals__variants_keep0to4__pred11
[LOAD] /blue/shiboli.fsu/yifeisun.umich/adversarial_robustness_FNO/2D_NS_FNO2d_recurrent/model_explainability/other_forcing_patterns/infer_results/ringsCos/modes64_width60_epochs500_Tin10_T10__ringsCos__variants_keep0to4__pred11.pt
[PLOT] first10 -> /blue/shiboli.fsu/yifeisun.umich/adversarial_robustness_FNO/2D_NS_FNO2d_recurrent/model_explainability/other_forcing_patterns/plots/plots_first10/ringsCos/modes64_width60_epochs500_Tin10_T10__ringsCos__variants_keep0to4__pred11
[PLOT] stats   -> /blue/shiboli.fsu/yifeisun.umich/adversarial_robustness_FNO/2D_NS_FNO2d_recurrent/model_explainability/other_forcing_patterns/plots/plots_stats/ringsCos/modes64_width60_epochs500_Tin10_T10__ringsCos__variants_keep0to4__pred11
[LOAD] /blue/shiboli.fsu/yifeisun.umich/adversarial_robustness_FNO/2D_NS_FNO2d_recurrent/model_explainability/other_forcing_patterns/infer_results/ringsL1/modes64_width60_epochs500_Tin10_T10__ringsL1__variants_keep0to4__pred11.pt
[PLOT] first10 -> /blue/shiboli.fsu/yifeisun.umich/adversarial_robustness_FNO/2D_NS_FNO2d_recurrent/model_explainability/other_forcing_patterns/plots/plots_first10/ringsL1/modes64_width60_epochs500_Tin10_T10__ringsL1__variants_keep0to4__pred11
[PLOT] stats   -> /blue/shiboli.fsu/yifeisun.umich/adversarial_robustness_FNO/2D_NS_FNO2d_recurrent/model_explainability/other_forcing_patterns/plots/plots_stats/ringsL1/modes64_width60_epochs500_Tin10_T10__ringsL1__variants_keep0to4__pred11
[LOAD] /blue/shiboli.fsu/yifeisun.umich/adversarial_robustness_FNO/2D_NS_FNO2d_recurrent/model_explainability/other_forcing_patterns/infer_results/ringsLinf/modes64_width60_epochs500_Tin10_T10__ringsLinf__variants_keep0to4__pred11.pt
[PLOT] first10 -> /blue/shiboli.fsu/yifeisun.umich/adversarial_robustness_FNO/2D_NS_FNO2d_recurrent/model_explainability/other_forcing_patterns/plots/plots_first10/ringsLinf/modes64_width60_epochs500_Tin10_T10__ringsLinf__variants_keep0to4__pred11
[PLOT] stats   -> /blue/shiboli.fsu/yifeisun.umich/adversarial_robustness_FNO/2D_NS_FNO2d_recurrent/model_explainability/other_forcing_patterns/plots/plots_stats/ringsLinf/modes64_width60_epochs500_Tin10_T10__ringsLinf__variants_keep0to4__pred11
[LOAD] /blue/shiboli.fsu/yifeisun.umich/adversarial_robustness_FNO/2D_NS_FNO2d_recurrent/model_explainability/other_forcing_patterns/infer_results/sBands/modes64_width60_epochs500_Tin10_T10__sBands__variants_keep0to4__pred11.pt
[PLOT] first10 -> /blue/shiboli.fsu/yifeisun.umich/adversarial_robustness_FNO/2D_NS_FNO2d_recurrent/model_explainability/other_forcing_patterns/plots/plots_first10/sBands/modes64_width60_epochs500_Tin10_T10__sBands__variants_keep0to4__pred11
[PLOT] stats   -> /blue/shiboli.fsu/yifeisun.umich/adversarial_robustness_FNO/2D_NS_FNO2d_recurrent/model_explainability/other_forcing_patterns/plots/plots_stats/sBands/modes64_width60_epochs500_Tin10_T10__sBands__variants_keep0to4__pred11
