c0900a-s25.ufhpc
Wed Aug  6 08:34:11 PM EDT 2025
/blue/shiboli.fsu/yifeisun.umich/adversarial_robustness_FNO

======================================== 环境诊断 ========================================

[PyTorch]
Version: 2.7.0+cu128
CUDA Available: True
CUDA Version: 12.8
cuDNN Version: 90800
Current Device: 0
Device Name: NVIDIA B200
Device Memory: 178.36 GB

[JAX]
JAX Version: 0.6.0
JAXlib Version: 0.6.0
JAX Backend: gpu
JAX Devices Error: module 'jax.lib.xla_bridge' has no attribute 'devices'

[CUDA/cuDNN System Info]
nvcc not found

[GPU Details]
Device 0: NVIDIA B200
  Compute Capability: 10.0
  Total Memory: 178.36 GB
  Multiprocessors: 148
GPU Details Error: 'torch._C._CudaDeviceProperties' object has no attribute 'max_threads_per_block'

[Compatibility Warnings]
======================================== 诊断结束 ========================================

input_list:  [(2, 39.3216, 5.0, 100)]
================================================================================
norm: 2, epsilon: 39.3216, alpha: 5.0, num_steps: 100, index: 1, learning_rate_updating_method: Standard PGD (Fixed Step Size), detach: detached1to9
x_adv.shape:  torch.Size([256, 256])
scheduler initialization paramaters:  {'method': 'Standard PGD (Fixed Step Size)', 'alpha0': 5.0, 'state': {}, 'params': {'gamma': 0.9, 'm': 10, 'k': 0.01, 'beta': 0.9, 'beta1': 0.9, 'beta2': 0.999}, 'first_grad_norm': None, 'first_sq_grad': None, 'first_alpha': None}
1
[]
False
2
[]
False
3
[]
False
4
[]
False
5
[]
False
6
[]
False
7
[]
False
8
[]
False
9
[]
False

[Step 0] ============ 详细性能分析 ============
[模型部分] 总时间: 10.583264s | 显存: 4.12 GB

[0-9秒 PDE求解详细性能]
  t=0s - 时间: 0.000000s | 显存: 0.00 B
  t=1s - 时间: 4.019030s | 显存: 0.00 B
  t=2s - 时间: 0.533758s | 显存: 0.00 B
  t=3s - 时间: 0.612202s | 显存: 0.00 B
  t=4s - 时间: 0.691660s | 显存: 0.00 B
  t=5s - 时间: 0.740336s | 显存: 0.00 B
  t=6s - 时间: 0.792379s | 显存: 0.00 B
  t=7s - 时间: 0.874539s | 显存: 0.00 B
  t=8s - 时间: 0.977948s | 显存: 0.00 B
  t=9s - 时间: 1.044676s | 显存: 0.00 B

[19秒 PDE求解]
  t=19.0s - 时间: 1.810006s | 显存: 0.00 B

[PDE求解部分] 总时间: 1.810259s | 显存: 0.00 B

[本步骤总计] 时间: 12.393523s | 显存: 4.12 GB
orginal_loss:  tensor(3644.5620, device='cuda:0', grad_fn=<MseLossBackward0>)
[Step 0] alpha=5.000000e+00, first_alpha=5.000000e+00, 100.000000%, alpha change ratio=nan
Step 0 α = 5.000000
[Step 0] Backward Propagation - Time: 21.0292s, Mem: -4405592064.00 B
x_adv.requires_grad:  True
pred_19.requires_grad, true_19.requires_grad:  True True
Autograd grad max:  tensor(13.3852, device='cuda:0')
Autograd grad min:  tensor(-18.1044, device='cuda:0')
Autograd grad mean:  tensor(0.1148, device='cuda:0')
[Step 0] PGD Update - Time: 0.0014s, Mem: 513.00 KB

[Step 0] 完整步骤总时间: 34.803082s | 总显存: 20.41 MB
[Step 0] 峰值显存: 6.21 GB
1
[]
False
2
[]
False
3
[]
False
4
[]
False
5
[]
False
6
[]
False
7
[]
False
8
[]
False
9
[]
False

[Step 1] ============ 详细性能分析 ============
[模型部分] 总时间: 6.598106s | 显存: 4.12 GB

[0-9秒 PDE求解详细性能]
  t=0s - 时间: 0.000000s | 显存: 0.00 B
  t=1s - 时间: 0.423427s | 显存: 0.00 B
  t=2s - 时间: 0.512759s | 显存: 0.00 B
  t=3s - 时间: 0.587453s | 显存: 0.00 B
  t=4s - 时间: 0.661605s | 显存: 0.00 B
  t=5s - 时间: 0.755591s | 显存: 0.00 B
  t=6s - 时间: 0.787315s | 显存: 0.00 B
  t=7s - 时间: 0.868151s | 显存: 0.00 B
  t=8s - 时间: 0.943373s | 显存: 0.00 B
  t=9s - 时间: 1.036232s | 显存: 0.00 B

[19秒 PDE求解]
  t=19.0s - 时间: 1.832735s | 显存: 0.00 B

[PDE求解部分] 总时间: 1.833078s | 显存: 0.00 B

[本步骤总计] 时间: 8.431185s | 显存: 4.12 GB
orginal_loss:  tensor(10742.4844, device='cuda:0', grad_fn=<MseLossBackward0>)
[Step 1] alpha=5.000000e+00, first_alpha=5.000000e+00, 100.000000%, alpha change ratio=nan
Step 1 α = 5.000000
[Step 1] Backward Propagation - Time: 21.5284s, Mem: -4414291968.00 B
x_adv.requires_grad:  True
pred_19.requires_grad, true_19.requires_grad:  True True
Autograd grad max:  tensor(22.3453, device='cuda:0')
Autograd grad min:  tensor(-39.6425, device='cuda:0')
Autograd grad mean:  tensor(0.3260, device='cuda:0')
[Step 1] PGD Update - Time: 0.0013s, Mem: 0.00 B

[Step 1] 完整步骤总时间: 29.966068s | 总显存: -524288.00 B
[Step 1] 峰值显存: 6.22 GB
1
[]
False
2
[]
False
3
[]
False
4
[]
False
5
[]
False
6
[]
False
7
[]
False
8
[]
False
9
[]
False

[Step 2] ============ 详细性能分析 ============
[模型部分] 总时间: 6.422991s | 显存: 4.12 GB

[0-9秒 PDE求解详细性能]
  t=0s - 时间: 0.000000s | 显存: 0.00 B
  t=1s - 时间: 0.428997s | 显存: 0.00 B
  t=2s - 时间: 0.495334s | 显存: 0.00 B
  t=3s - 时间: 0.555740s | 显存: 0.00 B
  t=4s - 时间: 0.636229s | 显存: 0.00 B
  t=5s - 时间: 0.704413s | 显存: 0.00 B
  t=6s - 时间: 0.782533s | 显存: 0.00 B
  t=7s - 时间: 0.851511s | 显存: 0.00 B
  t=8s - 时间: 0.925675s | 显存: 0.00 B
  t=9s - 时间: 1.020625s | 显存: 0.00 B

[19秒 PDE求解]
  t=19.0s - 时间: 1.789474s | 显存: 0.00 B

[PDE求解部分] 总时间: 1.789779s | 显存: 0.00 B

[本步骤总计] 时间: 8.212771s | 显存: 4.12 GB
orginal_loss:  tensor(21382.8789, device='cuda:0', grad_fn=<MseLossBackward0>)
[Step 2] alpha=5.000000e+00, first_alpha=5.000000e+00, 100.000000%, alpha change ratio=nan
Step 2 α = 5.000000
[Step 2] Backward Propagation - Time: 21.1836s, Mem: -4416135168.00 B
x_adv.requires_grad:  True
pred_19.requires_grad, true_19.requires_grad:  True True
Autograd grad max:  tensor(32.3298, device='cuda:0')
Autograd grad min:  tensor(-34.5190, device='cuda:0')
Autograd grad mean:  tensor(0.5510, device='cuda:0')
[Step 2] PGD Update - Time: 0.0013s, Mem: 0.00 B

[Step 2] 完整步骤总时间: 29.402392s | 总显存: 0.00 B
[Step 2] 峰值显存: 6.22 GB
1
[]
False
2
[]
False
3
[]
False
4
[]
False
5
[]
False
6
[]
False
7
[]
False
8
[]
False
