c1001a-s15.ufhpc
Fri Aug 22 05:26:50 PM EDT 2025
/blue/shiboli.fsu/yifeisun.umich/adversarial_robustness_FNO

======================================== 环境诊断 ========================================

[PyTorch]
Version: 2.7.0+cu128
CUDA Available: True
CUDA Version: 12.8
cuDNN Version: 90800
Current Device: 0
Device Name: NVIDIA B200
Device Memory: 178.36 GB

[JAX]
JAX Version: 0.6.0
JAXlib Version: 0.6.0
JAX Backend: gpu
JAX Devices Error: module 'jax.lib.xla_bridge' has no attribute 'devices'

[CUDA/cuDNN System Info]
nvcc not found

[GPU Details]
Device 0: NVIDIA B200
  Compute Capability: 10.0
  Total Memory: 178.36 GB
  Multiprocessors: 148
GPU Details Error: 'torch._C._CudaDeviceProperties' object has no attribute 'max_threads_per_block'

[Compatibility Warnings]
======================================== 诊断结束 ========================================

input_list: [{'norm': 2, 'epsilon': 13.1072, 'alpha': 1.0, 'num_steps': 100}, {'norm': 2, 'epsilon': 39.3216, 'alpha': 1.0, 'num_steps': 100}, {'norm': 2, 'epsilon': 78.6432, 'alpha': 1.0, 'num_steps': 100}, {'norm': 2, 'epsilon': 13.1072, 'alpha': 2.5, 'num_steps': 100}, {'norm': 2, 'epsilon': 39.3216, 'alpha': 2.5, 'num_steps': 100}, {'norm': 2, 'epsilon': 78.6432, 'alpha': 2.5, 'num_steps': 100}, {'norm': 2, 'epsilon': 13.1072, 'alpha': 5.0, 'num_steps': 100}, {'norm': 2, 'epsilon': 39.3216, 'alpha': 5.0, 'num_steps': 100}, {'norm': 2, 'epsilon': 78.6432, 'alpha': 5.0, 'num_steps': 100}, {'norm': 2, 'epsilon': 13.1072, 'alpha': 10.0, 'num_steps': 100}, {'norm': 2, 'epsilon': 39.3216, 'alpha': 10.0, 'num_steps': 100}, {'norm': 2, 'epsilon': 78.6432, 'alpha': 10.0, 'num_steps': 100}, {'norm': 2, 'epsilon': 13.1072, 'alpha': 50.0, 'num_steps': 100}, {'norm': 2, 'epsilon': 39.3216, 'alpha': 50.0, 'num_steps': 100}, {'norm': 2, 'epsilon': 78.6432, 'alpha': 50.0, 'num_steps': 100}]
with_solver
[]
================================================================================
norm: 2, epsilon: 13.1072, alpha: 1.0, num_steps: 100, index: 1, method: adam, detach: with_solver, b1: 0.9, b2: 0.999, adam_eps: 1e-08, sign_Linf: True, amsgrad: False
