c0907a-s15.ufhpc
Mon Sep  8 08:48:28 AM EDT 2025
/blue/shiboli.fsu/yifeisun.umich/adversarial_robustness_FNO
🔎 使用根目录: /blue/shiboli.fsu/yifeisun.umich/adversarial_robustness_FNO/2D_NS_FNO2d_recurrent/perturbation_results/adam_attacks_results_1solver_batch/pickle_files/perturbation_results_batch5_integer_frames  (检测到 per-sample PKL 数: 20)
✅ Saved: /blue/shiboli.fsu/yifeisun.umich/adversarial_robustness_FNO/2D_NS_FNO2d_recurrent/perturbation_results/adam_attacks_results_1solver_batch/results/perturbation_results_batch5_integer_frames/per_sample_loss/mse_mean/modespec=wwwwwwwwww_norm2_alpha1.0_epsilon13.1072_steps100_idx0-4/sample_000000_mse_mean.png
✅ Saved: /blue/shiboli.fsu/yifeisun.umich/adversarial_robustness_FNO/2D_NS_FNO2d_recurrent/perturbation_results/adam_attacks_results_1solver_batch/results/perturbation_results_batch5_integer_frames/per_sample_loss/mse_mean/modespec=wwwwwwwwww_norm2_alpha1.0_epsilon13.1072_steps100_idx0-4/sample_000001_mse_mean.png
✅ Saved: /blue/shiboli.fsu/yifeisun.umich/adversarial_robustness_FNO/2D_NS_FNO2d_recurrent/perturbation_results/adam_attacks_results_1solver_batch/results/perturbation_results_batch5_integer_frames/per_sample_loss/mse_mean/modespec=wwwwwwwwww_norm2_alpha1.0_epsilon13.1072_steps100_idx0-4/sample_000002_mse_mean.png
✅ Saved: /blue/shiboli.fsu/yifeisun.umich/adversarial_robustness_FNO/2D_NS_FNO2d_recurrent/perturbation_results/adam_attacks_results_1solver_batch/results/perturbation_results_batch5_integer_frames/per_sample_loss/mse_mean/modespec=wwwwwwwwww_norm2_alpha1.0_epsilon13.1072_steps100_idx0-4/sample_000003_mse_mean.png
✅ Saved: /blue/shiboli.fsu/yifeisun.umich/adversarial_robustness_FNO/2D_NS_FNO2d_recurrent/perturbation_results/adam_attacks_results_1solver_batch/results/perturbation_results_batch5_integer_frames/per_sample_loss/mse_mean/modespec=wwwwwwwwww_norm2_alpha1.0_epsilon13.1072_steps100_idx0-4/sample_000004_mse_mean.png
✅ Saved: /blue/shiboli.fsu/yifeisun.umich/adversarial_robustness_FNO/2D_NS_FNO2d_recurrent/perturbation_results/adam_attacks_results_1solver_batch/results/perturbation_results_batch5_integer_frames/per_sample_loss/mse_mean/modespec=wwwwwwwwww_norm2_alpha1.0_epsilon13.1072_steps100_idx10-14/sample_000010_mse_mean.png
✅ Saved: /blue/shiboli.fsu/yifeisun.umich/adversarial_robustness_FNO/2D_NS_FNO2d_recurrent/perturbation_results/adam_attacks_results_1solver_batch/results/perturbation_results_batch5_integer_frames/per_sample_loss/mse_mean/modespec=wwwwwwwwww_norm2_alpha1.0_epsilon13.1072_steps100_idx10-14/sample_000011_mse_mean.png
✅ Saved: /blue/shiboli.fsu/yifeisun.umich/adversarial_robustness_FNO/2D_NS_FNO2d_recurrent/perturbation_results/adam_attacks_results_1solver_batch/results/perturbation_results_batch5_integer_frames/per_sample_loss/mse_mean/modespec=wwwwwwwwww_norm2_alpha1.0_epsilon13.1072_steps100_idx10-14/sample_000012_mse_mean.png
✅ Saved: /blue/shiboli.fsu/yifeisun.umich/adversarial_robustness_FNO/2D_NS_FNO2d_recurrent/perturbation_results/adam_attacks_results_1solver_batch/results/perturbation_results_batch5_integer_frames/per_sample_loss/mse_mean/modespec=wwwwwwwwww_norm2_alpha1.0_epsilon13.1072_steps100_idx10-14/sample_000013_mse_mean.png
✅ Saved: /blue/shiboli.fsu/yifeisun.umich/adversarial_robustness_FNO/2D_NS_FNO2d_recurrent/perturbation_results/adam_attacks_results_1solver_batch/results/perturbation_results_batch5_integer_frames/per_sample_loss/mse_mean/modespec=wwwwwwwwww_norm2_alpha1.0_epsilon13.1072_steps100_idx10-14/sample_000014_mse_mean.png
✅ Saved: /blue/shiboli.fsu/yifeisun.umich/adversarial_robustness_FNO/2D_NS_FNO2d_recurrent/perturbation_results/adam_attacks_results_1solver_batch/results/perturbation_results_batch5_integer_frames/per_sample_loss/mse_mean/modespec=wwwwwwwwww_norm2_alpha1.0_epsilon13.1072_steps100_idx15-19/sample_000015_mse_mean.png
✅ Saved: /blue/shiboli.fsu/yifeisun.umich/adversarial_robustness_FNO/2D_NS_FNO2d_recurrent/perturbation_results/adam_attacks_results_1solver_batch/results/perturbation_results_batch5_integer_frames/per_sample_loss/mse_mean/modespec=wwwwwwwwww_norm2_alpha1.0_epsilon13.1072_steps100_idx15-19/sample_000016_mse_mean.png
✅ Saved: /blue/shiboli.fsu/yifeisun.umich/adversarial_robustness_FNO/2D_NS_FNO2d_recurrent/perturbation_results/adam_attacks_results_1solver_batch/results/perturbation_results_batch5_integer_frames/per_sample_loss/mse_mean/modespec=wwwwwwwwww_norm2_alpha1.0_epsilon13.1072_steps100_idx15-19/sample_000017_mse_mean.png
✅ Saved: /blue/shiboli.fsu/yifeisun.umich/adversarial_robustness_FNO/2D_NS_FNO2d_recurrent/perturbation_results/adam_attacks_results_1solver_batch/results/perturbation_results_batch5_integer_frames/per_sample_loss/mse_mean/modespec=wwwwwwwwww_norm2_alpha1.0_epsilon13.1072_steps100_idx15-19/sample_000018_mse_mean.png
✅ Saved: /blue/shiboli.fsu/yifeisun.umich/adversarial_robustness_FNO/2D_NS_FNO2d_recurrent/perturbation_results/adam_attacks_results_1solver_batch/results/perturbation_results_batch5_integer_frames/per_sample_loss/mse_mean/modespec=wwwwwwwwww_norm2_alpha1.0_epsilon13.1072_steps100_idx15-19/sample_000019_mse_mean.png
✅ Saved: /blue/shiboli.fsu/yifeisun.umich/adversarial_robustness_FNO/2D_NS_FNO2d_recurrent/perturbation_results/adam_attacks_results_1solver_batch/results/perturbation_results_batch5_integer_frames/per_sample_loss/mse_mean/modespec=wwwwwwwwww_norm2_alpha1.0_epsilon13.1072_steps100_idx5-9/sample_000005_mse_mean.png
✅ Saved: /blue/shiboli.fsu/yifeisun.umich/adversarial_robustness_FNO/2D_NS_FNO2d_recurrent/perturbation_results/adam_attacks_results_1solver_batch/results/perturbation_results_batch5_integer_frames/per_sample_loss/mse_mean/modespec=wwwwwwwwww_norm2_alpha1.0_epsilon13.1072_steps100_idx5-9/sample_000006_mse_mean.png
✅ Saved: /blue/shiboli.fsu/yifeisun.umich/adversarial_robustness_FNO/2D_NS_FNO2d_recurrent/perturbation_results/adam_attacks_results_1solver_batch/results/perturbation_results_batch5_integer_frames/per_sample_loss/mse_mean/modespec=wwwwwwwwww_norm2_alpha1.0_epsilon13.1072_steps100_idx5-9/sample_000007_mse_mean.png
✅ Saved: /blue/shiboli.fsu/yifeisun.umich/adversarial_robustness_FNO/2D_NS_FNO2d_recurrent/perturbation_results/adam_attacks_results_1solver_batch/results/perturbation_results_batch5_integer_frames/per_sample_loss/mse_mean/modespec=wwwwwwwwww_norm2_alpha1.0_epsilon13.1072_steps100_idx5-9/sample_000008_mse_mean.png
✅ Saved: /blue/shiboli.fsu/yifeisun.umich/adversarial_robustness_FNO/2D_NS_FNO2d_recurrent/perturbation_results/adam_attacks_results_1solver_batch/results/perturbation_results_batch5_integer_frames/per_sample_loss/mse_mean/modespec=wwwwwwwwww_norm2_alpha1.0_epsilon13.1072_steps100_idx5-9/sample_000009_mse_mean.png

完成：成功 20 个，失败 0 个。
