c0906a-s5.ufhpc
Mon Sep  8 08:48:28 AM EDT 2025
/blue/shiboli.fsu/yifeisun.umich/adversarial_robustness_FNO
将处理 20 个 per-sample PKL
Saved: /blue/shiboli.fsu/yifeisun.umich/adversarial_robustness_FNO/2D_NS_FNO2d_recurrent/perturbation_results/adam_attacks_results_1solver_batch/results/perturbation_results_batch4_integer_frames/final_heatmaps_4col/modespec=wwwwwwwwww_norm2_alpha1.0_epsilon13.1072_steps100_idx0-3/sample_000000.png
Saved: /blue/shiboli.fsu/yifeisun.umich/adversarial_robustness_FNO/2D_NS_FNO2d_recurrent/perturbation_results/adam_attacks_results_1solver_batch/results/perturbation_results_batch4_integer_frames/final_heatmaps_4col/modespec=wwwwwwwwww_norm2_alpha1.0_epsilon13.1072_steps100_idx0-3/sample_000001.png
Saved: /blue/shiboli.fsu/yifeisun.umich/adversarial_robustness_FNO/2D_NS_FNO2d_recurrent/perturbation_results/adam_attacks_results_1solver_batch/results/perturbation_results_batch4_integer_frames/final_heatmaps_4col/modespec=wwwwwwwwww_norm2_alpha1.0_epsilon13.1072_steps100_idx0-3/sample_000002.png
Saved: /blue/shiboli.fsu/yifeisun.umich/adversarial_robustness_FNO/2D_NS_FNO2d_recurrent/perturbation_results/adam_attacks_results_1solver_batch/results/perturbation_results_batch4_integer_frames/final_heatmaps_4col/modespec=wwwwwwwwww_norm2_alpha1.0_epsilon13.1072_steps100_idx0-3/sample_000003.png
Saved: /blue/shiboli.fsu/yifeisun.umich/adversarial_robustness_FNO/2D_NS_FNO2d_recurrent/perturbation_results/adam_attacks_results_1solver_batch/results/perturbation_results_batch4_integer_frames/final_heatmaps_4col/modespec=wwwwwwwwww_norm2_alpha1.0_epsilon13.1072_steps100_idx4-7/sample_000004.png
Saved: /blue/shiboli.fsu/yifeisun.umich/adversarial_robustness_FNO/2D_NS_FNO2d_recurrent/perturbation_results/adam_attacks_results_1solver_batch/results/perturbation_results_batch4_integer_frames/final_heatmaps_4col/modespec=wwwwwwwwww_norm2_alpha1.0_epsilon13.1072_steps100_idx4-7/sample_000005.png
Saved: /blue/shiboli.fsu/yifeisun.umich/adversarial_robustness_FNO/2D_NS_FNO2d_recurrent/perturbation_results/adam_attacks_results_1solver_batch/results/perturbation_results_batch4_integer_frames/final_heatmaps_4col/modespec=wwwwwwwwww_norm2_alpha1.0_epsilon13.1072_steps100_idx4-7/sample_000006.png
Saved: /blue/shiboli.fsu/yifeisun.umich/adversarial_robustness_FNO/2D_NS_FNO2d_recurrent/perturbation_results/adam_attacks_results_1solver_batch/results/perturbation_results_batch4_integer_frames/final_heatmaps_4col/modespec=wwwwwwwwww_norm2_alpha1.0_epsilon13.1072_steps100_idx4-7/sample_000007.png
Saved: /blue/shiboli.fsu/yifeisun.umich/adversarial_robustness_FNO/2D_NS_FNO2d_recurrent/perturbation_results/adam_attacks_results_1solver_batch/results/perturbation_results_batch4_integer_frames/final_heatmaps_4col/modespec=wwwwwwwwww_norm2_alpha1.0_epsilon13.1072_steps100_idx8-9/sample_000008.png
Saved: /blue/shiboli.fsu/yifeisun.umich/adversarial_robustness_FNO/2D_NS_FNO2d_recurrent/perturbation_results/adam_attacks_results_1solver_batch/results/perturbation_results_batch4_integer_frames/final_heatmaps_4col/modespec=wwwwwwwwww_norm2_alpha1.0_epsilon13.1072_steps100_idx8-9/sample_000009.png
Saved: /blue/shiboli.fsu/yifeisun.umich/adversarial_robustness_FNO/2D_NS_FNO2d_recurrent/perturbation_results/adam_attacks_results_1solver_batch/results/perturbation_results_batch4_integer_frames/final_heatmaps_4col/modespec=wwwwwwwwww_norm2_alpha1.0_epsilon39.3216_steps100_idx0-3/sample_000000.png
Saved: /blue/shiboli.fsu/yifeisun.umich/adversarial_robustness_FNO/2D_NS_FNO2d_recurrent/perturbation_results/adam_attacks_results_1solver_batch/results/perturbation_results_batch4_integer_frames/final_heatmaps_4col/modespec=wwwwwwwwww_norm2_alpha1.0_epsilon39.3216_steps100_idx0-3/sample_000001.png
Saved: /blue/shiboli.fsu/yifeisun.umich/adversarial_robustness_FNO/2D_NS_FNO2d_recurrent/perturbation_results/adam_attacks_results_1solver_batch/results/perturbation_results_batch4_integer_frames/final_heatmaps_4col/modespec=wwwwwwwwww_norm2_alpha1.0_epsilon39.3216_steps100_idx0-3/sample_000002.png
Saved: /blue/shiboli.fsu/yifeisun.umich/adversarial_robustness_FNO/2D_NS_FNO2d_recurrent/perturbation_results/adam_attacks_results_1solver_batch/results/perturbation_results_batch4_integer_frames/final_heatmaps_4col/modespec=wwwwwwwwww_norm2_alpha1.0_epsilon39.3216_steps100_idx0-3/sample_000003.png
Saved: /blue/shiboli.fsu/yifeisun.umich/adversarial_robustness_FNO/2D_NS_FNO2d_recurrent/perturbation_results/adam_attacks_results_1solver_batch/results/perturbation_results_batch4_integer_frames/final_heatmaps_4col/modespec=wwwwwwwwww_norm2_alpha1.0_epsilon39.3216_steps100_idx4-7/sample_000004.png
Saved: /blue/shiboli.fsu/yifeisun.umich/adversarial_robustness_FNO/2D_NS_FNO2d_recurrent/perturbation_results/adam_attacks_results_1solver_batch/results/perturbation_results_batch4_integer_frames/final_heatmaps_4col/modespec=wwwwwwwwww_norm2_alpha1.0_epsilon39.3216_steps100_idx4-7/sample_000005.png
Saved: /blue/shiboli.fsu/yifeisun.umich/adversarial_robustness_FNO/2D_NS_FNO2d_recurrent/perturbation_results/adam_attacks_results_1solver_batch/results/perturbation_results_batch4_integer_frames/final_heatmaps_4col/modespec=wwwwwwwwww_norm2_alpha1.0_epsilon39.3216_steps100_idx4-7/sample_000006.png
Saved: /blue/shiboli.fsu/yifeisun.umich/adversarial_robustness_FNO/2D_NS_FNO2d_recurrent/perturbation_results/adam_attacks_results_1solver_batch/results/perturbation_results_batch4_integer_frames/final_heatmaps_4col/modespec=wwwwwwwwww_norm2_alpha1.0_epsilon39.3216_steps100_idx4-7/sample_000007.png
Saved: /blue/shiboli.fsu/yifeisun.umich/adversarial_robustness_FNO/2D_NS_FNO2d_recurrent/perturbation_results/adam_attacks_results_1solver_batch/results/perturbation_results_batch4_integer_frames/final_heatmaps_4col/modespec=wwwwwwwwww_norm2_alpha1.0_epsilon39.3216_steps100_idx8-9/sample_000008.png
Saved: /blue/shiboli.fsu/yifeisun.umich/adversarial_robustness_FNO/2D_NS_FNO2d_recurrent/perturbation_results/adam_attacks_results_1solver_batch/results/perturbation_results_batch4_integer_frames/final_heatmaps_4col/modespec=wwwwwwwwww_norm2_alpha1.0_epsilon39.3216_steps100_idx8-9/sample_000009.png
