c1003a-s25.ufhpc
Sun Jul  6 11:30:21 PM EDT 2025
/blue/shiboli.fsu/yifeisun.umich/adversarial_robustness_FNO
Training FNO2d
Variable        Value     
-------------------------
ntrain          1000      
ntest           100       
batch_size      20        
learning_rate   0.001     
modes12         64        
width           60        
s               256       
T_in            1         
T               19        
step            1         
iterations      25000     
sub             1         
235988641
Model saved to /blue/shiboli.fsu/yifeisun.umich/adversarial_robustness_FNO/2D_NS_FNO2d_recurrent/saved_models/2D/modes64_width60_epochs500_Tn1_T19/NS_2d_FNO_model_trainedby_dim2d_nx256_N1150_solver=exponax_nu0.000_t20.0_train_all_frames.pth
