Traceback (most recent call last):
  File "/blue/shiboli.fsu/yifeisun.umich/adversarial_robustness_FNO/./2D_NS_FNO2d_recurrent/perturbation_methods/PGD_attack_adam_batch.py", line 750, in <module>
    adversarial_x0 = attack_system.pgd_attack_adam(
  File "/blue/shiboli.fsu/yifeisun.umich/adversarial_robustness_FNO/./2D_NS_FNO2d_recurrent/perturbation_methods/PGD_attack_adam_batch.py", line 544, in pgd_attack_adam
    pred_19, true_19 = self.forward(x_adv)
  File "/blue/shiboli.fsu/yifeisun.umich/adversarial_robustness_FNO/./2D_NS_FNO2d_recurrent/perturbation_methods/PGD_attack_adam_batch.py", line 485, in forward
    predictions = self.recurrent_model(input_batch)           # (B,H,W,10)
  File "/blue/shiboli.fsu/yifeisun.umich/.conda/envs/adv_robust/lib/python3.10/site-packages/torch/nn/modules/module.py", line 1751, in _wrapped_call_impl
    return self._call_impl(*args, **kwargs)
  File "/blue/shiboli.fsu/yifeisun.umich/.conda/envs/adv_robust/lib/python3.10/site-packages/torch/nn/modules/module.py", line 1762, in _call_impl
    return forward_call(*args, **kwargs)
  File "/blue/shiboli.fsu/yifeisun.umich/adversarial_robustness_FNO/2D_NS_FNO2d_recurrent/models/FNO2d.py", line 114, in forward
    y_pred = self.model(x)  # 预测后面1帧，形状(batch, s, s, step)
  File "/blue/shiboli.fsu/yifeisun.umich/.conda/envs/adv_robust/lib/python3.10/site-packages/torch/nn/modules/module.py", line 1751, in _wrapped_call_impl
    return self._call_impl(*args, **kwargs)
  File "/blue/shiboli.fsu/yifeisun.umich/.conda/envs/adv_robust/lib/python3.10/site-packages/torch/nn/modules/module.py", line 1762, in _call_impl
    return forward_call(*args, **kwargs)
  File "/blue/shiboli.fsu/yifeisun.umich/adversarial_robustness_FNO/2D_NS_FNO2d_recurrent/models/FNO2d.py", line 80, in forward
    x1 = self.conv_layers[i](x)
  File "/blue/shiboli.fsu/yifeisun.umich/.conda/envs/adv_robust/lib/python3.10/site-packages/torch/nn/modules/module.py", line 1751, in _wrapped_call_impl
    return self._call_impl(*args, **kwargs)
  File "/blue/shiboli.fsu/yifeisun.umich/.conda/envs/adv_robust/lib/python3.10/site-packages/torch/nn/modules/module.py", line 1762, in _call_impl
    return forward_call(*args, **kwargs)
  File "/blue/shiboli.fsu/yifeisun.umich/adversarial_robustness_FNO/2D_NS_FNO2d_recurrent/models/FNO2d.py", line 35, in forward
    return torch.fft.irfft2(out_ft, s=(x.size(-2), x.size(-1)))
torch.OutOfMemoryError: CUDA out of memory. Tried to allocate 152.00 MiB. GPU 0 has a total capacity of 178.36 GiB of which 112.62 MiB is free. Including non-PyTorch memory, this process has 178.24 GiB memory in use. Of the allocated memory 43.34 GiB is allocated by PyTorch, and 268.40 MiB is reserved by PyTorch but unallocated. If reserved but unallocated memory is large try setting PYTORCH_CUDA_ALLOC_CONF=expandable_segments:True to avoid fragmentation.  See documentation for Memory Management  (https://pytorch.org/docs/stable/notes/cuda.html#environment-variables)
srun: error: c0907a-s25: task 0: Exited with exit code 1
