c1103a-s5.ufhpc
Tue Aug 26 11:13:51 AM EDT 2025
/blue/shiboli.fsu/yifeisun.umich/adversarial_robustness_FNO
当前使用的是 GPU (CUDA) 进行计算
设备名称: NVIDIA B200
JAX正在使用的后端: gpu
可用的JAX设备: [CudaDevice(id=0)]
index:  0     initial condition (GRF):  [0.74224125 0.74906343 0.75566219 ... 0.72067177 0.7280384  0.73523617]
index:  0     final_solution:  [0.4330613  0.4339769  0.4348925  ... 0.43031383 0.43123007 0.43214568]
index:  1     initial condition (GRF):  [0.77884358 0.77807874 0.77755979 ... 0.78260207 0.78114936 0.77988671]
index:  1     final_solution:  [0.6851967  0.6861014  0.68700486 ... 0.68248117 0.6833863  0.6842915 ]
index:  2     initial condition (GRF):  [0.23711378 0.23464617 0.23251543 ... 0.24628476 0.2429474  0.23987532]
index:  2     final_solution:  [0.6210655 0.6219656 0.6228658 ... 0.6183654 0.6192651 0.620165 ]
index:  3     initial condition (GRF):  [1.30803810e-04 1.08984168e-06 0.00000000e+00 ... 1.25545827e-03
 7.32222248e-04 3.35988846e-04]
index:  3     final_solution:  [0.5273326  0.5282216  0.52911085 ... 0.52466756 0.52555543 0.52644384]
index:  4     initial condition (GRF):  [0.53500149 0.53381365 0.53263901 ... 0.53872339 0.53745591 0.53621209]
index:  4     final_solution:  [0.7099151  0.7107478  0.71158105 ... 0.70741856 0.70825    0.70908225]
index:  5     initial condition (GRF):  [0.75097019 0.75356542 0.75575312 ... 0.74081571 0.74459321 0.74798124]
index:  5     final_solution:  [0.71571416 0.7165858  0.71745384 ... 0.7130826  0.7139617  0.71483916]
index:  6     initial condition (GRF):  [0.26491889 0.26102206 0.2573066  ... 0.27811323 0.27348365 0.26909761]
index:  6     final_solution:  [0.51157224 0.5125069  0.51344186 ... 0.50876737 0.5097022  0.5106372 ]
index:  7     initial condition (GRF):  [0.50937931 0.50306766 0.49699792 ... 0.52947955 0.52260563 0.51589206]
index:  7     final_solution:  [0.47578314 0.47645146 0.47710875 ... 0.4737329  0.47442237 0.47510624]
index:  8     initial condition (GRF):  [0.47451911 0.4775953  0.48061076 ... 0.46514246 0.46829119 0.47143986]
index:  8     final_solution:  [0.43349525 0.43287945 0.4322502  ... 0.43523785 0.43467724 0.43409538]
index:  9     initial condition (GRF):  [0.68228274 0.68498741 0.68767321 ... 0.67432471 0.67693829 0.67961171]
index:  9     final_solution:  [0.42879555 0.42971295 0.43063015 ... 0.42604274 0.42696065 0.42787823]
index:  10     initial condition (GRF):  [0.99530971 0.99727335 0.99873887 ... 0.98654277 0.98993365 0.99285506]
index:  10     final_solution:  [0.4099184  0.41082817 0.41173792 ... 0.40718907 0.40809914 0.4090088 ]
index:  11     initial condition (GRF):  [0.81926564 0.81443377 0.80925285 ... 0.83161682 0.82785684 0.82374352]
index:  11     final_solution:  [0.54147434 0.5325616  0.52387905 ... 0.56778085 0.55926365 0.55043656]
index:  12     initial condition (GRF):  [0.89483169 0.88755566 0.87984811 ... 0.91411787 0.90809223 0.90165996]
index:  12     final_solution:  [0.553465   0.5543257  0.55518615 ... 0.550882   0.5517432  0.5526041 ]
index:  13     initial condition (GRF):  [0.33699075 0.33445927 0.33195749 ... 0.34482407 0.34219461 0.3395713 ]
index:  13     final_solution:  [0.3835792  0.38444895 0.38531902 ... 0.3809714  0.3818409  0.38271004]
index:  14     initial condition (GRF):  [0.2700952  0.26686252 0.2636249  ... 0.27968271 0.27649674 0.27329355]
index:  14     final_solution:  [0.78093654 0.78179526 0.7826531  ... 0.77835906 0.7792183  0.78007764]
index:  15     initial condition (GRF):  [0.30060064 0.30213858 0.30377275 ... 0.2966617  0.29787346 0.29917198]
index:  15     final_solution:  [0.48173648 0.48265353 0.48357058 ... 0.4789848  0.4799021  0.48081937]
index:  16     initial condition (GRF):  [0.81904973 0.81157216 0.80411308 ... 0.84125063 0.83390278 0.82649116]
index:  16     final_solution:  [0.6806183  0.6693505  0.6560979  ... 0.7035159  0.6975154  0.68995434]
index:  17     initial condition (GRF):  [0.46511241 0.4688449  0.47253961 ... 0.45406153 0.45771387 0.46141106]
index:  17     final_solution:  [0.44973367 0.4488611  0.4480477  ... 0.45267248 0.45164356 0.45066243]
index:  18     initial condition (GRF):  [0.24356415 0.24674017 0.24995999 ... 0.23406164 0.23724349 0.2404177 ]
index:  18     final_solution:  [0.53887784 0.5397411  0.5406038  ... 0.53628427 0.5371495  0.53801394]
index:  19     initial condition (GRF):  [0.34804222 0.34736752 0.34704832 ... 0.35270792 0.35071202 0.3491864 ]
index:  19     final_solution:  [0.37776625 0.37858826 0.3794164  ... 0.3753516  0.37614635 0.3769518 ]
{'input tensor shape': torch.Size([20, 1024]), 'output tensor shape': torch.Size([20, 1024])}
Saved input tensor to /blue/shiboli.fsu/yifeisun.umich/adversarial_robustness_FNO/1D_Burgers/perturbation_methods/x_y_dict/1D/Burgers/inputs_dim1d_nx1024_N20_solver=exponax_kernel=gaussian_correlation_length0.03_bcperiodic_nu0.0005_t1.0_seed1000045.pt
Saved output tensor to /blue/shiboli.fsu/yifeisun.umich/adversarial_robustness_FNO/1D_Burgers/perturbation_methods/x_y_dict/1D/Burgers/outputs_dim1d_nx1024_N20_solver=exponax_kernel=gaussian_correlation_length0.03_bcperiodic_nu0.0005_t1.0_seed1000045.pt
