c1103a-s5.ufhpc
Tue Aug 26 11:20:58 AM EDT 2025
/blue/shiboli.fsu/yifeisun.umich/adversarial_robustness_FNO
当前使用的是 GPU (CUDA) 进行计算
设备名称: NVIDIA B200
JAX正在使用的后端: gpu
可用的JAX设备: [CudaDevice(id=0)]
index:  0     initial condition (GRF):  [0.74224125 0.74906343 0.75566219 ... 0.72067177 0.7280384  0.73523617]
index:  0     final_solution:  [0.4330613  0.4339769  0.4348925  ... 0.43031383 0.43123007 0.43214568]
index:  1     initial condition (GRF):  [0.77884358 0.77807874 0.77755979 ... 0.78260207 0.78114936 0.77988671]
index:  1     final_solution:  [0.6851967  0.6861014  0.68700486 ... 0.68248117 0.6833863  0.6842915 ]
index:  2     initial condition (GRF):  [0.23711378 0.23464617 0.23251543 ... 0.24628476 0.2429474  0.23987532]
index:  2     final_solution:  [0.6210655 0.6219656 0.6228658 ... 0.6183654 0.6192651 0.620165 ]
index:  3     initial condition (GRF):  [1.30803810e-04 1.08984168e-06 0.00000000e+00 ... 1.25545827e-03
 7.32222248e-04 3.35988846e-04]
index:  3     final_solution:  [0.5273326  0.5282216  0.52911085 ... 0.52466756 0.52555543 0.52644384]
index:  4     initial condition (GRF):  [0.53500149 0.53381365 0.53263901 ... 0.53872339 0.53745591 0.53621209]
index:  4     final_solution:  [0.7099151  0.7107478  0.71158105 ... 0.70741856 0.70825    0.70908225]
index:  5     initial condition (GRF):  [0.75097019 0.75356542 0.75575312 ... 0.74081571 0.74459321 0.74798124]
index:  5     final_solution:  [0.71571416 0.7165858  0.71745384 ... 0.7130826  0.7139617  0.71483916]
index:  6     initial condition (GRF):  [0.26491889 0.26102206 0.2573066  ... 0.27811323 0.27348365 0.26909761]
index:  6     final_solution:  [0.51157224 0.5125069  0.51344186 ... 0.50876737 0.5097022  0.5106372 ]
index:  7     initial condition (GRF):  [0.50937931 0.50306766 0.49699792 ... 0.52947955 0.52260563 0.51589206]
index:  7     final_solution:  [0.47578314 0.47645146 0.47710875 ... 0.4737329  0.47442237 0.47510624]
index:  8     initial condition (GRF):  [0.47451911 0.4775953  0.48061076 ... 0.46514246 0.46829119 0.47143986]
index:  8     final_solution:  [0.43349525 0.43287945 0.4322502  ... 0.43523785 0.43467724 0.43409538]
index:  9     initial condition (GRF):  [0.68228274 0.68498741 0.68767321 ... 0.67432471 0.67693829 0.67961171]
index:  9     final_solution:  [0.42879555 0.42971295 0.43063015 ... 0.42604274 0.42696065 0.42787823]
index:  10     initial condition (GRF):  [0.99530971 0.99727335 0.99873887 ... 0.98654277 0.98993365 0.99285506]
index:  10     final_solution:  [0.4099184  0.41082817 0.41173792 ... 0.40718907 0.40809914 0.4090088 ]
index:  11     initial condition (GRF):  [0.81926564 0.81443377 0.80925285 ... 0.83161682 0.82785684 0.82374352]
index:  11     final_solution:  [0.54147434 0.5325616  0.52387905 ... 0.56778085 0.55926365 0.55043656]
index:  12     initial condition (GRF):  [0.89483169 0.88755566 0.87984811 ... 0.91411787 0.90809223 0.90165996]
index:  12     final_solution:  [0.553465   0.5543257  0.55518615 ... 0.550882   0.5517432  0.5526041 ]
index:  13     initial condition (GRF):  [0.33699075 0.33445927 0.33195749 ... 0.34482407 0.34219461 0.3395713 ]
index:  13     final_solution:  [0.3835792  0.38444895 0.38531902 ... 0.3809714  0.3818409  0.38271004]
index:  14     initial condition (GRF):  [0.2700952  0.26686252 0.2636249  ... 0.27968271 0.27649674 0.27329355]
index:  14     final_solution:  [0.78093654 0.78179526 0.7826531  ... 0.77835906 0.7792183  0.78007764]
index:  15     initial condition (GRF):  [0.30060064 0.30213858 0.30377275 ... 0.2966617  0.29787346 0.29917198]
index:  15     final_solution:  [0.48173648 0.48265353 0.48357058 ... 0.4789848  0.4799021  0.48081937]
index:  16     initial condition (GRF):  [0.81904973 0.81157216 0.80411308 ... 0.84125063 0.83390278 0.82649116]
index:  16     final_solution:  [0.6806183  0.6693505  0.6560979  ... 0.7035159  0.6975154  0.68995434]
index:  17     initial condition (GRF):  [0.46511241 0.4688449  0.47253961 ... 0.45406153 0.45771387 0.46141106]
index:  17     final_solution:  [0.44973367 0.4488611  0.4480477  ... 0.45267248 0.45164356 0.45066243]
index:  18     initial condition (GRF):  [0.24356415 0.24674017 0.24995999 ... 0.23406164 0.23724349 0.2404177 ]
index:  18     final_solution:  [0.53887784 0.5397411  0.5406038  ... 0.53628427 0.5371495  0.53801394]
index:  19     initial condition (GRF):  [0.34804222 0.34736752 0.34704832 ... 0.35270792 0.35071202 0.3491864 ]
index:  19     final_solution:  [0.37776625 0.37858826 0.3794164  ... 0.3753516  0.37614635 0.3769518 ]
index:  20     initial condition (GRF):  [0.14273019 0.13499025 0.12749693 ... 0.16730856 0.15883857 0.15067814]
index:  20     final_solution:  [0.73478425 0.7353294  0.7358779  ... 0.73316693 0.73370254 0.7342418 ]
index:  21     initial condition (GRF):  [0.18624623 0.1806557  0.17556982 ... 0.20592091 0.1988944  0.19234068]
index:  21     final_solution:  [0.48727798 0.48803532 0.48881024 ... 0.48513782 0.48582608 0.48654062]
index:  22     initial condition (GRF):  [0.61815541 0.62194409 0.62574153 ... 0.60695818 0.61066879 0.61441739]
index:  22     final_solution:  [0.5616561  0.5612051  0.5607689  ... 0.56307125 0.562592   0.5621194 ]
index:  23     initial condition (GRF):  [0.60321757 0.59208199 0.58096681 ... 0.63637392 0.62536978 0.61430548]
index:  23     final_solution:  [0.5294396  0.5301826  0.5309232  ... 0.52719754 0.52794677 0.52869415]
index:  24     initial condition (GRF):  [0.02904262 0.02414747 0.01967519 ... 0.04617494 0.04005268 0.03436869]
index:  24     final_solution:  [0.7508793  0.75177395 0.75266826 ... 0.74819684 0.7490903  0.7499845 ]
index:  25     initial condition (GRF):  [0.28909186 0.28023293 0.27125953 ... 0.31463128 0.30630278 0.2977674 ]
index:  25     final_solution:  [0.7410375  0.74189514 0.7427534  ... 0.738467   0.73932254 0.74017936]
index:  26     initial condition (GRF):  [0.89240203 0.899423   0.9061731  ... 0.86973419 0.87754407 0.88509452]
index:  26     final_solution:  [0.603505   0.60443544 0.60536575 ... 0.6007132  0.601644   0.6025746 ]
index:  27     initial condition (GRF):  [0.39325867 0.39290018 0.39232259 ... 0.39310635 0.39335715 0.39342438]
index:  27     final_solution:  [0.18982354 0.19053724 0.1912713  ... 0.18782854 0.18846712 0.18913287]
index:  28     initial condition (GRF):  [0.93288727 0.92541554 0.91763182 ... 0.9532162  0.94679323 0.94002732]
index:  28     final_solution:  [0.52771103 0.52861595 0.52952117 ... 0.5249971  0.5259016  0.5268062 ]
index:  29     initial condition (GRF):  [0.22610843 0.22661435 0.22723128 ... 0.22533266 0.22546031 0.22571667]
index:  29     final_solution:  [0.5947632  0.5956326  0.59650254 ... 0.59215605 0.59302473 0.5938938 ]
index:  30     initial condition (GRF):  [0.94941311 0.94463798 0.93957984 ... 0.96210192 0.95814552 0.95392337]
index:  30     final_solution:  [0.29448795 0.2942121  0.29394585 ... 0.29536298 0.29506475 0.29477257]
index:  31     initial condition (GRF):  [0.80672846 0.79070543 0.77420376 ... 0.85164929 0.83724069 0.82225648]
index:  31     final_solution:  [0.3801763  0.38088882 0.3816012  ... 0.37804103 0.37875265 0.37946433]
index:  32     initial condition (GRF):  [1.         0.99993737 0.99961645 ... 0.99857642 0.99931597 0.99979227]
index:  32     final_solution:  [0.5210705  0.5194504  0.51771224 ... 0.5251899  0.52394164 0.52256805]
index:  33     initial condition (GRF):  [0.34456958 0.34659689 0.34881381 ... 0.33963724 0.34108036 0.34274309]
index:  33     final_solution:  [0.5673817  0.5680022  0.5686285  ... 0.56555575 0.5661582  0.56676686]
index:  34     initial condition (GRF):  [0.76211592 0.75948777 0.75710569 ... 0.77144985 0.76810978 0.76499254]
index:  34     final_solution:  [0.22440918 0.22309974 0.22243974 ... 0.23540586 0.23014131 0.2266356 ]
index:  35     initial condition (GRF):  [0.01348063 0.0119518  0.01066231 ... 0.01930419 0.01716806 0.01521893]
index:  35     final_solution:  [0.25572282 0.23592538 0.22245657 ... 0.36574662 0.32042015 0.28354758]
index:  36     initial condition (GRF):  [0.32131728 0.31800769 0.3149893  ... 0.33276904 0.32871548 0.3248874 ]
index:  36     final_solution:  [0.4318582  0.43262568 0.4333948  ... 0.42956424 0.43032742 0.43109202]
index:  37     initial condition (GRF):  [0.75667716 0.75734125 0.75807648 ... 0.75546311 0.75574669 0.75615552]
index:  37     final_solution:  [0.47084722 0.47175777 0.4726687  ... 0.46811438 0.46902555 0.4699366 ]
index:  38     initial condition (GRF):  [0.5670331  0.56720331 0.56733737 ... 0.56645613 0.56668335 0.56684552]
index:  38     final_solution:  [0.5415929  0.54246145 0.5433304  ... 0.53898686 0.5398554  0.54072434]
index:  39     initial condition (GRF):  [0.52650046 0.52042084 0.51449772 ... 0.54557475 0.53907979 0.53271573]
index:  39     final_solution:  [0.3331955  0.33386862 0.33454812 ... 0.3312165  0.33186972 0.3325293 ]
index:  40     initial condition (GRF):  [0.24598636 0.24948534 0.25342015 ... 0.23856084 0.24052801 0.24301404]
index:  40     final_solution:  [0.48306507 0.48393393 0.48480305 ... 0.48045892 0.4813275  0.48219615]
index:  41     initial condition (GRF):  [0.34323957 0.34219927 0.34098718 ... 0.34543392 0.34483085 0.34412817]
index:  41     final_solution:  [0.405652   0.4065411  0.40743038 ... 0.40298194 0.4038723  0.40476248]
index:  42     initial condition (GRF):  [1.08555098e-03 2.00079800e-03 3.15955300e-03 ... 0.00000000e+00
 6.27033865e-05 4.42721700e-04]
index:  42     final_solution:  [0.66835463 0.6582917  0.6455457  ... 0.6860574  0.6818541  0.67607915]
index:  43     initial condition (GRF):  [0.33162638 0.32251209 0.31377845 ... 0.36116413 0.35099363 0.34113052]
index:  43     final_solution:  [0.4346237  0.43549624 0.43636903 ... 0.43200538 0.4328782  0.43375093]
index:  44     initial condition (GRF):  [0.57704548 0.58115754 0.58544676 ... 0.56537475 0.56915266 0.57303625]
index:  44     final_solution:  [0.6055701  0.6064657  0.60736156 ... 0.6028831  0.60377836 0.6046741 ]
index:  45     initial condition (GRF):  [0.18046546 0.18890171 0.19743415 ... 0.15556074 0.16374567 0.17206841]
index:  45     final_solution:  [0.60475016 0.60562646 0.6065027  ... 0.602125   0.60299945 0.60387444]
index:  46     initial condition (GRF):  [0.58420595 0.58997515 0.59579379 ... 0.56715107 0.57279285 0.57848996]
index:  46     final_solution:  [0.5328079  0.53100735 0.5292702  ... 0.5384635  0.5365497  0.5346597 ]
index:  47     initial condition (GRF):  [0.35643004 0.34685783 0.33736758 ... 0.38587833 0.37595378 0.36614876]
index:  47     final_solution:  [0.77602315 0.77019    0.76343226 ... 0.7884526  0.7850853  0.78096765]
index:  48     initial condition (GRF):  [0.36552734 0.37202367 0.37854701 ... 0.34639257 0.35268985 0.35907202]
index:  48     final_solution:  [0.38742635 0.38833582 0.38924545 ... 0.38469732 0.38560748 0.38651714]
index:  49     initial condition (GRF):  [0.94334303 0.94135985 0.9390687  ... 0.94742055 0.9463642  0.94500332]
index:  49     final_solution:  [0.5235074  0.52433145 0.52515525 ... 0.5210347  0.5218591  0.5226833 ]
index:  50     initial condition (GRF):  [0.63601115 0.63519793 0.63436304 ... 0.6379514  0.6373892  0.63672034]
index:  50     final_solution:  [0.40423873 0.40487677 0.4055196  ... 0.40235507 0.4029778  0.40360564]
index:  51     initial condition (GRF):  [0.43879116 0.43747705 0.43623838 ... 0.4430942  0.44160297 0.44015524]
index:  51     final_solution:  [0.50910234 0.5099245  0.5107512  ... 0.5066657  0.5074725  0.5082851 ]
index:  52     initial condition (GRF):  [0.01303409 0.01549726 0.01817166 ... 0.00681381 0.00865693 0.01075763]
index:  52     final_solution:  [0.5186683  0.5195612  0.5204543  ... 0.5159902  0.51688284 0.5177755 ]
index:  53     initial condition (GRF):  [0.01470303 0.01285139 0.0111274  ... 0.02091379 0.01871113 0.01665978]
index:  53     final_solution:  [0.614686   0.6153664  0.6160375  ... 0.61259496 0.61329985 0.61399704]
index:  54     initial condition (GRF):  [0.45356432 0.46235804 0.47126233 ... 0.42775759 0.43625717 0.44487786]
index:  54     final_solution:  [0.503711   0.50457436 0.50543773 ... 0.50112134 0.50198483 0.5028478 ]
index:  55     initial condition (GRF):  [0.50258233 0.50244079 0.50242793 ... 0.50377698 0.50326153 0.50285264]
index:  55     final_solution:  [0.53587115 0.5367271  0.5375825  ... 0.5333015  0.53415847 0.535015  ]
index:  56     initial condition (GRF):  [2.90752772e-05 0.00000000e+00 3.27299195e-04 ... 1.99925824e-03
 1.03984311e-03 3.74787992e-04]
index:  56     final_solution:  [0.6989844  0.69987273 0.7007616  ... 0.6963192  0.6972072  0.6980957 ]
index:  57     initial condition (GRF):  [0.56686159 0.56386834 0.56084019 ... 0.57594571 0.57290448 0.56988481]
index:  57     final_solution:  [0.7333269  0.7342222  0.7351173  ... 0.73064214 0.73153657 0.73243165]
index:  58     initial condition (GRF):  [0.59640032 0.5951234  0.59367968 ... 0.59889016 0.59829446 0.59745389]
index:  58     final_solution:  [0.44810873 0.44903082 0.4499532  ... 0.44534272 0.44626454 0.44718656]
index:  59     initial condition (GRF):  [0.58688771 0.60469849 0.62236656 ... 0.53307053 0.55103151 0.56898648]
index:  59     final_solution:  [0.34365663 0.34450644 0.34535897 ... 0.34113324 0.34196943 0.342811  ]
index:  60     initial condition (GRF):  [0.57485323 0.58001482 0.58529555 ... 0.56009895 0.56485818 0.5697855 ]
index:  60     final_solution:  [0.6214294  0.6223445  0.62325996 ... 0.61868554 0.6196     0.62051445]
index:  61     initial condition (GRF):  [0.8025505  0.80931908 0.8158975  ... 0.78135653 0.78854489 0.79561553]
index:  61     final_solution:  [0.5243769  0.5252774  0.52617776 ... 0.52167654 0.52257663 0.52347654]
index:  62     initial condition (GRF):  [0.39355102 0.38791501 0.38206549 ... 0.40880918 0.40399344 0.39890393]
index:  62     final_solution:  [0.37301314 0.3738887  0.37476462 ... 0.3703856  0.37126133 0.37213725]
index:  63     initial condition (GRF):  [0.00584344 0.00867317 0.01205957 ... 0.0006465  0.00181521 0.00355147]
index:  63     final_solution:  [0.474115   0.47495624 0.47579882 ... 0.47160035 0.4724374  0.4732754 ]
index:  64     initial condition (GRF):  [0.59539443 0.57992082 0.56438038 ... 0.64064315 0.62575899 0.61065423]
index:  64     final_solution:  [0.58230376 0.58311087 0.58391863 ... 0.5798847  0.58069026 0.5814968 ]
index:  65     initial condition (GRF):  [0.63028745 0.63148131 0.63237189 ... 0.62483844 0.62692403 0.62877426]
index:  65     final_solution:  [0.35383645 0.3547371  0.35563755 ... 0.3511333  0.3520348  0.352936  ]
index:  66     initial condition (GRF):  [0.76065616 0.76225857 0.76412279 ... 0.75739749 0.7582465  0.75933177]
index:  66     final_solution:  [0.5618438  0.56271607 0.5635879  ... 0.55922276 0.5600971  0.5609708 ]
index:  67     initial condition (GRF):  [0.45801004 0.45129434 0.44484018 ... 0.4797654  0.47227562 0.46501025]
index:  67     final_solution:  [0.26948458 0.27029034 0.27109554 ... 0.26706606 0.26787287 0.2686788 ]
index:  68     initial condition (GRF):  [0.30059223 0.31061611 0.32066374 ... 0.27072891 0.28063457 0.29058807]
index:  68     final_solution:  [0.6747095  0.6756053  0.6765009  ... 0.6720209  0.6729169  0.67381334]
index:  69     initial condition (GRF):  [0.69053821 0.69397967 0.69754893 ... 0.68129283 0.68417851 0.68726395]
index:  69     final_solution:  [0.4452824  0.44411325 0.44289106 ... 0.4484172  0.447439   0.4463927 ]
index:  70     initial condition (GRF):  [0.20113058 0.19506421 0.18908421 ... 0.2194783  0.21333596 0.20720463]
index:  70     final_solution:  [0.4835715  0.48427442 0.48494908 ... 0.481327   0.48209494 0.48284402]
index:  71     initial condition (GRF):  [0.95851961 0.95559698 0.95244164 ... 0.96587517 0.96366544 0.96120697]
index:  71     final_solution:  [0.66260505 0.66349995 0.6643949  ... 0.6599211  0.66081566 0.6617102 ]
index:  72     initial condition (GRF):  [0.72599179 0.72612797 0.72579864 ... 0.72284308 0.7243392  0.72539012]
index:  72     final_solution:  [0.45716378 0.45801967 0.4588755  ... 0.45459583 0.45545202 0.45630798]
index:  73     initial condition (GRF):  [0.70251088 0.70005104 0.69746909 ... 0.70888232 0.70696393 0.70482998]
index:  73     final_solution:  [0.52673984 0.5275326  0.52832425 ... 0.52435267 0.52514976 0.5259456 ]
index:  74     initial condition (GRF):  [0.49081244 0.48716773 0.4831278  ... 0.49976272 0.49709967 0.49414245]
index:  74     final_solution:  [0.57076263 0.5716488  0.5725347  ... 0.5681033  0.5689899  0.5698765 ]
index:  75     initial condition (GRF):  [0.2900682  0.29438173 0.29859992 ... 0.27641642 0.28111368 0.28565971]
index:  75     final_solution:  [0.43687472 0.43764704 0.43841985 ... 0.43455875 0.43533063 0.43610278]
index:  76     initial condition (GRF):  [0.41959802 0.4244677  0.42932647 ... 0.4050172  0.40985581 0.41472602]
index:  76     final_solution:  [0.49558553 0.49602538 0.4965301  ... 0.4947909  0.49495238 0.49522287]
index:  77     initial condition (GRF):  [0.88478953 0.88796674 0.89097329 ... 0.8741794  0.87785604 0.88141443]
index:  77     final_solution:  [0.33935672 0.3402665  0.34117642 ... 0.33662763 0.3375375  0.33844715]
index:  78     initial condition (GRF):  [0.19604679 0.18612441 0.17619912 ... 0.22565052 0.21582599 0.20595297]
index:  78     final_solution:  [0.82743746 0.8228486  0.8176054  ... 0.8375524  0.83474904 0.83139247]
index:  79     initial condition (GRF):  [0.51491844 0.51715855 0.51954204 ... 0.5093643  0.51101731 0.51287953]
index:  79     final_solution:  [0.7931348  0.79310507 0.79304093 ... 0.79305017 0.79310447 0.79313356]
index:  80     initial condition (GRF):  [0.32923422 0.32668149 0.32398197 ... 0.3359871  0.33386686 0.33161191]
index:  80     final_solution:  [0.5388891  0.5195954  0.49973026 ... 0.58695567 0.57300276 0.55687493]
index:  81     initial condition (GRF):  [0.34985777 0.33834687 0.32716004 ... 0.38613972 0.37376334 0.36166864]
index:  81     final_solution:  [0.2859647  0.28644052 0.28688768 ... 0.28443885 0.28495586 0.28546727]
index:  82     initial condition (GRF):  [0.52830745 0.52737253 0.52594346 ... 0.52820459 0.52875561 0.52877808]
index:  82     final_solution:  [0.7058934  0.7067461  0.70759857 ... 0.7033361  0.7041882  0.7050407 ]
index:  83     initial condition (GRF):  [0.12466229 0.11748604 0.11052031 ... 0.14729057 0.13957794 0.13203422]
index:  83     final_solution:  [0.6282242  0.62897235 0.62971985 ... 0.6259789  0.62672764 0.62747604]
index:  84     initial condition (GRF):  [0.40159063 0.40226374 0.40319342 ... 0.40122136 0.40108947 0.40121525]
index:  84     final_solution:  [0.56331366 0.56418735 0.56505764 ... 0.5606781  0.5615584  0.5624372 ]
index:  85     initial condition (GRF):  [0.9760207  0.97372066 0.9712077  ... 0.98190483 0.98012023 0.97816151]
index:  85     final_solution:  [0.48610964 0.4868573  0.4875981  ... 0.4838309  0.48459613 0.4853557 ]
index:  86     initial condition (GRF):  [0.66375237 0.66573579 0.66790819 ... 0.6590227  0.66039678 0.66197758]
index:  86     final_solution:  [0.593514   0.5944212  0.59532803 ... 0.5907934  0.59170026 0.59260696]
index:  87     initial condition (GRF):  [0.80644535 0.81586511 0.82517981 ... 0.77767997 0.7873451  0.79695067]
index:  87     final_solution:  [0.53740114 0.53823596 0.5390714  ... 0.5348931  0.53572947 0.53656554]
index:  88     initial condition (GRF):  [0.86583115 0.86452089 0.86305038 ... 0.86924116 0.86820532 0.86705608]
index:  88     final_solution:  [0.57086366 0.57153505 0.5722092  ... 0.5688667  0.5695293  0.5701949 ]
index:  89     initial condition (GRF):  [0.76265387 0.76207931 0.76116838 ... 0.76236078 0.76282587 0.76291079]
index:  89     final_solution:  [0.61754596 0.6183991  0.6192528  ... 0.61498934 0.61584085 0.6166929 ]
index:  90     initial condition (GRF):  [0.34310972 0.34555041 0.34814935 ... 0.33687518 0.33877664 0.34086506]
index:  90     final_solution:  [0.37193567 0.37279898 0.37366253 ... 0.3693465  0.37020987 0.37107277]
index:  91     initial condition (GRF):  [2.25315611e-04 6.86928432e-04 1.38174899e-03 ... 3.03519634e-04
 1.04433428e-05 0.00000000e+00]
index:  91     final_solution:  [0.40175852 0.4025421  0.4033253  ... 0.39940706 0.40019113 0.4009748 ]
index:  92     initial condition (GRF):  [0.30156562 0.31037237 0.31952547 ... 0.27730461 0.28499895 0.29307754]
index:  92     final_solution:  [0.54329646 0.54371494 0.54399186 ... 0.54148614 0.5421598  0.5427698 ]
index:  93     initial condition (GRF):  [0.61762608 0.62727745 0.63702565 ... 0.58982835 0.5989209  0.60820727]
index:  93     final_solution:  [0.38328445 0.38405633 0.3848147  ... 0.38089964 0.38170508 0.38250035]
index:  94     initial condition (GRF):  [0.5842366  0.58394723 0.58388533 ... 0.58650343 0.58552755 0.58474128]
index:  94     final_solution:  [0.6317082  0.63248587 0.633269   ... 0.6294139  0.6301714  0.6309364 ]
index:  95     initial condition (GRF):  [0.14197959 0.14978391 0.1576594  ... 0.11915878 0.12667124 0.13428118]
index:  95     final_solution:  [0.37001634 0.3702983  0.37058067 ... 0.3691681  0.3694516  0.3697343 ]
index:  96     initial condition (GRF):  [0.31582422 0.31112634 0.30642295 ... 0.32980979 0.32516189 0.32048973]
index:  96     final_solution:  [0.42171058 0.42255434 0.42339835 ... 0.41918048 0.42002368 0.42086703]
index:  97     initial condition (GRF):  [0.33082673 0.31974791 0.30855246 ... 0.3634359  0.35267883 0.34180038]
index:  97     final_solution:  [0.30843297 0.30423617 0.30035257 ... 0.322983   0.31779912 0.3129514 ]
index:  98     initial condition (GRF):  [0.19218652 0.19600554 0.20012714 ... 0.18295685 0.18568239 0.18876106]
index:  98     final_solution:  [0.38874713 0.3810566  0.37306005 ... 0.410918   0.4035783  0.39622128]
index:  99     initial condition (GRF):  [0.5239504  0.51069061 0.49774318 ... 0.56528322 0.55124142 0.53745662]
index:  99     final_solution:  [0.46064496 0.46151596 0.4623872  ... 0.45803285 0.45890337 0.45977408]
index:  100     initial condition (GRF):  [0.09583838 0.09109918 0.08634764 ... 0.11004646 0.10531866 0.10058089]
index:  100     final_solution:  [0.73700845 0.73781884 0.7386293  ... 0.7345761  0.73538697 0.73619753]
index:  101     initial condition (GRF):  [0.14119741 0.13535277 0.12962831 ... 0.15952454 0.15327533 0.14717055]
index:  101     final_solution:  [0.73297065 0.7337035  0.7344366  ... 0.73077667 0.73150694 0.7322383 ]
index:  102     initial condition (GRF):  [0.710826   0.71195656 0.71313813 ... 0.70759565 0.70865926 0.70973841]
index:  102     final_solution:  [0.7218982  0.7220955  0.7223054  ... 0.72137696 0.72153926 0.7217131 ]
index:  103     initial condition (GRF):  [0.69979025 0.70583369 0.71147571 ... 0.67930394 0.68649615 0.69332377]
index:  103     final_solution:  [0.30975533 0.31039977 0.31104067 ... 0.30779842 0.30845502 0.30910715]
index:  104     initial condition (GRF):  [0.99359655 0.99529434 0.99674948 ... 0.98695779 0.98941044 0.99161638]
index:  104     final_solution:  [0.45088387 0.45172602 0.45256904 ... 0.44836232 0.44920188 0.4500424 ]
index:  105     initial condition (GRF):  [0.56390184 0.56827457 0.57302809 ... 0.55306596 0.55631277 0.55992958]
index:  105     final_solution:  [0.43759117 0.43828613 0.43897694 ... 0.43548042 0.43618816 0.43689165]
index:  106     initial condition (GRF):  [0.55283077 0.55926488 0.56601228 ... 0.53548337 0.54091587 0.54668809]
index:  106     final_solution:  [0.535862   0.5366203  0.5374114  ... 0.53390443 0.5344891  0.5351475 ]
index:  107     initial condition (GRF):  [0.29555367 0.28794673 0.28003635 ... 0.31655918 0.30989013 0.30288024]
index:  107     final_solution:  [0.80235887 0.8032085  0.80405766 ... 0.7998108  0.8006598  0.80150926]
index:  108     initial condition (GRF):  [0.70700387 0.70335106 0.69914173 ... 0.71443339 0.71257847 0.71008911]
index:  108     final_solution:  [0.63462585 0.6354803  0.636335   ... 0.6320631  0.63291687 0.6337713 ]
index:  109     initial condition (GRF):  [0.04121582 0.03480426 0.02893693 ... 0.06312807 0.05538443 0.04807693]
index:  109     final_solution:  [0.28609523 0.28672308 0.2873585  ... 0.28426403 0.28486615 0.2854764 ]
index:  110     initial condition (GRF):  [0.39494401 0.40050717 0.40606367 ... 0.37823423 0.38380869 0.38936978]
index:  110     final_solution:  [0.28706163 0.28795964 0.28885764 ... 0.2843674  0.28526568 0.28616375]
index:  111     initial condition (GRF):  [0.33930856 0.35196046 0.36458162 ... 0.30150234 0.31406358 0.32664647]
index:  111     final_solution:  [0.43888474 0.4396999  0.44051397 ... 0.4364326  0.43725103 0.43806836]
index:  112     initial condition (GRF):  [0.51051282 0.52021404 0.53004726 ... 0.48234491 0.49156169 0.50095563]
index:  112     final_solution:  [0.4774568  0.47836834 0.47927946 ... 0.47472128 0.47563365 0.47654533]
index:  113     initial condition (GRF):  [0.63288223 0.63040238 0.62774538 ... 0.63936493 0.63736441 0.63520872]
index:  113     final_solution:  [0.56682265 0.56721556 0.5676101  ... 0.5656558  0.5660431  0.5664322 ]
index:  114     initial condition (GRF):  [0.38368363 0.37698348 0.37028241 ... 0.40396717 0.39718965 0.39042959]
index:  114     final_solution:  [0.77223754 0.7562509  0.734511   ... 0.7963317  0.7912432  0.7835331 ]
index:  115     initial condition (GRF):  [0.48100508 0.47470132 0.46843042 ... 0.49981875 0.49359098 0.48730453]
index:  115     final_solution:  [0.3937245  0.39458948 0.39545485 ... 0.39113134 0.39199576 0.39286017]
index:  116     initial condition (GRF):  [0.68077563 0.68930298 0.69798393 ... 0.65627226 0.66424878 0.67241446]
index:  116     final_solution:  [0.6147708  0.61556476 0.61635727 ... 0.612384   0.61318004 0.61397576]
index:  117     initial condition (GRF):  [0.56905577 0.57080905 0.57230278 ... 0.56213204 0.56476097 0.56705804]
index:  117     final_solution:  [0.5423453  0.5427992  0.54325175 ... 0.54097635 0.54143405 0.5418903 ]
index:  118     initial condition (GRF):  [0.68088751 0.67571987 0.67056586 ... 0.69594548 0.69100715 0.68598829]
index:  118     final_solution:  [0.5602231  0.56110746 0.56199145 ... 0.55756944 0.5584541  0.5593385 ]
index:  119     initial condition (GRF):  [0.10495913 0.09832984 0.09183432 ... 0.12561571 0.11862188 0.11173517]
index:  119     final_solution:  [0.6193738  0.6188078  0.61824715 ... 0.62107325 0.6205101  0.6199427 ]
index:  120     initial condition (GRF):  [0.56057037 0.56178125 0.56309645 ... 0.55751382 0.55842431 0.5594365 ]
index:  120     final_solution:  [0.27078208 0.27126533 0.2717557  ... 0.26937383 0.26983693 0.27030614]
index:  121     initial condition (GRF):  [0.52842188 0.52540607 0.52268022 ... 0.5392961  0.53538534 0.53176895]
index:  121     final_solution:  [0.4061931  0.40700975 0.40782464 ... 0.40373364 0.4045549  0.40537483]
index:  122     initial condition (GRF):  [0.20363781 0.19850934 0.19358514 ... 0.22002827 0.21439475 0.20894926]
index:  122     final_solution:  [0.42551878 0.42643943 0.4273601  ... 0.42275628 0.42367718 0.42459813]
index:  123     initial condition (GRF):  [0.04285423 0.03708033 0.03168171 ... 0.06228599 0.05551022 0.04903125]
index:  123     final_solution:  [0.28746122 0.28827083 0.2890938  ... 0.2851858  0.28590837 0.28667104]
index:  124     initial condition (GRF):  [0.112132   0.11255775 0.11322453 ... 0.11230215 0.11198839 0.11192788]
index:  124     final_solution:  [0.76365876 0.76383317 0.7639666  ... 0.7629091  0.7631947  0.76344514]
index:  125     initial condition (GRF):  [0.59855214 0.60287129 0.60726788 ... 0.58625733 0.59027628 0.59434916]
index:  125     final_solution:  [0.39258114 0.39228815 0.3919884  ... 0.39340305 0.39314058 0.392866  ]
index:  126     initial condition (GRF):  [0.7836342  0.78472845 0.78592124 ... 0.78087745 0.78172788 0.78263537]
index:  126     final_solution:  [0.32611033 0.32698327 0.3278562  ... 0.32349116 0.3243645  0.3252375 ]
index:  127     initial condition (GRF):  [0.5555088  0.55893427 0.56264753 ... 0.54694928 0.54948775 0.55234406]
index:  127     final_solution:  [0.42905292 0.42799413 0.42663938 ... 0.43077135 0.43041244 0.42984906]
index:  128     initial condition (GRF):  [0.6439563  0.64526862 0.64651959 ... 0.63975232 0.64117963 0.64258982]
index:  128     final_solution:  [0.5374506  0.5382961  0.5391422  ... 0.5349173  0.53576124 0.53660566]
index:  129     initial condition (GRF):  [0.55796032 0.54763375 0.53736398 ... 0.5887768  0.57855065 0.56825791]
index:  129     final_solution:  [0.6030729  0.6030421  0.6030421  ... 0.60335034 0.6032271  0.60313445]
index:  130     initial condition (GRF):  [0.17983305 0.18265906 0.18576562 ... 0.17273484 0.17484427 0.17721006]
index:  130     final_solution:  [0.5485513  0.54943347 0.5503159  ... 0.5459057  0.5467873  0.54766905]
index:  131     initial condition (GRF):  [0.72833725 0.74067126 0.75285726 ... 0.69070267 0.70336952 0.71589821]
index:  131     final_solution:  [0.52218586 0.52306896 0.52395207 ... 0.51953584 0.52041894 0.5213023 ]
index:  132     initial condition (GRF):  [0.11526715 0.11092819 0.1064696  ... 0.12716355 0.12337444 0.1194131 ]
index:  132     final_solution:  [0.26955947 0.27042732 0.2712951  ... 0.26695597 0.2678241  0.26869184]
index:  133     initial condition (GRF):  [0.56566476 0.5685529  0.57126624 ... 0.55586545 0.55931102 0.56258932]
index:  133     final_solution:  [0.22936317 0.23015653 0.23094988 ... 0.22698218 0.22777632 0.2285699 ]
index:  134     initial condition (GRF):  [0.76610151 0.76256958 0.75886811 ... 0.77591703 0.77275792 0.76947674]
index:  134     final_solution:  [0.2671945  0.268081   0.26896766 ... 0.26453376 0.26542115 0.2663079 ]
index:  135     initial condition (GRF):  [0.35857032 0.36901266 0.37959399 ... 0.32820624 0.33816385 0.34828478]
index:  135     final_solution:  [0.64163995 0.64251    0.64338076 ... 0.6390372  0.63990355 0.6407711 ]
index:  136     initial condition (GRF):  [0.1417497  0.14021804 0.13878268 ... 0.14706816 0.14517908 0.14341107]
index:  136     final_solution:  [0.5765883  0.5774337  0.5782792  ... 0.5740528  0.57489777 0.57574284]
index:  137     initial condition (GRF):  [0.57473255 0.57947713 0.58427847 ... 0.56068916 0.56531398 0.56999436]
index:  137     final_solution:  [0.28350103 0.28408128 0.2846521  ... 0.28171235 0.28231564 0.2829123 ]
index:  138     initial condition (GRF):  [0.30386779 0.30923301 0.31469092 ... 0.28855801 0.29354375 0.29866581]
index:  138     final_solution:  [0.32247916 0.32336143 0.32424346 ... 0.31983083 0.32071444 0.32159698]
index:  139     initial condition (GRF):  [0.16697019 0.16211192 0.15716907 ... 0.18140441 0.17660366 0.17180523]
index:  139     final_solution:  [0.5161426  0.51704913 0.5179558  ... 0.51342154 0.5143289  0.515236  ]
index:  140     initial condition (GRF):  [0.36146166 0.37481592 0.38812925 ... 0.32142664 0.3347527  0.34811404]
index:  140     final_solution:  [0.5296621  0.5305571  0.53145194 ... 0.5269773  0.52787215 0.52876705]
index:  141     initial condition (GRF):  [3.60322321e-04 9.20841862e-04 1.74136353e-03 ... 2.06304270e-04
 0.00000000e+00 5.95259838e-05]
index:  141     final_solution:  [0.5110666  0.5119716  0.51287633 ... 0.5083515  0.5092566  0.5101617 ]
index:  142     initial condition (GRF):  [0.00194698 0.00114667 0.00056808 ... 0.00548586 0.00412656 0.00292359]
index:  142     final_solution:  [0.32230857 0.32301366 0.3237181  ... 0.32018968 0.32089642 0.3216027 ]
index:  143     initial condition (GRF):  [0.39067254 0.39571263 0.40067006 ... 0.37535644 0.38050776 0.38560921]
index:  143     final_solution:  [0.7087336  0.7096188  0.71050453 ... 0.70607793 0.7069629  0.70784825]
index:  144     initial condition (GRF):  [0.73940358 0.73679123 0.73388751 ... 0.74534816 0.74369882 0.74172338]
index:  144     final_solution:  [0.41521224 0.41388544 0.4126223  ... 0.41951823 0.41803512 0.41659757]
index:  145     initial condition (GRF):  [0.049407   0.05343272 0.0575137  ... 0.03782563 0.04158621 0.04545887]
index:  145     final_solution:  [0.47158143 0.46995118 0.46822277 ... 0.47582695 0.47452348 0.47310707]
index:  146     initial condition (GRF):  [0.44701948 0.4528103  0.45842301 ... 0.42856137 0.43487727 0.44103272]
index:  146     final_solution:  [0.7373596  0.7379119  0.7384273  ... 0.735585   0.73618835 0.73678213]
index:  147     initial condition (GRF):  [0.13306725 0.13925495 0.14555959 ... 0.11550548 0.12119874 0.12707712]
index:  147     final_solution:  [0.6008024 0.6016848 0.6025672 ... 0.5981567 0.5990383 0.5999202]
index:  148     initial condition (GRF):  [0.7464016  0.7444702  0.74246823 ... 0.75191493 0.75012091 0.74829175]
index:  148     final_solution:  [0.4007377  0.40164536 0.4025532  ... 0.3980133  0.3989222  0.39983037]
index:  149     initial condition (GRF):  [0.8954839  0.89402951 0.89249828 ... 0.89914537 0.89802504 0.89682468]
index:  149     final_solution:  [0.46983263 0.47000661 0.47024024 ... 0.46971893 0.46968293 0.4697227 ]
index:  150     initial condition (GRF):  [0.57792826 0.57536404 0.57266979 ... 0.58485215 0.58268682 0.58039297]
index:  150     final_solution:  [0.3412562  0.34217373 0.3430918  ... 0.3385036  0.33942103 0.3403386 ]
index:  151     initial condition (GRF):  [0.30176945 0.30926008 0.31712013 ... 0.28158225 0.28792075 0.29465875]
index:  151     final_solution:  [0.7657536  0.7665286  0.76730233 ... 0.76342493 0.7642016  0.7649778 ]
index:  152     initial condition (GRF):  [0.86805371 0.85806086 0.84787552 ... 0.89650224 0.88728999 0.8778041 ]
index:  152     final_solution:  [0.4790243  0.47981203 0.48059732 ... 0.47664762 0.4774416  0.47823408]
index:  153     initial condition (GRF):  [0.60350421 0.5925391  0.58138525 ... 0.63471667 0.62463032 0.61419206]
index:  153     final_solution:  [0.3565085  0.357203   0.3579377  ... 0.35486236 0.35531098 0.35587034]
index:  154     initial condition (GRF):  [0.25258552 0.24887937 0.24502285 ... 0.26243436 0.25933134 0.25606516]
index:  154     final_solution:  [0.41437045 0.4151513  0.4159318  ... 0.41202313 0.4128065  0.413589  ]
index:  155     initial condition (GRF):  [0.12634194 0.11825821 0.11047984 ... 0.15257268 0.14353222 0.13475747]
index:  155     final_solution:  [0.49972776 0.5001022  0.5005776  ... 0.4994518  0.49937385 0.49947616]
index:  156     initial condition (GRF):  [0.5651535  0.56510878 0.56486329 ... 0.56386831 0.56453027 0.56492388]
index:  156     final_solution:  [0.67602706 0.6769326  0.6778375  ... 0.673311   0.6742158  0.6751214 ]
index:  157     initial condition (GRF):  [0.74835471 0.74671339 0.74524367 ... 0.75436875 0.75218993 0.75018055]
index:  157     final_solution:  [0.43332544 0.42366084 0.41803902 ... 0.51079714 0.47406942 0.4492001 ]
index:  158     initial condition (GRF):  [0.73855947 0.74042342 0.74242605 ... 0.73386809 0.7353029  0.73685297]
index:  158     final_solution:  [0.45205536 0.45292512 0.45379543 ... 0.44944587 0.45031616 0.4511859 ]
index:  159     initial condition (GRF):  [0.14366277 0.13771969 0.13212634 ... 0.1638636  0.15674092 0.14999848]
index:  159     final_solution:  [0.48783427 0.48693252 0.4861244  ... 0.49109182 0.48991567 0.48882893]
index:  160     initial condition (GRF):  [0.55286636 0.55527805 0.55757678 ... 0.544873   0.54765267 0.55032688]
index:  160     final_solution:  [0.62996566 0.6308821  0.63179857 ... 0.62721586 0.6281327  0.6290491 ]
index:  161     initial condition (GRF):  [0.34742418 0.34936232 0.35133641 ... 0.34186088 0.3436624  0.34550889]
index:  161     final_solution:  [0.30750763 0.30830008 0.3090927  ... 0.30513003 0.30592316 0.30671555]
index:  162     initial condition (GRF):  [0.41993458 0.41579197 0.41166891 ... 0.43249315 0.42831531 0.42411723]
index:  162     final_solution:  [0.50182647 0.50273764 0.503649   ... 0.4990922  0.50000346 0.50091505]
index:  163     initial condition (GRF):  [0.43089903 0.42856637 0.4259846  ... 0.43612576 0.43467901 0.43293977]
index:  163     final_solution:  [0.16044542 0.16110134 0.16177294 ... 0.15858535 0.15918663 0.15980686]
index:  164     initial condition (GRF):  [0.24908901 0.25656769 0.26390433 ... 0.22602091 0.23381277 0.24149695]
index:  164     final_solution:  [0.3721447  0.37305447 0.37396428 ... 0.36941487 0.37032527 0.37123507]
index:  165     initial condition (GRF):  [0.67405259 0.67168235 0.66930483 ... 0.68117784 0.67878376 0.67641431]
index:  165     final_solution:  [0.4360513  0.4369278  0.43780398 ... 0.4334194  0.43429732 0.43517452]
index:  166     initial condition (GRF):  [0.14777968 0.15507186 0.16279525 ... 0.12871713 0.13462634 0.14096041]
index:  166     final_solution:  [0.2784028  0.27931562 0.2802286  ... 0.27566543 0.27657792 0.27749026]
index:  167     initial condition (GRF):  [0.43603338 0.4362069  0.43676153 ... 0.43784315 0.43687516 0.43625627]
index:  167     final_solution:  [0.71195936 0.7127357  0.713512   ... 0.70962626 0.7104044  0.7111822 ]
index:  168     initial condition (GRF):  [0.45130665 0.45162091 0.45196323 ... 0.45066283 0.45081889 0.45102633]
index:  168     final_solution:  [0.39597696 0.39676976 0.39756322 ... 0.39359993 0.39439198 0.3951844 ]
index:  169     initial condition (GRF):  [0.52279565 0.51842972 0.51406511 ... 0.53611338 0.53165085 0.52720407]
index:  169     final_solution:  [0.3769281  0.37782562 0.37872335 ... 0.3742343  0.37513277 0.37603062]
index:  170     initial condition (GRF):  [0.0026078  0.00162501 0.00087166 ... 0.00687967 0.00524731 0.0038194 ]
index:  170     final_solution:  [0.73429847 0.73504084 0.73578376 ... 0.73207754 0.73281646 0.73355705]
index:  171     initial condition (GRF):  [0.39843875 0.40565548 0.41300118 ... 0.37802645 0.38462935 0.39144202]
index:  171     final_solution:  [0.15554766 0.15629049 0.1570337  ... 0.15331963 0.15406267 0.15480512]
index:  172     initial condition (GRF):  [0.48937828 0.48989796 0.49063791 ... 0.4891178  0.48895435 0.48907172]
index:  172     final_solution:  [0.40862963 0.4078237  0.4071393  ... 0.41186577 0.41064206 0.40956634]
index:  173     initial condition (GRF):  [0.71063705 0.71209597 0.71336787 ... 0.70523204 0.70718887 0.70897953]
index:  173     final_solution:  [0.506975   0.5078711  0.5087674  ... 0.50428694 0.505183   0.506079  ]
index:  174     initial condition (GRF):  [0.31841795 0.33028276 0.34215852 ... 0.28306565 0.29480291 0.30659638]
index:  174     final_solution:  [0.7263798  0.7271583  0.72793657 ... 0.724045   0.7248234  0.7256017 ]
index:  175     initial condition (GRF):  [0.29158267 0.29260988 0.29362653 ... 0.28841831 0.28948103 0.29053256]
index:  175     final_solution:  [0.4582063  0.45910966 0.46001288 ... 0.45549607 0.4563994  0.45730278]
index:  176     initial condition (GRF):  [0.39700367 0.40692049 0.41712673 ... 0.36897482 0.3779912  0.38734138]
index:  176     final_solution:  [0.5663118  0.5671833  0.56805515 ... 0.5636953  0.5645676  0.5654399 ]
index:  177     initial condition (GRF):  [0.82747832 0.83800062 0.84821497 ... 0.79427723 0.8055924  0.81664138]
index:  177     final_solution:  [0.34556058 0.34636933 0.3471843  ... 0.34318233 0.3439663  0.34475923]
index:  178     initial condition (GRF):  [0.9450184  0.94929177 0.95346528 ... 0.9317098  0.93623735 0.94065864]
index:  178     final_solution:  [0.3412149  0.34195825 0.34269845 ... 0.33896738 0.33971947 0.3404684 ]
index:  179     initial condition (GRF):  [0.85309308 0.85362097 0.85415201 ... 0.85215958 0.85235609 0.85272736]
index:  179     final_solution:  [0.46966162 0.47053084 0.47140098 ... 0.46706155 0.46792698 0.46879363]
index:  180     initial condition (GRF):  [0.63587902 0.6323832  0.62879661 ... 0.64585281 0.64264362 0.63930997]
index:  180     final_solution:  [0.8007053  0.80143255 0.8021478  ... 0.7984652  0.7992208  0.79996777]
index:  181     initial condition (GRF):  [0.85316672 0.85973695 0.86616976 ... 0.83290074 0.83975502 0.84650021]
index:  181     final_solution:  [0.5643928  0.565268   0.5661428  ... 0.56176865 0.56264293 0.5635179 ]
index:  182     initial condition (GRF):  [0.3551465  0.3705091  0.38619982 ... 0.31100917 0.32534524 0.34007815]
index:  182     final_solution:  [0.51525426 0.51565677 0.5160715  ... 0.51412255 0.5144867  0.5148639 ]
index:  183     initial condition (GRF):  [0.30031846 0.30489875 0.30937688 ... 0.28603584 0.29089179 0.29565406]
index:  183     final_solution:  [0.50443256 0.50518423 0.5059365  ... 0.50218236 0.50293154 0.5036816 ]
index:  184     initial condition (GRF):  [0.8178148  0.8143912  0.81085019 ... 0.8274358  0.82433854 0.82112931]
index:  184     final_solution:  [0.23541649 0.23622233 0.23702884 ... 0.23300005 0.23380592 0.23461115]
index:  185     initial condition (GRF):  [0.99776066 0.99603535 0.99383164 ... 1.         0.99969227 0.99897306]
index:  185     final_solution:  [0.27755338 0.27794066 0.27841872 ... 0.2772054  0.27715266 0.2772808 ]
index:  186     initial condition (GRF):  [0.42561252 0.41984717 0.41418202 ... 0.44363154 0.43750645 0.43149981]
index:  186     final_solution:  [0.52474564 0.523776   0.522771   ... 0.52740586 0.5265641  0.52567625]
index:  187     initial condition (GRF):  [0.27313195 0.28299651 0.29291986 ... 0.24415897 0.25369287 0.26335881]
index:  187     final_solution:  [0.3681013  0.3689778  0.36985433 ... 0.36547258 0.36634895 0.36722505]
index:  188     initial condition (GRF):  [0.61296744 0.61921501 0.62517071 ... 0.59275781 0.59972309 0.60645454]
index:  188     final_solution:  [0.33357936 0.3344658  0.33535218 ... 0.33092004 0.3318068  0.33269313]
index:  189     initial condition (GRF):  [0.7655981  0.75595014 0.74628201 ... 0.79415534 0.78473058 0.77521844]
index:  189     final_solution:  [0.57009214 0.5708554  0.5716193  ... 0.56780624 0.5685676  0.5693294 ]
index:  190     initial condition (GRF):  [0.396366   0.39645184 0.39644908 ... 0.39602599 0.39618335 0.39629955]
index:  190     final_solution:  [0.24071215 0.24109808 0.2414847  ... 0.23955424 0.23994079 0.2403265 ]
index:  191     initial condition (GRF):  [0.07989783 0.07465301 0.06945657 ... 0.09599062 0.09058306 0.08520515]
index:  191     final_solution:  [0.66641337 0.6672032  0.6679907  ... 0.66402876 0.6648261  0.6656209 ]
index:  192     initial condition (GRF):  [0.31243959 0.29879785 0.28523974 ... 0.35348908 0.33981461 0.32612697]
index:  192     final_solution:  [0.5082395  0.50905323 0.50986713 ... 0.50579405 0.5066099  0.50742507]
index:  193     initial condition (GRF):  [0.31324767 0.31327008 0.31336441 ... 0.31339646 0.31330493 0.31324917]
index:  193     final_solution:  [0.60283536 0.5944977  0.58333206 ... 0.61602235 0.6131359  0.60888195]
index:  194     initial condition (GRF):  [0.88355875 0.87726681 0.87083821 ... 0.90178511 0.89582128 0.88974686]
index:  194     final_solution:  [0.29256457 0.29329142 0.2940194  ... 0.29039884 0.29111767 0.29183984]
index:  195     initial condition (GRF):  [0.50996752 0.50784806 0.50554438 ... 0.51510667 0.51359267 0.51187785]
index:  195     final_solution:  [0.3789765  0.379835   0.3806936  ... 0.37639952 0.37725887 0.3781179 ]
index:  196     initial condition (GRF):  [0.27579    0.27693285 0.27828167 ... 0.27343585 0.27402814 0.27479865]
index:  196     final_solution:  [0.4850911  0.48592302 0.4867621  ... 0.48264766 0.48345232 0.48426738]
index:  197     initial condition (GRF):  [0.9204755  0.91651559 0.9126787  ... 0.93309332 0.92878485 0.92458031]
index:  197     final_solution:  [0.22535913 0.2262615  0.22716418 ... 0.22265378 0.22355615 0.22445771]
index:  198     initial condition (GRF):  [0.19873128 0.20628491 0.2143971  ... 0.17927951 0.18521831 0.19168449]
index:  198     final_solution:  [0.7450813  0.74596274 0.74684423 ... 0.74243504 0.7433169  0.74419904]
index:  199     initial condition (GRF):  [0.17891471 0.17799891 0.17698822 ... 0.18140434 0.18063481 0.17978236]
index:  199     final_solution:  [0.5648988  0.56575984 0.5666211  ... 0.5623167  0.56317705 0.56403774]
{'input tensor shape': torch.Size([200, 1024]), 'output tensor shape': torch.Size([200, 1024])}
Saved input tensor to /blue/shiboli.fsu/yifeisun.umich/adversarial_robustness_FNO/1D_Burgers/perturbation_methods/x_y_dict/1D/Burgers/inputs_dim1d_nx1024_N200_solver=exponax_kernel=gaussian_correlation_length0.03_bcperiodic_nu0.0005_t1.0_seed1000045.pt
Saved output tensor to /blue/shiboli.fsu/yifeisun.umich/adversarial_robustness_FNO/1D_Burgers/perturbation_methods/x_y_dict/1D/Burgers/outputs_dim1d_nx1024_N200_solver=exponax_kernel=gaussian_correlation_length0.03_bcperiodic_nu0.0005_t1.0_seed1000045.pt
