c0900a-s5.ufhpc
Sat Jul 19 12:40:41 AM EDT 2025
/blue/shiboli.fsu/yifeisun.umich/adversarial_robustness_FNO
GIF saved to: /blue/shiboli.fsu/yifeisun.umich/adversarial_robustness_FNO/2D_NS_FNO2d_recurrent/perturbation_results/attack_progress_norm2_epsilon6.5536_alpha1.0_num_steps100_index1.gif
GIF successfully saved to /blue/shiboli.fsu/yifeisun.umich/adversarial_robustness_FNO/2D_NS_FNO2d_recurrent/perturbation_results/attack_progress_norm2_epsilon6.5536_alpha1.0_num_steps100_index1.gif
Created visualization: attack_progress_norm2_epsilon6.5536_alpha1.0_num_steps100_index1.gif 
    | Time: 112.89s
Enhanced GIF saved to: /blue/shiboli.fsu/yifeisun.umich/adversarial_robustness_FNO/2D_NS_FNO2d_recurrent/perturbation_results/attack_progress_norm2_epsilon6.5536_alpha1.0_num_steps100_index1_periodic.gif
Created visualization: attack_progress_norm2_epsilon6.5536_alpha1.0_num_steps100_index1_periodic.gif 
    | Time: 130.44s
Enhanced GIF saved to: /blue/shiboli.fsu/yifeisun.umich/adversarial_robustness_FNO/2D_NS_FNO2d_recurrent/perturbation_results/attack_progress_norm2_epsilon6.5536_alpha1.0_num_steps100_index1_periodic_grad.gif
Created visualization: attack_progress_norm2_epsilon6.5536_alpha1.0_num_steps100_index1_periodic_grad.gif 
    | Time: 180.36s
Enhanced GIF saved to: /blue/shiboli.fsu/yifeisun.umich/adversarial_robustness_FNO/2D_NS_FNO2d_recurrent/perturbation_results/attack_progress_norm2_epsilon6.5536_alpha1.0_num_steps100_index1_periodic_x0.gif
Created visualization: attack_progress_norm2_epsilon6.5536_alpha1.0_num_steps100_index1_periodic_x0.gif 
    | Time: 209.38s
GIF saved to: /blue/shiboli.fsu/yifeisun.umich/adversarial_robustness_FNO/2D_NS_FNO2d_recurrent/perturbation_results/attack_progress_norm2_epsilon6.5536_alpha1.0_num_steps100_index2.gif
GIF successfully saved to /blue/shiboli.fsu/yifeisun.umich/adversarial_robustness_FNO/2D_NS_FNO2d_recurrent/perturbation_results/attack_progress_norm2_epsilon6.5536_alpha1.0_num_steps100_index2.gif
Created visualization: attack_progress_norm2_epsilon6.5536_alpha1.0_num_steps100_index2.gif 
    | Time: 115.76s
Enhanced GIF saved to: /blue/shiboli.fsu/yifeisun.umich/adversarial_robustness_FNO/2D_NS_FNO2d_recurrent/perturbation_results/attack_progress_norm2_epsilon6.5536_alpha1.0_num_steps100_index2_periodic.gif
Created visualization: attack_progress_norm2_epsilon6.5536_alpha1.0_num_steps100_index2_periodic.gif 
    | Time: 132.57s
Enhanced GIF saved to: /blue/shiboli.fsu/yifeisun.umich/adversarial_robustness_FNO/2D_NS_FNO2d_recurrent/perturbation_results/attack_progress_norm2_epsilon6.5536_alpha1.0_num_steps100_index2_periodic_grad.gif
Created visualization: attack_progress_norm2_epsilon6.5536_alpha1.0_num_steps100_index2_periodic_grad.gif 
    | Time: 180.86s
Enhanced GIF saved to: /blue/shiboli.fsu/yifeisun.umich/adversarial_robustness_FNO/2D_NS_FNO2d_recurrent/perturbation_results/attack_progress_norm2_epsilon6.5536_alpha1.0_num_steps100_index2_periodic_x0.gif
Created visualization: attack_progress_norm2_epsilon6.5536_alpha1.0_num_steps100_index2_periodic_x0.gif 
    | Time: 188.54s
GIF saved to: /blue/shiboli.fsu/yifeisun.umich/adversarial_robustness_FNO/2D_NS_FNO2d_recurrent/perturbation_results/attack_progress_norm2_epsilon6.5536_alpha1.0_num_steps100_index3.gif
GIF successfully saved to /blue/shiboli.fsu/yifeisun.umich/adversarial_robustness_FNO/2D_NS_FNO2d_recurrent/perturbation_results/attack_progress_norm2_epsilon6.5536_alpha1.0_num_steps100_index3.gif
Created visualization: attack_progress_norm2_epsilon6.5536_alpha1.0_num_steps100_index3.gif 
    | Time: 114.69s
Enhanced GIF saved to: /blue/shiboli.fsu/yifeisun.umich/adversarial_robustness_FNO/2D_NS_FNO2d_recurrent/perturbation_results/attack_progress_norm2_epsilon6.5536_alpha1.0_num_steps100_index3_periodic.gif
Created visualization: attack_progress_norm2_epsilon6.5536_alpha1.0_num_steps100_index3_periodic.gif 
    | Time: 133.24s
Enhanced GIF saved to: /blue/shiboli.fsu/yifeisun.umich/adversarial_robustness_FNO/2D_NS_FNO2d_recurrent/perturbation_results/attack_progress_norm2_epsilon6.5536_alpha1.0_num_steps100_index3_periodic_grad.gif
Created visualization: attack_progress_norm2_epsilon6.5536_alpha1.0_num_steps100_index3_periodic_grad.gif 
    | Time: 178.35s
Enhanced GIF saved to: /blue/shiboli.fsu/yifeisun.umich/adversarial_robustness_FNO/2D_NS_FNO2d_recurrent/perturbation_results/attack_progress_norm2_epsilon6.5536_alpha1.0_num_steps100_index3_periodic_x0.gif
Created visualization: attack_progress_norm2_epsilon6.5536_alpha1.0_num_steps100_index3_periodic_x0.gif 
    | Time: 210.59s
GIF saved to: /blue/shiboli.fsu/yifeisun.umich/adversarial_robustness_FNO/2D_NS_FNO2d_recurrent/perturbation_results/attack_progress_norm2_epsilon6.5536_alpha2.0_num_steps100_index1.gif
GIF successfully saved to /blue/shiboli.fsu/yifeisun.umich/adversarial_robustness_FNO/2D_NS_FNO2d_recurrent/perturbation_results/attack_progress_norm2_epsilon6.5536_alpha2.0_num_steps100_index1.gif
Created visualization: attack_progress_norm2_epsilon6.5536_alpha2.0_num_steps100_index1.gif 
    | Time: 112.40s
Enhanced GIF saved to: /blue/shiboli.fsu/yifeisun.umich/adversarial_robustness_FNO/2D_NS_FNO2d_recurrent/perturbation_results/attack_progress_norm2_epsilon6.5536_alpha2.0_num_steps100_index1_periodic.gif
Created visualization: attack_progress_norm2_epsilon6.5536_alpha2.0_num_steps100_index1_periodic.gif 
    | Time: 129.45s
Enhanced GIF saved to: /blue/shiboli.fsu/yifeisun.umich/adversarial_robustness_FNO/2D_NS_FNO2d_recurrent/perturbation_results/attack_progress_norm2_epsilon6.5536_alpha2.0_num_steps100_index1_periodic_grad.gif
Created visualization: attack_progress_norm2_epsilon6.5536_alpha2.0_num_steps100_index1_periodic_grad.gif 
    | Time: 180.87s
Enhanced GIF saved to: /blue/shiboli.fsu/yifeisun.umich/adversarial_robustness_FNO/2D_NS_FNO2d_recurrent/perturbation_results/attack_progress_norm2_epsilon6.5536_alpha2.0_num_steps100_index1_periodic_x0.gif
Created visualization: attack_progress_norm2_epsilon6.5536_alpha2.0_num_steps100_index1_periodic_x0.gif 
    | Time: 209.70s
GIF saved to: /blue/shiboli.fsu/yifeisun.umich/adversarial_robustness_FNO/2D_NS_FNO2d_recurrent/perturbation_results/attack_progress_norm2_epsilon6.5536_alpha2.0_num_steps100_index2.gif
GIF successfully saved to /blue/shiboli.fsu/yifeisun.umich/adversarial_robustness_FNO/2D_NS_FNO2d_recurrent/perturbation_results/attack_progress_norm2_epsilon6.5536_alpha2.0_num_steps100_index2.gif
Created visualization: attack_progress_norm2_epsilon6.5536_alpha2.0_num_steps100_index2.gif 
    | Time: 115.98s
Enhanced GIF saved to: /blue/shiboli.fsu/yifeisun.umich/adversarial_robustness_FNO/2D_NS_FNO2d_recurrent/perturbation_results/attack_progress_norm2_epsilon6.5536_alpha2.0_num_steps100_index2_periodic.gif
Created visualization: attack_progress_norm2_epsilon6.5536_alpha2.0_num_steps100_index2_periodic.gif 
    | Time: 130.89s
Enhanced GIF saved to: /blue/shiboli.fsu/yifeisun.umich/adversarial_robustness_FNO/2D_NS_FNO2d_recurrent/perturbation_results/attack_progress_norm2_epsilon6.5536_alpha2.0_num_steps100_index2_periodic_grad.gif
Created visualization: attack_progress_norm2_epsilon6.5536_alpha2.0_num_steps100_index2_periodic_grad.gif 
    | Time: 179.92s
Enhanced GIF saved to: /blue/shiboli.fsu/yifeisun.umich/adversarial_robustness_FNO/2D_NS_FNO2d_recurrent/perturbation_results/attack_progress_norm2_epsilon6.5536_alpha2.0_num_steps100_index2_periodic_x0.gif
Created visualization: attack_progress_norm2_epsilon6.5536_alpha2.0_num_steps100_index2_periodic_x0.gif 
    | Time: 186.20s
GIF saved to: /blue/shiboli.fsu/yifeisun.umich/adversarial_robustness_FNO/2D_NS_FNO2d_recurrent/perturbation_results/attack_progress_norm2_epsilon6.5536_alpha2.0_num_steps100_index3.gif
GIF successfully saved to /blue/shiboli.fsu/yifeisun.umich/adversarial_robustness_FNO/2D_NS_FNO2d_recurrent/perturbation_results/attack_progress_norm2_epsilon6.5536_alpha2.0_num_steps100_index3.gif
Created visualization: attack_progress_norm2_epsilon6.5536_alpha2.0_num_steps100_index3.gif 
    | Time: 114.49s
Enhanced GIF saved to: /blue/shiboli.fsu/yifeisun.umich/adversarial_robustness_FNO/2D_NS_FNO2d_recurrent/perturbation_results/attack_progress_norm2_epsilon6.5536_alpha2.0_num_steps100_index3_periodic.gif
Created visualization: attack_progress_norm2_epsilon6.5536_alpha2.0_num_steps100_index3_periodic.gif 
    | Time: 132.47s
Enhanced GIF saved to: /blue/shiboli.fsu/yifeisun.umich/adversarial_robustness_FNO/2D_NS_FNO2d_recurrent/perturbation_results/attack_progress_norm2_epsilon6.5536_alpha2.0_num_steps100_index3_periodic_grad.gif
Created visualization: attack_progress_norm2_epsilon6.5536_alpha2.0_num_steps100_index3_periodic_grad.gif 
    | Time: 179.14s
Enhanced GIF saved to: /blue/shiboli.fsu/yifeisun.umich/adversarial_robustness_FNO/2D_NS_FNO2d_recurrent/perturbation_results/attack_progress_norm2_epsilon6.5536_alpha2.0_num_steps100_index3_periodic_x0.gif
Created visualization: attack_progress_norm2_epsilon6.5536_alpha2.0_num_steps100_index3_periodic_x0.gif 
    | Time: 216.79s
GIF saved to: /blue/shiboli.fsu/yifeisun.umich/adversarial_robustness_FNO/2D_NS_FNO2d_recurrent/perturbation_results/attack_progress_norm2_epsilon6.5536_alpha5.0_num_steps100_index1.gif
GIF successfully saved to /blue/shiboli.fsu/yifeisun.umich/adversarial_robustness_FNO/2D_NS_FNO2d_recurrent/perturbation_results/attack_progress_norm2_epsilon6.5536_alpha5.0_num_steps100_index1.gif
Created visualization: attack_progress_norm2_epsilon6.5536_alpha5.0_num_steps100_index1.gif 
    | Time: 113.47s
Enhanced GIF saved to: /blue/shiboli.fsu/yifeisun.umich/adversarial_robustness_FNO/2D_NS_FNO2d_recurrent/perturbation_results/attack_progress_norm2_epsilon6.5536_alpha5.0_num_steps100_index1_periodic.gif
Created visualization: attack_progress_norm2_epsilon6.5536_alpha5.0_num_steps100_index1_periodic.gif 
    | Time: 131.60s
Enhanced GIF saved to: /blue/shiboli.fsu/yifeisun.umich/adversarial_robustness_FNO/2D_NS_FNO2d_recurrent/perturbation_results/attack_progress_norm2_epsilon6.5536_alpha5.0_num_steps100_index1_periodic_grad.gif
Created visualization: attack_progress_norm2_epsilon6.5536_alpha5.0_num_steps100_index1_periodic_grad.gif 
    | Time: 180.64s
Enhanced GIF saved to: /blue/shiboli.fsu/yifeisun.umich/adversarial_robustness_FNO/2D_NS_FNO2d_recurrent/perturbation_results/attack_progress_norm2_epsilon6.5536_alpha5.0_num_steps100_index1_periodic_x0.gif
Created visualization: attack_progress_norm2_epsilon6.5536_alpha5.0_num_steps100_index1_periodic_x0.gif 
    | Time: 210.01s
GIF saved to: /blue/shiboli.fsu/yifeisun.umich/adversarial_robustness_FNO/2D_NS_FNO2d_recurrent/perturbation_results/attack_progress_norm2_epsilon6.5536_alpha5.0_num_steps100_index2.gif
GIF successfully saved to /blue/shiboli.fsu/yifeisun.umich/adversarial_robustness_FNO/2D_NS_FNO2d_recurrent/perturbation_results/attack_progress_norm2_epsilon6.5536_alpha5.0_num_steps100_index2.gif
Created visualization: attack_progress_norm2_epsilon6.5536_alpha5.0_num_steps100_index2.gif 
    | Time: 116.58s
Enhanced GIF saved to: /blue/shiboli.fsu/yifeisun.umich/adversarial_robustness_FNO/2D_NS_FNO2d_recurrent/perturbation_results/attack_progress_norm2_epsilon6.5536_alpha5.0_num_steps100_index2_periodic.gif
Created visualization: attack_progress_norm2_epsilon6.5536_alpha5.0_num_steps100_index2_periodic.gif 
    | Time: 134.49s
Enhanced GIF saved to: /blue/shiboli.fsu/yifeisun.umich/adversarial_robustness_FNO/2D_NS_FNO2d_recurrent/perturbation_results/attack_progress_norm2_epsilon6.5536_alpha5.0_num_steps100_index2_periodic_grad.gif
Created visualization: attack_progress_norm2_epsilon6.5536_alpha5.0_num_steps100_index2_periodic_grad.gif 
    | Time: 181.21s
Enhanced GIF saved to: /blue/shiboli.fsu/yifeisun.umich/adversarial_robustness_FNO/2D_NS_FNO2d_recurrent/perturbation_results/attack_progress_norm2_epsilon6.5536_alpha5.0_num_steps100_index2_periodic_x0.gif
Created visualization: attack_progress_norm2_epsilon6.5536_alpha5.0_num_steps100_index2_periodic_x0.gif 
    | Time: 200.42s
GIF saved to: /blue/shiboli.fsu/yifeisun.umich/adversarial_robustness_FNO/2D_NS_FNO2d_recurrent/perturbation_results/attack_progress_norm2_epsilon6.5536_alpha5.0_num_steps100_index3.gif
GIF successfully saved to /blue/shiboli.fsu/yifeisun.umich/adversarial_robustness_FNO/2D_NS_FNO2d_recurrent/perturbation_results/attack_progress_norm2_epsilon6.5536_alpha5.0_num_steps100_index3.gif
Created visualization: attack_progress_norm2_epsilon6.5536_alpha5.0_num_steps100_index3.gif 
    | Time: 114.70s
Enhanced GIF saved to: /blue/shiboli.fsu/yifeisun.umich/adversarial_robustness_FNO/2D_NS_FNO2d_recurrent/perturbation_results/attack_progress_norm2_epsilon6.5536_alpha5.0_num_steps100_index3_periodic.gif
Created visualization: attack_progress_norm2_epsilon6.5536_alpha5.0_num_steps100_index3_periodic.gif 
    | Time: 134.24s
Enhanced GIF saved to: /blue/shiboli.fsu/yifeisun.umich/adversarial_robustness_FNO/2D_NS_FNO2d_recurrent/perturbation_results/attack_progress_norm2_epsilon6.5536_alpha5.0_num_steps100_index3_periodic_grad.gif
Created visualization: attack_progress_norm2_epsilon6.5536_alpha5.0_num_steps100_index3_periodic_grad.gif 
    | Time: 179.18s
Enhanced GIF saved to: /blue/shiboli.fsu/yifeisun.umich/adversarial_robustness_FNO/2D_NS_FNO2d_recurrent/perturbation_results/attack_progress_norm2_epsilon6.5536_alpha5.0_num_steps100_index3_periodic_x0.gif
Created visualization: attack_progress_norm2_epsilon6.5536_alpha5.0_num_steps100_index3_periodic_x0.gif 
    | Time: 213.81s
