c1103a-s5.ufhpc
Tue Jul 22 10:18:56 AM EDT 2025
/blue/shiboli.fsu/yifeisun.umich/adversarial_robustness_FNO
GIF successfully saved to /blue/shiboli.fsu/yifeisun.umich/adversarial_robustness_FNO/2D_NS_FNO2d_recurrent/perturbation_results/attack_progress_norm2_epsilon39.3216_alpha1.0_num_steps100_index1.gif
Created visualization: attack_progress_norm2_epsilon39.3216_alpha1.0_num_steps100_index1.gif 
    | Time: 166.06s
Enhanced GIF saved to: /blue/shiboli.fsu/yifeisun.umich/adversarial_robustness_FNO/2D_NS_FNO2d_recurrent/perturbation_results/attack_progress_norm2_epsilon39.3216_alpha1.0_num_steps100_index1_periodic_grad.gif
Created visualization: attack_progress_norm2_epsilon39.3216_alpha1.0_num_steps100_index1_periodic_grad.gif 
    | Time: 196.18s
Enhanced GIF saved to: /blue/shiboli.fsu/yifeisun.umich/adversarial_robustness_FNO/2D_NS_FNO2d_recurrent/perturbation_results/attack_progress_norm2_epsilon39.3216_alpha1.0_num_steps100_index1_periodic_x0.gif
Created visualization: attack_progress_norm2_epsilon39.3216_alpha1.0_num_steps100_index1_periodic_x0.gif 
    | Time: 192.78s
GIF successfully saved to /blue/shiboli.fsu/yifeisun.umich/adversarial_robustness_FNO/2D_NS_FNO2d_recurrent/perturbation_results/attack_progress_norm2_epsilon39.3216_alpha5.0_num_steps100_index1.gif
Created visualization: attack_progress_norm2_epsilon39.3216_alpha5.0_num_steps100_index1.gif 
    | Time: 165.64s
Enhanced GIF saved to: /blue/shiboli.fsu/yifeisun.umich/adversarial_robustness_FNO/2D_NS_FNO2d_recurrent/perturbation_results/attack_progress_norm2_epsilon39.3216_alpha5.0_num_steps100_index1_periodic_grad.gif
Created visualization: attack_progress_norm2_epsilon39.3216_alpha5.0_num_steps100_index1_periodic_grad.gif 
    | Time: 190.88s
Enhanced GIF saved to: /blue/shiboli.fsu/yifeisun.umich/adversarial_robustness_FNO/2D_NS_FNO2d_recurrent/perturbation_results/attack_progress_norm2_epsilon39.3216_alpha5.0_num_steps100_index1_periodic_x0.gif
Created visualization: attack_progress_norm2_epsilon39.3216_alpha5.0_num_steps100_index1_periodic_x0.gif 
    | Time: 187.99s
GIF successfully saved to /blue/shiboli.fsu/yifeisun.umich/adversarial_robustness_FNO/2D_NS_FNO2d_recurrent/perturbation_results/attack_progress_norm2_epsilon13.1072_alpha5.0_num_steps100_index1.gif
Created visualization: attack_progress_norm2_epsilon13.1072_alpha5.0_num_steps100_index1.gif 
    | Time: 167.41s
Enhanced GIF saved to: /blue/shiboli.fsu/yifeisun.umich/adversarial_robustness_FNO/2D_NS_FNO2d_recurrent/perturbation_results/attack_progress_norm2_epsilon13.1072_alpha5.0_num_steps100_index1_periodic_grad.gif
Created visualization: attack_progress_norm2_epsilon13.1072_alpha5.0_num_steps100_index1_periodic_grad.gif 
    | Time: 189.79s
Enhanced GIF saved to: /blue/shiboli.fsu/yifeisun.umich/adversarial_robustness_FNO/2D_NS_FNO2d_recurrent/perturbation_results/attack_progress_norm2_epsilon13.1072_alpha5.0_num_steps100_index1_periodic_x0.gif
Created visualization: attack_progress_norm2_epsilon13.1072_alpha5.0_num_steps100_index1_periodic_x0.gif 
    | Time: 182.34s
GIF successfully saved to /blue/shiboli.fsu/yifeisun.umich/adversarial_robustness_FNO/2D_NS_FNO2d_recurrent/perturbation_results/attack_progress_norm2_epsilon26.2144_alpha2.0_num_steps100_index1.gif
Created visualization: attack_progress_norm2_epsilon26.2144_alpha2.0_num_steps100_index1.gif 
    | Time: 164.03s
Enhanced GIF saved to: /blue/shiboli.fsu/yifeisun.umich/adversarial_robustness_FNO/2D_NS_FNO2d_recurrent/perturbation_results/attack_progress_norm2_epsilon26.2144_alpha2.0_num_steps100_index1_periodic_grad.gif
Created visualization: attack_progress_norm2_epsilon26.2144_alpha2.0_num_steps100_index1_periodic_grad.gif 
    | Time: 193.37s
Enhanced GIF saved to: /blue/shiboli.fsu/yifeisun.umich/adversarial_robustness_FNO/2D_NS_FNO2d_recurrent/perturbation_results/attack_progress_norm2_epsilon26.2144_alpha2.0_num_steps100_index1_periodic_x0.gif
Created visualization: attack_progress_norm2_epsilon26.2144_alpha2.0_num_steps100_index1_periodic_x0.gif 
    | Time: 195.25s
GIF successfully saved to /blue/shiboli.fsu/yifeisun.umich/adversarial_robustness_FNO/2D_NS_FNO2d_recurrent/perturbation_results/attack_progress_norm2_epsilon13.1072_alpha1.0_num_steps100_index1.gif
Created visualization: attack_progress_norm2_epsilon13.1072_alpha1.0_num_steps100_index1.gif 
    | Time: 168.20s
Enhanced GIF saved to: /blue/shiboli.fsu/yifeisun.umich/adversarial_robustness_FNO/2D_NS_FNO2d_recurrent/perturbation_results/attack_progress_norm2_epsilon13.1072_alpha1.0_num_steps100_index1_periodic_grad.gif
Created visualization: attack_progress_norm2_epsilon13.1072_alpha1.0_num_steps100_index1_periodic_grad.gif 
    | Time: 192.51s
Enhanced GIF saved to: /blue/shiboli.fsu/yifeisun.umich/adversarial_robustness_FNO/2D_NS_FNO2d_recurrent/perturbation_results/attack_progress_norm2_epsilon13.1072_alpha1.0_num_steps100_index1_periodic_x0.gif
Created visualization: attack_progress_norm2_epsilon13.1072_alpha1.0_num_steps100_index1_periodic_x0.gif 
    | Time: 181.90s
