c0903a-s25.ufhpc
Sat Jul 19 11:20:21 AM EDT 2025
/blue/shiboli.fsu/yifeisun.umich/adversarial_robustness_FNO
GIF saved to: /blue/shiboli.fsu/yifeisun.umich/adversarial_robustness_FNO/2D_NS_FNO2d_recurrent/perturbation_results/attack_progress_norm2_epsilon65.536_alpha1.0_num_steps100_index1.gif
GIF successfully saved to /blue/shiboli.fsu/yifeisun.umich/adversarial_robustness_FNO/2D_NS_FNO2d_recurrent/perturbation_results/attack_progress_norm2_epsilon65.536_alpha1.0_num_steps100_index1.gif
Created visualization: attack_progress_norm2_epsilon65.536_alpha1.0_num_steps100_index1.gif 
    | Time: 113.80s
Enhanced GIF saved to: /blue/shiboli.fsu/yifeisun.umich/adversarial_robustness_FNO/2D_NS_FNO2d_recurrent/perturbation_results/attack_progress_norm2_epsilon65.536_alpha1.0_num_steps100_index1_periodic.gif
Created visualization: attack_progress_norm2_epsilon65.536_alpha1.0_num_steps100_index1_periodic.gif 
    | Time: 141.11s
Enhanced GIF saved to: /blue/shiboli.fsu/yifeisun.umich/adversarial_robustness_FNO/2D_NS_FNO2d_recurrent/perturbation_results/attack_progress_norm2_epsilon65.536_alpha1.0_num_steps100_index1_periodic_grad.gif
Created visualization: attack_progress_norm2_epsilon65.536_alpha1.0_num_steps100_index1_periodic_grad.gif 
    | Time: 182.12s
Enhanced GIF saved to: /blue/shiboli.fsu/yifeisun.umich/adversarial_robustness_FNO/2D_NS_FNO2d_recurrent/perturbation_results/attack_progress_norm2_epsilon65.536_alpha1.0_num_steps100_index1_periodic_x0.gif
Created visualization: attack_progress_norm2_epsilon65.536_alpha1.0_num_steps100_index1_periodic_x0.gif 
    | Time: 198.66s
GIF saved to: /blue/shiboli.fsu/yifeisun.umich/adversarial_robustness_FNO/2D_NS_FNO2d_recurrent/perturbation_results/attack_progress_norm2_epsilon65.536_alpha1.0_num_steps100_index2.gif
GIF successfully saved to /blue/shiboli.fsu/yifeisun.umich/adversarial_robustness_FNO/2D_NS_FNO2d_recurrent/perturbation_results/attack_progress_norm2_epsilon65.536_alpha1.0_num_steps100_index2.gif
Created visualization: attack_progress_norm2_epsilon65.536_alpha1.0_num_steps100_index2.gif 
    | Time: 115.62s
Enhanced GIF saved to: /blue/shiboli.fsu/yifeisun.umich/adversarial_robustness_FNO/2D_NS_FNO2d_recurrent/perturbation_results/attack_progress_norm2_epsilon65.536_alpha1.0_num_steps100_index2_periodic.gif
Created visualization: attack_progress_norm2_epsilon65.536_alpha1.0_num_steps100_index2_periodic.gif 
    | Time: 137.33s
Enhanced GIF saved to: /blue/shiboli.fsu/yifeisun.umich/adversarial_robustness_FNO/2D_NS_FNO2d_recurrent/perturbation_results/attack_progress_norm2_epsilon65.536_alpha1.0_num_steps100_index2_periodic_grad.gif
Created visualization: attack_progress_norm2_epsilon65.536_alpha1.0_num_steps100_index2_periodic_grad.gif 
    | Time: 190.17s
Enhanced GIF saved to: /blue/shiboli.fsu/yifeisun.umich/adversarial_robustness_FNO/2D_NS_FNO2d_recurrent/perturbation_results/attack_progress_norm2_epsilon65.536_alpha1.0_num_steps100_index2_periodic_x0.gif
Created visualization: attack_progress_norm2_epsilon65.536_alpha1.0_num_steps100_index2_periodic_x0.gif 
    | Time: 200.31s
GIF saved to: /blue/shiboli.fsu/yifeisun.umich/adversarial_robustness_FNO/2D_NS_FNO2d_recurrent/perturbation_results/attack_progress_norm2_epsilon65.536_alpha1.0_num_steps100_index3.gif
GIF successfully saved to /blue/shiboli.fsu/yifeisun.umich/adversarial_robustness_FNO/2D_NS_FNO2d_recurrent/perturbation_results/attack_progress_norm2_epsilon65.536_alpha1.0_num_steps100_index3.gif
Created visualization: attack_progress_norm2_epsilon65.536_alpha1.0_num_steps100_index3.gif 
    | Time: 113.24s
Enhanced GIF saved to: /blue/shiboli.fsu/yifeisun.umich/adversarial_robustness_FNO/2D_NS_FNO2d_recurrent/perturbation_results/attack_progress_norm2_epsilon65.536_alpha1.0_num_steps100_index3_periodic.gif
Created visualization: attack_progress_norm2_epsilon65.536_alpha1.0_num_steps100_index3_periodic.gif 
    | Time: 142.32s
Enhanced GIF saved to: /blue/shiboli.fsu/yifeisun.umich/adversarial_robustness_FNO/2D_NS_FNO2d_recurrent/perturbation_results/attack_progress_norm2_epsilon65.536_alpha1.0_num_steps100_index3_periodic_grad.gif
Created visualization: attack_progress_norm2_epsilon65.536_alpha1.0_num_steps100_index3_periodic_grad.gif 
    | Time: 187.13s
Enhanced GIF saved to: /blue/shiboli.fsu/yifeisun.umich/adversarial_robustness_FNO/2D_NS_FNO2d_recurrent/perturbation_results/attack_progress_norm2_epsilon65.536_alpha1.0_num_steps100_index3_periodic_x0.gif
Created visualization: attack_progress_norm2_epsilon65.536_alpha1.0_num_steps100_index3_periodic_x0.gif 
    | Time: 195.81s
GIF saved to: /blue/shiboli.fsu/yifeisun.umich/adversarial_robustness_FNO/2D_NS_FNO2d_recurrent/perturbation_results/attack_progress_norm2_epsilon65.536_alpha2.0_num_steps100_index1.gif
GIF successfully saved to /blue/shiboli.fsu/yifeisun.umich/adversarial_robustness_FNO/2D_NS_FNO2d_recurrent/perturbation_results/attack_progress_norm2_epsilon65.536_alpha2.0_num_steps100_index1.gif
Created visualization: attack_progress_norm2_epsilon65.536_alpha2.0_num_steps100_index1.gif 
    | Time: 113.01s
Enhanced GIF saved to: /blue/shiboli.fsu/yifeisun.umich/adversarial_robustness_FNO/2D_NS_FNO2d_recurrent/perturbation_results/attack_progress_norm2_epsilon65.536_alpha2.0_num_steps100_index1_periodic.gif
Created visualization: attack_progress_norm2_epsilon65.536_alpha2.0_num_steps100_index1_periodic.gif 
    | Time: 141.83s
Enhanced GIF saved to: /blue/shiboli.fsu/yifeisun.umich/adversarial_robustness_FNO/2D_NS_FNO2d_recurrent/perturbation_results/attack_progress_norm2_epsilon65.536_alpha2.0_num_steps100_index1_periodic_grad.gif
Created visualization: attack_progress_norm2_epsilon65.536_alpha2.0_num_steps100_index1_periodic_grad.gif 
    | Time: 186.21s
Enhanced GIF saved to: /blue/shiboli.fsu/yifeisun.umich/adversarial_robustness_FNO/2D_NS_FNO2d_recurrent/perturbation_results/attack_progress_norm2_epsilon65.536_alpha2.0_num_steps100_index1_periodic_x0.gif
Created visualization: attack_progress_norm2_epsilon65.536_alpha2.0_num_steps100_index1_periodic_x0.gif 
    | Time: 194.45s
GIF saved to: /blue/shiboli.fsu/yifeisun.umich/adversarial_robustness_FNO/2D_NS_FNO2d_recurrent/perturbation_results/attack_progress_norm2_epsilon65.536_alpha2.0_num_steps100_index2.gif
GIF successfully saved to /blue/shiboli.fsu/yifeisun.umich/adversarial_robustness_FNO/2D_NS_FNO2d_recurrent/perturbation_results/attack_progress_norm2_epsilon65.536_alpha2.0_num_steps100_index2.gif
Created visualization: attack_progress_norm2_epsilon65.536_alpha2.0_num_steps100_index2.gif 
    | Time: 114.24s
Enhanced GIF saved to: /blue/shiboli.fsu/yifeisun.umich/adversarial_robustness_FNO/2D_NS_FNO2d_recurrent/perturbation_results/attack_progress_norm2_epsilon65.536_alpha2.0_num_steps100_index2_periodic.gif
Created visualization: attack_progress_norm2_epsilon65.536_alpha2.0_num_steps100_index2_periodic.gif 
    | Time: 138.77s
Enhanced GIF saved to: /blue/shiboli.fsu/yifeisun.umich/adversarial_robustness_FNO/2D_NS_FNO2d_recurrent/perturbation_results/attack_progress_norm2_epsilon65.536_alpha2.0_num_steps100_index2_periodic_grad.gif
Created visualization: attack_progress_norm2_epsilon65.536_alpha2.0_num_steps100_index2_periodic_grad.gif 
    | Time: 187.14s
Enhanced GIF saved to: /blue/shiboli.fsu/yifeisun.umich/adversarial_robustness_FNO/2D_NS_FNO2d_recurrent/perturbation_results/attack_progress_norm2_epsilon65.536_alpha2.0_num_steps100_index2_periodic_x0.gif
Created visualization: attack_progress_norm2_epsilon65.536_alpha2.0_num_steps100_index2_periodic_x0.gif 
    | Time: 195.50s
GIF saved to: /blue/shiboli.fsu/yifeisun.umich/adversarial_robustness_FNO/2D_NS_FNO2d_recurrent/perturbation_results/attack_progress_norm2_epsilon65.536_alpha2.0_num_steps100_index3.gif
GIF successfully saved to /blue/shiboli.fsu/yifeisun.umich/adversarial_robustness_FNO/2D_NS_FNO2d_recurrent/perturbation_results/attack_progress_norm2_epsilon65.536_alpha2.0_num_steps100_index3.gif
Created visualization: attack_progress_norm2_epsilon65.536_alpha2.0_num_steps100_index3.gif 
    | Time: 113.97s
Enhanced GIF saved to: /blue/shiboli.fsu/yifeisun.umich/adversarial_robustness_FNO/2D_NS_FNO2d_recurrent/perturbation_results/attack_progress_norm2_epsilon65.536_alpha2.0_num_steps100_index3_periodic.gif
Created visualization: attack_progress_norm2_epsilon65.536_alpha2.0_num_steps100_index3_periodic.gif 
    | Time: 142.09s
Enhanced GIF saved to: /blue/shiboli.fsu/yifeisun.umich/adversarial_robustness_FNO/2D_NS_FNO2d_recurrent/perturbation_results/attack_progress_norm2_epsilon65.536_alpha2.0_num_steps100_index3_periodic_grad.gif
Created visualization: attack_progress_norm2_epsilon65.536_alpha2.0_num_steps100_index3_periodic_grad.gif 
    | Time: 183.28s
Enhanced GIF saved to: /blue/shiboli.fsu/yifeisun.umich/adversarial_robustness_FNO/2D_NS_FNO2d_recurrent/perturbation_results/attack_progress_norm2_epsilon65.536_alpha2.0_num_steps100_index3_periodic_x0.gif
Created visualization: attack_progress_norm2_epsilon65.536_alpha2.0_num_steps100_index3_periodic_x0.gif 
    | Time: 193.79s
GIF saved to: /blue/shiboli.fsu/yifeisun.umich/adversarial_robustness_FNO/2D_NS_FNO2d_recurrent/perturbation_results/attack_progress_norm2_epsilon65.536_alpha5.0_num_steps100_index1.gif
GIF successfully saved to /blue/shiboli.fsu/yifeisun.umich/adversarial_robustness_FNO/2D_NS_FNO2d_recurrent/perturbation_results/attack_progress_norm2_epsilon65.536_alpha5.0_num_steps100_index1.gif
Created visualization: attack_progress_norm2_epsilon65.536_alpha5.0_num_steps100_index1.gif 
    | Time: 112.64s
Enhanced GIF saved to: /blue/shiboli.fsu/yifeisun.umich/adversarial_robustness_FNO/2D_NS_FNO2d_recurrent/perturbation_results/attack_progress_norm2_epsilon65.536_alpha5.0_num_steps100_index1_periodic.gif
Created visualization: attack_progress_norm2_epsilon65.536_alpha5.0_num_steps100_index1_periodic.gif 
    | Time: 138.00s
Enhanced GIF saved to: /blue/shiboli.fsu/yifeisun.umich/adversarial_robustness_FNO/2D_NS_FNO2d_recurrent/perturbation_results/attack_progress_norm2_epsilon65.536_alpha5.0_num_steps100_index1_periodic_grad.gif
Created visualization: attack_progress_norm2_epsilon65.536_alpha5.0_num_steps100_index1_periodic_grad.gif 
    | Time: 179.76s
Enhanced GIF saved to: /blue/shiboli.fsu/yifeisun.umich/adversarial_robustness_FNO/2D_NS_FNO2d_recurrent/perturbation_results/attack_progress_norm2_epsilon65.536_alpha5.0_num_steps100_index1_periodic_x0.gif
Created visualization: attack_progress_norm2_epsilon65.536_alpha5.0_num_steps100_index1_periodic_x0.gif 
    | Time: 192.47s
GIF saved to: /blue/shiboli.fsu/yifeisun.umich/adversarial_robustness_FNO/2D_NS_FNO2d_recurrent/perturbation_results/attack_progress_norm2_epsilon65.536_alpha5.0_num_steps100_index2.gif
GIF successfully saved to /blue/shiboli.fsu/yifeisun.umich/adversarial_robustness_FNO/2D_NS_FNO2d_recurrent/perturbation_results/attack_progress_norm2_epsilon65.536_alpha5.0_num_steps100_index2.gif
Created visualization: attack_progress_norm2_epsilon65.536_alpha5.0_num_steps100_index2.gif 
    | Time: 113.98s
Enhanced GIF saved to: /blue/shiboli.fsu/yifeisun.umich/adversarial_robustness_FNO/2D_NS_FNO2d_recurrent/perturbation_results/attack_progress_norm2_epsilon65.536_alpha5.0_num_steps100_index2_periodic.gif
Created visualization: attack_progress_norm2_epsilon65.536_alpha5.0_num_steps100_index2_periodic.gif 
    | Time: 138.74s
Enhanced GIF saved to: /blue/shiboli.fsu/yifeisun.umich/adversarial_robustness_FNO/2D_NS_FNO2d_recurrent/perturbation_results/attack_progress_norm2_epsilon65.536_alpha5.0_num_steps100_index2_periodic_grad.gif
Created visualization: attack_progress_norm2_epsilon65.536_alpha5.0_num_steps100_index2_periodic_grad.gif 
    | Time: 183.60s
Enhanced GIF saved to: /blue/shiboli.fsu/yifeisun.umich/adversarial_robustness_FNO/2D_NS_FNO2d_recurrent/perturbation_results/attack_progress_norm2_epsilon65.536_alpha5.0_num_steps100_index2_periodic_x0.gif
Created visualization: attack_progress_norm2_epsilon65.536_alpha5.0_num_steps100_index2_periodic_x0.gif 
    | Time: 188.66s
GIF saved to: /blue/shiboli.fsu/yifeisun.umich/adversarial_robustness_FNO/2D_NS_FNO2d_recurrent/perturbation_results/attack_progress_norm2_epsilon65.536_alpha5.0_num_steps100_index3.gif
GIF successfully saved to /blue/shiboli.fsu/yifeisun.umich/adversarial_robustness_FNO/2D_NS_FNO2d_recurrent/perturbation_results/attack_progress_norm2_epsilon65.536_alpha5.0_num_steps100_index3.gif
Created visualization: attack_progress_norm2_epsilon65.536_alpha5.0_num_steps100_index3.gif 
    | Time: 113.52s
Enhanced GIF saved to: /blue/shiboli.fsu/yifeisun.umich/adversarial_robustness_FNO/2D_NS_FNO2d_recurrent/perturbation_results/attack_progress_norm2_epsilon65.536_alpha5.0_num_steps100_index3_periodic.gif
Created visualization: attack_progress_norm2_epsilon65.536_alpha5.0_num_steps100_index3_periodic.gif 
    | Time: 139.13s
Enhanced GIF saved to: /blue/shiboli.fsu/yifeisun.umich/adversarial_robustness_FNO/2D_NS_FNO2d_recurrent/perturbation_results/attack_progress_norm2_epsilon65.536_alpha5.0_num_steps100_index3_periodic_grad.gif
Created visualization: attack_progress_norm2_epsilon65.536_alpha5.0_num_steps100_index3_periodic_grad.gif 
    | Time: 181.71s
Enhanced GIF saved to: /blue/shiboli.fsu/yifeisun.umich/adversarial_robustness_FNO/2D_NS_FNO2d_recurrent/perturbation_results/attack_progress_norm2_epsilon65.536_alpha5.0_num_steps100_index3_periodic_x0.gif
Created visualization: attack_progress_norm2_epsilon65.536_alpha5.0_num_steps100_index3_periodic_x0.gif 
    | Time: 189.85s
