/blue/shiboli.fsu/yifeisun.umich/adversarial_robustness_FNO/./2D_NS_FNO2d_recurrent/saved_models_kernel_abstracts/plot_kernel_abstracts.py:51: RuntimeWarning: All-NaN slice encountered
  vmin = min(np.nanmin(A), np.nanmin(B))
/blue/shiboli.fsu/yifeisun.umich/adversarial_robustness_FNO/./2D_NS_FNO2d_recurrent/saved_models_kernel_abstracts/plot_kernel_abstracts.py:52: RuntimeWarning: All-NaN slice encountered
  vmax = max(np.nanmax(A), np.nanmax(B))
Traceback (most recent call last):
  File "/blue/shiboli.fsu/yifeisun.umich/adversarial_robustness_FNO/./2D_NS_FNO2d_recurrent/saved_models_kernel_abstracts/plot_kernel_abstracts.py", line 511, in <module>
    main()
  File "/blue/shiboli.fsu/yifeisun.umich/adversarial_robustness_FNO/./2D_NS_FNO2d_recurrent/saved_models_kernel_abstracts/plot_kernel_abstracts.py", line 497, in main
    process_one_model(
  File "/blue/shiboli.fsu/yifeisun.umich/adversarial_robustness_FNO/./2D_NS_FNO2d_recurrent/saved_models_kernel_abstracts/plot_kernel_abstracts.py", line 422, in process_one_model
    plot_spatial(
  File "/blue/shiboli.fsu/yifeisun.umich/adversarial_robustness_FNO/./2D_NS_FNO2d_recurrent/saved_models_kernel_abstracts/plot_kernel_abstracts.py", line 115, in plot_spatial
    im = _imshow(ax, arr_t, color_log_scale=color_log_scale,
  File "/blue/shiboli.fsu/yifeisun.umich/adversarial_robustness_FNO/./2D_NS_FNO2d_recurrent/saved_models_kernel_abstracts/plot_kernel_abstracts.py", line 70, in _imshow
    raise ValueError(
ValueError: color_log_scale=True 但存在非正或非有限值；请改用 data_log_mode 或提供 color_log_eps。
Traceback (most recent call last):
  File "/blue/shiboli.fsu/yifeisun.umich/adversarial_robustness_FNO/./2D_NS_FNO2d_recurrent/saved_models_kernel_abstracts/plot_kernel_abstracts.py", line 511, in <module>
    main()
  File "/blue/shiboli.fsu/yifeisun.umich/adversarial_robustness_FNO/./2D_NS_FNO2d_recurrent/saved_models_kernel_abstracts/plot_kernel_abstracts.py", line 497, in main
    process_one_model(
  File "/blue/shiboli.fsu/yifeisun.umich/adversarial_robustness_FNO/./2D_NS_FNO2d_recurrent/saved_models_kernel_abstracts/plot_kernel_abstracts.py", line 422, in process_one_model
    plot_spatial(
  File "/blue/shiboli.fsu/yifeisun.umich/adversarial_robustness_FNO/./2D_NS_FNO2d_recurrent/saved_models_kernel_abstracts/plot_kernel_abstracts.py", line 145, in plot_spatial
    im = _imshow(ax, arr_t, color_log_scale=color_log_scale,
  File "/blue/shiboli.fsu/yifeisun.umich/adversarial_robustness_FNO/./2D_NS_FNO2d_recurrent/saved_models_kernel_abstracts/plot_kernel_abstracts.py", line 70, in _imshow
    raise ValueError(
ValueError: color_log_scale=True 但存在非正或非有限值；请改用 data_log_mode 或提供 color_log_eps。
