c0910a-s15.ufhpc
Mon Sep  8 01:06:51 PM EDT 2025
/blue/shiboli.fsu/yifeisun.umich/adversarial_robustness_FNO
======================================== 参数配置 ========================================
modes=96, width=80, epochs=2000
T_in=10, T=10, step=1
ntrain=1000, ntest=100
batch_size=2, learning_rate=0.001

======================================== 路径配置 ========================================
current_file_path=/blue/shiboli.fsu/yifeisun.umich/adversarial_robustness_FNO/2D_NS_FNO2d_recurrent/continual_train_attack_2/continual_train_attack.py
pretrained_model_name=NS_2d_FNO_model_trainedby_dim2d_nx256_N1150_solver=exponax_nu0.000_t20.0_train_all_frames
pretrained_path=/blue/shiboli.fsu/yifeisun.umich/adversarial_robustness_FNO/2D_NS_FNO2d_recurrent/continual_train_attack_2/original_model/NS_2d_FNO_model_trainedby_dim2d_nx256_N1150_solver=exponax_nu0.000_t20.0_train_all_frames.pth
dataset_name=dim2d_nx256_N1150_solver=exponax_nu0.000_t20.0_train_all_frames
dataset_path=/blue/shiboli.fsu/yifeisun.umich/adversarial_robustness_FNO/2D_NS_FNO2d_recurrent/continual_train_attack_2/dataset/dim2d_nx256_N1150_solver=exponax_nu0.000_t20.0_train_all_frames.pt

======================================== 设备与PDE solver ========================================
device=cuda
pde_solver=<solver.DifferentiablePDESolver object at 0x14f075af1870>

======================================== 攻击配置 ========================================
PGDAdamConfig(epsilon=39.3216, alpha=1.0, num_steps=100, norm=2, beta1=0.9, beta2=0.999, adam_eps=1e-08, amsgrad=False, use_sign_for_linf=True, mode_spec='wwwwwwwwww')
[Resume] Loaded pretrained weights from: /blue/shiboli.fsu/yifeisun.umich/adversarial_robustness_FNO/2D_NS_FNO2d_recurrent/continual_train_attack_2/original_model/NS_2d_FNO_model_trainedby_dim2d_nx256_N1150_solver=exponax_nu0.000_t20.0_train_all_frames.pth
params: 943823441
shape: torch.Size([2, 256, 256]) stride: (65536, 256, 1) is_contig: True
shape: torch.Size([2, 256, 256]) stride: (65536, 256, 1) is_contig: True
shape: torch.Size([2, 256, 256]) stride: (65536, 256, 1) is_contig: True
shape: torch.Size([2, 256, 256]) stride: (65536, 256, 1) is_contig: True
shape: torch.Size([2, 256, 256]) stride: (65536, 256, 1) is_contig: True
shape: torch.Size([2, 256, 256]) stride: (65536, 256, 1) is_contig: True
shape: torch.Size([2, 256, 256]) stride: (65536, 256, 1) is_contig: True
shape: torch.Size([2, 256, 256]) stride: (65536, 256, 1) is_contig: True
shape: torch.Size([2, 256, 256]) stride: (65536, 256, 1) is_contig: True
shape: torch.Size([2, 256, 256]) stride: (65536, 256, 1) is_contig: True
shape: torch.Size([2, 256, 256]) stride: (65536, 256, 1) is_contig: True
shape: torch.Size([2, 256, 256]) stride: (65536, 256, 1) is_contig: True
shape: torch.Size([2, 256, 256]) stride: (65536, 256, 1) is_contig: True
shape: torch.Size([2, 256, 256]) stride: (65536, 256, 1) is_contig: True
shape: torch.Size([2, 256, 256]) stride: (65536, 256, 1) is_contig: True
shape: torch.Size([2, 256, 256]) stride: (65536, 256, 1) is_contig: True
shape: torch.Size([2, 256, 256]) stride: (65536, 256, 1) is_contig: True
shape: torch.Size([2, 256, 256]) stride: (65536, 256, 1) is_contig: True
shape: torch.Size([2, 256, 256]) stride: (65536, 256, 1) is_contig: True
shape: torch.Size([2, 256, 256]) stride: (65536, 256, 1) is_contig: True
shape: torch.Size([2, 256, 256]) stride: (65536, 256, 1) is_contig: True
shape: torch.Size([2, 256, 256]) stride: (65536, 256, 1) is_contig: True
shape: torch.Size([2, 256, 256]) stride: (65536, 256, 1) is_contig: True
shape: torch.Size([2, 256, 256]) stride: (65536, 256, 1) is_contig: True
shape: torch.Size([2, 256, 256]) stride: (65536, 256, 1) is_contig: True
shape: torch.Size([2, 256, 256]) stride: (65536, 256, 1) is_contig: True
shape: torch.Size([2, 256, 256]) stride: (65536, 256, 1) is_contig: True
shape: torch.Size([2, 256, 256]) stride: (65536, 256, 1) is_contig: True
shape: torch.Size([2, 256, 256]) stride: (65536, 256, 1) is_contig: True
shape: torch.Size([2, 256, 256]) stride: (65536, 256, 1) is_contig: True
shape: torch.Size([2, 256, 256]) stride: (65536, 256, 1) is_contig: True
shape: torch.Size([2, 256, 256]) stride: (65536, 256, 1) is_contig: True
shape: torch.Size([2, 256, 256]) stride: (65536, 256, 1) is_contig: True
shape: torch.Size([2, 256, 256]) stride: (65536, 256, 1) is_contig: True
shape: torch.Size([2, 256, 256]) stride: (65536, 256, 1) is_contig: True
shape: torch.Size([2, 256, 256]) stride: (65536, 256, 1) is_contig: True
shape: torch.Size([2, 256, 256]) stride: (65536, 256, 1) is_contig: True
shape: torch.Size([2, 256, 256]) stride: (65536, 256, 1) is_contig: True
shape: torch.Size([2, 256, 256]) stride: (65536, 256, 1) is_contig: True
shape: torch.Size([2, 256, 256]) stride: (65536, 256, 1) is_contig: True
shape: torch.Size([2, 256, 256]) stride: (65536, 256, 1) is_contig: True
shape: torch.Size([2, 256, 256]) stride: (65536, 256, 1) is_contig: True
shape: torch.Size([2, 256, 256]) stride: (65536, 256, 1) is_contig: True
shape: torch.Size([2, 256, 256]) stride: (65536, 256, 1) is_contig: True
