Adversarial Continued Training:   0%|          | 0/2000 [00:00<?, ?it/s]Adversarial Continued Training:   0%|          | 0/2000 [01:34<?, ?it/s]
Traceback (most recent call last):
  File "/blue/shiboli.fsu/yifeisun.umich/adversarial_robustness_FNO/./2D_NS_FNO2d_recurrent/continual_train_attack_2/continual_train_attack.py", line 145, in <module>
    adv_xx, yy = attack_and_rollout_seq(xx, recurrent_model, pde_solver, Tout=T, cfg=attack_cfg)
  File "/blue/shiboli.fsu/yifeisun.umich/adversarial_robustness_FNO/2D_NS_FNO2d_recurrent/continual_train_attack_2/PGD_attack_batch.py", line 166, in attack_and_rollout_seq
    x0_adv = attack_batch(x0, recurrent_model, pde_solver, cfg=cfg)  # (B,H,W)
  File "/blue/shiboli.fsu/yifeisun.umich/adversarial_robustness_FNO/2D_NS_FNO2d_recurrent/continual_train_attack_2/PGD_attack_batch.py", line 104, in attack_batch
    pred = recurrent_model(input_batch)      # (B,H,W,10)
  File "/blue/shiboli.fsu/yifeisun.umich/.conda/envs/adv_robust/lib/python3.10/site-packages/torch/nn/modules/module.py", line 1751, in _wrapped_call_impl
    return self._call_impl(*args, **kwargs)
  File "/blue/shiboli.fsu/yifeisun.umich/.conda/envs/adv_robust/lib/python3.10/site-packages/torch/nn/modules/module.py", line 1762, in _call_impl
    return forward_call(*args, **kwargs)
  File "/blue/shiboli.fsu/yifeisun.umich/adversarial_robustness_FNO/2D_NS_FNO2d_recurrent/continual_train_attack_2/FNO2d.py", line 114, in forward
    y_pred = self.model(x)  # 预测后面1帧，形状(batch, s, s, step)
  File "/blue/shiboli.fsu/yifeisun.umich/.conda/envs/adv_robust/lib/python3.10/site-packages/torch/nn/modules/module.py", line 1751, in _wrapped_call_impl
    return self._call_impl(*args, **kwargs)
  File "/blue/shiboli.fsu/yifeisun.umich/.conda/envs/adv_robust/lib/python3.10/site-packages/torch/nn/modules/module.py", line 1762, in _call_impl
    return forward_call(*args, **kwargs)
  File "/blue/shiboli.fsu/yifeisun.umich/adversarial_robustness_FNO/2D_NS_FNO2d_recurrent/continual_train_attack_2/FNO2d.py", line 80, in forward
    x1 = self.conv_layers[i](x)
  File "/blue/shiboli.fsu/yifeisun.umich/.conda/envs/adv_robust/lib/python3.10/site-packages/torch/nn/modules/module.py", line 1751, in _wrapped_call_impl
    return self._call_impl(*args, **kwargs)
  File "/blue/shiboli.fsu/yifeisun.umich/.conda/envs/adv_robust/lib/python3.10/site-packages/torch/nn/modules/module.py", line 1762, in _call_impl
    return forward_call(*args, **kwargs)
  File "/blue/shiboli.fsu/yifeisun.umich/adversarial_robustness_FNO/2D_NS_FNO2d_recurrent/continual_train_attack_2/FNO2d.py", line 31, in forward
    self.compl_mul2d(x_ft[:, :, :self.modes1, :self.modes2], self.weights1)
  File "/blue/shiboli.fsu/yifeisun.umich/adversarial_robustness_FNO/2D_NS_FNO2d_recurrent/continual_train_attack_2/FNO2d.py", line 21, in compl_mul2d
    return torch.einsum("bixy,ioxy->boxy", input, weights)
  File "/blue/shiboli.fsu/yifeisun.umich/.conda/envs/adv_robust/lib/python3.10/site-packages/torch/functional.py", line 422, in einsum
    return _VF.einsum(equation, operands)  # type: ignore[attr-defined]
torch.OutOfMemoryError: CUDA out of memory. Tried to allocate 450.00 MiB. GPU 0 has a total capacity of 178.36 GiB of which 108.62 MiB is free. Including non-PyTorch memory, this process has 178.24 GiB memory in use. Of the allocated memory 42.81 GiB is allocated by PyTorch, and 807.91 MiB is reserved by PyTorch but unallocated. If reserved but unallocated memory is large try setting PYTORCH_CUDA_ALLOC_CONF=expandable_segments:True to avoid fragmentation.  See documentation for Memory Management  (https://pytorch.org/docs/stable/notes/cuda.html#environment-variables)
