c0909a-s5.ufhpc
Mon Sep  1 01:20:48 AM EDT 2025
/blue/shiboli.fsu/yifeisun.umich/adversarial_robustness_FNO
[INFO] Scanning 3 dirs (non-recursive *.pt only):
  [DIR] /blue/shiboli.fsu/yifeisun.umich/adversarial_robustness_FNO/2D_NS_FNO2d_recurrent/datasets/expanded_exponax_datasets/t20/N=1150  |  15 files
  [DIR] /blue/shiboli.fsu/yifeisun.umich/adversarial_robustness_FNO/2D_NS_FNO2d_recurrent/datasets/exponax_datasets/t20  |  2 files
  [DIR] /blue/shiboli.fsu/yifeisun.umich/adversarial_robustness_FNO/2D_NS_FNO2d_recurrent/datasets/exponax_datasets/t20/generalizability  |  1440 files
[INFO] Found 1457 .pt files across 3 dirs.
[INFO] Expanded candidates: 15

[PROCESS 1/15] expanded=dim2d_nx256_N1150_solver=exponax_nu0.000_t20.0_train_all_frames_modespec=wwwwwwwwww_norm2_alpha10_epsilon13.1072_steps10.pt
  pair train=dim2d_nx256_N1150_solver=exponax_nu0.000_t20.0_train_all_frames.pt
  [DONE] elapsed: 0:01:26.697

[PROCESS 2/15] expanded=dim2d_nx256_N1150_solver=exponax_nu0.000_t20.0_train_all_frames_modespec=wwwwwwwwww_norm2_alpha10_epsilon39.3216_steps10.pt
  pair train=dim2d_nx256_N1150_solver=exponax_nu0.000_t20.0_train_all_frames.pt
  [DONE] elapsed: 0:01:10.690

[PROCESS 3/15] expanded=dim2d_nx256_N1150_solver=exponax_nu0.000_t20.0_train_all_frames_modespec=wwwwwwwwww_norm2_alpha10_epsilon78.6432_steps10.pt
  pair train=dim2d_nx256_N1150_solver=exponax_nu0.000_t20.0_train_all_frames.pt
  [DONE] elapsed: 0:01:12.180

[PROCESS 4/15] expanded=dim2d_nx256_N1150_solver=exponax_nu0.000_t20.0_train_all_frames_modespec=wwwwwwwwww_norm2_alpha1_epsilon13.1072_steps10.pt
  pair train=dim2d_nx256_N1150_solver=exponax_nu0.000_t20.0_train_all_frames.pt
  [DONE] elapsed: 0:01:11.125

[PROCESS 5/15] expanded=dim2d_nx256_N1150_solver=exponax_nu0.000_t20.0_train_all_frames_modespec=wwwwwwwwww_norm2_alpha1_epsilon39.3216_steps10.pt
  pair train=dim2d_nx256_N1150_solver=exponax_nu0.000_t20.0_train_all_frames.pt
  [DONE] elapsed: 0:01:11.255

[PROCESS 6/15] expanded=dim2d_nx256_N1150_solver=exponax_nu0.000_t20.0_train_all_frames_modespec=wwwwwwwwww_norm2_alpha1_epsilon78.6432_steps10.pt
  pair train=dim2d_nx256_N1150_solver=exponax_nu0.000_t20.0_train_all_frames.pt
  [DONE] elapsed: 0:01:10.129

[PROCESS 7/15] expanded=dim2d_nx256_N1150_solver=exponax_nu0.000_t20.0_train_all_frames_modespec=wwwwwwwwww_norm2_alpha2.5_epsilon13.1072_steps10.pt
  pair train=dim2d_nx256_N1150_solver=exponax_nu0.000_t20.0_train_all_frames.pt
  [DONE] elapsed: 0:01:10.573

[PROCESS 8/15] expanded=dim2d_nx256_N1150_solver=exponax_nu0.000_t20.0_train_all_frames_modespec=wwwwwwwwww_norm2_alpha2.5_epsilon39.3216_steps10.pt
  pair train=dim2d_nx256_N1150_solver=exponax_nu0.000_t20.0_train_all_frames.pt
  [DONE] elapsed: 0:01:10.708

[PROCESS 9/15] expanded=dim2d_nx256_N1150_solver=exponax_nu0.000_t20.0_train_all_frames_modespec=wwwwwwwwww_norm2_alpha2.5_epsilon78.6432_steps10.pt
  pair train=dim2d_nx256_N1150_solver=exponax_nu0.000_t20.0_train_all_frames.pt
  [DONE] elapsed: 0:01:10.481

[PROCESS 10/15] expanded=dim2d_nx256_N1150_solver=exponax_nu0.000_t20.0_train_all_frames_modespec=wwwwwwwwww_norm2_alpha50_epsilon13.1072_steps10.pt
  pair train=dim2d_nx256_N1150_solver=exponax_nu0.000_t20.0_train_all_frames.pt
  [DONE] elapsed: 0:01:10.350

[PROCESS 11/15] expanded=dim2d_nx256_N1150_solver=exponax_nu0.000_t20.0_train_all_frames_modespec=wwwwwwwwww_norm2_alpha50_epsilon39.3216_steps10.pt
  pair train=dim2d_nx256_N1150_solver=exponax_nu0.000_t20.0_train_all_frames.pt
  [DONE] elapsed: 0:01:10.621

[PROCESS 12/15] expanded=dim2d_nx256_N1150_solver=exponax_nu0.000_t20.0_train_all_frames_modespec=wwwwwwwwww_norm2_alpha50_epsilon78.6432_steps10.pt
  pair train=dim2d_nx256_N1150_solver=exponax_nu0.000_t20.0_train_all_frames.pt
  [DONE] elapsed: 0:01:10.324

[PROCESS 13/15] expanded=dim2d_nx256_N1150_solver=exponax_nu0.000_t20.0_train_all_frames_modespec=wwwwwwwwww_norm2_alpha5_epsilon13.1072_steps10.pt
  pair train=dim2d_nx256_N1150_solver=exponax_nu0.000_t20.0_train_all_frames.pt
  [DONE] elapsed: 0:01:11.480

[PROCESS 14/15] expanded=dim2d_nx256_N1150_solver=exponax_nu0.000_t20.0_train_all_frames_modespec=wwwwwwwwww_norm2_alpha5_epsilon39.3216_steps10.pt
  pair train=dim2d_nx256_N1150_solver=exponax_nu0.000_t20.0_train_all_frames.pt
  [DONE] elapsed: 0:01:11.023

[PROCESS 15/15] expanded=dim2d_nx256_N1150_solver=exponax_nu0.000_t20.0_train_all_frames_modespec=wwwwwwwwww_norm2_alpha5_epsilon78.6432_steps10.pt
  pair train=dim2d_nx256_N1150_solver=exponax_nu0.000_t20.0_train_all_frames.pt
  [DONE] elapsed: 0:01:11.060

[OK] Spatial (DIFF) written to: /blue/shiboli.fsu/yifeisun.umich/adversarial_robustness_FNO/dataset_stats_expanded_diff.h5
[OK] FFT     (DIFF) written to: /blue/shiboli.fsu/yifeisun.umich/adversarial_robustness_FNO/dataset_stats_fft_expanded_diff.h5
