c0900a-s25.ufhpc
Mon Jul 28 09:11:34 PM EDT 2025
/blue/shiboli.fsu/yifeisun.umich/adversarial_robustness_FNO/1D_Burgers_deeponet
Compiling model...
'compile' took 29.400479 s

Warning: epochs is deprecated and will be removed in a future version. Use iterations instead.
Training model...

Step      Train loss    Test loss     Test metric   
0         [8.00e-03]    [9.08e-03]    [1.86e-01]    
1000      [2.71e-05]    [3.69e-05]    [9.99e-03]    
2000      [2.38e-04]    [2.52e-04]    [3.01e-02]    
3000      [1.22e-03]    [1.25e-03]    [7.23e-02]    
4000      [1.84e-03]    [2.99e-03]    [9.70e-02]    
5000      [7.28e-04]    [8.20e-04]    [4.29e-02]    
6000      [1.71e-05]    [2.95e-05]    [8.48e-03]    
7000      [2.24e-05]    [3.59e-05]    [8.84e-03]    
8000      [5.07e-05]    [5.28e-05]    [1.39e-02]    
9000      [1.53e-05]    [1.75e-05]    [6.97e-03]    
10000     [7.56e-06]    [1.17e-05]    [5.31e-03]    
11000     [2.42e-05]    [3.23e-05]    [8.45e-03]    
12000     [4.74e-06]    [8.72e-06]    [4.46e-03]    
13000     [2.39e-06]    [5.05e-06]    [3.60e-03]    
14000     [1.78e-06]    [4.07e-06]    [3.26e-03]    
15000     [4.12e-05]    [4.62e-05]    [1.26e-02]    
16000     [1.90e-04]    [1.98e-04]    [2.81e-02]    
17000     [1.35e-06]    [3.05e-06]    [2.70e-03]    
18000     [3.76e-06]    [5.97e-06]    [3.82e-03]    
19000     [4.72e-05]    [4.99e-05]    [1.41e-02]    
20000     [1.33e-05]    [1.65e-05]    [7.28e-03]    
21000     [8.58e-07]    [2.41e-06]    [2.38e-03]    
22000     [8.25e-06]    [8.28e-06]    [5.35e-03]    
23000     [5.04e-07]    [1.96e-06]    [2.12e-03]    
24000     [1.66e-06]    [3.03e-06]    [2.83e-03]    
25000     [4.54e-07]    [2.00e-06]    [2.01e-03]    
26000     [4.02e-07]    [1.99e-06]    [1.97e-03]    
27000     [3.55e-07]    [1.95e-06]    [1.94e-03]    
28000     [3.51e-07]    [2.07e-06]    [1.94e-03]    
29000     [3.16e-07]    [2.08e-06]    [1.91e-03]    
30000     [3.49e-07]    [2.19e-06]    [1.95e-03]    
31000     [1.24e-04]    [1.30e-04]    [2.09e-02]    
32000     [2.74e-07]    [2.16e-06]    [1.85e-03]    
33000     [1.31e-04]    [1.39e-04]    [2.12e-02]    
34000     [2.44e-07]    [2.20e-06]    [1.81e-03]    
35000     [2.89e-05]    [3.26e-05]    [1.09e-02]    
36000     [2.27e-07]    [2.18e-06]    [1.77e-03]    
37000     [1.94e-07]    [2.00e-06]    [1.69e-03]    
38000     [3.72e-07]    [2.57e-06]    [1.85e-03]    
39000     [1.75e-07]    [1.99e-06]    [1.63e-03]    
40000     [8.20e-05]    [8.74e-05]    [1.72e-02]    
41000     [3.00e-07]    [2.31e-06]    [1.76e-03]    
42000     [1.62e-07]    [1.92e-06]    [1.59e-03]    
43000     [1.45e-07]    [1.80e-06]    [1.54e-03]    
44000     [3.04e-07]    [1.99e-06]    [1.67e-03]    
45000     [1.37e-07]    [1.80e-06]    [1.51e-03]    
46000     [3.19e-05]    [3.16e-05]    [1.13e-02]    
47000     [1.61e-07]    [1.85e-06]    [1.53e-03]    
48000     [1.18e-07]    [1.64e-06]    [1.45e-03]    
49000     [1.59e-07]    [1.56e-06]    [1.45e-03]    
50000     [1.11e-07]    [1.58e-06]    [1.42e-03]    

Best model at step 50000:
  train loss: 1.11e-07
  test loss: 1.58e-06
  test metric: [1.42e-03]

'train' took 174.574723 s


Training done ...

训练完成！模型和标准化器已保存到: saved_models/nu0.1/deepxde_2/DeepONet_b1024_lr0.001_ep50000
Compiling model...
'compile' took 0.000210 s

Warning: epochs is deprecated and will be removed in a future version. Use iterations instead.
Training model...

Step      Train loss    Test loss     Test metric   
0         [1.78e-02]    [1.91e-02]    [2.74e-01]    
1000      [7.71e-04]    [8.82e-04]    [5.90e-02]    
2000      [1.51e-04]    [2.38e-04]    [2.93e-02]    
3000      [2.05e-04]    [2.68e-04]    [3.17e-02]    
4000      [1.85e-04]    [2.52e-04]    [3.02e-02]    
5000      [5.36e-04]    [6.13e-04]    [4.83e-02]    
6000      [8.96e-05]    [1.55e-04]    [2.28e-02]    
7000      [4.56e-05]    [1.12e-04]    [1.94e-02]    
8000      [9.86e-05]    [1.52e-04]    [2.26e-02]    
9000      [4.43e-05]    [9.92e-05]    [1.80e-02]    
10000     [3.87e-05]    [9.00e-05]    [1.75e-02]    
11000     [2.48e-05]    [7.44e-05]    [1.55e-02]    
12000     [4.97e-05]    [9.84e-05]    [1.77e-02]    
13000     [3.73e-05]    [8.47e-05]    [1.70e-02]    
14000     [1.65e-05]    [6.39e-05]    [1.40e-02]    
15000     [6.00e-05]    [1.07e-04]    [1.86e-02]    
16000     [3.89e-05]    [8.89e-05]    [1.67e-02]    
17000     [1.31e-05]    [6.14e-05]    [1.35e-02]    
18000     [4.40e-05]    [8.95e-05]    [1.73e-02]    
19000     [3.55e-05]    [7.86e-05]    [1.56e-02]    
20000     [8.71e-05]    [1.34e-04]    [2.21e-02]    
21000     [2.44e-05]    [6.74e-05]    [1.43e-02]    
22000     [3.06e-05]    [7.50e-05]    [1.51e-02]    
23000     [1.45e-05]    [5.87e-05]    [1.35e-02]    
24000     [4.15e-05]    [8.43e-05]    [1.62e-02]    
25000     [1.07e-05]    [5.34e-05]    [1.24e-02]    
26000     [2.17e-05]    [6.39e-05]    [1.43e-02]    
27000     [8.92e-06]    [5.07e-05]    [1.22e-02]    
28000     [5.37e-06]    [4.69e-05]    [1.15e-02]    
29000     [9.31e-06]    [5.07e-05]    [1.23e-02]    
30000     [5.81e-06]    [4.70e-05]    [1.15e-02]    
31000     [3.36e-05]    [7.49e-05]    [1.57e-02]    
32000     [8.85e-06]    [4.96e-05]    [1.19e-02]    
33000     [1.13e-05]    [5.19e-05]    [1.24e-02]    
34000     [1.42e-05]    [5.38e-05]    [1.27e-02]    
35000     [1.34e-05]    [5.42e-05]    [1.30e-02]    
36000     [5.37e-06]    [4.53e-05]    [1.13e-02]    
37000     [7.87e-06]    [4.71e-05]    [1.16e-02]    
38000     [3.34e-06]    [4.29e-05]    [1.10e-02]    
39000     [1.02e-05]    [5.00e-05]    [1.24e-02]    
40000     [1.06e-05]    [5.03e-05]    [1.25e-02]    
41000     [5.06e-06]    [4.40e-05]    [1.14e-02]    
42000     [2.94e-06]    [4.15e-05]    [1.09e-02]    
43000     [3.23e-06]    [4.13e-05]    [1.08e-02]    
44000     [8.00e-06]    [4.53e-05]    [1.15e-02]    
45000     [6.55e-06]    [4.50e-05]    [1.17e-02]    
46000     [1.01e-05]    [4.72e-05]    [1.18e-02]    
47000     [1.35e-05]    [5.15e-05]    [1.28e-02]    
48000     [3.65e-06]    [4.10e-05]    [1.10e-02]    
49000     [1.26e-05]    [5.03e-05]    [1.26e-02]    
50000     [2.46e-06]    [3.95e-05]    [1.07e-02]    

Best model at step 50000:
  train loss: 2.46e-06
  test loss: 3.95e-05
  test metric: [1.07e-02]

'train' took 161.369856 s


Training done ...

训练完成！模型和标准化器已保存到: saved_models/nu0.01/deepxde_2/DeepONet_b1024_lr0.001_ep50000
Compiling model...
'compile' took 0.000197 s

Warning: epochs is deprecated and will be removed in a future version. Use iterations instead.
Training model...

Step      Train loss    Test loss     Test metric   
0         [2.37e-02]    [2.47e-02]    [3.06e-01]    
1000      [5.40e-03]    [6.17e-03]    [1.54e-01]    
2000      [3.37e-03]    [4.32e-03]    [1.29e-01]    
3000      [3.33e-03]    [4.74e-03]    [1.35e-01]    
4000      [4.18e-03]    [5.13e-03]    [1.41e-01]    
5000      [3.44e-03]    [4.70e-03]    [1.35e-01]    
6000      [2.93e-03]    [4.43e-03]    [1.31e-01]    
7000      [2.73e-03]    [4.32e-03]    [1.29e-01]    
8000      [2.27e-03]    [4.04e-03]    [1.24e-01]    
9000      [2.00e-03]    [3.97e-03]    [1.23e-01]    
10000     [1.79e-03]    [3.95e-03]    [1.22e-01]    
11000     [1.54e-03]    [3.91e-03]    [1.21e-01]    
12000     [1.39e-03]    [4.01e-03]    [1.23e-01]    
13000     [1.26e-03]    [4.05e-03]    [1.23e-01]    
14000     [1.13e-03]    [4.18e-03]    [1.25e-01]    
15000     [1.25e-03]    [4.49e-03]    [1.30e-01]    
16000     [9.74e-04]    [4.41e-03]    [1.29e-01]    
17000     [1.16e-03]    [4.77e-03]    [1.35e-01]    
18000     [8.67e-04]    [4.65e-03]    [1.33e-01]    
19000     [9.46e-04]    [4.85e-03]    [1.36e-01]    
20000     [7.66e-04]    [4.87e-03]    [1.35e-01]    
21000     [6.99e-04]    [4.97e-03]    [1.37e-01]    
22000     [6.92e-04]    [5.13e-03]    [1.39e-01]    
23000     [6.16e-04]    [5.22e-03]    [1.40e-01]    
24000     [6.38e-04]    [5.40e-03]    [1.43e-01]    
25000     [5.74e-04]    [5.49e-03]    [1.44e-01]    
26000     [5.44e-04]    [5.61e-03]    [1.46e-01]    
27000     [5.26e-04]    [5.70e-03]    [1.47e-01]    
28000     [5.24e-04]    [5.82e-03]    [1.48e-01]    
29000     [5.47e-04]    [5.98e-03]    [1.51e-01]    
30000     [4.55e-04]    [5.96e-03]    [1.50e-01]    
31000     [4.80e-04]    [6.11e-03]    [1.52e-01]    
32000     [4.56e-04]    [6.15e-03]    [1.52e-01]    
33000     [4.25e-04]    [6.22e-03]    [1.54e-01]    
34000     [4.05e-04]    [6.29e-03]    [1.54e-01]    
35000     [3.98e-04]    [6.35e-03]    [1.55e-01]    
36000     [4.12e-04]    [6.44e-03]    [1.56e-01]    
37000     [4.02e-04]    [6.51e-03]    [1.57e-01]    
38000     [3.61e-04]    [6.56e-03]    [1.58e-01]    
39000     [3.86e-04]    [6.66e-03]    [1.59e-01]    
40000     [3.66e-04]    [6.72e-03]    [1.60e-01]    
41000     [3.43e-04]    [6.76e-03]    [1.60e-01]    
42000     [3.39e-04]    [6.83e-03]    [1.61e-01]    
43000     [3.34e-04]    [6.87e-03]    [1.61e-01]    
44000     [3.21e-04]    [6.96e-03]    [1.63e-01]    
45000     [3.09e-04]    [7.00e-03]    [1.63e-01]    
46000     [3.07e-04]    [7.07e-03]    [1.64e-01]    
47000     [2.96e-04]    [7.12e-03]    [1.64e-01]    
48000     [2.93e-04]    [7.16e-03]    [1.65e-01]    
49000     [3.25e-04]    [7.24e-03]    [1.66e-01]    
50000     [3.10e-04]    [7.26e-03]    [1.66e-01]    

Best model at step 48000:
  train loss: 2.93e-04
  test loss: 7.16e-03
  test metric: [1.65e-01]

'train' took 162.023801 s


Training done ...

训练完成！模型和标准化器已保存到: saved_models/nu0.001/deepxde_2/DeepONet_b1024_lr0.001_ep50000
Compiling model...
'compile' took 0.000213 s

Warning: epochs is deprecated and will be removed in a future version. Use iterations instead.
Training model...

Step      Train loss    Test loss     Test metric   
0         [8.61e-03]    [9.67e-03]    [1.93e-01]    
1000      [3.53e-05]    [5.03e-05]    [1.23e-02]    
2000      [1.30e-05]    [2.08e-05]    [8.08e-03]    
3000      [7.90e-06]    [1.36e-05]    [6.37e-03]    
4000      [5.43e-04]    [5.68e-04]    [4.69e-02]    
5000      [4.91e-06]    [9.38e-06]    [4.91e-03]    
6000      [7.53e-06]    [1.24e-05]    [5.75e-03]    
7000      [2.76e-06]    [5.83e-06]    [3.99e-03]    
8000      [2.22e-06]    [4.80e-06]    [3.64e-03]    
9000      [4.41e-04]    [4.53e-04]    [4.00e-02]    
10000     [1.65e-06]    [3.74e-06]    [3.23e-03]    
11000     [1.44e-06]    [3.61e-06]    [3.12e-03]    
12000     [3.10e-06]    [5.53e-06]    [3.87e-03]    
13000     [1.90e-06]    [3.66e-06]    [3.32e-03]    
14000     [1.10e-06]    [2.71e-06]    [2.83e-03]    
15000     [1.47e-06]    [3.16e-06]    [2.90e-03]    
16000     [1.91e-06]    [3.54e-06]    [3.14e-03]    
17000     [1.17e-06]    [2.76e-06]    [2.76e-03]    
18000     [6.74e-07]    [2.33e-06]    [2.44e-03]    
19000     [4.97e-05]    [5.19e-05]    [1.40e-02]    
20000     [1.94e-06]    [3.95e-06]    [3.07e-03]    
21000     [7.52e-07]    [2.60e-06]    [2.40e-03]    
22000     [5.24e-07]    [2.27e-06]    [2.26e-03]    
23000     [8.04e-07]    [2.64e-06]    [2.38e-03]    
24000     [1.24e-05]    [1.41e-05]    [6.83e-03]    
25000     [7.35e-07]    [2.45e-06]    [2.31e-03]    
26000     [4.11e-07]    [2.04e-06]    [2.11e-03]    
27000     [9.10e-05]    [8.93e-05]    [1.87e-02]    
28000     [3.93e-07]    [2.04e-06]    [2.05e-03]    
29000     [3.17e-07]    [1.83e-06]    [1.96e-03]    
30000     [1.37e-05]    [1.42e-05]    [7.15e-03]    
31000     [1.13e-06]    [2.74e-06]    [2.63e-03]    
32000     [9.23e-07]    [2.64e-06]    [2.40e-03]    
33000     [2.02e-06]    [3.21e-06]    [2.99e-03]    
34000     [2.54e-07]    [1.76e-06]    [1.84e-03]    
35000     [2.41e-07]    [1.74e-06]    [1.81e-03]    
36000     [2.38e-07]    [1.77e-06]    [1.81e-03]    
37000     [2.39e-07]    [1.78e-06]    [1.81e-03]    
38000     [1.22e-06]    [2.91e-06]    [2.62e-03]    
39000     [3.07e-05]    [3.51e-05]    [1.07e-02]    
40000     [1.93e-07]    [1.65e-06]    [1.72e-03]    
41000     [1.97e-07]    [1.71e-06]    [1.73e-03]    
42000     [2.36e-07]    [1.67e-06]    [1.74e-03]    
43000     [1.77e-06]    [3.38e-06]    [2.88e-03]    
44000     [1.70e-07]    [1.58e-06]    [1.66e-03]    
45000     [2.33e-07]    [1.67e-06]    [1.74e-03]    
46000     [3.59e-05]    [3.62e-05]    [1.08e-02]    
47000     [1.52e-07]    [1.49e-06]    [1.61e-03]    
48000     [1.60e-07]    [1.56e-06]    [1.63e-03]    
49000     [1.09e-05]    [1.24e-05]    [6.62e-03]    
50000     [1.38e-07]    [1.42e-06]    [1.56e-03]    

Best model at step 50000:
  train loss: 1.38e-07
  test loss: 1.42e-06
  test metric: [1.56e-03]

'train' took 162.638737 s


Training done ...

训练完成！模型和标准化器已保存到: saved_models/nu0.05/deepxde_2/DeepONet_b1024_lr0.001_ep50000
Compiling model...
'compile' took 0.000207 s

Warning: epochs is deprecated and will be removed in a future version. Use iterations instead.
Training model...

Step      Train loss    Test loss     Test metric   
0         [1.96e-02]    [2.04e-02]    [2.81e-01]    
1000      [1.09e-03]    [1.41e-03]    [7.26e-02]    
2000      [9.46e-04]    [1.22e-03]    [6.85e-02]    
3000      [7.68e-04]    [1.14e-03]    [6.44e-02]    
4000      [3.37e-04]    [7.07e-04]    [5.02e-02]    
5000      [3.29e-04]    [6.88e-04]    [4.92e-02]    
6000      [2.75e-04]    [6.26e-04]    [4.70e-02]    
7000      [2.68e-04]    [6.06e-04]    [4.73e-02]    
8000      [1.47e-04]    [4.87e-04]    [4.15e-02]    
9000      [1.20e-04]    [4.54e-04]    [3.98e-02]    
10000     [9.92e-05]    [4.26e-04]    [3.83e-02]    
11000     [1.25e-04]    [4.38e-04]    [3.96e-02]    
12000     [9.29e-05]    [4.05e-04]    [3.70e-02]    
13000     [7.57e-05]    [3.81e-04]    [3.60e-02]    
14000     [7.18e-05]    [3.70e-04]    [3.58e-02]    
15000     [1.04e-04]    [4.10e-04]    [3.83e-02]    
16000     [8.23e-05]    [3.95e-04]    [3.73e-02]    
17000     [7.32e-05]    [3.82e-04]    [3.67e-02]    
18000     [8.27e-05]    [3.97e-04]    [3.64e-02]    
19000     [1.13e-04]    [4.30e-04]    [3.79e-02]    
20000     [1.28e-04]    [4.54e-04]    [3.90e-02]    
21000     [3.36e-05]    [3.58e-04]    [3.49e-02]    
22000     [5.37e-05]    [3.83e-04]    [3.67e-02]    
23000     [4.14e-05]    [3.70e-04]    [3.57e-02]    
24000     [9.08e-05]    [4.30e-04]    [3.80e-02]    
25000     [2.59e-05]    [3.64e-04]    [3.53e-02]    
26000     [2.86e-05]    [3.75e-04]    [3.57e-02]    
27000     [3.98e-05]    [3.89e-04]    [3.69e-02]    
28000     [2.73e-05]    [3.79e-04]    [3.63e-02]    
29000     [2.29e-05]    [3.77e-04]    [3.61e-02]    
30000     [4.43e-05]    [4.04e-04]    [3.70e-02]    
31000     [4.16e-05]    [4.08e-04]    [3.80e-02]    
32000     [2.77e-05]    [3.94e-04]    [3.71e-02]    
33000     [2.04e-05]    [3.91e-04]    [3.67e-02]    
34000     [2.12e-05]    [3.96e-04]    [3.68e-02]    
35000     [3.16e-05]    [4.12e-04]    [3.80e-02]    
36000     [4.03e-05]    [4.18e-04]    [3.77e-02]    
37000     [1.97e-05]    [4.02e-04]    [3.72e-02]    
38000     [2.19e-05]    [4.10e-04]    [3.75e-02]    
39000     [1.59e-05]    [4.05e-04]    [3.73e-02]    
40000     [4.48e-05]    [4.41e-04]    [3.96e-02]    
41000     [1.81e-05]    [4.16e-04]    [3.80e-02]    
42000     [2.18e-05]    [4.21e-04]    [3.84e-02]    
43000     [1.99e-05]    [4.22e-04]    [3.84e-02]    
44000     [1.61e-05]    [4.19e-04]    [3.79e-02]    
45000     [2.61e-05]    [4.28e-04]    [3.84e-02]    
46000     [5.59e-05]    [4.67e-04]    [4.09e-02]    
47000     [2.56e-05]    [4.30e-04]    [3.84e-02]    
48000     [1.56e-05]    [4.28e-04]    [3.87e-02]    
49000     [1.27e-05]    [4.27e-04]    [3.85e-02]    
50000     [3.46e-05]    [4.45e-04]    [3.90e-02]    

Best model at step 49000:
  train loss: 1.27e-05
  test loss: 4.27e-04
  test metric: [3.85e-02]

'train' took 161.603257 s


Training done ...

训练完成！模型和标准化器已保存到: saved_models/nu0.005/deepxde_2/DeepONet_b1024_lr0.001_ep50000
