c0900a-s25.ufhpc
Fri Jun 27 07:17:38 PM EDT 2025
/blue/shiboli.fsu/yifeisun.umich/adversarial_robustness_FNO/2D_NS

--- PyTorch Info ---
PyTorch version: 2.7.0+cu128
CUDA version used by PyTorch: 12.8
Is CUDA available: True

--- JAX Info ---
JAX version: 0.6.0
JAXlib version: 0.6.0
JAX default backend: gpu
JAX devices: [CudaDevice(id=0)]
Number of CUDA devices: 1

--- Device 0 ---
Device name: NVIDIA B200
  Compute Capability: 10.0
  Total memory: 178.36 GiB
  Total memory: 191.51 GB
  MultiProcessor count: 148
  Memory Bus Width: N/A bits
  Memory Clock Rate: 0 MHz
  GPU Clock Rate: 0 MHz
  Shared memory per block: 48.0 KB
  Registers per block: N/A

--- Memory usage on Device 0 ---
Allocated memory: 0.00 GB
Reserved memory:  0.00 GB
Loading dataset from ../2D_NS_old/2D_NS_Zongyi_Li/recurrent/datasets/2D/NS/NS_data_zongyi_train_all_frame.pt...
Pre-upsampling dataset on GPU...
Upsampling:   0%|          | 0/1150 [00:00<?, ?sample/s]Upsampling:   0%|          | 1/1150 [01:09<22:10:11, 69.46s/sample]Upsampling:   0%|          | 2/1150 [01:35<14:00:34, 43.93s/sample]Upsampling:   0%|          | 3/1150 [01:36<7:45:55, 24.37s/sample] Upsampling: 100%|██████████| 1150/1150 [01:36<00:00, 11.89sample/s]
Generating dataset:
Generating samples:   0%|          | 0/1150 [00:00<?, ?sample/s]/blue/shiboli.fsu/yifeisun.umich/adversarial_robustness_FNO/2D_NS/./data_generation/VT_NS_gen_all_frame.py:84: DeprecationWarning: Calling from_dlpack with a DLPack tensor is deprecated. The argument to from_dlpack should be an array from another framework that implements the __dlpack__ protocol.
  return jax_dlpack.from_dlpack(torch_dlpack.to_dlpack(tensor))
Error with step size 0.01: UNIMPLEMENTED: from_dlpack got array with non-default layout with minor-to-major dimensions (0,1), expected (1,0). Trying smaller step.
Error with step size 0.005: UNIMPLEMENTED: from_dlpack got array with non-default layout with minor-to-major dimensions (0,1), expected (1,0). Trying smaller step.
Error with step size 0.001: UNIMPLEMENTED: from_dlpack got array with non-default layout with minor-to-major dimensions (0,1), expected (1,0). Trying smaller step.
Generating samples:   0%|          | 0/1150 [00:05<?, ?sample/s]
Traceback (most recent call last):
  File "/blue/shiboli.fsu/yifeisun.umich/adversarial_robustness_FNO/2D_NS/./data_generation/VT_NS_gen_all_frame.py", line 357, in <module>
    path1 = generator.generate_dataset(
  File "/blue/shiboli.fsu/yifeisun.umich/adversarial_robustness_FNO/2D_NS/./data_generation/VT_NS_gen_all_frame.py", line 304, in generate_dataset
    x, y, selected_times = generate_vorticity_transport_data(
  File "/blue/shiboli.fsu/yifeisun.umich/adversarial_robustness_FNO/2D_NS/./data_generation/VT_NS_gen_all_frame.py", line 219, in generate_vorticity_transport_data
    raise RuntimeError(f"Failed to find stable solution after {solution_attempts} attempts with step sizes: {step_options}")
RuntimeError: Failed to find stable solution after 3 attempts with step sizes: [0.01, 0.005, 0.001]
