c1000a-s15.ufhpc
Thu Jun 26 06:15:38 PM EDT 2025
/blue/shiboli.fsu/yifeisun.umich/adversarial_robustness_FNO/2D_NS

--- PyTorch Info ---
PyTorch version: 2.7.0+cu128
CUDA version used by PyTorch: 12.8
Is CUDA available: True

--- JAX Info ---
JAX version: 0.6.0
JAXlib version: 0.6.0
JAX default backend: gpu
JAX devices: [CudaDevice(id=0)]
Number of CUDA devices: 1

--- Device 0 ---
Device name: NVIDIA B200
  Compute Capability: 10.0
  Total memory: 178.36 GB
  MultiProcessor count: 148
  Memory Bus Width: N/A bits
  Memory Clock Rate: 0 MHz
  GPU Clock Rate: 0 MHz
  Shared memory per block: 48.0 KB
  Registers per block: N/A

--- Memory usage on Device 0 ---
Allocated memory: 0.00 GB
Reserved memory:  0.00 GB
Generating first dataset:
Generating samples:   0%|          | 0/5 [00:00<?, ?sample/s]/var/spool/slurmd/job6336788/slurm_script: line 19: 720818 Killed                  python -u ./data_generation/VT_NS_gen_all_frame.py 2>&1
slurmstepd: error: Detected 1 oom_kill event in StepId=6336788.batch. Some of the step tasks have been OOM Killed.
