c0304a-s2.ufhpc
Tue Jun 24 07:56:59 PM EDT 2025
/blue/shiboli.fsu/yifeisun.umich/adversarial_robustness_FNO/2D_NS
PyTorch version: 2.7.0+cu126
CUDA version used by PyTorch: 12.6
Is CUDA available: True
Current CUDA device name: NVIDIA GeForce RTX 2080 Ti
Generating first dataset:
Generating samples:   0%|          | 0/5 [00:00<?, ?sample/s]2025-06-24 20:00:15.858632: E external/xla/xla/service/gpu/gpu_hlo_schedule.cc:652] The byte size of input/output arguments (10491068688) exceeds the base limit (8511504384). This indicates an error in the calculation!
2025-06-24 20:00:15.977980: W external/xla/xla/hlo/transforms/simplifiers/hlo_rematerialization.cc:3021] Can't reduce memory use below 0B (0 bytes) by rematerialization; only reduced to 9.77GiB (10490507392 bytes), down from 9.77GiB (10491039904 bytes) originally
2025-06-24 20:00:26.472454: W external/xla/xla/tsl/framework/bfc_allocator.cc:501] Allocator (GPU_0_bfc) ran out of memory trying to allocate 9.77GiB (rounded to 10485760000)requested by op 
2025-06-24 20:00:26.479422: W external/xla/xla/tsl/framework/bfc_allocator.cc:512] *___________________________________________________________________________________________________
E0624 20:00:26.479450 3181897 pjrt_stream_executor_client.cc:2839] Execution of replica 0 failed: RESOURCE_EXHAUSTED: Out of memory while trying to allocate 10485760000 bytes. [tf-allocator-allocation-error='']
Generating samples:   0%|          | 0/5 [01:27<?, ?sample/s]
jax.errors.SimplifiedTraceback: For simplicity, JAX has removed its internal frames from the traceback of the following exception. Set JAX_TRACEBACK_FILTERING=off to include these.

The above exception was the direct cause of the following exception:

Traceback (most recent call last):
  File "/blue/shiboli.fsu/yifeisun.umich/adversarial_robustness_FNO/2D_NS/./data_generation/VT_NS_gen_all_frame.py", line 202, in <module>
    path1 = generator.generate_dataset(
  File "/blue/shiboli.fsu/yifeisun.umich/adversarial_robustness_FNO/2D_NS/./data_generation/VT_NS_gen_all_frame.py", line 147, in generate_dataset
    x, y, selected_times = generate_vorticity_transport_data(
  File "/blue/shiboli.fsu/yifeisun.umich/adversarial_robustness_FNO/2D_NS/./data_generation/VT_NS_gen_all_frame.py", line 83, in generate_vorticity_transport_data
    exponax_solutions = exponaxsolver.solve(
  File "/blue/shiboli.fsu/yifeisun.umich/adversarial_robustness_FNO/2D_NS/./data_generation/VT_NS_gen_all_frame.py", line 55, in solve
    longer_trajectory = longer_rollout_NS_stepper(full_ic)
  File "/blue/shiboli.fsu/yifeisun.umich/local_packages/exponax/exponax/_utils.py", line 172, in rollout_stepper_fn
    _, trj = jax.lax.scan(scan_fn, u_0, None, length=n)
jaxlib.xla_extension.XlaRuntimeError: RESOURCE_EXHAUSTED: Out of memory while trying to allocate 10485760000 bytes.
