c0900a-s15.ufhpc
Fri Jun 27 02:58:41 AM EDT 2025
/blue/shiboli.fsu/yifeisun.umich/adversarial_robustness_FNO/2D_NS

--- PyTorch Info ---
PyTorch version: 2.7.0+cu128
CUDA version used by PyTorch: 12.8
Is CUDA available: True

--- JAX Info ---
JAX version: 0.6.0
JAXlib version: 0.6.0
JAX default backend: gpu
JAX devices: [CudaDevice(id=0)]
Number of CUDA devices: 1

--- Device 0 ---
Device name: NVIDIA B200
  Compute Capability: 10.0
  Total memory: 178.36 GiB
  Total memory: 191.51 GB
  MultiProcessor count: 148
  Memory Bus Width: N/A bits
  Memory Clock Rate: 0 MHz
  GPU Clock Rate: 0 MHz
  Shared memory per block: 48.0 KB
  Registers per block: N/A

--- Memory usage on Device 0 ---
Allocated memory: 0.00 GB
Reserved memory:  0.00 GB
Generating first dataset:
Generating samples:   0%|          | 0/5 [00:00<?, ?sample/s]Generating samples:  20%|██        | 1/5 [01:21<05:24, 81.02s/sample]Generating samples:  40%|████      | 2/5 [01:57<02:45, 55.11s/sample]Generating samples:  60%|██████    | 3/5 [02:34<01:33, 46.63s/sample]Generating samples:  80%|████████  | 4/5 [03:11<00:42, 42.80s/sample]Generating samples: 100%|██████████| 5/5 [03:47<00:00, 40.52s/sample]Generating samples: 100%|██████████| 5/5 [03:47<00:00, 45.59s/sample]
Stacking tensors:   0%|          | 0/2 [00:00<?, ?it/s]Stacking tensors:  50%|█████     | 1/2 [00:01<00:01,  1.47s/it]Stacking tensors: 100%|██████████| 2/2 [00:01<00:00,  1.36it/s]
Saving dataset:   0%|          | 0/1 [00:00<?, ?it/s]Saving dataset: 100%|██████████| 1/1 [00:00<00:00,  2.49it/s]Saving dataset: 100%|██████████| 1/1 [00:00<00:00,  2.49it/s]

Dataset saved to ./datasets/dim2d_nx128_N5_solver=exponax_nu0.000_t20.0_test_all_frames.pt
