c0904a-s15.ufhpc
Fri Jun 27 07:35:55 PM EDT 2025
/blue/shiboli.fsu/yifeisun.umich/adversarial_robustness_FNO/2D_NS

--- PyTorch Info ---
PyTorch version: 2.7.0+cu128
CUDA version used by PyTorch: 12.8
Is CUDA available: True

--- JAX Info ---
JAX version: 0.6.0
JAXlib version: 0.6.0
JAX default backend: gpu
JAX devices: [CudaDevice(id=0)]
Number of CUDA devices: 1

--- Device 0 ---
Device name: NVIDIA B200
  Compute Capability: 10.0
  Total memory: 178.36 GiB
  Total memory: 191.51 GB
  MultiProcessor count: 148
  Memory Bus Width: N/A bits
  Memory Clock Rate: 0 MHz
  GPU Clock Rate: 0 MHz
  Shared memory per block: 48.0 KB
  Registers per block: N/A

--- Memory usage on Device 0 ---
Allocated memory: 0.00 GB
Reserved memory:  0.00 GB
Loading dataset from ../2D_NS_old/2D_NS_Zongyi_Li/recurrent/datasets/2D/NS/NS_data_zongyi_train_all_frame.pt...
Pre-upsampling dataset on GPU...
Upsampling:   0%|          | 0/1150 [00:00<?, ?sample/s]Upsampling:   0%|          | 1/1150 [00:14<4:41:53, 14.72s/sample]Upsampling:   0%|          | 2/1150 [00:17<2:31:03,  7.90s/sample]Upsampling:   0%|          | 3/1150 [00:18<1:23:46,  4.38s/sample]Upsampling: 100%|██████████| 1150/1150 [00:18<00:00, 63.41sample/s]
Generating dataset:
Generating samples:   0%|          | 0/1150 [00:00<?, ?sample/s]/blue/shiboli.fsu/yifeisun.umich/adversarial_robustness_FNO/2D_NS/./data_generation/VT_NS_gen_all_frame.py:84: DeprecationWarning: Calling from_dlpack with a DLPack tensor is deprecated. The argument to from_dlpack should be an array from another framework that implements the __dlpack__ protocol.
  return jax_dlpack.from_dlpack(torch_dlpack.to_dlpack(tensor.contiguous()))
/blue/shiboli.fsu/yifeisun.umich/adversarial_robustness_FNO/2D_NS/./data_generation/VT_NS_gen_all_frame.py:88: DeprecationWarning: jax.dlpack.to_dlpack was deprecated in JAX v0.6.0 and will be removed in JAX v0.7.0. Please use the newer DLPack API based on __dlpack__ and __dlpack_device__ instead. Typically, you can pass a JAX array directly to the `from_dlpack` function of another framework without using `to_dlpack`.
  return torch_dlpack.from_dlpack(jax_dlpack.to_dlpack(jax_array))
Step size 0.01 produced stable solution.
Generating samples:   0%|          | 0/1150 [01:22<?, ?sample/s]
Traceback (most recent call last):
  File "/blue/shiboli.fsu/yifeisun.umich/adversarial_robustness_FNO/2D_NS/./data_generation/VT_NS_gen_all_frame.py", line 357, in <module>
    path1 = generator.generate_dataset(
  File "/blue/shiboli.fsu/yifeisun.umich/adversarial_robustness_FNO/2D_NS/./data_generation/VT_NS_gen_all_frame.py", line 316, in generate_dataset
    jax.clear_backends()
  File "/blue/shiboli.fsu/yifeisun.umich/.conda/envs/adv_robust/lib/python3.10/site-packages/jax/_src/deprecations.py", line 57, in getattr
    raise AttributeError(f"module {module!r} has no attribute {name!r}")
AttributeError: module 'jax' has no attribute 'clear_backends'. Did you mean: 'clear_caches'?
