c0903a-s15.ufhpc
Fri Jun 27 03:41:08 AM EDT 2025
/blue/shiboli.fsu/yifeisun.umich/adversarial_robustness_FNO/2D_NS

--- PyTorch Info ---
PyTorch version: 2.7.0+cu128
CUDA version used by PyTorch: 12.8
Is CUDA available: True

--- JAX Info ---
JAX version: 0.6.0
JAXlib version: 0.6.0
JAX default backend: gpu
JAX devices: [CudaDevice(id=0)]
Number of CUDA devices: 1

--- Device 0 ---
Device name: NVIDIA B200
  Compute Capability: 10.0
  Total memory: 178.36 GiB
  Total memory: 191.51 GB
  MultiProcessor count: 148
  Memory Bus Width: N/A bits
  Memory Clock Rate: 0 MHz
  GPU Clock Rate: 0 MHz
  Shared memory per block: 48.0 KB
  Registers per block: N/A

--- Memory usage on Device 0 ---
Allocated memory: 0.00 GB
Reserved memory:  0.00 GB
Generating first dataset:
Generating samples:   0%|          | 0/5 [00:00<?, ?sample/s]Generating samples:  20%|██        | 1/5 [02:01<08:07, 121.79s/sample]Generating samples:  40%|████      | 2/5 [02:38<03:35, 71.87s/sample] Generating samples:  60%|██████    | 3/5 [03:12<01:48, 54.46s/sample]Generating samples:  80%|████████  | 4/5 [03:46<00:46, 46.30s/sample]Generating samples: 100%|██████████| 5/5 [04:43<00:00, 50.11s/sample]Generating samples: 100%|██████████| 5/5 [04:43<00:00, 56.62s/sample]
Stacking tensors:   0%|          | 0/2 [00:00<?, ?it/s]Stacking tensors:  50%|█████     | 1/2 [00:01<00:01,  1.48s/it]Stacking tensors: 100%|██████████| 2/2 [00:01<00:00,  1.44it/s]Stacking tensors: 100%|██████████| 2/2 [00:01<00:00,  1.23it/s]
Saving dataset:   0%|          | 0/1 [00:00<?, ?it/s]Saving dataset: 100%|██████████| 1/1 [00:00<00:00,  1.93it/s]Saving dataset: 100%|██████████| 1/1 [00:00<00:00,  1.93it/s]

Dataset saved to ./datasets/dim2d_nx64_N5_solver=exponax_nu0.000_t20.0_test_all_frames.pt
