This is pdfTeX, Version 3.141592653-2.6-1.40.25 (MiKTeX 24.1) (preloaded format=pdflatex 2026.6.19)  26 AUG 2026 15:34
entering extended mode
 restricted \write18 enabled.
 %&-line parsing enabled.
**./main_iclr_submission.tex
(main_iclr_submission.tex
LaTeX2e <2023-11-01> patch level 1
L3 programming layer <2024-01-04>
(C:\Users\Yifei Sun\AppData\Local\Programs\MiKTeX\tex/latex/base\article.cls
Document Class: article 2023/05/17 v1.4n Standard LaTeX document class
(C:\Users\Yifei Sun\AppData\Local\Programs\MiKTeX\tex/latex/base\size10.clo
File: size10.clo 2023/05/17 v1.4n Standard LaTeX file (size option)
)
\c@part=\count187
\c@section=\count188
\c@subsection=\count189
\c@subsubsection=\count190
\c@paragraph=\count191
\c@subparagraph=\count192
\c@figure=\count193
\c@table=\count194
\abovecaptionskip=\skip48
\belowcaptionskip=\skip49
\bibindent=\dimen140
)
(iclr2027_conference.sty
(C:\Users\Yifei Sun\AppData\Local\Programs\MiKTeX\tex/latex/eso-pic\eso-pic.sty
Package: eso-pic 2026/05/31 v3.0e eso-pic (RN)
\ESO@tempdima=\dimen141
\ESO@tempdimb=\dimen142

(C:\Users\Yifei Sun\AppData\Local\Programs\MiKTeX\tex/latex/graphics\keyval.sty
Package: keyval 2022/05/29 v1.15 key=value parser (DPC)
\KV@toks@=\toks17
) (C:\Users\Yifei Sun\AppData\Local\Programs\MiKTeX\tex/latex/xcolor\xcolor.sty
Package: xcolor 2023/11/15 v3.01 LaTeX color extensions (UK)

(C:\Users\Yifei Sun\AppData\Local\Programs\MiKTeX\tex/latex/graphics-cfg\color.
cfg
File: color.cfg 2016/01/02 v1.6 sample color configuration
)
Package xcolor Info: Driver file: pdftex.def on input line 274.

(C:\Users\Yifei Sun\AppData\Local\Programs\MiKTeX\tex/latex/graphics-def\pdftex
.def
File: pdftex.def 2022/09/22 v1.2b Graphics/color driver for pdftex
)
(C:\Users\Yifei Sun\AppData\Local\Programs\MiKTeX\tex/latex/graphics\mathcolor.
ltx)
Package xcolor Info: Model `cmy' substituted by `cmy0' on input line 1350.
Package xcolor Info: Model `hsb' substituted by `rgb' on input line 1354.
Package xcolor Info: Model `RGB' extended on input line 1366.
Package xcolor Info: Model `HTML' substituted by `rgb' on input line 1368.
Package xcolor Info: Model `Hsb' substituted by `hsb' on input line 1369.
Package xcolor Info: Model `tHsb' substituted by `hsb' on input line 1370.
Package xcolor Info: Model `HSB' substituted by `hsb' on input line 1371.
Package xcolor Info: Model `Gray' substituted by `gray' on input line 1372.
Package xcolor Info: Model `wave' substituted by `hsb' on input line 1373.
)) (fancyhdr.sty
\fancy@headwidth=\skip50
\f@ncyO@elh=\skip51
\f@ncyO@erh=\skip52
\f@ncyO@olh=\skip53
\f@ncyO@orh=\skip54
\f@ncyO@elf=\skip55
\f@ncyO@erf=\skip56
\f@ncyO@olf=\skip57
\f@ncyO@orf=\skip58
) (natbib.sty
Package: natbib 2009/07/16 8.31 (PWD, AO)
\bibhang=\skip59
\bibsep=\skip60
LaTeX Info: Redefining \cite on input line 694.
\c@NAT@ctr=\count195
)
\iclrrulerbox=\box51
\iclrrulercount=\count196
\iclrruleroffset=\dimen143
\cv@lineheight=\dimen144
\cv@boxheight=\dimen145
\cv@tmpbox=\box52
\cv@refno=\count197
\cv@tot=\count198
\cv@tmpc@=\count199
\cv@tmpc=\count266
)
(C:\Users\Yifei Sun\AppData\Local\Programs\MiKTeX\tex/latex/psnfss\times.sty
Package: times 2020/03/25 PSNFSS-v9.3 (SPQR) 
)
(C:\Users\Yifei Sun\AppData\Local\Programs\MiKTeX\tex/latex/graphics\graphicx.s
ty
Package: graphicx 2021/09/16 v1.2d Enhanced LaTeX Graphics (DPC,SPQR)

(C:\Users\Yifei Sun\AppData\Local\Programs\MiKTeX\tex/latex/graphics\graphics.s
ty
Package: graphics 2022/03/10 v1.4e Standard LaTeX Graphics (DPC,SPQR)

(C:\Users\Yifei Sun\AppData\Local\Programs\MiKTeX\tex/latex/graphics\trig.sty
Package: trig 2021/08/11 v1.11 sin cos tan (DPC)
)
(C:\Users\Yifei Sun\AppData\Local\Programs\MiKTeX\tex/latex/graphics-cfg\graphi
cs.cfg
File: graphics.cfg 2016/06/04 v1.11 sample graphics configuration
)
Package graphics Info: Driver file: pdftex.def on input line 107.
)
\Gin@req@height=\dimen146
\Gin@req@width=\dimen147
)
(C:\Users\Yifei Sun\AppData\Local\Programs\MiKTeX\tex/latex/booktabs\booktabs.s
ty
Package: booktabs 2020/01/12 v1.61803398 Publication quality tables
\heavyrulewidth=\dimen148
\lightrulewidth=\dimen149
\cmidrulewidth=\dimen150
\belowrulesep=\dimen151
\belowbottomsep=\dimen152
\aboverulesep=\dimen153
\abovetopsep=\dimen154
\cmidrulesep=\dimen155
\cmidrulekern=\dimen156
\defaultaddspace=\dimen157
\@cmidla=\count267
\@cmidlb=\count268
\@aboverulesep=\dimen158
\@belowrulesep=\dimen159
\@thisruleclass=\count269
\@lastruleclass=\count270
\@thisrulewidth=\dimen160
)
(C:\Users\Yifei Sun\AppData\Local\Programs\MiKTeX\tex/latex/tools\longtable.sty
Package: longtable 2023-11-01 v4.19 Multi-page Table package (DPC)
\LTleft=\skip61
\LTright=\skip62
\LTpre=\skip63
\LTpost=\skip64
\LTchunksize=\count271
\LTcapwidth=\dimen161
\LT@head=\box53
\LT@firsthead=\box54
\LT@foot=\box55
\LT@lastfoot=\box56
\LT@gbox=\box57
\LT@cols=\count272
\LT@rows=\count273
\c@LT@tables=\count274
\c@LT@chunks=\count275
\LT@p@ftn=\toks18
) (C:\Users\Yifei Sun\AppData\Local\Programs\MiKTeX\tex/latex/tools\array.sty
Package: array 2023/10/16 v2.5g Tabular extension package (FMi)
\col@sep=\dimen162
\ar@mcellbox=\box58
\extrarowheight=\dimen163
\NC@list=\toks19
\extratabsurround=\skip65
\backup@length=\skip66
\ar@cellbox=\box59
)
(C:\Users\Yifei Sun\AppData\Local\Programs\MiKTeX\tex/latex/tools\tabularx.sty
Package: tabularx 2023/07/08 v2.11c `tabularx' package (DPC)
\TX@col@width=\dimen164
\TX@old@table=\dimen165
\TX@old@col=\dimen166
\TX@target=\dimen167
\TX@delta=\dimen168
\TX@cols=\count276
\TX@ftn=\toks20
)
(C:\Users\Yifei Sun\AppData\Local\Programs\MiKTeX\tex/latex/amsmath\amsmath.sty
Package: amsmath 2023/05/13 v2.17o AMS math features
\@mathmargin=\skip67
For additional information on amsmath, use the `?' option.

(C:\Users\Yifei Sun\AppData\Local\Programs\MiKTeX\tex/latex/amsmath\amstext.sty
Package: amstext 2021/08/26 v2.01 AMS text
(C:\Users\Yifei Sun\AppData\Local\Programs\MiKTeX\tex/latex/amsmath\amsgen.sty
File: amsgen.sty 1999/11/30 v2.0 generic functions
\@emptytoks=\toks21
\ex@=\dimen169
))
(C:\Users\Yifei Sun\AppData\Local\Programs\MiKTeX\tex/latex/amsmath\amsbsy.sty
Package: amsbsy 1999/11/29 v1.2d Bold Symbols
\pmbraise@=\dimen170
) (C:\Users\Yifei Sun\AppData\Local\Programs\MiKTeX\tex/latex/amsmath\amsopn.st
y
Package: amsopn 2022/04/08 v2.04 operator names
)
\inf@bad=\count277
LaTeX Info: Redefining \frac on input line 234.
\uproot@=\count278
\leftroot@=\count279
LaTeX Info: Redefining \overline on input line 399.
LaTeX Info: Redefining \colon on input line 410.
\classnum@=\count280
\DOTSCASE@=\count281
LaTeX Info: Redefining \ldots on input line 496.
LaTeX Info: Redefining \dots on input line 499.
LaTeX Info: Redefining \cdots on input line 620.
\Mathstrutbox@=\box60
\strutbox@=\box61
LaTeX Info: Redefining \big on input line 722.
LaTeX Info: Redefining \Big on input line 723.
LaTeX Info: Redefining \bigg on input line 724.
LaTeX Info: Redefining \Bigg on input line 725.
\big@size=\dimen171
LaTeX Font Info:    Redeclaring font encoding OML on input line 743.
LaTeX Font Info:    Redeclaring font encoding OMS on input line 744.
\macc@depth=\count282
LaTeX Info: Redefining \bmod on input line 905.
LaTeX Info: Redefining \pmod on input line 910.
LaTeX Info: Redefining \smash on input line 940.
LaTeX Info: Redefining \relbar on input line 970.
LaTeX Info: Redefining \Relbar on input line 971.
\c@MaxMatrixCols=\count283
\dotsspace@=\muskip16
\c@parentequation=\count284
\dspbrk@lvl=\count285
\tag@help=\toks22
\row@=\count286
\column@=\count287
\maxfields@=\count288
\andhelp@=\toks23
\eqnshift@=\dimen172
\alignsep@=\dimen173
\tagshift@=\dimen174
\tagwidth@=\dimen175
\totwidth@=\dimen176
\lineht@=\dimen177
\@envbody=\toks24
\multlinegap=\skip68
\multlinetaggap=\skip69
\mathdisplay@stack=\toks25
LaTeX Info: Redefining \[ on input line 2953.
LaTeX Info: Redefining \] on input line 2954.
)
(C:\Users\Yifei Sun\AppData\Local\Programs\MiKTeX\tex/latex/amsfonts\amssymb.st
y
Package: amssymb 2013/01/14 v3.01 AMS font symbols

(C:\Users\Yifei Sun\AppData\Local\Programs\MiKTeX\tex/latex/amsfonts\amsfonts.s
ty
Package: amsfonts 2013/01/14 v3.01 Basic AMSFonts support
\symAMSa=\mathgroup4
\symAMSb=\mathgroup5
LaTeX Font Info:    Redeclaring math symbol \hbar on input line 98.
LaTeX Font Info:    Overwriting math alphabet `\mathfrak' in version `bold'
(Font)                  U/euf/m/n --> U/euf/b/n on input line 106.
))
(C:\Users\Yifei Sun\AppData\Local\Programs\MiKTeX\tex/latex/algorithms\algorith
m.sty
Package: algorithm 2009/08/24 v0.1 Document Style `algorithm' - floating enviro
nment

(C:\Users\Yifei Sun\AppData\Local\Programs\MiKTeX\tex/latex/float\float.sty
Package: float 2001/11/08 v1.3d Float enhancements (AL)
\c@float@type=\count289
\float@exts=\toks26
\float@box=\box62
\@float@everytoks=\toks27
\@floatcapt=\box63
)
(C:\Users\Yifei Sun\AppData\Local\Programs\MiKTeX\tex/latex/base\ifthen.sty
Package: ifthen 2022/04/13 v1.1d Standard LaTeX ifthen package (DPC)
)
\@float@every@algorithm=\toks28
\c@algorithm=\count290
)
(C:\Users\Yifei Sun\AppData\Local\Programs\MiKTeX\tex/latex/algorithms\algorith
mic.sty
Package: algorithmic 2009/08/24 v0.1 Document Style `algorithmic'
\c@ALC@unique=\count291
\c@ALC@line=\count292
\c@ALC@rem=\count293
\c@ALC@depth=\count294
\ALC@tlm=\skip70
\algorithmicindent=\skip71
)
(C:\Users\Yifei Sun\AppData\Local\Programs\MiKTeX\tex/latex/tools\multicol.sty
Package: multicol 2023/03/30 v1.9f multicolumn formatting (FMi)
\c@tracingmulticols=\count295
\mult@box=\box64
\multicol@leftmargin=\dimen178
\c@unbalance=\count296
\c@collectmore=\count297
\doublecol@number=\count298
\multicoltolerance=\count299
\multicolpretolerance=\count300
\full@width=\dimen179
\page@free=\dimen180
\premulticols=\dimen181
\postmulticols=\dimen182
\multicolsep=\skip72
\multicolbaselineskip=\skip73
\partial@page=\box65
\last@line=\box66
\mc@boxedresult=\box67
\maxbalancingoverflow=\dimen183
\mult@rightbox=\box68
\mult@grightbox=\box69
\mult@firstbox=\box70
\mult@gfirstbox=\box71
\@tempa=\box72
\@tempa=\box73
\@tempa=\box74
\@tempa=\box75
\@tempa=\box76
\@tempa=\box77
\@tempa=\box78
\@tempa=\box79
\@tempa=\box80
\@tempa=\box81
\@tempa=\box82
\@tempa=\box83
\@tempa=\box84
\@tempa=\box85
\@tempa=\box86
\@tempa=\box87
\@tempa=\box88
\@tempa=\box89
\@tempa=\box90
\@tempa=\box91
\@tempa=\box92
\@tempa=\box93
\@tempa=\box94
\@tempa=\box95
\@tempa=\box96
\@tempa=\box97
\@tempa=\box98
\@tempa=\box99
\@tempa=\box100
\@tempa=\box101
\@tempa=\box102
\@tempa=\box103
\@tempa=\box104
\@tempa=\box105
\@tempa=\box106
\@tempa=\box107
\c@minrows=\count301
\c@columnbadness=\count302
\c@finalcolumnbadness=\count303
\last@try=\dimen184
\multicolovershoot=\dimen185
\multicolundershoot=\dimen186
\mult@nat@firstbox=\box108
\colbreak@box=\box109
\mc@col@check@num=\count304
)
(C:\Users\Yifei Sun\AppData\Local\Programs\MiKTeX\tex/latex/placeins\placeins.s
ty
Package: placeins 2005/04/18  v 2.2
)
(C:\Users\Yifei Sun\AppData\Local\Programs\MiKTeX\tex/latex/capt-of\capt-of.sty
Package: capt-of 2009/12/29 v0.2 standard captions outside of floats
) (C:\Users\Yifei Sun\AppData\Local\Programs\MiKTeX\tex/latex/url\url.sty
\Urlmuskip=\muskip17
Package: url 2013/09/16  ver 3.4  Verb mode for urls, etc.
)
(C:\Users\Yifei Sun\AppData\Local\Programs\MiKTeX\tex/latex/hyperref\hyperref.s
ty
Package: hyperref 2023-11-26 v7.01g Hypertext links for LaTeX

(C:\Users\Yifei Sun\AppData\Local\Programs\MiKTeX\tex/generic/iftex\iftex.sty
Package: iftex 2022/02/03 v1.0f TeX engine tests
)
(C:\Users\Yifei Sun\AppData\Local\Programs\MiKTeX\tex/generic/infwarerr\infware
rr.sty
Package: infwarerr 2019/12/03 v1.5 Providing info/warning/error messages (HO)
)
(C:\Users\Yifei Sun\AppData\Local\Programs\MiKTeX\tex/latex/kvsetkeys\kvsetkeys
.sty
Package: kvsetkeys 2022-10-05 v1.19 Key value parser (HO)
)
(C:\Users\Yifei Sun\AppData\Local\Programs\MiKTeX\tex/generic/kvdefinekeys\kvde
finekeys.sty
Package: kvdefinekeys 2019-12-19 v1.6 Define keys (HO)
)
(C:\Users\Yifei Sun\AppData\Local\Programs\MiKTeX\tex/generic/pdfescape\pdfesca
pe.sty
Package: pdfescape 2019/12/09 v1.15 Implements pdfTeX's escape features (HO)

(C:\Users\Yifei Sun\AppData\Local\Programs\MiKTeX\tex/generic/ltxcmds\ltxcmds.s
ty
Package: ltxcmds 2023-12-04 v1.26 LaTeX kernel commands for general use (HO)
)
(C:\Users\Yifei Sun\AppData\Local\Programs\MiKTeX\tex/generic/pdftexcmds\pdftex
cmds.sty
Package: pdftexcmds 2020-06-27 v0.33 Utility functions of pdfTeX for LuaTeX (HO
)
Package pdftexcmds Info: \pdf@primitive is available.
Package pdftexcmds Info: \pdf@ifprimitive is available.
Package pdftexcmds Info: \pdfdraftmode found.
))
(C:\Users\Yifei Sun\AppData\Local\Programs\MiKTeX\tex/latex/hycolor\hycolor.sty
Package: hycolor 2020-01-27 v1.10 Color options for hyperref/bookmark (HO)
)
(C:\Users\Yifei Sun\AppData\Local\Programs\MiKTeX\tex/latex/letltxmacro\letltxm
acro.sty
Package: letltxmacro 2019/12/03 v1.6 Let assignment for LaTeX macros (HO)
)
(C:\Users\Yifei Sun\AppData\Local\Programs\MiKTeX\tex/latex/auxhook\auxhook.sty
Package: auxhook 2019-12-17 v1.6 Hooks for auxiliary files (HO)
)
(C:\Users\Yifei Sun\AppData\Local\Programs\MiKTeX\tex/latex/hyperref\nameref.st
y
Package: nameref 2023-11-26 v2.56 Cross-referencing by name of section

(C:\Users\Yifei Sun\AppData\Local\Programs\MiKTeX\tex/latex/refcount\refcount.s
ty
Package: refcount 2019/12/15 v3.6 Data extraction from label references (HO)
)
(C:\Users\Yifei Sun\AppData\Local\Programs\MiKTeX\tex/generic/gettitlestring\ge
ttitlestring.sty
Package: gettitlestring 2019/12/15 v1.6 Cleanup title references (HO)

(C:\Users\Yifei Sun\AppData\Local\Programs\MiKTeX\tex/latex/kvoptions\kvoptions
.sty
Package: kvoptions 2022-06-15 v3.15 Key value format for package options (HO)
))
\c@section@level=\count305
)
(C:\Users\Yifei Sun\AppData\Local\Programs\MiKTeX\tex/latex/etoolbox\etoolbox.s
ty
Package: etoolbox 2020/10/05 v2.5k e-TeX tools for LaTeX (JAW)
\etb@tempcnta=\count306
)
\@linkdim=\dimen187
\Hy@linkcounter=\count307
\Hy@pagecounter=\count308

(C:\Users\Yifei Sun\AppData\Local\Programs\MiKTeX\tex/latex/hyperref\pd1enc.def
File: pd1enc.def 2023-11-26 v7.01g Hyperref: PDFDocEncoding definition (HO)
Now handling font encoding PD1 ...
... no UTF-8 mapping file for font encoding PD1
)
(C:\Users\Yifei Sun\AppData\Local\Programs\MiKTeX\tex/generic/intcalc\intcalc.s
ty
Package: intcalc 2019/12/15 v1.3 Expandable calculations with integers (HO)
)
\Hy@SavedSpaceFactor=\count309

(C:\Users\Yifei Sun\AppData\Local\Programs\MiKTeX\tex/latex/hyperref\puenc.def
File: puenc.def 2023-11-26 v7.01g Hyperref: PDF Unicode definition (HO)
Now handling font encoding PU ...
... no UTF-8 mapping file for font encoding PU
)
Package hyperref Info: Hyper figures OFF on input line 4181.
Package hyperref Info: Link nesting OFF on input line 4186.
Package hyperref Info: Hyper index ON on input line 4189.
Package hyperref Info: Plain pages OFF on input line 4196.
Package hyperref Info: Backreferencing OFF on input line 4201.
Package hyperref Info: Implicit mode ON; LaTeX internals redefined.
Package hyperref Info: Bookmarks ON on input line 4448.
\c@Hy@tempcnt=\count310
LaTeX Info: Redefining \url on input line 4786.
\XeTeXLinkMargin=\dimen188

(C:\Users\Yifei Sun\AppData\Local\Programs\MiKTeX\tex/generic/bitset\bitset.sty
Package: bitset 2019/12/09 v1.3 Handle bit-vector datatype (HO)

(C:\Users\Yifei Sun\AppData\Local\Programs\MiKTeX\tex/generic/bigintcalc\bigint
calc.sty
Package: bigintcalc 2019/12/15 v1.5 Expandable calculations on big integers (HO
)
))
\Fld@menulength=\count311
\Field@Width=\dimen189
\Fld@charsize=\dimen190
Package hyperref Info: Hyper figures OFF on input line 6065.
Package hyperref Info: Link nesting OFF on input line 6070.
Package hyperref Info: Hyper index ON on input line 6073.
Package hyperref Info: backreferencing OFF on input line 6080.
Package hyperref Info: Link coloring OFF on input line 6085.
Package hyperref Info: Link coloring with OCG OFF on input line 6090.
Package hyperref Info: PDF/A mode OFF on input line 6095.

(C:\Users\Yifei Sun\AppData\Local\Programs\MiKTeX\tex/latex/base\atbegshi-ltx.s
ty
Package: atbegshi-ltx 2021/01/10 v1.0c Emulation of the original atbegshi
package with kernel methods
)
\Hy@abspage=\count312
\c@Item=\count313
\c@Hfootnote=\count314
)
Package hyperref Info: Driver (autodetected): hpdftex.

(C:\Users\Yifei Sun\AppData\Local\Programs\MiKTeX\tex/latex/hyperref\hpdftex.de
f
File: hpdftex.def 2023-11-26 v7.01g Hyperref driver for pdfTeX

(C:\Users\Yifei Sun\AppData\Local\Programs\MiKTeX\tex/latex/base\atveryend-ltx.
sty
Package: atveryend-ltx 2020/08/19 v1.0a Emulation of the original atveryend pac
kage
with kernel methods
)
\Fld@listcount=\count315
\c@bookmark@seq@number=\count316

(C:\Users\Yifei Sun\AppData\Local\Programs\MiKTeX\tex/latex/rerunfilecheck\reru
nfilecheck.sty
Package: rerunfilecheck 2025-06-21 v1.11 Rerun checks for auxiliary files (HO)

(C:\Users\Yifei Sun\AppData\Local\Programs\MiKTeX\tex/generic/uniquecounter\uni
quecounter.sty
Package: uniquecounter 2019/12/15 v1.4 Provide unlimited unique counter (HO)
)
Package uniquecounter Info: New unique counter `rerunfilecheck' on input line 2
84.
)
\Hy@SectionHShift=\skip74
)
\c@appendixsection=\count317
\c@appendixsubsection=\count318
\c@appendixdomain=\count319
LaTeX Font Info:    Trying to load font information for OT1+ptm on input line 6
0.

(C:\Users\Yifei Sun\AppData\Local\Programs\MiKTeX\tex/latex/psnfss\ot1ptm.fd
File: ot1ptm.fd 2001/06/04 font definitions for OT1/ptm.
)
(C:\Users\Yifei Sun\AppData\Local\Programs\MiKTeX\tex/latex/l3backend\l3backend
-pdftex.def
File: l3backend-pdftex.def 2024-01-04 L3 backend support: PDF output (pdfTeX)
\l__color_backend_stack_int=\count320
\l__pdf_internal_box=\box110
) (main_iclr_submission.aux)
\openout1 = `main_iclr_submission.aux'.

LaTeX Font Info:    Checking defaults for OML/cmm/m/it on input line 60.
LaTeX Font Info:    ... okay on input line 60.
LaTeX Font Info:    Checking defaults for OMS/cmsy/m/n on input line 60.
LaTeX Font Info:    ... okay on input line 60.
LaTeX Font Info:    Checking defaults for OT1/cmr/m/n on input line 60.
LaTeX Font Info:    ... okay on input line 60.
LaTeX Font Info:    Checking defaults for T1/cmr/m/n on input line 60.
LaTeX Font Info:    ... okay on input line 60.
LaTeX Font Info:    Checking defaults for TS1/cmr/m/n on input line 60.
LaTeX Font Info:    ... okay on input line 60.
LaTeX Font Info:    Checking defaults for OMX/cmex/m/n on input line 60.
LaTeX Font Info:    ... okay on input line 60.
LaTeX Font Info:    Checking defaults for U/cmr/m/n on input line 60.
LaTeX Font Info:    ... okay on input line 60.
LaTeX Font Info:    Checking defaults for PD1/pdf/m/n on input line 60.
LaTeX Font Info:    ... okay on input line 60.
LaTeX Font Info:    Checking defaults for PU/pdf/m/n on input line 60.
LaTeX Font Info:    ... okay on input line 60.

(C:\Users\Yifei Sun\AppData\Local\Programs\MiKTeX\tex/context/base/mkii\supp-pd
f.mkii
[Loading MPS to PDF converter (version 2006.09.02).]
\scratchcounter=\count321
\scratchdimen=\dimen191
\scratchbox=\box111
\nofMPsegments=\count322
\nofMParguments=\count323
\everyMPshowfont=\toks29
\MPscratchCnt=\count324
\MPscratchDim=\dimen192
\MPnumerator=\count325
\makeMPintoPDFobject=\count326
\everyMPtoPDFconversion=\toks30
)
(C:\Users\Yifei Sun\AppData\Local\Programs\MiKTeX\tex/latex/epstopdf-pkg\epstop
df-base.sty
Package: epstopdf-base 2020-01-24 v2.11 Base part for package epstopdf
Package epstopdf-base Info: Redefining graphics rule for `.eps' on input line 4
85.

(C:\Users\Yifei Sun\AppData\Local\Programs\MiKTeX\tex/latex/00miktex\epstopdf-s
ys.cfg
File: epstopdf-sys.cfg 2021/03/18 v2.0 Configuration of epstopdf for MiKTeX
))
Package hyperref Info: Link coloring OFF on input line 60.
 (main_iclr_submission.out) (main_iclr_submission.out)
\@outlinefile=\write3
\openout3 = `main_iclr_submission.out'.


Underfull \hbox (badness 10000) in paragraph at lines 63--63
[]\OT1/ptm/m/sc/17.28 Solver-Integrated Ad-ver-sar-ial At-tack-ing
 []

LaTeX Font Info:    Trying to load font information for U+msa on input line 63.

(C:\Users\Yifei Sun\AppData\Local\Programs\MiKTeX\tex/latex/amsfonts\umsa.fd
File: umsa.fd 2013/01/14 v3.01 AMS symbols A
)
LaTeX Font Info:    Trying to load font information for U+msb on input line 63.


(C:\Users\Yifei Sun\AppData\Local\Programs\MiKTeX\tex/latex/amsfonts\umsb.fd
File: umsb.fd 2013/01/14 v3.01 AMS symbols B
)
[1{C:/Users/Yifei Sun/AppData/Local/MiKTeX/fonts/map/pdftex/pdftex.map}{C:/User
s/Yifei Sun/AppData/Local/Programs/MiKTeX/fonts/enc/dvips/base/8r.enc}

]
LaTeX Font Info:    Trying to load font information for TS1+ptm on input line 1
44.

(C:\Users\Yifei Sun\AppData\Local\Programs\MiKTeX\tex/latex/psnfss\ts1ptm.fd
File: ts1ptm.fd 2001/06/04 font definitions for TS1/ptm.
)
[2] [3] [4] [5]
<figures/adversarial_attack_appendix/attack/cross_benchmark/epsilon_sweeps/epsi
lon_vs_loss_delta_best_all_loglog_powerlaw_annotated_1p3x_mathtext.png, id=236,
 421.8159pt x 237.2865pt>
File: figures/adversarial_attack_appendix/attack/cross_benchmark/epsilon_sweeps
/epsilon_vs_loss_delta_best_all_loglog_powerlaw_annotated_1p3x_mathtext.png Gra
phic file (type png)
<use figures/adversarial_attack_appendix/attack/cross_benchmark/epsilon_sweeps/
epsilon_vs_loss_delta_best_all_loglog_powerlaw_annotated_1p3x_mathtext.png>
Package pdftex.def Info: figures/adversarial_attack_appendix/attack/cross_bench
mark/epsilon_sweeps/epsilon_vs_loss_delta_best_all_loglog_powerlaw_annotated_1p
3x_mathtext.png  used on input line 587.
(pdftex.def)             Requested size: 192.78046pt x 108.44345pt.
<selected_figure_exports/fig41_crop_line_plot.png, id=238, 528.2937pt x 226.927
8pt>
File: selected_figure_exports/fig41_crop_line_plot.png Graphic file (type png)
<use selected_figure_exports/fig41_crop_line_plot.png>
Package pdftex.def Info: selected_figure_exports/fig41_crop_line_plot.png  used
 on input line 593.
(pdftex.def)             Requested size: 192.78046pt x 82.8089pt.
<selected_figure_exports/fig10_crop_first2rows_first2cols.png, id=239, 756.5765
7pt x 578.91281pt>
File: selected_figure_exports/fig10_crop_first2rows_first2cols.png Graphic file
 (type png)
<use selected_figure_exports/fig10_crop_first2rows_first2cols.png>
Package pdftex.def Info: selected_figure_exports/fig10_crop_first2rows_first2co
ls.png  used on input line 602.
(pdftex.def)             Requested size: 196.75311pt x 150.5491pt.
<selected_figure_exports/fig10_crop_first2rows_last2cols.png, id=240, 737.75626
pt x 578.91281pt>
File: selected_figure_exports/fig10_crop_first2rows_last2cols.png Graphic file 
(type png)
<use selected_figure_exports/fig10_crop_first2rows_last2cols.png>
Package pdftex.def Info: selected_figure_exports/fig10_crop_first2rows_last2col
s.png  used on input line 603.
(pdftex.def)             Requested size: 196.75311pt x 154.39168pt.
<selected_figure_exports/fig10_crop_thirdrow_first2cols.png, id=241, 736.25063p
t x 291.33844pt>
File: selected_figure_exports/fig10_crop_thirdrow_first2cols.png Graphic file (
type png)
<use selected_figure_exports/fig10_crop_thirdrow_first2cols.png>
Package pdftex.def Info: selected_figure_exports/fig10_crop_thirdrow_first2cols
.png  used on input line 673.
(pdftex.def)             Requested size: 212.65591pt x 84.14812pt.
 [6 <./figures/adversarial_attack_appendix/attack/cross_benchmark/epsilon_sweep
s/epsilon_vs_loss_delta_best_all_loglog_powerlaw_annotated_1p3x_mathtext.png> <
./selected_figure_exports/fig41_crop_line_plot.png>]
<selected_figure_exports/fig26_composite_ns_loss3_with_loss_curve_spectrum.png,
 id=259, 1439.3775pt x 1016.29688pt>
File: selected_figure_exports/fig26_composite_ns_loss3_with_loss_curve_spectrum
.png Graphic file (type png)
<use selected_figure_exports/fig26_composite_ns_loss3_with_loss_curve_spectrum.
png>
Package pdftex.def Info: selected_figure_exports/fig26_composite_ns_loss3_with_
loss_curve_spectrum.png  used on input line 712.
(pdftex.def)             Requested size: 397.48499pt x 280.65332pt.
 [7 <./selected_figure_exports/fig10_crop_first2rows_first2cols.png> <./selecte
d_figure_exports/fig10_crop_first2rows_last2cols.png> <./selected_figure_export
s/fig10_crop_thirdrow_first2cols.png>]
<selected_figure_exports/fig38_crop_top1row.png, id=269, 2527.94438pt x 378.664
69pt>
File: selected_figure_exports/fig38_crop_top1row.png Graphic file (type png)
<use selected_figure_exports/fig38_crop_top1row.png>
Package pdftex.def Info: selected_figure_exports/fig38_crop_top1row.png  used o
n input line 775.
(pdftex.def)             Requested size: 397.48499pt x 59.536pt.
<selected_figure_exports/fig47_crop_top1row.png, id=270, 2434.59563pt x 343.282
5pt>
File: selected_figure_exports/fig47_crop_top1row.png Graphic file (type png)
<use selected_figure_exports/fig47_crop_top1row.png>
Package pdftex.def Info: selected_figure_exports/fig47_crop_top1row.png  used o
n input line 784.
(pdftex.def)             Requested size: 397.48499pt x 56.04202pt.
 [8 <./selected_figure_exports/fig26_composite_ns_loss3_with_loss_curve_spectru
m.png>] [9 <./selected_figure_exports/fig38_crop_top1row.png> <./selected_figur
e_exports/fig47_crop_top1row.png>]
(main_iclr_submission.bbl [10] [11]) [12] (appendix_iclr.tex [13

] [14]
Package hyperref Info: bookmark level for unknown algorithm defaults to 0 on in
put line 247.
 [15

]
[16] [17] [18] [19] [20

] [21] [22] [23

] [24

] [25] [26] [27

] [28] [29] [30

]
[31]
Underfull \hbox (badness 10000) in paragraph at lines 1526--1526
[]|\OT1/ptm/m/n/10 Matern GRF c=0.04, nu=2.5;
 []


Underfull \hbox (badness 10000) in paragraph at lines 1527--1527
[]|\OT1/ptm/m/n/10 Matern GRF c=0.04, nu=2.5;
 []


Underfull \hbox (badness 10000) in paragraph at lines 1528--1528
[]|\OT1/ptm/m/n/10 Matern GRF c=0.04, nu=2.5;
 []


Underfull \hbox (badness 10000) in paragraph at lines 1529--1529
[]|\OT1/ptm/m/n/10 Matern GRF c=0.08, nu=2.5;
 []


Underfull \hbox (badness 10000) in paragraph at lines 1530--1530
[]|\OT1/ptm/m/n/10 Matern GRF c=0.04, nu=2.5;
 []


Underfull \hbox (badness 10000) in paragraph at lines 1531--1531
[]|\OT1/ptm/m/n/10 Matern GRF c=0.04, nu=2.5;
 []


Underfull \hbox (badness 10000) in paragraph at lines 1532--1532
[]|\OT1/ptm/m/n/10 Matern GRF c=0.08, nu=2.5;
 []


Underfull \hbox (badness 10000) in paragraph at lines 1534--1534
[]|\OT1/ptm/m/n/10 Matern GRF c=0.03, nu=1.5;
 []


Underfull \hbox (badness 10000) in paragraph at lines 1535--1535
[]|\OT1/ptm/m/n/10 Power-law Fourier al-pha=2.5,
 []


Underfull \hbox (badness 10000) in paragraph at lines 1536--1536
[]|\OT1/ptm/m/n/10 Power-law Fourier al-pha=1.5,
 []


Underfull \hbox (badness 10000) in paragraph at lines 1537--1537
[]|\OT1/ptm/m/n/10 Power-law Fourier al-pha=3,
 []


Underfull \hbox (badness 10000) in paragraph at lines 1538--1538
[]|\OT1/ptm/m/n/10 Power-law Fourier al-pha=2.5,
 []


Underfull \hbox (badness 10000) in paragraph at lines 1539--1539
[]|\OT1/ptm/m/n/10 Power-law Fourier al-pha=2.5,
 []


Underfull \hbox (badness 10000) in paragraph at lines 1540--1540
[]|\OT1/ptm/m/n/10 Power-law Fourier al-pha=1.2,
 []


Underfull \hbox (badness 10000) in paragraph at lines 1541--1541
[]|\OT1/ptm/m/n/10 Power-law Fourier al-pha=2.2,
 []


Underfull \hbox (badness 10000) in paragraph at lines 1542--1542
[]|\OT1/ptm/m/n/10 Power-law Fourier al-pha=3.5,
 []


Underfull \hbox (badness 10000) in paragraph at lines 1543--1543
[]|\OT1/ptm/m/n/10 Power-law Fourier al-pha=3.5,
 []


Underfull \hbox (badness 10000) in paragraph at lines 1544--1544
[]|\OT1/ptm/m/n/10 Power-law Fourier al-pha=4,
 []


Underfull \hbox (badness 10000) in paragraph at lines 1545--1545
[]|\OT1/ptm/m/n/10 Power-law Fourier al-pha=4,
 []


Underfull \hbox (badness 10000) in paragraph at lines 1546--1546
[]|\OT1/ptm/m/n/10 Power-law Fourier al-pha=3,
 []


Underfull \hbox (badness 10000) in paragraph at lines 1547--1547
[]|\OT1/ptm/m/n/10 Power-law Fourier al-pha=1.8,
 []


Underfull \hbox (badness 10000) in paragraph at lines 1548--1548
[]|\OT1/ptm/m/n/10 Power-law Fourier al-pha=3,
 []


Underfull \hbox (badness 10000) in paragraph at lines 1561--1561
[]|\OT1/ptm/m/n/10 Sawtooth freq=2; range
 []

[32

] [33]
Underfull \hbox (badness 5667) in paragraph at lines 1587--1587
[]|\OT1/ptm/m/n/10 matern smooth, frac=0.12, al-
 []


Underfull \hbox (badness 10000) in paragraph at lines 1588--1588
[]|\OT1/ptm/m/n/10 matern fine, frac=0.24, al-
 []


Underfull \hbox (badness 10000) in paragraph at lines 1589--1589
[]|\OT1/ptm/m/n/10 highpass grf, frac=0.20, al-
 []


Underfull \hbox (badness 10000) in paragraph at lines 1590--1590
[]|\OT1/ptm/m/n/10 bandpass grf, frac=0.16, al-
 []


Underfull \hbox (badness 10000) in paragraph at lines 1592--1592
[]|\OT1/ptm/m/n/10 blocky tiles, frac=0.24, al-
 []


Underfull \hbox (badness 10000) in paragraph at lines 1593--1593
[]|\OT1/ptm/m/n/10 rectangles, frac=0.20, al-
 []


Underfull \hbox (badness 10000) in paragraph at lines 1594--1594
[]|\OT1/ptm/m/n/10 cellular blobs, frac=0.16, al-
 []


Underfull \hbox (badness 5667) in paragraph at lines 1595--1595
[]|\OT1/ptm/m/n/10 matern smooth, frac=0.16, al-
 []


Underfull \hbox (badness 10000) in paragraph at lines 1596--1596
[]|\OT1/ptm/m/n/10 matern fine, frac=0.12, al-
 []


Underfull \hbox (badness 10000) in paragraph at lines 1597--1597
[]|\OT1/ptm/m/n/10 highpass grf, frac=0.24, al-
 []


Underfull \hbox (badness 10000) in paragraph at lines 1598--1598
[]|\OT1/ptm/m/n/10 bandpass grf, frac=0.20, al-
 []


Underfull \hbox (badness 10000) in paragraph at lines 1600--1600
[]|\OT1/ptm/m/n/10 blocky tiles, frac=0.12, al-
 []


Underfull \hbox (badness 10000) in paragraph at lines 1601--1601
[]|\OT1/ptm/m/n/10 rectangles, frac=0.24, al-
 []


Underfull \hbox (badness 10000) in paragraph at lines 1602--1602
[]|\OT1/ptm/m/n/10 cellular blobs, frac=0.20, al-
 []


Underfull \hbox (badness 5667) in paragraph at lines 1603--1603
[]|\OT1/ptm/m/n/10 matern smooth, frac=0.20, al-
 []


Underfull \hbox (badness 10000) in paragraph at lines 1604--1604
[]|\OT1/ptm/m/n/10 matern fine, frac=0.16, al-
 []


Underfull \hbox (badness 10000) in paragraph at lines 1605--1605
[]|\OT1/ptm/m/n/10 highpass grf, frac=0.12, al-
 []


Underfull \hbox (badness 10000) in paragraph at lines 1606--1606
[]|\OT1/ptm/m/n/10 bandpass grf, frac=0.24, al-
 []


Underfull \hbox (badness 10000) in paragraph at lines 1608--1608
[]|\OT1/ptm/m/n/10 blocky tiles, frac=0.16, al-
 []


Underfull \hbox (badness 10000) in paragraph at lines 1609--1609
[]|\OT1/ptm/m/n/10 rectangles, frac=0.12, al-
 []


Underfull \hbox (badness 10000) in paragraph at lines 1610--1610
[]|\OT1/ptm/m/n/10 cellular blobs, frac=0.24, al-
 []


Underfull \hbox (badness 5667) in paragraph at lines 1611--1611
[]|\OT1/ptm/m/n/10 matern smooth, frac=0.24, al-
 []


Underfull \hbox (badness 10000) in paragraph at lines 1612--1612
[]|\OT1/ptm/m/n/10 matern fine, frac=0.20, al-
 []


Underfull \hbox (badness 10000) in paragraph at lines 1613--1613
[]|\OT1/ptm/m/n/10 highpass grf, frac=0.16, al-
 []


Underfull \hbox (badness 10000) in paragraph at lines 1614--1614
[]|\OT1/ptm/m/n/10 bandpass grf, frac=0.12, al-
 []


Underfull \hbox (badness 10000) in paragraph at lines 1616--1616
[]|\OT1/ptm/m/n/10 blocky tiles, frac=0.20, al-
 []


Underfull \hbox (badness 10000) in paragraph at lines 1617--1617
[]|\OT1/ptm/m/n/10 rectangles, frac=0.16, al-
 []


Underfull \hbox (badness 10000) in paragraph at lines 1618--1618
[]|\OT1/ptm/m/n/10 cellular blobs, frac=0.12, al-
 []


Underfull \hbox (badness 5667) in paragraph at lines 1619--1619
[]|\OT1/ptm/m/n/10 matern smooth, frac=0.12, al-
 []


Underfull \hbox (badness 10000) in paragraph at lines 1620--1620
[]|\OT1/ptm/m/n/10 matern fine, frac=0.24, al-
 []


Underfull \hbox (badness 10000) in paragraph at lines 1621--1621
[]|\OT1/ptm/m/n/10 highpass grf, frac=0.20, al-
 []


Underfull \hbox (badness 10000) in paragraph at lines 1622--1622
[]|\OT1/ptm/m/n/10 bandpass grf, frac=0.16, al-
 []


Underfull \hbox (badness 10000) in paragraph at lines 1624--1624
[]|\OT1/ptm/m/n/10 blocky tiles, frac=0.24, al-
 []


Underfull \hbox (badness 10000) in paragraph at lines 1625--1625
[]|\OT1/ptm/m/n/10 rectangles, frac=0.20, al-
 []


Underfull \hbox (badness 10000) in paragraph at lines 1626--1626
[]|\OT1/ptm/m/n/10 cellular blobs, frac=0.16, al-
 []


Underfull \hbox (badness 5667) in paragraph at lines 1627--1627
[]|\OT1/ptm/m/n/10 matern smooth, frac=0.16, al-
 []


Underfull \hbox (badness 10000) in paragraph at lines 1628--1628
[]|\OT1/ptm/m/n/10 matern fine, frac=0.12, al-
 []


Underfull \hbox (badness 10000) in paragraph at lines 1629--1629
[]|\OT1/ptm/m/n/10 highpass grf, frac=0.24, al-
 []


Underfull \hbox (badness 10000) in paragraph at lines 1630--1630
[]|\OT1/ptm/m/n/10 bandpass grf, frac=0.20, al-
 []


Underfull \hbox (badness 10000) in paragraph at lines 1632--1632
[]|\OT1/ptm/m/n/10 blocky tiles, frac=0.12, al-
 []


Underfull \hbox (badness 10000) in paragraph at lines 1633--1633
[]|\OT1/ptm/m/n/10 rectangles, frac=0.24, al-
 []


Underfull \hbox (badness 10000) in paragraph at lines 1634--1634
[]|\OT1/ptm/m/n/10 cellular blobs, frac=0.20, al-
 []


Underfull \hbox (badness 5667) in paragraph at lines 1635--1635
[]|\OT1/ptm/m/n/10 matern smooth, frac=0.20, al-
 []


Underfull \hbox (badness 10000) in paragraph at lines 1636--1636
[]|\OT1/ptm/m/n/10 matern fine, frac=0.16, al-
 []

[34] [35] [36] [37

] [38] [39] [40

] [41

] [42] [43] [44

] [45]
<figures/backpropagation_targets/compact/training_vs_attack_gradients.pdf, id=7
07, 953.96402pt x 495.04951pt>
File: figures/backpropagation_targets/compact/training_vs_attack_gradients.pdf 
Graphic file (type pdf)
<use figures/backpropagation_targets/compact/training_vs_attack_gradients.pdf>
Package pdftex.def Info: figures/backpropagation_targets/compact/training_vs_at
tack_gradients.pdf  used on input line 2394.
(pdftex.def)             Requested size: 373.63686pt x 193.89944pt.
<figures/pde_solver_supervision/compact/pde_solver_training_attack.pdf, id=708,
 953.96402pt x 495.04951pt>
File: figures/pde_solver_supervision/compact/pde_solver_training_attack.pdf Gra
phic file (type pdf)
<use figures/pde_solver_supervision/compact/pde_solver_training_attack.pdf>
Package pdftex.def Info: figures/pde_solver_supervision/compact/pde_solver_trai
ning_attack.pdf  used on input line 2405.
(pdftex.def)             Requested size: 373.63686pt x 193.89944pt.
<figures/attack_loss_variants/non-compact/attack_loss_variants_twocol.pdf, id=7
09, 1080.43652pt x 643.20299pt>
File: figures/attack_loss_variants/non-compact/attack_loss_variants_twocol.pdf 
Graphic file (type pdf)
<use figures/attack_loss_variants/non-compact/attack_loss_variants_twocol.pdf>
Package pdftex.def Info: figures/attack_loss_variants/non-compact/attack_loss_v
ariants_twocol.pdf  used on input line 2414.
(pdftex.def)             Requested size: 373.63686pt x 222.43524pt.
 [46

 <./figures/backpropagation_targets/compact/training_vs_attack_gradients.pdf> <
./figures/pde_solver_supervision/compact/pde_solver_training_attack.pdf>]
<figures/navier_stokes_recurrent/non-compact/ns_recurrent_adversarial_attack.pd
f, id=792, 1109.34445pt x 484.209pt>
File: figures/navier_stokes_recurrent/non-compact/ns_recurrent_adversarial_atta
ck.pdf Graphic file (type pdf)
<use figures/navier_stokes_recurrent/non-compact/ns_recurrent_adversarial_attac
k.pdf>
Package pdftex.def Info: figures/navier_stokes_recurrent/non-compact/ns_recurre
nt_adversarial_attack.pdf  used on input line 2423.
(pdftex.def)             Requested size: 373.63686pt x 163.08469pt.
<figures/adversarial_training_pipeline/compact/adversarial_training_pipeline.pd
f, id=793, 1029.8475pt x 603.45451pt>
File: figures/adversarial_training_pipeline/compact/adversarial_training_pipeli
ne.pdf Graphic file (type pdf)
<use figures/adversarial_training_pipeline/compact/adversarial_training_pipelin
e.pdf>
Package pdftex.def Info: figures/adversarial_training_pipeline/compact/adversar
ial_training_pipeline.pdf  used on input line 2434.
(pdftex.def)             Requested size: 365.68546pt x 214.27849pt.
 [47 <./figures/attack_loss_variants/non-compact/attack_loss_variants_twocol.pd
f> <./figures/navier_stokes_recurrent/non-compact/ns_recurrent_adversarial_atta
ck.pdf>]
<figures/adversarial_training_pipeline/compact/random_clean_training_pipeline.p
df, id=872, 1029.8475pt x 531.18451pt>
File: figures/adversarial_training_pipeline/compact/random_clean_training_pipel
ine.pdf Graphic file (type pdf)
<use figures/adversarial_training_pipeline/compact/random_clean_training_pipeli
ne.pdf>
Package pdftex.def Info: figures/adversarial_training_pipeline/compact/random_c
lean_training_pipeline.pdf  used on input line 2444.
(pdftex.def)             Requested size: 365.68546pt x 188.6164pt.
<figures/adversarial_training_pipeline/compact/random_solver_training_pipeline.
pdf, id=873, 1029.8475pt x 531.18451pt>
File: figures/adversarial_training_pipeline/compact/random_solver_training_pipe
line.pdf Graphic file (type pdf)
<use figures/adversarial_training_pipeline/compact/random_solver_training_pipel
ine.pdf>
Package pdftex.def Info: figures/adversarial_training_pipeline/compact/random_s
olver_training_pipeline.pdf  used on input line 2452.
(pdftex.def)             Requested size: 365.68546pt x 188.6164pt.
 [48 <./figures/adversarial_training_pipeline/compact/adversarial_training_pipe
line.pdf> <./figures/adversarial_training_pipeline/compact/random_clean_trainin
g_pipeline.pdf>]
<figures/error_vector_geometry/compact/error_difference_vs_final_norm.pdf, id=9
83, 531.18451pt x 307.87021pt>
File: figures/error_vector_geometry/compact/error_difference_vs_final_norm.pdf 
Graphic file (type pdf)
<use figures/error_vector_geometry/compact/error_difference_vs_final_norm.pdf>
Package pdftex.def Info: figures/error_vector_geometry/compact/error_difference
_vs_final_norm.pdf  used on input line 2463.
(pdftex.def)             Requested size: 341.83733pt x 198.13551pt.
<figures/loss_landscape/non-compact/loss_landscape.pdf, id=984, 1315.31403pt x 
621.52202pt>
File: figures/loss_landscape/non-compact/loss_landscape.pdf Graphic file (type 
pdf)
<use figures/loss_landscape/non-compact/loss_landscape.pdf>
Package pdftex.def Info: figures/loss_landscape/non-compact/loss_landscape.pdf 
 used on input line 2472.
(pdftex.def)             Requested size: 389.53358pt x 184.06816pt.
 [49 <./figures/adversarial_training_pipeline/compact/random_solver_training_pi
peline.pdf> <./figures/error_vector_geometry/compact/error_difference_vs_final_
norm.pdf>] [50 <./figures/loss_landscape/non-compact/loss_landscape.pdf>]
[51

]
<figures/adversarial_attack_appendix/attack/burgers/fno/final_prediction_delta/
slide13_burgers_fno_l2_pgd_loss_variants_final_frame.png, id=1133, 2006.49625pt
 x 1198.4775pt>
File: figures/adversarial_attack_appendix/attack/burgers/fno/final_prediction_d
elta/slide13_burgers_fno_l2_pgd_loss_variants_final_frame.png Graphic file (typ
e png)
<use figures/adversarial_attack_appendix/attack/burgers/fno/final_prediction_de
lta/slide13_burgers_fno_l2_pgd_loss_variants_final_frame.png>
Package pdftex.def Info: figures/adversarial_attack_appendix/attack/burgers/fno
/final_prediction_delta/slide13_burgers_fno_l2_pgd_loss_variants_final_frame.pn
g  used on input line 2618.
(pdftex.def)             Requested size: 397.46507pt x 237.40533pt.
<figures/adversarial_attack_appendix/attack/burgers/fno/final_prediction_delta/
slide15_burgers_fno_linf_pgd_loss_variants_final_frame.png, id=1134, 2007.5pt x
 1198.4775pt>
File: figures/adversarial_attack_appendix/attack/burgers/fno/final_prediction_d
elta/slide15_burgers_fno_linf_pgd_loss_variants_final_frame.png Graphic file (t
ype png)
<use figures/adversarial_attack_appendix/attack/burgers/fno/final_prediction_de
lta/slide15_burgers_fno_linf_pgd_loss_variants_final_frame.png>
Package pdftex.def Info: figures/adversarial_attack_appendix/attack/burgers/fno
/final_prediction_delta/slide15_burgers_fno_linf_pgd_loss_variants_final_frame.
png  used on input line 2624.
(pdftex.def)             Requested size: 397.4801pt x 237.29562pt.
 [52

 <./figures/adversarial_attack_appendix/attack/burgers/fno/final_prediction_del
ta/slide13_burgers_fno_l2_pgd_loss_variants_final_frame.png (PNG copy)> <./figu
res/adversarial_attack_appendix/attack/burgers/fno/final_prediction_delta/slide
15_burgers_fno_linf_pgd_loss_variants_final_frame.png (PNG copy)>]
<figures/adversarial_attack_appendix/attack/burgers/fno/loss_progression/slide1
8_burgers_fno_l2_loss_progression_mean_std.png, id=1141, 2609.75pt x 1598.97375
pt>
File: figures/adversarial_attack_appendix/attack/burgers/fno/loss_progression/s
lide18_burgers_fno_l2_loss_progression_mean_std.png Graphic file (type png)
<use figures/adversarial_attack_appendix/attack/burgers/fno/loss_progression/sl
ide18_burgers_fno_l2_loss_progression_mean_std.png>
Package pdftex.def Info: figures/adversarial_attack_appendix/attack/burgers/fno
/loss_progression/slide18_burgers_fno_l2_loss_progression_mean_std.png  used on
 input line 2634.
(pdftex.def)             Requested size: 381.56987pt x 233.78493pt.
<figures/adversarial_attack_appendix/attack/burgers/fno/loss_progression/burger
s_fno_linf_eps0p3_alpha0p03_loss_progression_mean_std_linear.png, id=1142, 2609
.75pt x 1590.94376pt>
File: figures/adversarial_attack_appendix/attack/burgers/fno/loss_progression/b
urgers_fno_linf_eps0p3_alpha0p03_loss_progression_mean_std_linear.png Graphic f
ile (type png)
<use figures/adversarial_attack_appendix/attack/burgers/fno/loss_progression/bu
rgers_fno_linf_eps0p3_alpha0p03_loss_progression_mean_std_linear.png>
Package pdftex.def Info: figures/adversarial_attack_appendix/attack/burgers/fno
/loss_progression/burgers_fno_linf_eps0p3_alpha0p03_loss_progression_mean_std_l
inear.png  used on input line 2640.
(pdftex.def)             Requested size: 381.56987pt x 232.61086pt.
<figures/adversarial_attack_appendix/attack/burgers/deeponet/final_prediction_d
elta/slide19_burgers_final_state_comparison_steepest_add.png, id=1143, 2241.373
75pt x 1957.3125pt>
File: figures/adversarial_attack_appendix/attack/burgers/deeponet/final_predict
ion_delta/slide19_burgers_final_state_comparison_steepest_add.png Graphic file 
(type png)
<use figures/adversarial_attack_appendix/attack/burgers/deeponet/final_predicti
on_delta/slide19_burgers_final_state_comparison_steepest_add.png>
Package pdftex.def Info: figures/adversarial_attack_appendix/attack/burgers/dee
ponet/final_prediction_delta/slide19_burgers_final_state_comparison_steepest_ad
d.png  used on input line 2652.
(pdftex.def)             Requested size: 381.57571pt x 333.21658pt.

[53

 <./figures/adversarial_attack_appendix/attack/burgers/fno/loss_progression/sli
de18_burgers_fno_l2_loss_progression_mean_std.png> <./figures/adversarial_attac
k_appendix/attack/burgers/fno/loss_progression/burgers_fno_linf_eps0p3_alpha0p0
3_loss_progression_mean_std_linear.png>]
<figures/adversarial_attack_appendix/attack/burgers/deeponet/final_prediction_d
elta/slide20_burgers_deeponet_l2_pgd_loss_variants_final_frame.png, id=1152, 20
03.485pt x 1198.4775pt>
File: figures/adversarial_attack_appendix/attack/burgers/deeponet/final_predict
ion_delta/slide20_burgers_deeponet_l2_pgd_loss_variants_final_frame.png Graphic
 file (type png)
<use figures/adversarial_attack_appendix/attack/burgers/deeponet/final_predicti
on_delta/slide20_burgers_deeponet_l2_pgd_loss_variants_final_frame.png>
Package pdftex.def Info: figures/adversarial_attack_appendix/attack/burgers/dee
ponet/final_prediction_delta/slide20_burgers_deeponet_l2_pgd_loss_variants_fina
l_frame.png  used on input line 2660.
(pdftex.def)             Requested size: 397.47998pt x 237.77109pt.
 [54 <./figures/adversarial_attack_appendix/attack/burgers/deeponet/final_predi
ction_delta/slide19_burgers_final_state_comparison_steepest_add.png>]
<figures/adversarial_attack_appendix/attack/burgers/deeponet/final_prediction_d
elta/slide22_burgers_deeponet_linf_pgd_loss_variants_final_frame.png, id=1159, 
2007.5pt x 1198.4775pt>
File: figures/adversarial_attack_appendix/attack/burgers/deeponet/final_predict
ion_delta/slide22_burgers_deeponet_linf_pgd_loss_variants_final_frame.png Graph
ic file (type png)
<use figures/adversarial_attack_appendix/attack/burgers/deeponet/final_predicti
on_delta/slide22_burgers_deeponet_linf_pgd_loss_variants_final_frame.png>
Package pdftex.def Info: figures/adversarial_attack_appendix/attack/burgers/dee
ponet/final_prediction_delta/slide22_burgers_deeponet_linf_pgd_loss_variants_fi
nal_frame.png  used on input line 2666.
(pdftex.def)             Requested size: 397.4801pt x 237.29562pt.
<figures/adversarial_attack_appendix/attack/burgers/deeponet/loss_progression/s
lide17_burgers_deeponet_l2_loss_progression_mean_std.png, id=1160, 2609.75pt x 
1598.97375pt>
File: figures/adversarial_attack_appendix/attack/burgers/deeponet/loss_progress
ion/slide17_burgers_deeponet_l2_loss_progression_mean_std.png Graphic file (typ
e png)
<use figures/adversarial_attack_appendix/attack/burgers/deeponet/loss_progressi
on/slide17_burgers_deeponet_l2_loss_progression_mean_std.png>
Package pdftex.def Info: figures/adversarial_attack_appendix/attack/burgers/dee
ponet/loss_progression/slide17_burgers_deeponet_l2_loss_progression_mean_std.pn
g  used on input line 2674.
(pdftex.def)             Requested size: 381.56987pt x 233.78493pt.
 [55 <./figures/adversarial_attack_appendix/attack/burgers/deeponet/final_predi
ction_delta/slide20_burgers_deeponet_l2_pgd_loss_variants_final_frame.png (PNG 
copy)> <./figures/adversarial_attack_appendix/attack/burgers/deeponet/final_pre
diction_delta/slide22_burgers_deeponet_linf_pgd_loss_variants_final_frame.png (
PNG copy)>]
<figures/adversarial_attack_appendix/attack/burgers/deeponet/loss_progression/s
lide25_burgers_deeponet_linf_loss_progression_mean_std.png, id=1168, 2609.75pt 
x 1598.97375pt>
File: figures/adversarial_attack_appendix/attack/burgers/deeponet/loss_progress
ion/slide25_burgers_deeponet_linf_loss_progression_mean_std.png Graphic file (t
ype png)
<use figures/adversarial_attack_appendix/attack/burgers/deeponet/loss_progressi
on/slide25_burgers_deeponet_linf_loss_progression_mean_std.png>
Package pdftex.def Info: figures/adversarial_attack_appendix/attack/burgers/dee
ponet/loss_progression/slide25_burgers_deeponet_linf_loss_progression_mean_std.
png  used on input line 2680.
(pdftex.def)             Requested size: 381.56987pt x 233.78493pt.
 [56 <./figures/adversarial_attack_appendix/attack/burgers/deeponet/loss_progre
ssion/slide17_burgers_deeponet_l2_loss_progression_mean_std.png> <./figures/adv
ersarial_attack_appendix/attack/burgers/deeponet/loss_progression/slide25_burge
rs_deeponet_linf_loss_progression_mean_std.png>]
<figures/adversarial_attack_appendix/attack/burgers/optimizer_diagnostics/burge
rs_loss3_q_mean_boundary_markers_no_std.png, id=1177, 4482.7475pt x 2694.065pt>

File: figures/adversarial_attack_appendix/attack/burgers/optimizer_diagnostics/
burgers_loss3_q_mean_boundary_markers_no_std.png Graphic file (type png)
<use figures/adversarial_attack_appendix/attack/burgers/optimizer_diagnostics/b
urgers_loss3_q_mean_boundary_markers_no_std.png>
Package pdftex.def Info: figures/adversarial_attack_appendix/attack/burgers/opt
imizer_diagnostics/burgers_loss3_q_mean_boundary_markers_no_std.png  used on in
put line 2703.
(pdftex.def)             Requested size: 381.5415pt x 229.30081pt.
<figures/adversarial_attack_appendix/attack/burgers/optimizer_diagnostics/burge
rs_mean_boundary_ratio_alpha_epsilon_grid.png, id=1178, 4482.7475pt x 2694.065p
t>
File: figures/adversarial_attack_appendix/attack/burgers/optimizer_diagnostics/
burgers_mean_boundary_ratio_alpha_epsilon_grid.png Graphic file (type png)
<use figures/adversarial_attack_appendix/attack/burgers/optimizer_diagnostics/b
urgers_mean_boundary_ratio_alpha_epsilon_grid.png>
Package pdftex.def Info: figures/adversarial_attack_appendix/attack/burgers/opt
imizer_diagnostics/burgers_mean_boundary_ratio_alpha_epsilon_grid.png  used on 
input line 2709.
(pdftex.def)             Requested size: 381.5415pt x 229.30081pt.
 [57

 <./figures/adversarial_attack_appendix/attack/burgers/optimizer_diagnostics/bu
rgers_loss3_q_mean_boundary_markers_no_std.png>]
<figures/adversarial_attack_appendix/attack/burgers/optimizer_diagnostics/burge
rs_mean_delta_angle_alpha_epsilon_grid.png, id=1185, 4474.7175pt x 2694.065pt>
File: figures/adversarial_attack_appendix/attack/burgers/optimizer_diagnostics/
burgers_mean_delta_angle_alpha_epsilon_grid.png Graphic file (type png)
<use figures/adversarial_attack_appendix/attack/burgers/optimizer_diagnostics/b
urgers_mean_delta_angle_alpha_epsilon_grid.png>
Package pdftex.def Info: figures/adversarial_attack_appendix/attack/burgers/opt
imizer_diagnostics/burgers_mean_delta_angle_alpha_epsilon_grid.png  used on inp
ut line 2720.
(pdftex.def)             Requested size: 381.54083pt x 229.71188pt.
<figures/adversarial_attack_appendix/attack/burgers/svd_diagnostics/burgers_loc
al_svd_top8_right_singular_vectors_sample47_fno_deeponet_solver.png, id=1186, 4
535.94624pt x 2631.8325pt>
File: figures/adversarial_attack_appendix/attack/burgers/svd_diagnostics/burger
s_local_svd_top8_right_singular_vectors_sample47_fno_deeponet_solver.png Graphi
c file (type png)
<use figures/adversarial_attack_appendix/attack/burgers/svd_diagnostics/burgers
_local_svd_top8_right_singular_vectors_sample47_fno_deeponet_solver.png>
Package pdftex.def Info: figures/adversarial_attack_appendix/attack/burgers/svd
_diagnostics/burgers_local_svd_top8_right_singular_vectors_sample47_fno_deepone
t_solver.png  used on input line 2730.
(pdftex.def)             Requested size: 381.57059pt x 221.39369pt.
 [58 <./figures/adversarial_attack_appendix/attack/burgers/optimizer_diagnostic
s/burgers_mean_boundary_ratio_alpha_epsilon_grid.png> <./figures/adversarial_at
tack_appendix/attack/burgers/optimizer_diagnostics/burgers_mean_delta_angle_alp
ha_epsilon_grid.png>]
<figures/adversarial_attack_appendix/attack/darcy_flow/final_prediction_delta/s
lide27_darcy_flow_multi_key_loss_comparison_final_frame.png, id=1195, 2283.5312
5pt x 1591.9475pt>
File: figures/adversarial_attack_appendix/attack/darcy_flow/final_prediction_de
lta/slide27_darcy_flow_multi_key_loss_comparison_final_frame.png Graphic file (
type png)
<use figures/adversarial_attack_appendix/attack/darcy_flow/final_prediction_del
ta/slide27_darcy_flow_multi_key_loss_comparison_final_frame.png>
Package pdftex.def Info: figures/adversarial_attack_appendix/attack/darcy_flow/
final_prediction_delta/slide27_darcy_flow_multi_key_loss_comparison_final_frame
.png  used on input line 2744.
(pdftex.def)             Requested size: 381.57484pt x 266.01218pt.
 [59 <./figures/adversarial_attack_appendix/attack/burgers/svd_diagnostics/burg
ers_local_svd_top8_right_singular_vectors_sample47_fno_deeponet_solver.png (PNG
 copy)>] [60 <./figures/adversarial_attack_appendix/attack/darcy_flow/final_pre
diction_delta/slide27_darcy_flow_multi_key_loss_comparison_final_frame.png>]
<figures/adversarial_attack_appendix/attack/darcy_flow/loss_progression/slide28
_darcy_flow_optimizer_method_comparison_true_loss3.png, id=1208, 2870.725pt x 2
075.755pt>
File: figures/adversarial_attack_appendix/attack/darcy_flow/loss_progression/sl
ide28_darcy_flow_optimizer_method_comparison_true_loss3.png Graphic file (type 
png)
<use figures/adversarial_attack_appendix/attack/darcy_flow/loss_progression/sli
de28_darcy_flow_optimizer_method_comparison_true_loss3.png>
Package pdftex.def Info: figures/adversarial_attack_appendix/attack/darcy_flow/
loss_progression/slide28_darcy_flow_optimizer_method_comparison_true_loss3.png 
 used on input line 2755.
(pdftex.def)             Requested size: 341.80011pt x 247.14778pt.
<figures/adversarial_attack_appendix/attack/navier_stokes/periodic_boundary_evi
dence/slide30_ns2d_recurrent_attack_heatmaps_loss_progression.png, id=1209, 293
7.97626pt x 1504.62125pt>
File: figures/adversarial_attack_appendix/attack/navier_stokes/periodic_boundar
y_evidence/slide30_ns2d_recurrent_attack_heatmaps_loss_progression.png Graphic 
file (type png)
<use figures/adversarial_attack_appendix/attack/navier_stokes/periodic_boundary
_evidence/slide30_ns2d_recurrent_attack_heatmaps_loss_progression.png>
Package pdftex.def Info: figures/adversarial_attack_appendix/attack/navier_stok
es/periodic_boundary_evidence/slide30_ns2d_recurrent_attack_heatmaps_loss_progr
ession.png  used on input line 2769.
(pdftex.def)             Requested size: 393.47159pt x 201.508pt.
<figures/adversarial_attack_appendix/attack/navier_stokes/periodic_boundary_evi
dence/figure24_ns2d_final_state_steepest_add_eps32_alpha10_loss_switching.png, 
id=1210, 1929.2075pt x 2660.94125pt>
File: figures/adversarial_attack_appendix/attack/navier_stokes/periodic_boundar
y_evidence/figure24_ns2d_final_state_steepest_add_eps32_alpha10_loss_switching.
png Graphic file (type png)
<use figures/adversarial_attack_appendix/attack/navier_stokes/periodic_boundary
_evidence/figure24_ns2d_final_state_steepest_add_eps32_alpha10_loss_switching.p
ng>
Package pdftex.def Info: figures/adversarial_attack_appendix/attack/navier_stok
es/periodic_boundary_evidence/figure24_ns2d_final_state_steepest_add_eps32_alph
a10_loss_switching.png  used on input line 2779.
(pdftex.def)             Requested size: 397.4624pt x 548.21687pt.
 [61

 <./figures/adversarial_attack_appendix/attack/darcy_flow/loss_progression/slid
e28_darcy_flow_optimizer_method_comparison_true_loss3.png> <./figures/adversari
al_attack_appendix/attack/navier_stokes/periodic_boundary_evidence/slide30_ns2d
_recurrent_attack_heatmaps_loss_progression.png (PNG copy)>]
<figures/adversarial_attack_appendix/attack/navier_stokes/periodic_boundary_evi
dence/slide35_ns2d_explicit_warp_diagnostic_loss_warp_before_after.png, id=1220
, 2662.94875pt x 1752.5475pt>
File: figures/adversarial_attack_appendix/attack/navier_stokes/periodic_boundar
y_evidence/slide35_ns2d_explicit_warp_diagnostic_loss_warp_before_after.png Gra
phic file (type png)
<use figures/adversarial_attack_appendix/attack/navier_stokes/periodic_boundary
_evidence/slide35_ns2d_explicit_warp_diagnostic_loss_warp_before_after.png>
Package pdftex.def Info: figures/adversarial_attack_appendix/attack/navier_stok
es/periodic_boundary_evidence/slide35_ns2d_explicit_warp_diagnostic_loss_warp_b
efore_after.png  used on input line 2785.
(pdftex.def)             Requested size: 393.49263pt x 258.96649pt.
 [62 <./figures/adversarial_attack_appendix/attack/navier_stokes/periodic_bound
ary_evidence/figure24_ns2d_final_state_steepest_add_eps32_alpha10_loss_switchin
g.png (PNG copy)>]
<figures/adversarial_attack_appendix/attack/navier_stokes/periodic_boundary_evi
dence/slide36_ns2d_final_state_comparison_warp_methods_eps32_alpha10.png, id=12
26, 3070.47125pt x 2685.03125pt>
File: figures/adversarial_attack_appendix/attack/navier_stokes/periodic_boundar
y_evidence/slide36_ns2d_final_state_comparison_warp_methods_eps32_alpha10.png G
raphic file (type png)
<use figures/adversarial_attack_appendix/attack/navier_stokes/periodic_boundary
_evidence/slide36_ns2d_final_state_comparison_warp_methods_eps32_alpha10.png>
Package pdftex.def Info: figures/adversarial_attack_appendix/attack/navier_stok
es/periodic_boundary_evidence/slide36_ns2d_final_state_comparison_warp_methods_
eps32_alpha10.png  used on input line 2796.
(pdftex.def)             Requested size: 393.50624pt x 344.10892pt.
 [63 <./figures/adversarial_attack_appendix/attack/navier_stokes/periodic_bound
ary_evidence/slide35_ns2d_explicit_warp_diagnostic_loss_warp_before_after.png>]
<figures/adversarial_attack_appendix/attack/navier_stokes/periodic_boundary_evi
dence/slide37_ns2d_attack_progress_gradient_hessian_diagnostics.png, id=1233, 1
787.67876pt x 1774.63pt>
File: figures/adversarial_attack_appendix/attack/navier_stokes/periodic_boundar
y_evidence/slide37_ns2d_attack_progress_gradient_hessian_diagnostics.png Graphi
c file (type png)
<use figures/adversarial_attack_appendix/attack/navier_stokes/periodic_boundary
_evidence/slide37_ns2d_attack_progress_gradient_hessian_diagnostics.png>
Package pdftex.def Info: figures/adversarial_attack_appendix/attack/navier_stok
es/periodic_boundary_evidence/slide37_ns2d_attack_progress_gradient_hessian_dia
gnostics.png  used on input line 2807.
(pdftex.def)             Requested size: 381.5884pt x 378.80307pt.
 [64 <./figures/adversarial_attack_appendix/attack/navier_stokes/periodic_bound
ary_evidence/slide36_ns2d_final_state_comparison_warp_methods_eps32_alpha10.png
>]
<figures/adversarial_attack_appendix/attack/navier_stokes/final_prediction_delt
a/ns2d_auto_field_comparison_alpha50_alpha2p5_right_columns.png, id=1240, 3291.
29625pt x 1728.4575pt>
File: figures/adversarial_attack_appendix/attack/navier_stokes/final_prediction
_delta/ns2d_auto_field_comparison_alpha50_alpha2p5_right_columns.png Graphic fi
le (type png)
<use figures/adversarial_attack_appendix/attack/navier_stokes/final_prediction_
delta/ns2d_auto_field_comparison_alpha50_alpha2p5_right_columns.png>
Package pdftex.def Info: figures/adversarial_attack_appendix/attack/navier_stok
es/final_prediction_delta/ns2d_auto_field_comparison_alpha50_alpha2p5_right_col
umns.png  used on input line 2821.
(pdftex.def)             Requested size: 381.57971pt x 200.39044pt.
 [65 <./figures/adversarial_attack_appendix/attack/navier_stokes/periodic_bound
ary_evidence/slide37_ns2d_attack_progress_gradient_hessian_diagnostics.png>]
<figures/adversarial_attack_appendix/attack/navier_stokes/final_prediction_delt
a/slide40_ns2d_attack_vs_original_grid_alpha50.png, id=1247, 1284.8pt x 662.475
pt>
File: figures/adversarial_attack_appendix/attack/navier_stokes/final_prediction
_delta/slide40_ns2d_attack_vs_original_grid_alpha50.png Graphic file (type png)

<use figures/adversarial_attack_appendix/attack/navier_stokes/final_prediction_
delta/slide40_ns2d_attack_vs_original_grid_alpha50.png>
Package pdftex.def Info: figures/adversarial_attack_appendix/attack/navier_stok
es/final_prediction_delta/slide40_ns2d_attack_vs_original_grid_alpha50.png  use
d on input line 2826.
(pdftex.def)             Requested size: 381.5809pt x 196.75266pt.
<figures/adversarial_attack_appendix/attack/navier_stokes/final_prediction_delt
a/slide41_ns2d_attack_vs_original_grid_alpha10.png, id=1248, 1284.8pt x 660.467
5pt>
File: figures/adversarial_attack_appendix/attack/navier_stokes/final_prediction
_delta/slide41_ns2d_attack_vs_original_grid_alpha10.png Graphic file (type png)

<use figures/adversarial_attack_appendix/attack/navier_stokes/final_prediction_
delta/slide41_ns2d_attack_vs_original_grid_alpha10.png>
Package pdftex.def Info: figures/adversarial_attack_appendix/attack/navier_stok
es/final_prediction_delta/slide41_ns2d_attack_vs_original_grid_alpha10.png  use
d on input line 2831.
(pdftex.def)             Requested size: 381.5809pt x 196.15642pt.
 [66 <./figures/adversarial_attack_appendix/attack/navier_stokes/final_predicti
on_delta/ns2d_auto_field_comparison_alpha50_alpha2p5_right_columns.png (PNG cop
y)> <./figures/adversarial_attack_appendix/attack/navier_stokes/final_predictio
n_delta/slide40_ns2d_attack_vs_original_grid_alpha50.png>]
<figures/adversarial_attack_appendix/attack/navier_stokes/final_prediction_delt
a/slide43_ns2d_external_forcing_attack_perturbations.png, id=1256, 1133.23375pt
 x 1174.3875pt>
File: figures/adversarial_attack_appendix/attack/navier_stokes/final_prediction
_delta/slide43_ns2d_external_forcing_attack_perturbations.png Graphic file (typ
e png)
<use figures/adversarial_attack_appendix/attack/navier_stokes/final_prediction_
delta/slide43_ns2d_external_forcing_attack_perturbations.png>
Package pdftex.def Info: figures/adversarial_attack_appendix/attack/navier_stok
es/final_prediction_delta/slide43_ns2d_external_forcing_attack_perturbations.pn
g  used on input line 2840.
(pdftex.def)             Requested size: 397.48505pt x 411.91985pt.
 [67 <./figures/adversarial_attack_appendix/attack/navier_stokes/final_predicti
on_delta/slide41_ns2d_attack_vs_original_grid_alpha10.png>]
<figures/adversarial_attack_appendix/attack/navier_stokes/loss_progression/slid
e42_ns2d_attack_loss_trace_comparison.png, id=1264, 2398.9625pt x 591.20876pt>
File: figures/adversarial_attack_appendix/attack/navier_stokes/loss_progression
/slide42_ns2d_attack_loss_trace_comparison.png Graphic file (type png)
<use figures/adversarial_attack_appendix/attack/navier_stokes/loss_progression/
slide42_ns2d_attack_loss_trace_comparison.png>
Package pdftex.def Info: figures/adversarial_attack_appendix/attack/navier_stok
es/loss_progression/slide42_ns2d_attack_loss_trace_comparison.png  used on inpu
t line 2851.
(pdftex.def)             Requested size: 381.57233pt x 94.03601pt.
 [68 <./figures/adversarial_attack_appendix/attack/navier_stokes/final_predicti
on_delta/slide43_ns2d_external_forcing_attack_perturbations.png> <./figures/adv
ersarial_attack_appendix/attack/navier_stokes/loss_progression/slide42_ns2d_att
ack_loss_trace_comparison.png>]
<figures/adversarial_attack_appendix/attack/cross_benchmark/epsilon_sweeps/epsi
lon_vs_loss_delta_best_all_loglog_powerlaw_annotated.png, id=1273, 447.1104pt x
 245.2362pt>
File: figures/adversarial_attack_appendix/attack/cross_benchmark/epsilon_sweeps
/epsilon_vs_loss_delta_best_all_loglog_powerlaw_annotated.png Graphic file (typ
e png)
<use figures/adversarial_attack_appendix/attack/cross_benchmark/epsilon_sweeps/
epsilon_vs_loss_delta_best_all_loglog_powerlaw_annotated.png>
Package pdftex.def Info: figures/adversarial_attack_appendix/attack/cross_bench
mark/epsilon_sweeps/epsilon_vs_loss_delta_best_all_loglog_powerlaw_annotated.pn
g  used on input line 2867.
(pdftex.def)             Requested size: 381.60112pt x 209.30492pt.
<figures/adversarial_attack_appendix/attack/cross_benchmark/00_three_system_opt
imizer_mean_curves.png, id=1274, 1120.185pt x 346.896pt>
File: figures/adversarial_attack_appendix/attack/cross_benchmark/00_three_syste
m_optimizer_mean_curves.png Graphic file (type png)
<use figures/adversarial_attack_appendix/attack/cross_benchmark/00_three_system
_optimizer_mean_curves.png>
Package pdftex.def Info: figures/adversarial_attack_appendix/attack/cross_bench
mark/00_three_system_optimizer_mean_curves.png  used on input line 2883.
(pdftex.def)             Requested size: 381.59285pt x 118.17068pt.
<figures/adversarial_attack_appendix/training/burgers/generalization_curves/sli
de48_burgers_adversarial_training_selected_time_relative_l2_no_random_clean.png
, id=1275, 3643.6125pt x 1038.88126pt>
File: figures/adversarial_attack_appendix/training/burgers/generalization_curve
s/slide48_burgers_adversarial_training_selected_time_relative_l2_no_random_clea
n.png Graphic file (type png)
<use figures/adversarial_attack_appendix/training/burgers/generalization_curves
/slide48_burgers_adversarial_training_selected_time_relative_l2_no_random_clean
.png>
Package pdftex.def Info: figures/adversarial_attack_appendix/training/burgers/g
eneralization_curves/slide48_burgers_adversarial_training_selected_time_relativ
e_l2_no_random_clean.png  used on input line 2904.
(pdftex.def)             Requested size: 381.56206pt x 108.79248pt.

[69 <./figures/adversarial_attack_appendix/attack/cross_benchmark/epsilon_sweep
s/epsilon_vs_loss_delta_best_all_loglog_powerlaw_annotated.png> <./figures/adve
rsarial_attack_appendix/attack/cross_benchmark/00_three_system_optimizer_mean_c
urves.png>] [70 <./figures/adversarial_attack_appendix/training/burgers/general
ization_curves/slide48_burgers_adversarial_training_selected_time_relative_l2_n
o_random_clean.png>]
<figures/adversarial_attack_appendix/training/burgers/generalization_curves/sli
de49_burgers_adversarial_training_generalization_relative_l2_datasets_01_25.png
, id=1294, 3375.61125pt x 2476.25125pt>
File: figures/adversarial_attack_appendix/training/burgers/generalization_curve
s/slide49_burgers_adversarial_training_generalization_relative_l2_datasets_01_2
5.png Graphic file (type png)
<use figures/adversarial_attack_appendix/training/burgers/generalization_curves
/slide49_burgers_adversarial_training_generalization_relative_l2_datasets_01_25
.png>
Package pdftex.def Info: figures/adversarial_attack_appendix/training/burgers/g
eneralization_curves/slide49_burgers_adversarial_training_generalization_relati
ve_l2_datasets_01_25.png  used on input line 2917.
(pdftex.def)             Requested size: 393.46666pt x 288.63582pt.
<figures/adversarial_attack_appendix/training/burgers/generalization_curves/sli
de50_burgers_adversarial_training_generalization_relative_l2_datasets_26_50.png
, id=1295, 3375.61125pt x 2476.25125pt>
File: figures/adversarial_attack_appendix/training/burgers/generalization_curve
s/slide50_burgers_adversarial_training_generalization_relative_l2_datasets_26_5
0.png Graphic file (type png)
<use figures/adversarial_attack_appendix/training/burgers/generalization_curves
/slide50_burgers_adversarial_training_generalization_relative_l2_datasets_26_50
.png>
Package pdftex.def Info: figures/adversarial_attack_appendix/training/burgers/g
eneralization_curves/slide50_burgers_adversarial_training_generalization_relati
ve_l2_datasets_26_50.png  used on input line 2924.
(pdftex.def)             Requested size: 393.46666pt x 288.63582pt.
 [71

 <./figures/adversarial_attack_appendix/training/burgers/generalization_curves/
slide49_burgers_adversarial_training_generalization_relative_l2_datasets_01_25.
png>] [72 <./figures/adversarial_attack_appendix/training/burgers/generalizatio
n_curves/slide50_burgers_adversarial_training_generalization_relative_l2_datase
ts_26_50.png>]
<figures/adversarial_attack_appendix/training/burgers/training_diagnostics/slid
e51_burgers_adversarial_training_attack_loss_gain_1000epochs.png, id=1308, 3773
.09625pt x 2867.71375pt>
File: figures/adversarial_attack_appendix/training/burgers/training_diagnostics
/slide51_burgers_adversarial_training_attack_loss_gain_1000epochs.png Graphic f
ile (type png)
<use figures/adversarial_attack_appendix/training/burgers/training_diagnostics/
slide51_burgers_adversarial_training_attack_loss_gain_1000epochs.png>
Package pdftex.def Info: figures/adversarial_attack_appendix/training/burgers/t
raining_diagnostics/slide51_burgers_adversarial_training_attack_loss_gain_1000e
pochs.png  used on input line 2933.
(pdftex.def)             Requested size: 393.50967pt x 299.08409pt.
<figures/adversarial_attack_appendix/training/burgers/training_diagnostics/slid
e52_burgers_adversarial_training_delta_frequency_content.png, id=1309, 3669.71p
t x 2733.21124pt>
File: figures/adversarial_attack_appendix/training/burgers/training_diagnostics
/slide52_burgers_adversarial_training_delta_frequency_content.png Graphic file 
(type png)
<use figures/adversarial_attack_appendix/training/burgers/training_diagnostics/
slide52_burgers_adversarial_training_delta_frequency_content.png>
Package pdftex.def Info: figures/adversarial_attack_appendix/training/burgers/t
raining_diagnostics/slide52_burgers_adversarial_training_delta_frequency_conten
t.png  used on input line 2942.
(pdftex.def)             Requested size: 393.47823pt x 293.06378pt.
 [73

 <./figures/adversarial_attack_appendix/training/burgers/training_diagnostics/s
lide51_burgers_adversarial_training_attack_loss_gain_1000epochs.png>] [74 <./fi
gures/adversarial_attack_appendix/training/burgers/training_diagnostics/slide52
_burgers_adversarial_training_delta_frequency_content.png>]
<figures/adversarial_attack_appendix/training/burgers/training_diagnostics/slid
e53_burgers_training_delta_sample_grid_rearranged_row1.png, id=1323, 2079.77pt 
x 1576.89125pt>
File: figures/adversarial_attack_appendix/training/burgers/training_diagnostics
/slide53_burgers_training_delta_sample_grid_rearranged_row1.png Graphic file (t
ype png)
<use figures/adversarial_attack_appendix/training/burgers/training_diagnostics/
slide53_burgers_training_delta_sample_grid_rearranged_row1.png>
Package pdftex.def Info: figures/adversarial_attack_appendix/training/burgers/t
raining_diagnostics/slide53_burgers_training_delta_sample_grid_rearranged_row1.
png  used on input line 2948.
(pdftex.def)             Requested size: 393.51021pt x 298.36127pt.
 [75

 <./figures/adversarial_attack_appendix/training/burgers/training_diagnostics/s
lide53_burgers_training_delta_sample_grid_rearranged_row1.png (PNG copy)>]
<figures/adversarial_attack_appendix/training/burgers/training_diagnostics/slid
e53_burgers_training_delta_sample_grid_rearranged_row2.png, id=1329, 2079.77pt 
x 1576.89125pt>
File: figures/adversarial_attack_appendix/training/burgers/training_diagnostics
/slide53_burgers_training_delta_sample_grid_rearranged_row2.png Graphic file (t
ype png)
<use figures/adversarial_attack_appendix/training/burgers/training_diagnostics/
slide53_burgers_training_delta_sample_grid_rearranged_row2.png>
Package pdftex.def Info: figures/adversarial_attack_appendix/training/burgers/t
raining_diagnostics/slide53_burgers_training_delta_sample_grid_rearranged_row2.
png  used on input line 2962.
(pdftex.def)             Requested size: 393.51021pt x 298.36127pt.
 [76

 <./figures/adversarial_attack_appendix/training/burgers/training_diagnostics/s
lide53_burgers_training_delta_sample_grid_rearranged_row2.png (PNG copy)>]
<figures/adversarial_attack_appendix/training/burgers/training_diagnostics/slid
e53_burgers_training_delta_sample_grid_rearranged_row3.png, id=1335, 2079.77pt 
x 1576.89125pt>
File: figures/adversarial_attack_appendix/training/burgers/training_diagnostics
/slide53_burgers_training_delta_sample_grid_rearranged_row3.png Graphic file (t
ype png)
<use figures/adversarial_attack_appendix/training/burgers/training_diagnostics/
slide53_burgers_training_delta_sample_grid_rearranged_row3.png>
Package pdftex.def Info: figures/adversarial_attack_appendix/training/burgers/t
raining_diagnostics/slide53_burgers_training_delta_sample_grid_rearranged_row3.
png  used on input line 2970.
(pdftex.def)             Requested size: 393.51021pt x 298.36127pt.
 [77

 <./figures/adversarial_attack_appendix/training/burgers/training_diagnostics/s
lide53_burgers_training_delta_sample_grid_rearranged_row3.png (PNG copy)>]
<figures/adversarial_attack_appendix/training/burgers/training_diagnostics/slid
e53_burgers_training_delta_sample_grid_rearranged_row4.png, id=1341, 2079.77pt 
x 1576.89125pt>
File: figures/adversarial_attack_appendix/training/burgers/training_diagnostics
/slide53_burgers_training_delta_sample_grid_rearranged_row4.png Graphic file (t
ype png)
<use figures/adversarial_attack_appendix/training/burgers/training_diagnostics/
slide53_burgers_training_delta_sample_grid_rearranged_row4.png>
Package pdftex.def Info: figures/adversarial_attack_appendix/training/burgers/t
raining_diagnostics/slide53_burgers_training_delta_sample_grid_rearranged_row4.
png  used on input line 2978.
(pdftex.def)             Requested size: 393.51021pt x 298.36127pt.
 [78

 <./figures/adversarial_attack_appendix/training/burgers/training_diagnostics/s
lide53_burgers_training_delta_sample_grid_rearranged_row4.png (PNG copy)>]
<figures/adversarial_attack_appendix/training/burgers/training_diagnostics/slid
e53_burgers_training_delta_sample_grid_rearranged_row5.png, id=1347, 2079.77pt 
x 1576.89125pt>
File: figures/adversarial_attack_appendix/training/burgers/training_diagnostics
/slide53_burgers_training_delta_sample_grid_rearranged_row5.png Graphic file (t
ype png)
<use figures/adversarial_attack_appendix/training/burgers/training_diagnostics/
slide53_burgers_training_delta_sample_grid_rearranged_row5.png>
Package pdftex.def Info: figures/adversarial_attack_appendix/training/burgers/t
raining_diagnostics/slide53_burgers_training_delta_sample_grid_rearranged_row5.
png  used on input line 2986.
(pdftex.def)             Requested size: 393.51021pt x 298.36127pt.
 [79

 <./figures/adversarial_attack_appendix/training/burgers/training_diagnostics/s
lide53_burgers_training_delta_sample_grid_rearranged_row5.png (PNG copy)>]
<figures/adversarial_attack_appendix/training/burgers/training_diagnostics/slid
e53_burgers_training_delta_sample_grid_rearranged_row6.png, id=1354, 2079.77pt 
x 1576.89125pt>
File: figures/adversarial_attack_appendix/training/burgers/training_diagnostics
/slide53_burgers_training_delta_sample_grid_rearranged_row6.png Graphic file (t
ype png)
<use figures/adversarial_attack_appendix/training/burgers/training_diagnostics/
slide53_burgers_training_delta_sample_grid_rearranged_row6.png>
Package pdftex.def Info: figures/adversarial_attack_appendix/training/burgers/t
raining_diagnostics/slide53_burgers_training_delta_sample_grid_rearranged_row6.
png  used on input line 2994.
(pdftex.def)             Requested size: 393.51021pt x 298.36127pt.
 [80

 <./figures/adversarial_attack_appendix/training/burgers/training_diagnostics/s
lide53_burgers_training_delta_sample_grid_rearranged_row6.png (PNG copy)>]
<figures/adversarial_attack_appendix/training/burgers/epsilon_attack_sweeps/bur
gers_epsilon_vs_loss_increase_best_envelope_loglog.png, id=1360, 3700.82625pt x
 2015.53pt>
File: figures/adversarial_attack_appendix/training/burgers/epsilon_attack_sweep
s/burgers_epsilon_vs_loss_increase_best_envelope_loglog.png Graphic file (type 
png)
<use figures/adversarial_attack_appendix/training/burgers/epsilon_attack_sweeps
/burgers_epsilon_vs_loss_increase_best_envelope_loglog.png>
Package pdftex.def Info: figures/adversarial_attack_appendix/training/burgers/e
psilon_attack_sweeps/burgers_epsilon_vs_loss_increase_best_envelope_loglog.png 
 used on input line 3010.
(pdftex.def)             Requested size: 381.56772pt x 207.80797pt.
 [81

 <./figures/adversarial_attack_appendix/training/burgers/epsilon_attack_sweeps/
burgers_epsilon_vs_loss_increase_best_envelope_loglog.png>]
<figures/adversarial_attack_appendix/training/darcy_flow/training_diagnostics/s
lide57_darcy_flow_binary_loss3_attack_sample_grid.png, id=1367, 2128.95375pt x 
2390.9325pt>
File: figures/adversarial_attack_appendix/training/darcy_flow/training_diagnost
ics/slide57_darcy_flow_binary_loss3_attack_sample_grid.png Graphic file (type p
ng)
<use figures/adversarial_attack_appendix/training/darcy_flow/training_diagnosti
cs/slide57_darcy_flow_binary_loss3_attack_sample_grid.png>
Package pdftex.def Info: figures/adversarial_attack_appendix/training/darcy_flo
w/training_diagnostics/slide57_darcy_flow_binary_loss3_attack_sample_grid.png  
used on input line 3021.
(pdftex.def)             Requested size: 381.57088pt x 428.52515pt.
<figures/adversarial_attack_appendix/training/darcy_flow/generalization_curves/
slide54_darcy_flow_six_method_relative_l2_mean_curves.png, id=1368, 4864.1725pt
 x 1291.82625pt>
File: figures/adversarial_attack_appendix/training/darcy_flow/generalization_cu
rves/slide54_darcy_flow_six_method_relative_l2_mean_curves.png Graphic file (ty
pe png)
<use figures/adversarial_attack_appendix/training/darcy_flow/generalization_cur
ves/slide54_darcy_flow_six_method_relative_l2_mean_curves.png>
Package pdftex.def Info: figures/adversarial_attack_appendix/training/darcy_flo
w/generalization_curves/slide54_darcy_flow_six_method_relative_l2_mean_curves.p
ng  used on input line 3030.
(pdftex.def)             Requested size: 397.45453pt x 105.55591pt.
[82

 <./figures/adversarial_attack_appendix/training/darcy_flow/training_diagnostic
s/slide57_darcy_flow_binary_loss3_attack_sample_grid.png>] [83 <./figures/adver
sarial_attack_appendix/training/darcy_flow/generalization_curves/slide54_darcy_
flow_six_method_relative_l2_mean_curves.png>]
<figures/adversarial_attack_appendix/training/darcy_flow/generalization_curves/
slide55_darcy_flow_generalization_relative_l2_datasets_01_25.png, id=1382, 3316
.39pt x 2468.22125pt>
File: figures/adversarial_attack_appendix/training/darcy_flow/generalization_cu
rves/slide55_darcy_flow_generalization_relative_l2_datasets_01_25.png Graphic f
ile (type png)
<use figures/adversarial_attack_appendix/training/darcy_flow/generalization_cur
ves/slide55_darcy_flow_generalization_relative_l2_datasets_01_25.png>
Package pdftex.def Info: figures/adversarial_attack_appendix/training/darcy_flo
w/generalization_curves/slide55_darcy_flow_generalization_relative_l2_datasets_
01_25.png  used on input line 3039.
(pdftex.def)             Requested size: 397.44359pt x 295.79715pt.
 [84

 <./figures/adversarial_attack_appendix/training/darcy_flow/generalization_curv
es/slide55_darcy_flow_generalization_relative_l2_datasets_01_25.png>]
<figures/adversarial_attack_appendix/training/darcy_flow/generalization_curves/
slide56_darcy_flow_generalization_relative_l2_datasets_26_50.png, id=1389, 3316
.39pt x 2468.22125pt>
File: figures/adversarial_attack_appendix/training/darcy_flow/generalization_cu
rves/slide56_darcy_flow_generalization_relative_l2_datasets_26_50.png Graphic f
ile (type png)
<use figures/adversarial_attack_appendix/training/darcy_flow/generalization_cur
ves/slide56_darcy_flow_generalization_relative_l2_datasets_26_50.png>
Package pdftex.def Info: figures/adversarial_attack_appendix/training/darcy_flo
w/generalization_curves/slide56_darcy_flow_generalization_relative_l2_datasets_
26_50.png  used on input line 3048.
(pdftex.def)             Requested size: 397.44359pt x 295.79715pt.
 [85

 <./figures/adversarial_attack_appendix/training/darcy_flow/generalization_curv
es/slide56_darcy_flow_generalization_relative_l2_datasets_26_50.png>]
<figures/adversarial_attack_appendix/training/darcy_flow/epsilon_attack_sweeps/
darcy_flow_epsilon_vs_loss_increase_best_envelope_loglog.png, id=1397, 3700.826
25pt x 2015.53pt>
File: figures/adversarial_attack_appendix/training/darcy_flow/epsilon_attack_sw
eeps/darcy_flow_epsilon_vs_loss_increase_best_envelope_loglog.png Graphic file 
(type png)
<use figures/adversarial_attack_appendix/training/darcy_flow/epsilon_attack_swe
eps/darcy_flow_epsilon_vs_loss_increase_best_envelope_loglog.png>
Package pdftex.def Info: figures/adversarial_attack_appendix/training/darcy_flo
w/epsilon_attack_sweeps/darcy_flow_epsilon_vs_loss_increase_best_envelope_loglo
g.png  used on input line 3059.
(pdftex.def)             Requested size: 381.56772pt x 207.80797pt.
<figures/adversarial_attack_appendix/training/navier_stokes/generalization/slid
e59_ns2d_fno2d_generalizability_delta_rmse_bar_chart.png, id=1398, 1544.31956pt
 x 694.24368pt>
File: figures/adversarial_attack_appendix/training/navier_stokes/generalization
/slide59_ns2d_fno2d_generalizability_delta_rmse_bar_chart.png Graphic file (typ
e png)
<use figures/adversarial_attack_appendix/training/navier_stokes/generalization/
slide59_ns2d_fno2d_generalizability_delta_rmse_bar_chart.png>
Package pdftex.def Info: figures/adversarial_attack_appendix/training/navier_st
okes/generalization/slide59_ns2d_fno2d_generalizability_delta_rmse_bar_chart.pn
g  used on input line 3074.
(pdftex.def)             Requested size: 381.57814pt x 171.53717pt.
) [86

 <./figures/adversarial_attack_appendix/training/darcy_flow/epsilon_attack_swee
ps/darcy_flow_epsilon_vs_loss_increase_best_envelope_loglog.png> <./figures/adv
ersarial_attack_appendix/training/navier_stokes/generalization/slide59_ns2d_fno
2d_generalizability_delta_rmse_bar_chart.png>] (main_iclr_submission.aux)
 ***********
LaTeX2e <2023-11-01> patch level 1
L3 programming layer <2024-01-04>
 ***********
Package rerunfilecheck Info: File `main_iclr_submission.out' has not changed.
(rerunfilecheck)             Checksum: 03F0AA2678A25FBC5B52C7D4CD24A82D;2660.
 ) 
Here is how much of TeX's memory you used:
 12764 strings out of 474486
 246810 string characters out of 5741831
 2016542 words of memory out of 5000000
 34407 multiletter control sequences out of 15000+600000
 580364 words of font info for 76 fonts, out of 8000000 for 9000
 1141 hyphenation exceptions out of 8191
 75i,16n,79p,1114b,612s stack positions out of 10000i,1000n,20000p,200000b,200000s
<C:/Users/Yifei Sun/AppData/Local/Programs/MiKTeX/fonts/type1/public/amsfonts
/cm/cmbsy10.pfb><C:/Users/Yifei Sun/AppData/Local/Programs/MiKTeX/fonts/type1/p
ublic/amsfonts/cm/cmbx10.pfb><C:/Users/Yifei Sun/AppData/Local/Programs/MiKTeX/
fonts/type1/public/amsfonts/cm/cmbx12.pfb><C:/Users/Yifei Sun/AppData/Local/Pro
grams/MiKTeX/fonts/type1/public/amsfonts/cm/cmex10.pfb><C:/Users/Yifei Sun/AppD
ata/Local/Programs/MiKTeX/fonts/type1/public/amsfonts/cm/cmmi10.pfb><C:/Users/Y
ifei Sun/AppData/Local/Programs/MiKTeX/fonts/type1/public/amsfonts/cm/cmmi12.pf
b><C:/Users/Yifei Sun/AppData/Local/Programs/MiKTeX/fonts/type1/public/amsfonts
/cm/cmmi5.pfb><C:/Users/Yifei Sun/AppData/Local/Programs/MiKTeX/fonts/type1/pub
lic/amsfonts/cm/cmmi6.pfb><C:/Users/Yifei Sun/AppData/Local/Programs/MiKTeX/fon
ts/type1/public/amsfonts/cm/cmmi7.pfb><C:/Users/Yifei Sun/AppData/Local/Program
s/MiKTeX/fonts/type1/public/amsfonts/cm/cmmi8.pfb><C:/Users/Yifei Sun/AppData/L
ocal/Programs/MiKTeX/fonts/type1/public/amsfonts/cm/cmr10.pfb><C:/Users/Yifei S
un/AppData/Local/Programs/MiKTeX/fonts/type1/public/amsfonts/cm/cmr12.pfb><C:/U
sers/Yifei Sun/AppData/Local/Programs/MiKTeX/fonts/type1/public/amsfonts/cm/cmr
17.pfb><C:/Users/Yifei Sun/AppData/Local/Programs/MiKTeX/fonts/type1/public/ams
fonts/cm/cmr5.pfb><C:/Users/Yifei Sun/AppData/Local/Programs/MiKTeX/fonts/type1
/public/amsfonts/cm/cmr7.pfb><C:/Users/Yifei Sun/AppData/Local/Programs/MiKTeX/
fonts/type1/public/amsfonts/cm/cmr8.pfb><C:/Users/Yifei Sun/AppData/Local/Progr
ams/MiKTeX/fonts/type1/public/amsfonts/cm/cmsy10.pfb><C:/Users/Yifei Sun/AppDat
a/Local/Programs/MiKTeX/fonts/type1/public/amsfonts/cm/cmsy5.pfb><C:/Users/Yife
i Sun/AppData/Local/Programs/MiKTeX/fonts/type1/public/amsfonts/cm/cmsy7.pfb><C
:/Users/Yifei Sun/AppData/Local/Programs/MiKTeX/fonts/type1/public/amsfonts/cm/
cmtt12.pfb><C:/Users/Yifei Sun/AppData/Local/Programs/MiKTeX/fonts/type1/public
/amsfonts/symbols/msbm10.pfb><C:/Users/Yifei Sun/AppData/Local/Programs/MiKTeX/
fonts/type1/public/amsfonts/symbols/msbm7.pfb><C:/Users/Yifei Sun/AppData/Local
/Programs/MiKTeX/fonts/type1/urw/helvetic/uhvb8a.pfb><C:/Users/Yifei Sun/AppDat
a/Local/Programs/MiKTeX/fonts/type1/urw/times/utmb8a.pfb><C:/Users/Yifei Sun/Ap
pData/Local/Programs/MiKTeX/fonts/type1/urw/times/utmr8a.pfb><C:/Users/Yifei Su
n/AppData/Local/Programs/MiKTeX/fonts/type1/urw/times/utmri8a.pfb>
Output written on main_iclr_submission.pdf (86 pages, 47379688 bytes).
PDF statistics:
 1582 PDF objects out of 1728 (max. 8388607)
 447 named destinations out of 1000 (max. 500000)
 431 words of extra memory for PDF output out of 10000 (max. 10000000)

