c1007a-s25.ufhpc
Fri Sep 12 04:02:40 PM EDT 2025
/blue/shiboli.fsu/yifeisun.umich/adversarial_robustness_FNO
>>> Running SINGLE job with MODE_SPEC=wwwwwwwwww

======================================== 环境诊断 ========================================

[PyTorch]
Version: 2.7.0+cu128
CUDA Available: True
CUDA Version: 12.8
cuDNN Version: 90800
Current Device: 0
Device Name: NVIDIA B200
Device Memory: 178.36 GB

[JAX]
JAX Version: 0.6.0
JAXlib Version: 0.6.0
JAX Backend: gpu
JAX Devices Error: module 'jax.lib.xla_bridge' has no attribute 'devices'

[CUDA/cuDNN System Info]
nvcc not found

[GPU Details]
Device 0: NVIDIA B200
  Compute Capability: 10.0
  Total Memory: 178.36 GB
  Multiprocessors: 148
GPU Details Error: 'torch._C._CudaDeviceProperties' object has no attribute 'max_threads_per_block'

[Compatibility Warnings]
======================================== 诊断结束 ========================================

input_list: [{'norm': 2, 'epsilon': 471.8592, 'alpha': 50.0, 'num_steps': 100}, {'norm': 2, 'epsilon': 471.8592, 'alpha': 100, 'num_steps': 100}]
mode_spec = wwwwwwwwww
Per-frame modes: [t=01] with_solver | [t=02] with_solver | [t=03] with_solver | [t=04] with_solver | [t=05] with_solver | [t=06] with_solver | [t=07] with_solver | [t=08] with_solver | [t=09] with_solver | [t=19] with_solver
================================================================================
norm: 2, epsilon: 471.8592, alpha: 50.0, num_steps: 100, index: 5, method: adam, mode_spec: wwwwwwwwww, b1: 0.9, b2: 0.999, adam_eps: 1e-08, sign_Linf: True, amsgrad: False, adaptive_dt: True, base_dt: 0.005, shrink_seq: (1.0, 0.5, 0.25, 0.1, 0.05)
[AdaptiveJittedSeconds] Fallback to minimal dt=0.00025; tried=[0.005, 0.0025, 0.00125, 0.0005, 0.00025]
[Adaptive dt] chosen dt = 0.00025

[Step 0] ============ 详细性能分析 ============
[模型部分] 总时间: 288.860603s | 显存: 4.12 GB

[0-9秒 PDE求解详细性能]

[19秒 PDE求解]
  t=19s - 时间: 238.292104s | 显存: 0.00 B

[PDE求解部分] 总时间: 238.292104s | 显存: 0.00 B
[PDE求解部分] 本步使用 dt = 0.00025

[本步骤总计] 时间: 527.152707s | 显存: 4.12 GB
surrogate_loss (vs forward.true_19):  5029.6240234375
[Step 0] Backward Propagation - Time: 89.6123s, Mem: -4.10 GB
[Step 0] PGD Update - Time: 3.1716s, Mem: 1.75 MB

[Step 0] 完整步骤总时间: 383.379940s | 总显存: 22.02 MB
[Step 0] 峰值显存: 16.96 GB
[AdaptiveJittedSeconds] Fallback to minimal dt=0.00025; tried=[0.005, 0.0025, 0.00125, 0.0005, 0.00025]
[Adaptive dt] chosen dt = 0.00025

[Step 1] ============ 详细性能分析 ============
[模型部分] 总时间: 106.412482s | 显存: 4.12 GB

[0-9秒 PDE求解详细性能]

[19秒 PDE求解]
  t=19s - 时间: 106.391983s | 显存: 0.00 B

[PDE求解部分] 总时间: 106.391983s | 显存: 0.00 B
[PDE求解部分] 本步使用 dt = 0.00025

[本步骤总计] 时间: 212.804465s | 显存: 4.12 GB
surrogate_loss (vs forward.true_19):  10309.890625
[Step 1] Backward Propagation - Time: 78.8930s, Mem: -4.11 GB
[Step 1] PGD Update - Time: 0.2703s, Mem: -3.25 MB

[Step 1] 完整步骤总时间: 185.577361s | 总显存: -512.00 KB
[Step 1] 峰值显存: 16.97 GB
[AdaptiveJittedSeconds] Fallback to minimal dt=0.00025; tried=[0.005, 0.0025, 0.00125, 0.0005, 0.00025]
[Adaptive dt] chosen dt = 0.00025

[Step 2] ============ 详细性能分析 ============
[模型部分] 总时间: 107.390141s | 显存: 4.12 GB

[0-9秒 PDE求解详细性能]

[19秒 PDE求解]
  t=19s - 时间: 107.369124s | 显存: 0.00 B

[PDE求解部分] 总时间: 107.369124s | 显存: 0.00 B
[PDE求解部分] 本步使用 dt = 0.00025

[本步骤总计] 时间: 214.759265s | 显存: 4.12 GB
surrogate_loss (vs forward.true_19):  72436.40625
[Step 2] Backward Propagation - Time: 78.8028s, Mem: -4.11 GB
[Step 2] PGD Update - Time: 0.0026s, Mem: -2.75 MB

[Step 2] 完整步骤总时间: 186.196648s | 总显存: 0.00 B
[Step 2] 峰值显存: 16.97 GB
[AdaptiveJittedSeconds] Fallback to minimal dt=0.00025; tried=[0.005, 0.0025, 0.00125, 0.0005, 0.00025]
[Adaptive dt] chosen dt = 0.00025

[Step 3] ============ 详细性能分析 ============
[模型部分] 总时间: 106.215803s | 显存: 4.12 GB

[0-9秒 PDE求解详细性能]

[19秒 PDE求解]
  t=19s - 时间: 106.195297s | 显存: 0.00 B

[PDE求解部分] 总时间: 106.195297s | 显存: 0.00 B
[PDE求解部分] 本步使用 dt = 0.00025

[本步骤总计] 时间: 212.411100s | 显存: 4.12 GB
surrogate_loss (vs forward.true_19):  56016.19921875
[Step 3] Backward Propagation - Time: 78.8591s, Mem: -4.11 GB
[Step 3] PGD Update - Time: 0.0029s, Mem: -2.75 MB

[Step 3] 完整步骤总时间: 185.078887s | 总显存: 0.00 B
[Step 3] 峰值显存: 16.97 GB
[AdaptiveJittedSeconds] Fallback to minimal dt=0.00025; tried=[0.005, 0.0025, 0.00125, 0.0005, 0.00025]
[Adaptive dt] chosen dt = 0.00025

[Step 4] ============ 详细性能分析 ============
[模型部分] 总时间: 109.427415s | 显存: 4.12 GB

[0-9秒 PDE求解详细性能]

[19秒 PDE求解]
  t=19s - 时间: 109.406530s | 显存: 0.00 B

[PDE求解部分] 总时间: 109.406530s | 显存: 0.00 B
[PDE求解部分] 本步使用 dt = 0.00025

[本步骤总计] 时间: 218.833945s | 显存: 4.12 GB
surrogate_loss (vs forward.true_19):  143412.28125
[Step 4] Backward Propagation - Time: 79.6778s, Mem: -4.11 GB
[Step 4] PGD Update - Time: 0.0026s, Mem: -2.75 MB

[Step 4] 完整步骤总时间: 189.108971s | 总显存: 0.00 B
[Step 4] 峰值显存: 16.97 GB
[AdaptiveJittedSeconds] Fallback to minimal dt=0.00025; tried=[0.005, 0.0025, 0.00125, 0.0005, 0.00025]
[Adaptive dt] chosen dt = 0.00025

[Step 5] ============ 详细性能分析 ============
[模型部分] 总时间: 109.293458s | 显存: 4.12 GB

[0-9秒 PDE求解详细性能]

[19秒 PDE求解]
  t=19s - 时间: 109.272921s | 显存: 0.00 B

[PDE求解部分] 总时间: 109.272921s | 显存: 0.00 B
[PDE求解部分] 本步使用 dt = 0.00025

[本步骤总计] 时间: 218.566378s | 显存: 4.12 GB
surrogate_loss (vs forward.true_19):  84172.71875
[Step 5] Backward Propagation - Time: 79.6752s, Mem: -4.11 GB
[Step 5] PGD Update - Time: 0.0029s, Mem: -2.75 MB

[Step 5] 完整步骤总时间: 188.972621s | 总显存: 0.00 B
[Step 5] 峰值显存: 16.97 GB
[AdaptiveJittedSeconds] Fallback to minimal dt=0.00025; tried=[0.005, 0.0025, 0.00125, 0.0005, 0.00025]
[Adaptive dt] chosen dt = 0.00025

[Step 6] ============ 详细性能分析 ============
[模型部分] 总时间: 107.362180s | 显存: 4.12 GB

[0-9秒 PDE求解详细性能]

[19秒 PDE求解]
  t=19s - 时间: 107.341601s | 显存: 0.00 B

[PDE求解部分] 总时间: 107.341601s | 显存: 0.00 B
[PDE求解部分] 本步使用 dt = 0.00025

[本步骤总计] 时间: 214.703781s | 显存: 4.12 GB
surrogate_loss (vs forward.true_19):  170462.390625
[Step 6] Backward Propagation - Time: 79.6742s, Mem: -4.11 GB
[Step 6] PGD Update - Time: 0.0027s, Mem: -2.75 MB

[Step 6] 完整步骤总时间: 187.040267s | 总显存: 0.00 B
[Step 6] 峰值显存: 16.97 GB
[AdaptiveJittedSeconds] Fallback to minimal dt=0.00025; tried=[0.005, 0.0025, 0.00125, 0.0005, 0.00025]
[Adaptive dt] chosen dt = 0.00025

[Step 7] ============ 详细性能分析 ============
[模型部分] 总时间: 105.785966s | 显存: 4.12 GB

[0-9秒 PDE求解详细性能]

[19秒 PDE求解]
  t=19s - 时间: 105.765426s | 显存: 0.00 B

[PDE求解部分] 总时间: 105.765426s | 显存: 0.00 B
[PDE求解部分] 本步使用 dt = 0.00025

[本步骤总计] 时间: 211.551392s | 显存: 4.12 GB
surrogate_loss (vs forward.true_19):  243878.5625
[Step 7] Backward Propagation - Time: 79.6750s, Mem: -4.11 GB
[Step 7] PGD Update - Time: 0.0029s, Mem: -2.75 MB

[Step 7] 完整步骤总时间: 185.465120s | 总显存: 0.00 B
[Step 7] 峰值显存: 16.97 GB
[AdaptiveJittedSeconds] Fallback to minimal dt=0.00025; tried=[0.005, 0.0025, 0.00125, 0.0005, 0.00025]
[Adaptive dt] chosen dt = 0.00025

[Step 8] ============ 详细性能分析 ============
[模型部分] 总时间: 109.445959s | 显存: 4.12 GB

[0-9秒 PDE求解详细性能]

[19秒 PDE求解]
  t=19s - 时间: 109.425378s | 显存: 0.00 B

[PDE求解部分] 总时间: 109.425378s | 显存: 0.00 B
[PDE求解部分] 本步使用 dt = 0.00025

[本步骤总计] 时间: 218.871337s | 显存: 4.12 GB
surrogate_loss (vs forward.true_19):  219751.5625
[Step 8] Backward Propagation - Time: 78.7675s, Mem: -4.11 GB
[Step 8] PGD Update - Time: 0.0027s, Mem: -2.75 MB

[Step 8] 完整步骤总时间: 188.217926s | 总显存: 0.00 B
[Step 8] 峰值显存: 16.97 GB
[AdaptiveJittedSeconds] Fallback to minimal dt=0.00025; tried=[0.005, 0.0025, 0.00125, 0.0005, 0.00025]
[Adaptive dt] chosen dt = 0.00025

[Step 9] ============ 详细性能分析 ============
[模型部分] 总时间: 109.296707s | 显存: 4.12 GB

[0-9秒 PDE求解详细性能]

[19秒 PDE求解]
  t=19s - 时间: 109.276116s | 显存: 0.00 B

[PDE求解部分] 总时间: 109.276116s | 显存: 0.00 B
[PDE求解部分] 本步使用 dt = 0.00025

[本步骤总计] 时间: 218.572823s | 显存: 4.12 GB
surrogate_loss (vs forward.true_19):  238722.828125
[Step 9] Backward Propagation - Time: 79.6765s, Mem: -4.11 GB
[Step 9] PGD Update - Time: 0.0029s, Mem: -2.75 MB

[Step 9] 完整步骤总时间: 188.977298s | 总显存: 0.00 B
[Step 9] 峰值显存: 16.97 GB
[AdaptiveJittedSeconds] Fallback to minimal dt=0.00025; tried=[0.005, 0.0025, 0.00125, 0.0005, 0.00025]
[Adaptive dt] chosen dt = 0.00025

[Step 10] ============ 详细性能分析 ============
[模型部分] 总时间: 106.625157s | 显存: 4.12 GB

[0-9秒 PDE求解详细性能]

[19秒 PDE求解]
  t=19s - 时间: 106.604568s | 显存: 0.00 B

[PDE求解部分] 总时间: 106.604568s | 显存: 0.00 B
[PDE求解部分] 本步使用 dt = 0.00025

[本步骤总计] 时间: 213.229725s | 显存: 4.12 GB
surrogate_loss (vs forward.true_19):  153392.96875
[Step 10] Backward Propagation - Time: 78.7865s, Mem: -4.11 GB
[Step 10] PGD Update - Time: 0.0028s, Mem: -2.75 MB

[Step 10] 完整步骤总时间: 185.415608s | 总显存: 0.00 B
[Step 10] 峰值显存: 16.97 GB
[AdaptiveJittedSeconds] Fallback to minimal dt=0.00025; tried=[0.005, 0.0025, 0.00125, 0.0005, 0.00025]
[Adaptive dt] chosen dt = 0.00025

[Step 11] ============ 详细性能分析 ============
[模型部分] 总时间: 109.307424s | 显存: 4.12 GB

[0-9秒 PDE求解详细性能]

[19秒 PDE求解]
  t=19s - 时间: 109.286901s | 显存: 0.00 B

[PDE求解部分] 总时间: 109.286901s | 显存: 0.00 B
[PDE求解部分] 本步使用 dt = 0.00025

[本步骤总计] 时间: 218.594324s | 显存: 4.12 GB
surrogate_loss (vs forward.true_19):  267779.78125
