c1004a-s25.ufhpc
Fri Sep 19 10:07:29 AM EDT 2025
/blue/shiboli.fsu/yifeisun.umich/adversarial_robustness_FNO
初始化PDE求解器: nu=1e-05, device=cuda
======================================== 参数配置 ========================================
modes=96, width=80, epochs=2000
T_in=10, T=10, step=1
ntrain=1000, ntest=100
batch_size=2, learning_rate=0.001

======================================== 路径配置 ========================================
current_file_path=/blue/shiboli.fsu/yifeisun.umich/adversarial_robustness_FNO/2D_NS_FNO2d_recurrent/continual_train_attack_2/continual_train_attack.py
pretrained_model_name=NS_2d_FNO_model_epoch0010
pretrained_path=/blue/shiboli.fsu/yifeisun.umich/adversarial_robustness_FNO/2D_NS_FNO2d_recurrent/continual_train_attack_2/saved_models/modes96_width80_epochs2000_Tin10_T10_batch2_2/NS_2d_FNO_model_epoch0010.pth
dataset_name=dim2d_nx256_N1150_solver=exponax_nu0.000_t20.0_train_all_frames
dataset_path=/blue/shiboli.fsu/yifeisun.umich/adversarial_robustness_FNO/2D_NS_FNO2d_recurrent/continual_train_attack_2/dataset/dim2d_nx256_N1150_solver=exponax_nu0.000_t20.0_train_all_frames.pt

======================================== 设备与PDE solver ========================================
device=cuda
pde_solver=<solver.DifferentiablePDESolver object at 0x148a9e008df0>

======================================== 攻击配置 ========================================
PGDAdamConfig(epsilon=524.288, alpha=100.0, num_steps=1, norm=2, beta1=0.9, beta2=0.999, adam_eps=1e-08, amsgrad=False, use_sign_for_linf=True, mode_spec='wwwwwwwwww')

======================================== 预训练加载状态 ========================================
Loaded pretrained weights from: /blue/shiboli.fsu/yifeisun.umich/adversarial_robustness_FNO/2D_NS_FNO2d_recurrent/continual_train_attack_2/saved_models/modes96_width80_epochs2000_Tin10_T10_batch2_2/NS_2d_FNO_model_epoch0010.pth
模型起始（base_epoch）= 10
判定： 已训练到 epoch=10，本次将从该全局轮次继续。
（训练期间所有保存将使用 global_epoch = base_epoch + ep 命名）

params: 943823441
编译新函数: pde_3d_2x256x256_19_1e-05_0.005
⚠️  rollout_seconds took 28.06s for pde_3d_2x256x256_19_1e-05_0.005
[ep_local 0000 | ep_global 0010 | batch 0001/0500] perturb_time:18.109s | train_time:6.880s | loss:0.544466
[ep_local 0000 | ep_global 0010 | batch 0002/0500] perturb_time:7.295s | train_time:0.296s | loss:0.750608
[ep_local 0000 | ep_global 0010 | batch 0003/0500] perturb_time:7.298s | train_time:0.296s | loss:0.636402
[ep_local 0000 | ep_global 0010 | batch 0004/0500] perturb_time:7.297s | train_time:0.296s | loss:0.798287
[ep_local 0000 | ep_global 0010 | batch 0005/0500] perturb_time:7.298s | train_time:0.296s | loss:0.732395
[ep_local 0000 | ep_global 0010 | batch 0006/0500] perturb_time:7.296s | train_time:0.296s | loss:0.641474
[ep_local 0000 | ep_global 0010 | batch 0007/0500] perturb_time:7.299s | train_time:0.296s | loss:0.716225
[ep_local 0000 | ep_global 0010 | batch 0008/0500] perturb_time:7.298s | train_time:0.296s | loss:0.544300
[ep_local 0000 | ep_global 0010 | batch 0009/0500] perturb_time:7.300s | train_time:0.296s | loss:0.693322
[ep_local 0000 | ep_global 0010 | batch 0010/0500] perturb_time:7.296s | train_time:0.296s | loss:0.775109
[ep_local 0000 | ep_global 0010 | batch 0011/0500] perturb_time:7.299s | train_time:0.296s | loss:0.848865
[ep_local 0000 | ep_global 0010 | batch 0012/0500] perturb_time:7.298s | train_time:0.295s | loss:0.829161
[ep_local 0000 | ep_global 0010 | batch 0013/0500] perturb_time:7.298s | train_time:0.296s | loss:0.630875
[ep_local 0000 | ep_global 0010 | batch 0014/0500] perturb_time:7.296s | train_time:0.296s | loss:0.723354
[ep_local 0000 | ep_global 0010 | batch 0015/0500] perturb_time:7.298s | train_time:0.296s | loss:0.465300
[ep_local 0000 | ep_global 0010 | batch 0016/0500] perturb_time:7.299s | train_time:0.296s | loss:0.584802
[ep_local 0000 | ep_global 0010 | batch 0017/0500] perturb_time:7.299s | train_time:0.296s | loss:0.797405
[ep_local 0000 | ep_global 0010 | batch 0018/0500] perturb_time:7.296s | train_time:0.296s | loss:0.666539
[ep_local 0000 | ep_global 0010 | batch 0019/0500] perturb_time:7.299s | train_time:0.296s | loss:0.588937
[ep_local 0000 | ep_global 0010 | batch 0020/0500] perturb_time:7.298s | train_time:0.295s | loss:0.708700
[ep_local 0000 | ep_global 0010 | batch 0021/0500] perturb_time:7.297s | train_time:0.296s | loss:0.551909
[ep_local 0000 | ep_global 0010 | batch 0022/0500] perturb_time:7.295s | train_time:0.296s | loss:0.563885
[ep_local 0000 | ep_global 0010 | batch 0023/0500] perturb_time:7.299s | train_time:0.296s | loss:0.616936
[ep_local 0000 | ep_global 0010 | batch 0024/0500] perturb_time:7.298s | train_time:0.296s | loss:0.758096
[ep_local 0000 | ep_global 0010 | batch 0025/0500] perturb_time:7.299s | train_time:0.296s | loss:0.560224
[ep_local 0000 | ep_global 0010 | batch 0026/0500] perturb_time:7.296s | train_time:0.296s | loss:0.618353
[ep_local 0000 | ep_global 0010 | batch 0027/0500] perturb_time:7.298s | train_time:0.296s | loss:0.820746
[ep_local 0000 | ep_global 0010 | batch 0028/0500] perturb_time:7.299s | train_time:0.296s | loss:0.612023
[ep_local 0000 | ep_global 0010 | batch 0029/0500] perturb_time:7.298s | train_time:0.296s | loss:0.643167
[ep_local 0000 | ep_global 0010 | batch 0030/0500] perturb_time:7.296s | train_time:0.296s | loss:0.382457
[ep_local 0000 | ep_global 0010 | batch 0031/0500] perturb_time:7.298s | train_time:0.296s | loss:0.622466
[ep_local 0000 | ep_global 0010 | batch 0032/0500] perturb_time:7.300s | train_time:0.296s | loss:0.610831
[ep_local 0000 | ep_global 0010 | batch 0033/0500] perturb_time:7.298s | train_time:0.296s | loss:0.547936
[ep_local 0000 | ep_global 0010 | batch 0034/0500] perturb_time:7.296s | train_time:0.296s | loss:0.685307
[ep_local 0000 | ep_global 0010 | batch 0035/0500] perturb_time:7.301s | train_time:0.296s | loss:0.556229
[ep_local 0000 | ep_global 0010 | batch 0036/0500] perturb_time:7.298s | train_time:0.296s | loss:0.639765
[ep_local 0000 | ep_global 0010 | batch 0037/0500] perturb_time:7.298s | train_time:0.296s | loss:0.612808
[ep_local 0000 | ep_global 0010 | batch 0038/0500] perturb_time:7.295s | train_time:0.296s | loss:0.416665
[ep_local 0000 | ep_global 0010 | batch 0039/0500] perturb_time:7.299s | train_time:0.296s | loss:0.738808
[ep_local 0000 | ep_global 0010 | batch 0040/0500] perturb_time:7.298s | train_time:0.296s | loss:0.578008
[ep_local 0000 | ep_global 0010 | batch 0041/0500] perturb_time:7.299s | train_time:0.296s | loss:0.501051
[ep_local 0000 | ep_global 0010 | batch 0042/0500] perturb_time:7.295s | train_time:0.296s | loss:0.837565
[ep_local 0000 | ep_global 0010 | batch 0043/0500] perturb_time:7.298s | train_time:0.296s | loss:0.708792
[ep_local 0000 | ep_global 0010 | batch 0044/0500] perturb_time:7.299s | train_time:0.296s | loss:0.708939
[ep_local 0000 | ep_global 0010 | batch 0045/0500] perturb_time:7.298s | train_time:0.296s | loss:0.619858
[ep_local 0000 | ep_global 0010 | batch 0046/0500] perturb_time:7.296s | train_time:0.296s | loss:0.620540
[ep_local 0000 | ep_global 0010 | batch 0047/0500] perturb_time:7.299s | train_time:0.295s | loss:0.379349
[ep_local 0000 | ep_global 0010 | batch 0048/0500] perturb_time:7.299s | train_time:0.296s | loss:0.641288
[ep_local 0000 | ep_global 0010 | batch 0049/0500] perturb_time:7.299s | train_time:0.296s | loss:0.633652
[ep_local 0000 | ep_global 0010 | batch 0050/0500] perturb_time:7.296s | train_time:0.296s | loss:0.483558
[ep_local 0000 | ep_global 0010 | batch 0051/0500] perturb_time:7.299s | train_time:0.296s | loss:0.625872
[ep_local 0000 | ep_global 0010 | batch 0052/0500] perturb_time:7.298s | train_time:0.296s | loss:0.615951
[ep_local 0000 | ep_global 0010 | batch 0053/0500] perturb_time:7.298s | train_time:0.296s | loss:0.434869
[ep_local 0000 | ep_global 0010 | batch 0054/0500] perturb_time:7.296s | train_time:0.296s | loss:0.842257
[ep_local 0000 | ep_global 0010 | batch 0055/0500] perturb_time:7.299s | train_time:0.296s | loss:0.786793
[ep_local 0000 | ep_global 0010 | batch 0056/0500] perturb_time:7.299s | train_time:0.296s | loss:0.675568
[ep_local 0000 | ep_global 0010 | batch 0057/0500] perturb_time:7.298s | train_time:0.296s | loss:0.478386
[ep_local 0000 | ep_global 0010 | batch 0058/0500] perturb_time:7.296s | train_time:0.296s | loss:0.629374
[ep_local 0000 | ep_global 0010 | batch 0059/0500] perturb_time:7.299s | train_time:0.296s | loss:0.570694
[ep_local 0000 | ep_global 0010 | batch 0060/0500] perturb_time:7.298s | train_time:0.296s | loss:0.486340
[ep_local 0000 | ep_global 0010 | batch 0061/0500] perturb_time:7.298s | train_time:0.296s | loss:0.666105
[ep_local 0000 | ep_global 0010 | batch 0062/0500] perturb_time:7.295s | train_time:0.296s | loss:0.530224
[ep_local 0000 | ep_global 0010 | batch 0063/0500] perturb_time:7.300s | train_time:0.296s | loss:0.657456
[ep_local 0000 | ep_global 0010 | batch 0064/0500] perturb_time:7.298s | train_time:0.296s | loss:0.464666
[ep_local 0000 | ep_global 0010 | batch 0065/0500] perturb_time:7.300s | train_time:0.296s | loss:0.574309
[ep_local 0000 | ep_global 0010 | batch 0066/0500] perturb_time:7.295s | train_time:0.296s | loss:0.737739
[ep_local 0000 | ep_global 0010 | batch 0067/0500] perturb_time:7.298s | train_time:0.296s | loss:0.570779
[ep_local 0000 | ep_global 0010 | batch 0068/0500] perturb_time:7.298s | train_time:0.296s | loss:0.548853
[ep_local 0000 | ep_global 0010 | batch 0069/0500] perturb_time:7.299s | train_time:0.296s | loss:0.663879
[ep_local 0000 | ep_global 0010 | batch 0070/0500] perturb_time:7.295s | train_time:0.295s | loss:0.647964
[ep_local 0000 | ep_global 0010 | batch 0071/0500] perturb_time:7.298s | train_time:0.296s | loss:0.637516
[ep_local 0000 | ep_global 0010 | batch 0072/0500] perturb_time:7.299s | train_time:0.296s | loss:0.673010
[ep_local 0000 | ep_global 0010 | batch 0073/0500] perturb_time:7.298s | train_time:0.296s | loss:0.702541
[ep_local 0000 | ep_global 0010 | batch 0074/0500] perturb_time:7.296s | train_time:0.296s | loss:0.522035
[ep_local 0000 | ep_global 0010 | batch 0075/0500] perturb_time:7.299s | train_time:0.296s | loss:0.594877
[ep_local 0000 | ep_global 0010 | batch 0076/0500] perturb_time:7.297s | train_time:0.296s | loss:0.419964
[ep_local 0000 | ep_global 0010 | batch 0077/0500] perturb_time:7.298s | train_time:0.296s | loss:0.720922
[ep_local 0000 | ep_global 0010 | batch 0078/0500] perturb_time:7.295s | train_time:0.296s | loss:0.682574
[ep_local 0000 | ep_global 0010 | batch 0079/0500] perturb_time:7.298s | train_time:0.296s | loss:0.532382
[ep_local 0000 | ep_global 0010 | batch 0080/0500] perturb_time:7.299s | train_time:0.296s | loss:0.525217
[ep_local 0000 | ep_global 0010 | batch 0081/0500] perturb_time:7.298s | train_time:0.296s | loss:0.800847
[ep_local 0000 | ep_global 0010 | batch 0082/0500] perturb_time:7.296s | train_time:0.296s | loss:0.591417
[ep_local 0000 | ep_global 0010 | batch 0083/0500] perturb_time:7.299s | train_time:0.296s | loss:0.661914
[ep_local 0000 | ep_global 0010 | batch 0084/0500] perturb_time:7.297s | train_time:0.296s | loss:0.645485
[ep_local 0000 | ep_global 0010 | batch 0085/0500] perturb_time:7.298s | train_time:0.296s | loss:0.543685
[ep_local 0000 | ep_global 0010 | batch 0086/0500] perturb_time:7.295s | train_time:0.296s | loss:0.545537
[ep_local 0000 | ep_global 0010 | batch 0087/0500] perturb_time:7.299s | train_time:0.296s | loss:0.570572
[ep_local 0000 | ep_global 0010 | batch 0088/0500] perturb_time:7.299s | train_time:0.296s | loss:0.414868
[ep_local 0000 | ep_global 0010 | batch 0089/0500] perturb_time:7.300s | train_time:0.296s | loss:0.568203
[ep_local 0000 | ep_global 0010 | batch 0090/0500] perturb_time:7.295s | train_time:0.296s | loss:0.558142
[ep_local 0000 | ep_global 0010 | batch 0091/0500] perturb_time:7.299s | train_time:0.296s | loss:0.724230
[ep_local 0000 | ep_global 0010 | batch 0092/0500] perturb_time:7.300s | train_time:0.296s | loss:0.676131
[ep_local 0000 | ep_global 0010 | batch 0093/0500] perturb_time:7.298s | train_time:0.296s | loss:0.476572
[ep_local 0000 | ep_global 0010 | batch 0094/0500] perturb_time:7.295s | train_time:0.296s | loss:0.501014
[ep_local 0000 | ep_global 0010 | batch 0095/0500] perturb_time:7.299s | train_time:0.296s | loss:0.725337
[ep_local 0000 | ep_global 0010 | batch 0096/0500] perturb_time:7.298s | train_time:0.296s | loss:0.549675
[ep_local 0000 | ep_global 0010 | batch 0097/0500] perturb_time:7.300s | train_time:0.296s | loss:0.580632
[ep_local 0000 | ep_global 0010 | batch 0098/0500] perturb_time:7.295s | train_time:0.296s | loss:0.571527
[ep_local 0000 | ep_global 0010 | batch 0099/0500] perturb_time:7.298s | train_time:0.296s | loss:0.634432
[ep_local 0000 | ep_global 0010 | batch 0100/0500] perturb_time:7.298s | train_time:0.296s | loss:0.485130
[ep_local 0000 | ep_global 0010 | batch 0101/0500] perturb_time:7.298s | train_time:0.296s | loss:0.742996
[ep_local 0000 | ep_global 0010 | batch 0102/0500] perturb_time:7.296s | train_time:0.296s | loss:0.502124
[ep_local 0000 | ep_global 0010 | batch 0103/0500] perturb_time:7.298s | train_time:0.296s | loss:0.549466
[ep_local 0000 | ep_global 0010 | batch 0104/0500] perturb_time:7.299s | train_time:0.296s | loss:0.447541
[ep_local 0000 | ep_global 0010 | batch 0105/0500] perturb_time:7.299s | train_time:0.296s | loss:0.492434
[ep_local 0000 | ep_global 0010 | batch 0106/0500] perturb_time:7.296s | train_time:0.296s | loss:0.670330
[ep_local 0000 | ep_global 0010 | batch 0107/0500] perturb_time:7.299s | train_time:0.296s | loss:0.405467
[ep_local 0000 | ep_global 0010 | batch 0108/0500] perturb_time:7.298s | train_time:0.296s | loss:0.560685
[ep_local 0000 | ep_global 0010 | batch 0109/0500] perturb_time:7.298s | train_time:0.296s | loss:0.438797
[ep_local 0000 | ep_global 0010 | batch 0110/0500] perturb_time:7.296s | train_time:0.296s | loss:0.527777
[ep_local 0000 | ep_global 0010 | batch 0111/0500] perturb_time:7.299s | train_time:0.296s | loss:0.601709
[ep_local 0000 | ep_global 0010 | batch 0112/0500] perturb_time:7.300s | train_time:0.296s | loss:0.871031
[ep_local 0000 | ep_global 0010 | batch 0113/0500] perturb_time:7.299s | train_time:0.296s | loss:0.627459
[ep_local 0000 | ep_global 0010 | batch 0114/0500] perturb_time:7.296s | train_time:0.296s | loss:0.654506
[ep_local 0000 | ep_global 0010 | batch 0115/0500] perturb_time:7.298s | train_time:0.296s | loss:0.520604
[ep_local 0000 | ep_global 0010 | batch 0116/0500] perturb_time:7.299s | train_time:0.296s | loss:0.547215
[ep_local 0000 | ep_global 0010 | batch 0117/0500] perturb_time:7.299s | train_time:0.296s | loss:0.570709
[ep_local 0000 | ep_global 0010 | batch 0118/0500] perturb_time:7.296s | train_time:0.296s | loss:0.680678
[ep_local 0000 | ep_global 0010 | batch 0119/0500] perturb_time:7.299s | train_time:0.296s | loss:0.564040
[ep_local 0000 | ep_global 0010 | batch 0120/0500] perturb_time:7.299s | train_time:0.296s | loss:0.479082
[ep_local 0000 | ep_global 0010 | batch 0121/0500] perturb_time:7.300s | train_time:0.296s | loss:0.497103
[ep_local 0000 | ep_global 0010 | batch 0122/0500] perturb_time:7.297s | train_time:0.296s | loss:0.538934
[ep_local 0000 | ep_global 0010 | batch 0123/0500] perturb_time:7.298s | train_time:0.296s | loss:0.364637
[ep_local 0000 | ep_global 0010 | batch 0124/0500] perturb_time:7.299s | train_time:0.296s | loss:0.589276
[ep_local 0000 | ep_global 0010 | batch 0125/0500] perturb_time:7.297s | train_time:0.296s | loss:0.746714
[ep_local 0000 | ep_global 0010 | batch 0126/0500] perturb_time:7.295s | train_time:0.296s | loss:0.748823
[ep_local 0000 | ep_global 0010 | batch 0127/0500] perturb_time:7.299s | train_time:0.296s | loss:0.642315
[ep_local 0000 | ep_global 0010 | batch 0128/0500] perturb_time:7.298s | train_time:0.296s | loss:1.096792
[ep_local 0000 | ep_global 0010 | batch 0129/0500] perturb_time:7.300s | train_time:0.296s | loss:0.844004
[ep_local 0000 | ep_global 0010 | batch 0130/0500] perturb_time:7.295s | train_time:0.296s | loss:0.645415
[ep_local 0000 | ep_global 0010 | batch 0131/0500] perturb_time:7.298s | train_time:0.296s | loss:0.723072
[ep_local 0000 | ep_global 0010 | batch 0132/0500] perturb_time:7.299s | train_time:0.296s | loss:0.517512
[ep_local 0000 | ep_global 0010 | batch 0133/0500] perturb_time:7.297s | train_time:0.296s | loss:0.681706
[ep_local 0000 | ep_global 0010 | batch 0134/0500] perturb_time:7.296s | train_time:0.296s | loss:0.547202
[ep_local 0000 | ep_global 0010 | batch 0135/0500] perturb_time:7.299s | train_time:0.296s | loss:0.785391
[ep_local 0000 | ep_global 0010 | batch 0136/0500] perturb_time:7.298s | train_time:0.296s | loss:0.567575
[ep_local 0000 | ep_global 0010 | batch 0137/0500] perturb_time:7.299s | train_time:0.296s | loss:0.484883
[ep_local 0000 | ep_global 0010 | batch 0138/0500] perturb_time:7.296s | train_time:0.296s | loss:0.520143
[ep_local 0000 | ep_global 0010 | batch 0139/0500] perturb_time:7.298s | train_time:0.296s | loss:0.457195
[ep_local 0000 | ep_global 0010 | batch 0140/0500] perturb_time:7.299s | train_time:0.296s | loss:0.855072
[ep_local 0000 | ep_global 0010 | batch 0141/0500] perturb_time:7.298s | train_time:0.296s | loss:0.724329
[ep_local 0000 | ep_global 0010 | batch 0142/0500] perturb_time:7.296s | train_time:0.296s | loss:0.507213
[ep_local 0000 | ep_global 0010 | batch 0143/0500] perturb_time:7.298s | train_time:0.296s | loss:0.497194
[ep_local 0000 | ep_global 0010 | batch 0144/0500] perturb_time:7.299s | train_time:0.296s | loss:0.669915
[ep_local 0000 | ep_global 0010 | batch 0145/0500] perturb_time:7.299s | train_time:0.296s | loss:0.625665
[ep_local 0000 | ep_global 0010 | batch 0146/0500] perturb_time:7.297s | train_time:0.296s | loss:0.518748
[ep_local 0000 | ep_global 0010 | batch 0147/0500] perturb_time:7.298s | train_time:0.296s | loss:0.680263
[ep_local 0000 | ep_global 0010 | batch 0148/0500] perturb_time:7.299s | train_time:0.296s | loss:0.783825
[ep_local 0000 | ep_global 0010 | batch 0149/0500] perturb_time:7.297s | train_time:0.296s | loss:0.512729
[ep_local 0000 | ep_global 0010 | batch 0150/0500] perturb_time:7.298s | train_time:0.296s | loss:0.692497
[ep_local 0000 | ep_global 0010 | batch 0151/0500] perturb_time:7.298s | train_time:0.296s | loss:0.714581
[ep_local 0000 | ep_global 0010 | batch 0152/0500] perturb_time:7.299s | train_time:0.296s | loss:0.638694
[ep_local 0000 | ep_global 0010 | batch 0153/0500] perturb_time:7.299s | train_time:0.296s | loss:0.649217
[ep_local 0000 | ep_global 0010 | batch 0154/0500] perturb_time:7.297s | train_time:0.296s | loss:0.505851
[ep_local 0000 | ep_global 0010 | batch 0155/0500] perturb_time:7.298s | train_time:0.296s | loss:0.437553
[ep_local 0000 | ep_global 0010 | batch 0156/0500] perturb_time:7.298s | train_time:0.296s | loss:0.688592
[ep_local 0000 | ep_global 0010 | batch 0157/0500] perturb_time:7.298s | train_time:0.296s | loss:0.563784
[ep_local 0000 | ep_global 0010 | batch 0158/0500] perturb_time:7.295s | train_time:0.296s | loss:0.376919
[ep_local 0000 | ep_global 0010 | batch 0159/0500] perturb_time:7.299s | train_time:0.296s | loss:0.584406
[ep_local 0000 | ep_global 0010 | batch 0160/0500] perturb_time:7.299s | train_time:0.296s | loss:0.586222
[ep_local 0000 | ep_global 0010 | batch 0161/0500] perturb_time:7.298s | train_time:0.296s | loss:0.504035
[ep_local 0000 | ep_global 0010 | batch 0162/0500] perturb_time:7.296s | train_time:0.296s | loss:0.487204
[ep_local 0000 | ep_global 0010 | batch 0163/0500] perturb_time:7.298s | train_time:0.296s | loss:0.628068
[ep_local 0000 | ep_global 0010 | batch 0164/0500] perturb_time:7.298s | train_time:0.296s | loss:0.696133
[ep_local 0000 | ep_global 0010 | batch 0165/0500] perturb_time:7.298s | train_time:0.296s | loss:0.479224
[ep_local 0000 | ep_global 0010 | batch 0166/0500] perturb_time:7.295s | train_time:0.296s | loss:0.357464
[ep_local 0000 | ep_global 0010 | batch 0167/0500] perturb_time:7.298s | train_time:0.296s | loss:0.515889
[ep_local 0000 | ep_global 0010 | batch 0168/0500] perturb_time:7.299s | train_time:0.296s | loss:0.512367
[ep_local 0000 | ep_global 0010 | batch 0169/0500] perturb_time:7.298s | train_time:0.296s | loss:0.490286
[ep_local 0000 | ep_global 0010 | batch 0170/0500] perturb_time:7.296s | train_time:0.296s | loss:0.573050
[ep_local 0000 | ep_global 0010 | batch 0171/0500] perturb_time:7.298s | train_time:0.296s | loss:0.529101
[ep_local 0000 | ep_global 0010 | batch 0172/0500] perturb_time:7.298s | train_time:0.296s | loss:0.614489
[ep_local 0000 | ep_global 0010 | batch 0173/0500] perturb_time:7.297s | train_time:0.296s | loss:0.538446
[ep_local 0000 | ep_global 0010 | batch 0174/0500] perturb_time:7.296s | train_time:0.296s | loss:0.637767
[ep_local 0000 | ep_global 0010 | batch 0175/0500] perturb_time:7.298s | train_time:0.296s | loss:0.410764
[ep_local 0000 | ep_global 0010 | batch 0176/0500] perturb_time:7.299s | train_time:0.296s | loss:0.589008
[ep_local 0000 | ep_global 0010 | batch 0177/0500] perturb_time:7.299s | train_time:0.296s | loss:0.572950
[ep_local 0000 | ep_global 0010 | batch 0178/0500] perturb_time:7.297s | train_time:0.296s | loss:0.712103
[ep_local 0000 | ep_global 0010 | batch 0179/0500] perturb_time:7.297s | train_time:0.296s | loss:0.988156
[ep_local 0000 | ep_global 0010 | batch 0180/0500] perturb_time:7.298s | train_time:0.296s | loss:0.710039
[ep_local 0000 | ep_global 0010 | batch 0181/0500] perturb_time:7.298s | train_time:0.296s | loss:0.567061
[ep_local 0000 | ep_global 0010 | batch 0182/0500] perturb_time:7.295s | train_time:0.296s | loss:0.684147
[ep_local 0000 | ep_global 0010 | batch 0183/0500] perturb_time:7.299s | train_time:0.296s | loss:0.702186
[ep_local 0000 | ep_global 0010 | batch 0184/0500] perturb_time:7.298s | train_time:0.296s | loss:0.542546
[ep_local 0000 | ep_global 0010 | batch 0185/0500] perturb_time:7.299s | train_time:0.296s | loss:0.637490
[ep_local 0000 | ep_global 0010 | batch 0186/0500] perturb_time:7.296s | train_time:0.296s | loss:0.531589
[ep_local 0000 | ep_global 0010 | batch 0187/0500] perturb_time:7.298s | train_time:0.296s | loss:0.549553
[ep_local 0000 | ep_global 0010 | batch 0188/0500] perturb_time:7.298s | train_time:0.296s | loss:0.725077
[ep_local 0000 | ep_global 0010 | batch 0189/0500] perturb_time:7.297s | train_time:0.296s | loss:0.755536
[ep_local 0000 | ep_global 0010 | batch 0190/0500] perturb_time:7.296s | train_time:0.296s | loss:0.661877
[ep_local 0000 | ep_global 0010 | batch 0191/0500] perturb_time:7.299s | train_time:0.296s | loss:0.859530
[ep_local 0000 | ep_global 0010 | batch 0192/0500] perturb_time:7.298s | train_time:0.296s | loss:0.556983
[ep_local 0000 | ep_global 0010 | batch 0193/0500] perturb_time:7.299s | train_time:0.296s | loss:0.521543
[ep_local 0000 | ep_global 0010 | batch 0194/0500] perturb_time:7.296s | train_time:0.296s | loss:0.664946
[ep_local 0000 | ep_global 0010 | batch 0195/0500] perturb_time:7.298s | train_time:0.296s | loss:0.524706
[ep_local 0000 | ep_global 0010 | batch 0196/0500] perturb_time:7.299s | train_time:0.296s | loss:0.720346
[ep_local 0000 | ep_global 0010 | batch 0197/0500] perturb_time:7.297s | train_time:0.296s | loss:0.577487
[ep_local 0000 | ep_global 0010 | batch 0198/0500] perturb_time:7.296s | train_time:0.296s | loss:0.726627
[ep_local 0000 | ep_global 0010 | batch 0199/0500] perturb_time:7.299s | train_time:0.296s | loss:1.014278
[ep_local 0000 | ep_global 0010 | batch 0200/0500] perturb_time:7.298s | train_time:0.296s | loss:0.658384
[ep_local 0000 | ep_global 0010 | batch 0201/0500] perturb_time:7.300s | train_time:0.296s | loss:0.620325
[ep_local 0000 | ep_global 0010 | batch 0202/0500] perturb_time:7.296s | train_time:0.296s | loss:0.471417
[ep_local 0000 | ep_global 0010 | batch 0203/0500] perturb_time:7.299s | train_time:0.296s | loss:0.515857
[ep_local 0000 | ep_global 0010 | batch 0204/0500] perturb_time:7.298s | train_time:0.296s | loss:0.531146
[ep_local 0000 | ep_global 0010 | batch 0205/0500] perturb_time:7.299s | train_time:0.296s | loss:0.470928
[ep_local 0000 | ep_global 0010 | batch 0206/0500] perturb_time:7.296s | train_time:0.296s | loss:0.791071
[ep_local 0000 | ep_global 0010 | batch 0207/0500] perturb_time:7.299s | train_time:0.296s | loss:0.637420
[ep_local 0000 | ep_global 0010 | batch 0208/0500] perturb_time:7.298s | train_time:0.296s | loss:0.518313
[ep_local 0000 | ep_global 0010 | batch 0209/0500] perturb_time:7.300s | train_time:0.296s | loss:0.563713
[ep_local 0000 | ep_global 0010 | batch 0210/0500] perturb_time:7.296s | train_time:0.296s | loss:0.638503
[ep_local 0000 | ep_global 0010 | batch 0211/0500] perturb_time:7.298s | train_time:0.296s | loss:0.537758
[ep_local 0000 | ep_global 0010 | batch 0212/0500] perturb_time:7.298s | train_time:0.295s | loss:0.574025
[ep_local 0000 | ep_global 0010 | batch 0213/0500] perturb_time:7.298s | train_time:0.296s | loss:0.639613
[ep_local 0000 | ep_global 0010 | batch 0214/0500] perturb_time:7.297s | train_time:0.296s | loss:0.763568
[ep_local 0000 | ep_global 0010 | batch 0215/0500] perturb_time:7.298s | train_time:0.296s | loss:0.784401
[ep_local 0000 | ep_global 0010 | batch 0216/0500] perturb_time:7.299s | train_time:0.296s | loss:0.770221
[ep_local 0000 | ep_global 0010 | batch 0217/0500] perturb_time:7.300s | train_time:0.296s | loss:0.774097
[ep_local 0000 | ep_global 0010 | batch 0218/0500] perturb_time:7.296s | train_time:0.296s | loss:0.701593
[ep_local 0000 | ep_global 0010 | batch 0219/0500] perturb_time:7.298s | train_time:0.295s | loss:0.926211
[ep_local 0000 | ep_global 0010 | batch 0220/0500] perturb_time:7.298s | train_time:0.296s | loss:0.842935
[ep_local 0000 | ep_global 0010 | batch 0221/0500] perturb_time:7.298s | train_time:0.296s | loss:0.433080
[ep_local 0000 | ep_global 0010 | batch 0222/0500] perturb_time:7.295s | train_time:0.296s | loss:0.421666
[ep_local 0000 | ep_global 0010 | batch 0223/0500] perturb_time:7.299s | train_time:0.296s | loss:0.579859
[ep_local 0000 | ep_global 0010 | batch 0224/0500] perturb_time:7.299s | train_time:0.296s | loss:0.543469
[ep_local 0000 | ep_global 0010 | batch 0225/0500] perturb_time:7.299s | train_time:0.296s | loss:0.506299
[ep_local 0000 | ep_global 0010 | batch 0226/0500] perturb_time:7.297s | train_time:0.296s | loss:0.663715
[ep_local 0000 | ep_global 0010 | batch 0227/0500] perturb_time:7.298s | train_time:0.296s | loss:0.561998
[ep_local 0000 | ep_global 0010 | batch 0228/0500] perturb_time:7.298s | train_time:0.296s | loss:0.877122
[ep_local 0000 | ep_global 0010 | batch 0229/0500] perturb_time:7.298s | train_time:0.296s | loss:0.420590
[ep_local 0000 | ep_global 0010 | batch 0230/0500] perturb_time:7.296s | train_time:0.296s | loss:0.652298
[ep_local 0000 | ep_global 0010 | batch 0231/0500] perturb_time:7.299s | train_time:0.296s | loss:0.825832
[ep_local 0000 | ep_global 0010 | batch 0232/0500] perturb_time:7.299s | train_time:0.296s | loss:0.780970
[ep_local 0000 | ep_global 0010 | batch 0233/0500] perturb_time:7.299s | train_time:0.296s | loss:0.811366
[ep_local 0000 | ep_global 0010 | batch 0234/0500] perturb_time:7.297s | train_time:0.296s | loss:0.676949
[ep_local 0000 | ep_global 0010 | batch 0235/0500] perturb_time:7.298s | train_time:0.296s | loss:0.655283
[ep_local 0000 | ep_global 0010 | batch 0236/0500] perturb_time:7.298s | train_time:0.296s | loss:0.678720
[ep_local 0000 | ep_global 0010 | batch 0237/0500] perturb_time:7.299s | train_time:0.296s | loss:0.942791
[ep_local 0000 | ep_global 0010 | batch 0238/0500] perturb_time:7.297s | train_time:0.296s | loss:0.548419
[ep_local 0000 | ep_global 0010 | batch 0239/0500] perturb_time:7.299s | train_time:0.296s | loss:0.555658
[ep_local 0000 | ep_global 0010 | batch 0240/0500] perturb_time:7.298s | train_time:0.296s | loss:0.788311
[ep_local 0000 | ep_global 0010 | batch 0241/0500] perturb_time:7.299s | train_time:0.295s | loss:0.587738
[ep_local 0000 | ep_global 0010 | batch 0242/0500] perturb_time:7.296s | train_time:0.296s | loss:0.507132
[ep_local 0000 | ep_global 0010 | batch 0243/0500] perturb_time:7.299s | train_time:0.296s | loss:0.622075
[ep_local 0000 | ep_global 0010 | batch 0244/0500] perturb_time:7.297s | train_time:0.296s | loss:0.642175
[ep_local 0000 | ep_global 0010 | batch 0245/0500] perturb_time:7.298s | train_time:0.296s | loss:0.685445
[ep_local 0000 | ep_global 0010 | batch 0246/0500] perturb_time:7.295s | train_time:0.296s | loss:0.657109
[ep_local 0000 | ep_global 0010 | batch 0247/0500] perturb_time:7.299s | train_time:0.296s | loss:0.589605
[ep_local 0000 | ep_global 0010 | batch 0248/0500] perturb_time:7.298s | train_time:0.296s | loss:0.736248
[ep_local 0000 | ep_global 0010 | batch 0249/0500] perturb_time:7.299s | train_time:0.296s | loss:0.619732
[ep_local 0000 | ep_global 0010 | batch 0250/0500] perturb_time:7.296s | train_time:0.296s | loss:0.607574
[ep_local 0000 | ep_global 0010 | batch 0251/0500] perturb_time:7.297s | train_time:0.296s | loss:0.714782
[ep_local 0000 | ep_global 0010 | batch 0252/0500] perturb_time:7.298s | train_time:0.296s | loss:0.485888
[ep_local 0000 | ep_global 0010 | batch 0253/0500] perturb_time:7.298s | train_time:0.296s | loss:0.632305
[ep_local 0000 | ep_global 0010 | batch 0254/0500] perturb_time:7.296s | train_time:0.296s | loss:0.607172
[ep_local 0000 | ep_global 0010 | batch 0255/0500] perturb_time:7.300s | train_time:0.296s | loss:0.486376
[ep_local 0000 | ep_global 0010 | batch 0256/0500] perturb_time:7.298s | train_time:0.296s | loss:0.655769
[ep_local 0000 | ep_global 0010 | batch 0257/0500] perturb_time:7.299s | train_time:0.296s | loss:0.643978
[ep_local 0000 | ep_global 0010 | batch 0258/0500] perturb_time:7.296s | train_time:0.296s | loss:0.602799
[ep_local 0000 | ep_global 0010 | batch 0259/0500] perturb_time:7.299s | train_time:0.296s | loss:0.492992
[ep_local 0000 | ep_global 0010 | batch 0260/0500] perturb_time:7.298s | train_time:0.296s | loss:0.627333
[ep_local 0000 | ep_global 0010 | batch 0261/0500] perturb_time:7.298s | train_time:0.296s | loss:0.630177
[ep_local 0000 | ep_global 0010 | batch 0262/0500] perturb_time:7.296s | train_time:0.296s | loss:0.554669
[ep_local 0000 | ep_global 0010 | batch 0263/0500] perturb_time:7.299s | train_time:0.296s | loss:0.475362
[ep_local 0000 | ep_global 0010 | batch 0264/0500] perturb_time:7.298s | train_time:0.296s | loss:0.659131
[ep_local 0000 | ep_global 0010 | batch 0265/0500] perturb_time:7.299s | train_time:0.296s | loss:0.712676
[ep_local 0000 | ep_global 0010 | batch 0266/0500] perturb_time:7.296s | train_time:0.296s | loss:0.510297
[ep_local 0000 | ep_global 0010 | batch 0267/0500] perturb_time:7.298s | train_time:0.296s | loss:0.622052
[ep_local 0000 | ep_global 0010 | batch 0268/0500] perturb_time:7.299s | train_time:0.296s | loss:0.570149
[ep_local 0000 | ep_global 0010 | batch 0269/0500] perturb_time:7.297s | train_time:0.296s | loss:0.592523
[ep_local 0000 | ep_global 0010 | batch 0270/0500] perturb_time:7.296s | train_time:0.296s | loss:0.458117
[ep_local 0000 | ep_global 0010 | batch 0271/0500] perturb_time:7.298s | train_time:0.296s | loss:0.710707
[ep_local 0000 | ep_global 0010 | batch 0272/0500] perturb_time:7.298s | train_time:0.296s | loss:0.586076
[ep_local 0000 | ep_global 0010 | batch 0273/0500] perturb_time:7.299s | train_time:0.296s | loss:0.453356
[ep_local 0000 | ep_global 0010 | batch 0274/0500] perturb_time:7.296s | train_time:0.296s | loss:0.634659
[ep_local 0000 | ep_global 0010 | batch 0275/0500] perturb_time:7.299s | train_time:0.296s | loss:0.550477
[ep_local 0000 | ep_global 0010 | batch 0276/0500] perturb_time:7.298s | train_time:0.296s | loss:0.519025
[ep_local 0000 | ep_global 0010 | batch 0277/0500] perturb_time:7.298s | train_time:0.296s | loss:0.700181
[ep_local 0000 | ep_global 0010 | batch 0278/0500] perturb_time:7.296s | train_time:0.296s | loss:0.717460
[ep_local 0000 | ep_global 0010 | batch 0279/0500] perturb_time:7.298s | train_time:0.295s | loss:0.560483
[ep_local 0000 | ep_global 0010 | batch 0280/0500] perturb_time:7.298s | train_time:0.296s | loss:0.514161
[ep_local 0000 | ep_global 0010 | batch 0281/0500] perturb_time:7.299s | train_time:0.295s | loss:0.615322
[ep_local 0000 | ep_global 0010 | batch 0282/0500] perturb_time:7.296s | train_time:0.296s | loss:0.566000
[ep_local 0000 | ep_global 0010 | batch 0283/0500] perturb_time:7.299s | train_time:0.296s | loss:0.511793
[ep_local 0000 | ep_global 0010 | batch 0284/0500] perturb_time:7.298s | train_time:0.296s | loss:0.481308
[ep_local 0000 | ep_global 0010 | batch 0285/0500] perturb_time:7.298s | train_time:0.295s | loss:0.493855
[ep_local 0000 | ep_global 0010 | batch 0286/0500] perturb_time:7.295s | train_time:0.296s | loss:0.485158
[ep_local 0000 | ep_global 0010 | batch 0287/0500] perturb_time:7.299s | train_time:0.296s | loss:0.584139
[ep_local 0000 | ep_global 0010 | batch 0288/0500] perturb_time:7.298s | train_time:0.296s | loss:0.619576
[ep_local 0000 | ep_global 0010 | batch 0289/0500] perturb_time:7.299s | train_time:0.296s | loss:0.506313
[ep_local 0000 | ep_global 0010 | batch 0290/0500] perturb_time:7.297s | train_time:0.296s | loss:0.619165
[ep_local 0000 | ep_global 0010 | batch 0291/0500] perturb_time:7.298s | train_time:0.296s | loss:0.706341
[ep_local 0000 | ep_global 0010 | batch 0292/0500] perturb_time:7.298s | train_time:0.296s | loss:0.564721
[ep_local 0000 | ep_global 0010 | batch 0293/0500] perturb_time:7.297s | train_time:0.296s | loss:0.586161
[ep_local 0000 | ep_global 0010 | batch 0294/0500] perturb_time:7.296s | train_time:0.296s | loss:0.488031
[ep_local 0000 | ep_global 0010 | batch 0295/0500] perturb_time:7.300s | train_time:0.296s | loss:0.848685
[ep_local 0000 | ep_global 0010 | batch 0296/0500] perturb_time:7.298s | train_time:0.295s | loss:0.930825
[ep_local 0000 | ep_global 0010 | batch 0297/0500] perturb_time:7.299s | train_time:0.296s | loss:0.631421
[ep_local 0000 | ep_global 0010 | batch 0298/0500] perturb_time:7.296s | train_time:0.296s | loss:0.667254
[ep_local 0000 | ep_global 0010 | batch 0299/0500] perturb_time:7.299s | train_time:0.296s | loss:0.647590
[ep_local 0000 | ep_global 0010 | batch 0300/0500] perturb_time:7.297s | train_time:0.295s | loss:0.768172
[ep_local 0000 | ep_global 0010 | batch 0301/0500] perturb_time:7.298s | train_time:0.296s | loss:0.733474
[ep_local 0000 | ep_global 0010 | batch 0302/0500] perturb_time:7.296s | train_time:0.296s | loss:1.098770
[ep_local 0000 | ep_global 0010 | batch 0303/0500] perturb_time:7.298s | train_time:0.295s | loss:0.575519
[ep_local 0000 | ep_global 0010 | batch 0304/0500] perturb_time:7.298s | train_time:0.296s | loss:0.746769
[ep_local 0000 | ep_global 0010 | batch 0305/0500] perturb_time:7.300s | train_time:0.296s | loss:1.144217
[ep_local 0000 | ep_global 0010 | batch 0306/0500] perturb_time:7.295s | train_time:0.296s | loss:0.760366
[ep_local 0000 | ep_global 0010 | batch 0307/0500] perturb_time:7.299s | train_time:0.296s | loss:0.683013
[ep_local 0000 | ep_global 0010 | batch 0308/0500] perturb_time:7.297s | train_time:0.296s | loss:0.596535
[ep_local 0000 | ep_global 0010 | batch 0309/0500] perturb_time:7.298s | train_time:0.296s | loss:0.791041
[ep_local 0000 | ep_global 0010 | batch 0310/0500] perturb_time:7.296s | train_time:0.295s | loss:0.566125
[ep_local 0000 | ep_global 0010 | batch 0311/0500] perturb_time:7.298s | train_time:0.296s | loss:0.453558
[ep_local 0000 | ep_global 0010 | batch 0312/0500] perturb_time:7.299s | train_time:0.296s | loss:0.562845
[ep_local 0000 | ep_global 0010 | batch 0313/0500] perturb_time:7.299s | train_time:0.296s | loss:0.772845
[ep_local 0000 | ep_global 0010 | batch 0314/0500] perturb_time:7.297s | train_time:0.296s | loss:0.856217
[ep_local 0000 | ep_global 0010 | batch 0315/0500] perturb_time:7.298s | train_time:0.296s | loss:0.457678
