c0906a-s5.ufhpc
Tue Sep  9 01:07:30 AM EDT 2025
/blue/shiboli.fsu/yifeisun.umich/adversarial_robustness_FNO
初始化PDE求解器: nu=1e-05, device=cuda
======================================== 参数配置 ========================================
modes=96, width=80, epochs=2000
T_in=10, T=10, step=1
ntrain=1000, ntest=100
batch_size=2, learning_rate=0.001

======================================== 路径配置 ========================================
current_file_path=/blue/shiboli.fsu/yifeisun.umich/adversarial_robustness_FNO/2D_NS_FNO2d_recurrent/continual_train_attack_2/continual_train_attack.py
pretrained_model_name=NS_2d_FNO_model_trainedby_dim2d_nx256_N1150_solver=exponax_nu0.000_t20.0_train_all_frames
pretrained_path=/blue/shiboli.fsu/yifeisun.umich/adversarial_robustness_FNO/2D_NS_FNO2d_recurrent/continual_train_attack_2/original_model/NS_2d_FNO_model_trainedby_dim2d_nx256_N1150_solver=exponax_nu0.000_t20.0_train_all_frames.pth
dataset_name=dim2d_nx256_N1150_solver=exponax_nu0.000_t20.0_train_all_frames
dataset_path=/blue/shiboli.fsu/yifeisun.umich/adversarial_robustness_FNO/2D_NS_FNO2d_recurrent/continual_train_attack_2/dataset/dim2d_nx256_N1150_solver=exponax_nu0.000_t20.0_train_all_frames.pt

======================================== 设备与PDE solver ========================================
device=cuda
pde_solver=<solver.DifferentiablePDESolver object at 0x1539beded840>

======================================== 攻击配置 ========================================
PGDAdamConfig(epsilon=524.288, alpha=100.0, num_steps=1, norm=2, beta1=0.9, beta2=0.999, adam_eps=1e-08, amsgrad=False, use_sign_for_linf=True, mode_spec='wwwwwwwwww')
[Resume] Loaded pretrained weights from: /blue/shiboli.fsu/yifeisun.umich/adversarial_robustness_FNO/2D_NS_FNO2d_recurrent/continual_train_attack_2/original_model/NS_2d_FNO_model_trainedby_dim2d_nx256_N1150_solver=exponax_nu0.000_t20.0_train_all_frames.pth
params: 943823441
编译新函数: pde_3d_2x256x256_19_1e-05_0.005
⚠️  rollout_seconds took 29.61s for pde_3d_2x256x256_19_1e-05_0.005
[ep 0000 | batch 0001/0500] perturb_time:19.531s | train_time:7.832s | loss:0.818958
[ep 0000 | batch 0002/0500] perturb_time:7.294s | train_time:0.295s | loss:0.654954
[ep 0000 | batch 0003/0500] perturb_time:7.298s | train_time:0.295s | loss:1.463242
[ep 0000 | batch 0004/0500] perturb_time:7.297s | train_time:0.295s | loss:0.999585
[ep 0000 | batch 0005/0500] perturb_time:7.297s | train_time:0.295s | loss:0.976807
[ep 0000 | batch 0006/0500] perturb_time:7.294s | train_time:0.295s | loss:1.032729
[ep 0000 | batch 0007/0500] perturb_time:7.298s | train_time:0.296s | loss:0.997286
[ep 0000 | batch 0008/0500] perturb_time:7.298s | train_time:0.295s | loss:0.789248
[ep 0000 | batch 0009/0500] perturb_time:7.299s | train_time:0.296s | loss:1.025540
[ep 0000 | batch 0010/0500] perturb_time:7.296s | train_time:0.295s | loss:0.925127
[ep 0000 | batch 0011/0500] perturb_time:7.298s | train_time:0.295s | loss:1.187749
[ep 0000 | batch 0012/0500] perturb_time:7.298s | train_time:0.295s | loss:1.065397
[ep 0000 | batch 0013/0500] perturb_time:7.297s | train_time:0.296s | loss:0.911781
[ep 0000 | batch 0014/0500] perturb_time:7.295s | train_time:0.295s | loss:0.854728
[ep 0000 | batch 0015/0500] perturb_time:7.299s | train_time:0.295s | loss:0.900391
[ep 0000 | batch 0016/0500] perturb_time:7.298s | train_time:0.296s | loss:0.733347
[ep 0000 | batch 0017/0500] perturb_time:7.299s | train_time:0.295s | loss:0.765713
[ep 0000 | batch 0018/0500] perturb_time:7.295s | train_time:0.296s | loss:1.006157
[ep 0000 | batch 0019/0500] perturb_time:7.299s | train_time:0.295s | loss:0.888872
[ep 0000 | batch 0020/0500] perturb_time:7.297s | train_time:0.296s | loss:1.032534
[ep 0000 | batch 0021/0500] perturb_time:7.298s | train_time:0.296s | loss:0.899291
[ep 0000 | batch 0022/0500] perturb_time:7.295s | train_time:0.296s | loss:1.009413
[ep 0000 | batch 0023/0500] perturb_time:7.300s | train_time:0.295s | loss:1.029169
[ep 0000 | batch 0024/0500] perturb_time:7.298s | train_time:0.296s | loss:0.856055
[ep 0000 | batch 0025/0500] perturb_time:7.299s | train_time:0.296s | loss:0.890050
[ep 0000 | batch 0026/0500] perturb_time:7.295s | train_time:0.296s | loss:0.837383
[ep 0000 | batch 0027/0500] perturb_time:7.299s | train_time:0.296s | loss:0.807876
[ep 0000 | batch 0028/0500] perturb_time:7.297s | train_time:0.296s | loss:0.923675
[ep 0000 | batch 0029/0500] perturb_time:7.298s | train_time:0.295s | loss:0.915896
[ep 0000 | batch 0030/0500] perturb_time:7.294s | train_time:0.295s | loss:0.928312
[ep 0000 | batch 0031/0500] perturb_time:7.299s | train_time:0.295s | loss:0.754218
[ep 0000 | batch 0032/0500] perturb_time:7.299s | train_time:0.295s | loss:1.159483
[ep 0000 | batch 0033/0500] perturb_time:7.298s | train_time:0.295s | loss:0.878170
[ep 0000 | batch 0034/0500] perturb_time:7.296s | train_time:0.296s | loss:0.820379
[ep 0000 | batch 0035/0500] perturb_time:7.298s | train_time:0.295s | loss:0.851847
[ep 0000 | batch 0036/0500] perturb_time:7.297s | train_time:0.296s | loss:0.930470
[ep 0000 | batch 0037/0500] perturb_time:7.298s | train_time:0.295s | loss:0.894057
[ep 0000 | batch 0038/0500] perturb_time:7.294s | train_time:0.296s | loss:0.902553
[ep 0000 | batch 0039/0500] perturb_time:7.299s | train_time:0.295s | loss:0.760110
[ep 0000 | batch 0040/0500] perturb_time:7.297s | train_time:0.295s | loss:1.115393
[ep 0000 | batch 0041/0500] perturb_time:7.299s | train_time:0.296s | loss:0.897881
[ep 0000 | batch 0042/0500] perturb_time:7.296s | train_time:0.296s | loss:0.782963
[ep 0000 | batch 0043/0500] perturb_time:7.298s | train_time:0.295s | loss:0.830229
[ep 0000 | batch 0044/0500] perturb_time:7.298s | train_time:0.296s | loss:0.775514
[ep 0000 | batch 0045/0500] perturb_time:7.298s | train_time:0.296s | loss:0.759721
[ep 0000 | batch 0046/0500] perturb_time:7.295s | train_time:0.296s | loss:0.786253
[ep 0000 | batch 0047/0500] perturb_time:7.299s | train_time:0.296s | loss:0.636279
[ep 0000 | batch 0048/0500] perturb_time:7.298s | train_time:0.295s | loss:0.752615
[ep 0000 | batch 0049/0500] perturb_time:7.299s | train_time:0.296s | loss:0.750124
[ep 0000 | batch 0050/0500] perturb_time:7.295s | train_time:0.296s | loss:0.784331
[ep 0000 | batch 0051/0500] perturb_time:7.298s | train_time:0.296s | loss:0.800646
[ep 0000 | batch 0052/0500] perturb_time:7.298s | train_time:0.295s | loss:0.856914
[ep 0000 | batch 0053/0500] perturb_time:7.297s | train_time:0.296s | loss:0.753542
[ep 0000 | batch 0054/0500] perturb_time:7.295s | train_time:0.296s | loss:0.888825
[ep 0000 | batch 0055/0500] perturb_time:7.298s | train_time:0.296s | loss:1.196294
[ep 0000 | batch 0056/0500] perturb_time:7.298s | train_time:0.296s | loss:0.998482
[ep 0000 | batch 0057/0500] perturb_time:7.299s | train_time:0.296s | loss:0.766801
[ep 0000 | batch 0058/0500] perturb_time:7.295s | train_time:0.295s | loss:0.883575
[ep 0000 | batch 0059/0500] perturb_time:7.298s | train_time:0.296s | loss:0.880629
[ep 0000 | batch 0060/0500] perturb_time:7.297s | train_time:0.296s | loss:0.782287
[ep 0000 | batch 0061/0500] perturb_time:7.298s | train_time:0.295s | loss:0.742559
[ep 0000 | batch 0062/0500] perturb_time:7.294s | train_time:0.295s | loss:0.852423
[ep 0000 | batch 0063/0500] perturb_time:7.299s | train_time:0.296s | loss:0.860540
[ep 0000 | batch 0064/0500] perturb_time:7.297s | train_time:0.295s | loss:0.852203
[ep 0000 | batch 0065/0500] perturb_time:7.299s | train_time:0.295s | loss:0.904128
[ep 0000 | batch 0066/0500] perturb_time:7.295s | train_time:0.296s | loss:0.597744
[ep 0000 | batch 0067/0500] perturb_time:7.299s | train_time:0.295s | loss:0.969067
[ep 0000 | batch 0068/0500] perturb_time:7.297s | train_time:0.295s | loss:0.792399
[ep 0000 | batch 0069/0500] perturb_time:7.298s | train_time:0.296s | loss:1.163378
[ep 0000 | batch 0070/0500] perturb_time:7.295s | train_time:0.295s | loss:0.784771
[ep 0000 | batch 0071/0500] perturb_time:7.299s | train_time:0.296s | loss:1.004118
[ep 0000 | batch 0072/0500] perturb_time:7.298s | train_time:0.295s | loss:0.809135
[ep 0000 | batch 0073/0500] perturb_time:7.299s | train_time:0.296s | loss:0.955608
[ep 0000 | batch 0074/0500] perturb_time:7.296s | train_time:0.295s | loss:1.151756
[ep 0000 | batch 0075/0500] perturb_time:7.299s | train_time:0.296s | loss:0.871927
[ep 0000 | batch 0076/0500] perturb_time:7.299s | train_time:0.295s | loss:0.917260
[ep 0000 | batch 0077/0500] perturb_time:7.297s | train_time:0.295s | loss:0.679736
[ep 0000 | batch 0078/0500] perturb_time:7.295s | train_time:0.296s | loss:0.964556
[ep 0000 | batch 0079/0500] perturb_time:7.298s | train_time:0.296s | loss:0.859426
[ep 0000 | batch 0080/0500] perturb_time:7.299s | train_time:0.295s | loss:0.914153
[ep 0000 | batch 0081/0500] perturb_time:7.298s | train_time:0.295s | loss:0.838515
[ep 0000 | batch 0082/0500] perturb_time:7.296s | train_time:0.296s | loss:0.892436
[ep 0000 | batch 0083/0500] perturb_time:7.298s | train_time:0.295s | loss:0.747744
[ep 0000 | batch 0084/0500] perturb_time:7.297s | train_time:0.296s | loss:0.872212
[ep 0000 | batch 0085/0500] perturb_time:7.297s | train_time:0.295s | loss:0.857043
[ep 0000 | batch 0086/0500] perturb_time:7.295s | train_time:0.296s | loss:0.858256
[ep 0000 | batch 0087/0500] perturb_time:7.298s | train_time:0.295s | loss:0.773229
[ep 0000 | batch 0088/0500] perturb_time:7.298s | train_time:0.296s | loss:0.645157
[ep 0000 | batch 0089/0500] perturb_time:7.299s | train_time:0.295s | loss:0.801023
[ep 0000 | batch 0090/0500] perturb_time:7.296s | train_time:0.296s | loss:0.763431
[ep 0000 | batch 0091/0500] perturb_time:7.299s | train_time:0.295s | loss:1.161932
[ep 0000 | batch 0092/0500] perturb_time:7.296s | train_time:0.295s | loss:0.944959
[ep 0000 | batch 0093/0500] perturb_time:7.298s | train_time:0.296s | loss:0.979217
[ep 0000 | batch 0094/0500] perturb_time:7.295s | train_time:0.295s | loss:0.746990
[ep 0000 | batch 0095/0500] perturb_time:7.298s | train_time:0.296s | loss:0.842470
[ep 0000 | batch 0096/0500] perturb_time:7.298s | train_time:0.295s | loss:0.806339
[ep 0000 | batch 0097/0500] perturb_time:7.298s | train_time:0.295s | loss:0.762861
[ep 0000 | batch 0098/0500] perturb_time:7.295s | train_time:0.296s | loss:0.808621
[ep 0000 | batch 0099/0500] perturb_time:7.298s | train_time:0.295s | loss:0.846033
[ep 0000 | batch 0100/0500] perturb_time:7.297s | train_time:0.296s | loss:0.862080
[ep 0000 | batch 0101/0500] perturb_time:7.298s | train_time:0.295s | loss:0.688585
[ep 0000 | batch 0102/0500] perturb_time:7.295s | train_time:0.296s | loss:0.762675
[ep 0000 | batch 0103/0500] perturb_time:7.298s | train_time:0.295s | loss:0.875492
[ep 0000 | batch 0104/0500] perturb_time:7.298s | train_time:0.296s | loss:0.739908
[ep 0000 | batch 0105/0500] perturb_time:7.299s | train_time:0.296s | loss:0.727773
[ep 0000 | batch 0106/0500] perturb_time:7.295s | train_time:0.296s | loss:0.858875
[ep 0000 | batch 0107/0500] perturb_time:7.298s | train_time:0.296s | loss:0.744873
[ep 0000 | batch 0108/0500] perturb_time:7.298s | train_time:0.295s | loss:0.722350
[ep 0000 | batch 0109/0500] perturb_time:7.298s | train_time:0.296s | loss:0.759801
[ep 0000 | batch 0110/0500] perturb_time:7.295s | train_time:0.295s | loss:0.894046
[ep 0000 | batch 0111/0500] perturb_time:7.298s | train_time:0.295s | loss:0.747406
[ep 0000 | batch 0112/0500] perturb_time:7.297s | train_time:0.296s | loss:1.160554
[ep 0000 | batch 0113/0500] perturb_time:7.300s | train_time:0.295s | loss:0.821239
[ep 0000 | batch 0114/0500] perturb_time:7.295s | train_time:0.295s | loss:1.056747
[ep 0000 | batch 0115/0500] perturb_time:7.299s | train_time:0.295s | loss:1.105631
[ep 0000 | batch 0116/0500] perturb_time:7.297s | train_time:0.295s | loss:0.872711
[ep 0000 | batch 0117/0500] perturb_time:7.298s | train_time:0.296s | loss:0.921219
[ep 0000 | batch 0118/0500] perturb_time:7.294s | train_time:0.295s | loss:0.983061
[ep 0000 | batch 0119/0500] perturb_time:7.299s | train_time:0.296s | loss:0.848173
[ep 0000 | batch 0120/0500] perturb_time:7.298s | train_time:0.295s | loss:0.834689
[ep 0000 | batch 0121/0500] perturb_time:7.298s | train_time:0.295s | loss:0.827416
[ep 0000 | batch 0122/0500] perturb_time:7.295s | train_time:0.295s | loss:0.812846
[ep 0000 | batch 0123/0500] perturb_time:7.299s | train_time:0.295s | loss:0.933649
[ep 0000 | batch 0124/0500] perturb_time:7.297s | train_time:0.296s | loss:0.723842
[ep 0000 | batch 0125/0500] perturb_time:7.299s | train_time:0.295s | loss:0.741183
[ep 0000 | batch 0126/0500] perturb_time:7.294s | train_time:0.295s | loss:0.909240
[ep 0000 | batch 0127/0500] perturb_time:7.299s | train_time:0.296s | loss:0.837125
[ep 0000 | batch 0128/0500] perturb_time:7.298s | train_time:0.295s | loss:1.085199
[ep 0000 | batch 0129/0500] perturb_time:7.299s | train_time:0.296s | loss:0.787199
[ep 0000 | batch 0130/0500] perturb_time:7.296s | train_time:0.295s | loss:1.048167
[ep 0000 | batch 0131/0500] perturb_time:7.298s | train_time:0.296s | loss:1.125809
[ep 0000 | batch 0132/0500] perturb_time:7.298s | train_time:0.295s | loss:0.831353
[ep 0000 | batch 0133/0500] perturb_time:7.297s | train_time:0.295s | loss:0.937321
[ep 0000 | batch 0134/0500] perturb_time:7.296s | train_time:0.296s | loss:1.074889
[ep 0000 | batch 0135/0500] perturb_time:7.298s | train_time:0.295s | loss:0.799134
[ep 0000 | batch 0136/0500] perturb_time:7.298s | train_time:0.296s | loss:0.683589
[ep 0000 | batch 0137/0500] perturb_time:7.299s | train_time:0.295s | loss:0.947675
[ep 0000 | batch 0138/0500] perturb_time:7.297s | train_time:0.296s | loss:0.904494
[ep 0000 | batch 0139/0500] perturb_time:7.297s | train_time:0.295s | loss:0.826944
[ep 0000 | batch 0140/0500] perturb_time:7.297s | train_time:0.296s | loss:1.194690
[ep 0000 | batch 0141/0500] perturb_time:7.298s | train_time:0.295s | loss:0.892205
[ep 0000 | batch 0142/0500] perturb_time:7.294s | train_time:0.295s | loss:0.727899
[ep 0000 | batch 0143/0500] perturb_time:7.299s | train_time:0.296s | loss:0.805427
[ep 0000 | batch 0144/0500] perturb_time:7.299s | train_time:0.295s | loss:0.899694
[ep 0000 | batch 0145/0500] perturb_time:7.298s | train_time:0.295s | loss:1.147880
[ep 0000 | batch 0146/0500] perturb_time:7.296s | train_time:0.296s | loss:0.766040
[ep 0000 | batch 0147/0500] perturb_time:7.299s | train_time:0.295s | loss:0.973891
[ep 0000 | batch 0148/0500] perturb_time:7.297s | train_time:0.295s | loss:0.782969
[ep 0000 | batch 0149/0500] perturb_time:7.298s | train_time:0.296s | loss:0.796716
[ep 0000 | batch 0150/0500] perturb_time:7.296s | train_time:0.295s | loss:1.020120
[ep 0000 | batch 0151/0500] perturb_time:7.298s | train_time:0.295s | loss:0.913643
[ep 0000 | batch 0152/0500] perturb_time:7.298s | train_time:0.296s | loss:0.797395
[ep 0000 | batch 0153/0500] perturb_time:7.299s | train_time:0.295s | loss:0.896110
[ep 0000 | batch 0154/0500] perturb_time:7.295s | train_time:0.296s | loss:0.785435
[ep 0000 | batch 0155/0500] perturb_time:7.298s | train_time:0.295s | loss:0.840818
[ep 0000 | batch 0156/0500] perturb_time:7.298s | train_time:0.296s | loss:0.855289
[ep 0000 | batch 0157/0500] perturb_time:7.297s | train_time:0.296s | loss:0.998816
[ep 0000 | batch 0158/0500] perturb_time:7.296s | train_time:0.295s | loss:0.695394
[ep 0000 | batch 0159/0500] perturb_time:7.298s | train_time:0.295s | loss:0.770295
[ep 0000 | batch 0160/0500] perturb_time:7.298s | train_time:0.296s | loss:0.742135
[ep 0000 | batch 0161/0500] perturb_time:7.299s | train_time:0.296s | loss:0.845004
[ep 0000 | batch 0162/0500] perturb_time:7.296s | train_time:0.295s | loss:0.892757
[ep 0000 | batch 0163/0500] perturb_time:7.298s | train_time:0.295s | loss:0.670781
[ep 0000 | batch 0164/0500] perturb_time:7.297s | train_time:0.296s | loss:0.868137
[ep 0000 | batch 0165/0500] perturb_time:7.298s | train_time:0.295s | loss:0.943784
[ep 0000 | batch 0166/0500] perturb_time:7.294s | train_time:0.295s | loss:0.713262
[ep 0000 | batch 0167/0500] perturb_time:7.299s | train_time:0.295s | loss:0.949718
[ep 0000 | batch 0168/0500] perturb_time:7.297s | train_time:0.295s | loss:0.749411
[ep 0000 | batch 0169/0500] perturb_time:7.299s | train_time:0.296s | loss:0.793792
[ep 0000 | batch 0170/0500] perturb_time:7.295s | train_time:0.295s | loss:0.831244
[ep 0000 | batch 0171/0500] perturb_time:7.298s | train_time:0.296s | loss:0.807704
[ep 0000 | batch 0172/0500] perturb_time:7.298s | train_time:0.295s | loss:0.857987
[ep 0000 | batch 0173/0500] perturb_time:7.297s | train_time:0.295s | loss:0.940071
[ep 0000 | batch 0174/0500] perturb_time:7.295s | train_time:0.296s | loss:0.976318
[ep 0000 | batch 0175/0500] perturb_time:7.299s | train_time:0.295s | loss:0.718525
[ep 0000 | batch 0176/0500] perturb_time:7.297s | train_time:0.295s | loss:1.053703
[ep 0000 | batch 0177/0500] perturb_time:7.299s | train_time:0.296s | loss:0.747242
[ep 0000 | batch 0178/0500] perturb_time:7.295s | train_time:0.295s | loss:0.700368
[ep 0000 | batch 0179/0500] perturb_time:7.298s | train_time:0.296s | loss:0.910455
[ep 0000 | batch 0180/0500] perturb_time:7.297s | train_time:0.295s | loss:0.736988
[ep 0000 | batch 0181/0500] perturb_time:7.298s | train_time:0.296s | loss:0.739056
[ep 0000 | batch 0182/0500] perturb_time:7.296s | train_time:0.295s | loss:0.948449
[ep 0000 | batch 0183/0500] perturb_time:7.299s | train_time:0.296s | loss:0.764283
[ep 0000 | batch 0184/0500] perturb_time:7.298s | train_time:0.295s | loss:0.706055
[ep 0000 | batch 0185/0500] perturb_time:7.299s | train_time:0.296s | loss:0.785569
[ep 0000 | batch 0186/0500] perturb_time:7.296s | train_time:0.296s | loss:0.805318
[ep 0000 | batch 0187/0500] perturb_time:7.298s | train_time:0.296s | loss:0.772689
[ep 0000 | batch 0188/0500] perturb_time:7.297s | train_time:0.296s | loss:0.847644
[ep 0000 | batch 0189/0500] perturb_time:7.298s | train_time:0.295s | loss:0.839649
[ep 0000 | batch 0190/0500] perturb_time:7.295s | train_time:0.296s | loss:0.827052
[ep 0000 | batch 0191/0500] perturb_time:7.299s | train_time:0.296s | loss:0.827078
[ep 0000 | batch 0192/0500] perturb_time:7.297s | train_time:0.296s | loss:0.762705
[ep 0000 | batch 0193/0500] perturb_time:7.300s | train_time:0.295s | loss:0.704116
[ep 0000 | batch 0194/0500] perturb_time:7.295s | train_time:0.295s | loss:0.949424
[ep 0000 | batch 0195/0500] perturb_time:7.298s | train_time:0.295s | loss:1.076790
[ep 0000 | batch 0196/0500] perturb_time:7.298s | train_time:0.295s | loss:0.867604
[ep 0000 | batch 0197/0500] perturb_time:7.297s | train_time:0.295s | loss:0.968325
[ep 0000 | batch 0198/0500] perturb_time:7.295s | train_time:0.296s | loss:0.711200
[ep 0000 | batch 0199/0500] perturb_time:7.299s | train_time:0.295s | loss:1.182066
[ep 0000 | batch 0200/0500] perturb_time:7.297s | train_time:0.296s | loss:0.970933
[ep 0000 | batch 0201/0500] perturb_time:7.300s | train_time:0.295s | loss:0.805492
[ep 0000 | batch 0202/0500] perturb_time:7.295s | train_time:0.295s | loss:0.783046
[ep 0000 | batch 0203/0500] perturb_time:7.298s | train_time:0.295s | loss:0.870701
[ep 0000 | batch 0204/0500] perturb_time:7.298s | train_time:0.295s | loss:0.759319
[ep 0000 | batch 0205/0500] perturb_time:7.297s | train_time:0.296s | loss:0.966500
[ep 0000 | batch 0206/0500] perturb_time:7.296s | train_time:0.295s | loss:0.724146
[ep 0000 | batch 0207/0500] perturb_time:7.298s | train_time:0.295s | loss:0.969803
[ep 0000 | batch 0208/0500] perturb_time:7.298s | train_time:0.296s | loss:0.895922
[ep 0000 | batch 0209/0500] perturb_time:7.300s | train_time:0.295s | loss:0.746529
[ep 0000 | batch 0210/0500] perturb_time:7.295s | train_time:0.296s | loss:0.703264
[ep 0000 | batch 0211/0500] perturb_time:7.299s | train_time:0.295s | loss:1.474966
[ep 0000 | batch 0212/0500] perturb_time:7.297s | train_time:0.296s | loss:0.834690
[ep 0000 | batch 0213/0500] perturb_time:7.299s | train_time:0.295s | loss:0.833135
[ep 0000 | batch 0214/0500] perturb_time:7.295s | train_time:0.295s | loss:0.743768
[ep 0000 | batch 0215/0500] perturb_time:7.299s | train_time:0.296s | loss:1.017662
[ep 0000 | batch 0216/0500] perturb_time:7.297s | train_time:0.296s | loss:0.879065
[ep 0000 | batch 0217/0500] perturb_time:7.300s | train_time:0.295s | loss:0.937371
[ep 0000 | batch 0218/0500] perturb_time:7.295s | train_time:0.295s | loss:0.791191
[ep 0000 | batch 0219/0500] perturb_time:7.299s | train_time:0.296s | loss:1.149830
[ep 0000 | batch 0220/0500] perturb_time:7.297s | train_time:0.295s | loss:0.948559
[ep 0000 | batch 0221/0500] perturb_time:7.298s | train_time:0.295s | loss:0.751839
[ep 0000 | batch 0222/0500] perturb_time:7.295s | train_time:0.295s | loss:0.964423
[ep 0000 | batch 0223/0500] perturb_time:7.299s | train_time:0.296s | loss:1.124294
[ep 0000 | batch 0224/0500] perturb_time:7.297s | train_time:0.295s | loss:0.767087
[ep 0000 | batch 0225/0500] perturb_time:7.299s | train_time:0.295s | loss:0.943559
[ep 0000 | batch 0226/0500] perturb_time:7.295s | train_time:0.295s | loss:0.815617
[ep 0000 | batch 0227/0500] perturb_time:7.299s | train_time:0.296s | loss:1.206930
[ep 0000 | batch 0228/0500] perturb_time:7.298s | train_time:0.295s | loss:0.924511
[ep 0000 | batch 0229/0500] perturb_time:7.298s | train_time:0.295s | loss:0.968946
[ep 0000 | batch 0230/0500] perturb_time:7.295s | train_time:0.296s | loss:0.784995
[ep 0000 | batch 0231/0500] perturb_time:7.300s | train_time:0.295s | loss:0.799495
[ep 0000 | batch 0232/0500] perturb_time:7.297s | train_time:0.295s | loss:0.782766
[ep 0000 | batch 0233/0500] perturb_time:7.300s | train_time:0.296s | loss:1.106607
[ep 0000 | batch 0234/0500] perturb_time:7.295s | train_time:0.295s | loss:0.851878
[ep 0000 | batch 0235/0500] perturb_time:7.299s | train_time:0.296s | loss:0.954114
[ep 0000 | batch 0236/0500] perturb_time:7.297s | train_time:0.295s | loss:0.838856
[ep 0000 | batch 0237/0500] perturb_time:7.299s | train_time:0.296s | loss:1.021334
[ep 0000 | batch 0238/0500] perturb_time:7.296s | train_time:0.296s | loss:0.881898
[ep 0000 | batch 0239/0500] perturb_time:7.301s | train_time:0.296s | loss:0.934411
[ep 0000 | batch 0240/0500] perturb_time:7.298s | train_time:0.295s | loss:0.902083
[ep 0000 | batch 0241/0500] perturb_time:7.300s | train_time:0.296s | loss:0.998521
[ep 0000 | batch 0242/0500] perturb_time:7.295s | train_time:0.296s | loss:0.904952
[ep 0000 | batch 0243/0500] perturb_time:7.299s | train_time:0.295s | loss:0.681004
[ep 0000 | batch 0244/0500] perturb_time:7.297s | train_time:0.295s | loss:0.702161
[ep 0000 | batch 0245/0500] perturb_time:7.299s | train_time:0.296s | loss:0.762436
[ep 0000 | batch 0246/0500] perturb_time:7.295s | train_time:0.296s | loss:0.874084
[ep 0000 | batch 0247/0500] perturb_time:7.300s | train_time:0.295s | loss:0.894822
[ep 0000 | batch 0248/0500] perturb_time:7.298s | train_time:0.295s | loss:0.950190
[ep 0000 | batch 0249/0500] perturb_time:7.300s | train_time:0.295s | loss:1.126053
[ep 0000 | batch 0250/0500] perturb_time:7.296s | train_time:0.295s | loss:1.388422
[ep 0000 | batch 0251/0500] perturb_time:7.299s | train_time:0.296s | loss:0.822802
[ep 0000 | batch 0252/0500] perturb_time:7.297s | train_time:0.296s | loss:0.893316
[ep 0000 | batch 0253/0500] perturb_time:7.297s | train_time:0.295s | loss:0.783642
[ep 0000 | batch 0254/0500] perturb_time:7.296s | train_time:0.296s | loss:0.678747
[ep 0000 | batch 0255/0500] perturb_time:7.299s | train_time:0.295s | loss:0.882007
[ep 0000 | batch 0256/0500] perturb_time:7.298s | train_time:0.296s | loss:0.924885
[ep 0000 | batch 0257/0500] perturb_time:7.300s | train_time:0.295s | loss:0.824190
[ep 0000 | batch 0258/0500] perturb_time:7.295s | train_time:0.295s | loss:0.895751
[ep 0000 | batch 0259/0500] perturb_time:7.299s | train_time:0.295s | loss:0.887049
[ep 0000 | batch 0260/0500] perturb_time:7.297s | train_time:0.295s | loss:0.769249
[ep 0000 | batch 0261/0500] perturb_time:7.297s | train_time:0.296s | loss:0.883604
[ep 0000 | batch 0262/0500] perturb_time:7.296s | train_time:0.295s | loss:0.769000
[ep 0000 | batch 0263/0500] perturb_time:7.298s | train_time:0.295s | loss:0.719394
[ep 0000 | batch 0264/0500] perturb_time:7.298s | train_time:0.296s | loss:1.132724
[ep 0000 | batch 0265/0500] perturb_time:7.300s | train_time:0.295s | loss:0.879877
[ep 0000 | batch 0266/0500] perturb_time:7.295s | train_time:0.296s | loss:0.809474
[ep 0000 | batch 0267/0500] perturb_time:7.299s | train_time:0.295s | loss:0.926164
[ep 0000 | batch 0268/0500] perturb_time:7.297s | train_time:0.296s | loss:0.838524
[ep 0000 | batch 0269/0500] perturb_time:7.299s | train_time:0.295s | loss:0.881988
[ep 0000 | batch 0270/0500] perturb_time:7.295s | train_time:0.295s | loss:0.722949
[ep 0000 | batch 0271/0500] perturb_time:7.299s | train_time:0.295s | loss:0.868681
[ep 0000 | batch 0272/0500] perturb_time:7.296s | train_time:0.295s | loss:0.946620
[ep 0000 | batch 0273/0500] perturb_time:7.298s | train_time:0.296s | loss:0.873928
[ep 0000 | batch 0274/0500] perturb_time:7.294s | train_time:0.295s | loss:0.788498
[ep 0000 | batch 0275/0500] perturb_time:7.298s | train_time:0.296s | loss:0.956646
[ep 0000 | batch 0276/0500] perturb_time:7.297s | train_time:0.295s | loss:0.982744
[ep 0000 | batch 0277/0500] perturb_time:7.297s | train_time:0.295s | loss:0.807232
[ep 0000 | batch 0278/0500] perturb_time:7.295s | train_time:0.296s | loss:0.990634
[ep 0000 | batch 0279/0500] perturb_time:7.299s | train_time:0.295s | loss:1.114647
[ep 0000 | batch 0280/0500] perturb_time:7.297s | train_time:0.295s | loss:0.636766
[ep 0000 | batch 0281/0500] perturb_time:7.299s | train_time:0.296s | loss:0.666657
[ep 0000 | batch 0282/0500] perturb_time:7.295s | train_time:0.295s | loss:0.837988
[ep 0000 | batch 0283/0500] perturb_time:7.299s | train_time:0.296s | loss:0.687074
[ep 0000 | batch 0284/0500] perturb_time:7.297s | train_time:0.295s | loss:1.059160
[ep 0000 | batch 0285/0500] perturb_time:7.298s | train_time:0.296s | loss:0.879877
[ep 0000 | batch 0286/0500] perturb_time:7.296s | train_time:0.295s | loss:0.696068
[ep 0000 | batch 0287/0500] perturb_time:7.298s | train_time:0.295s | loss:0.681721
[ep 0000 | batch 0288/0500] perturb_time:7.298s | train_time:0.295s | loss:0.908143
[ep 0000 | batch 0289/0500] perturb_time:7.300s | train_time:0.295s | loss:0.737937
[ep 0000 | batch 0290/0500] perturb_time:7.295s | train_time:0.296s | loss:0.870287
[ep 0000 | batch 0291/0500] perturb_time:7.299s | train_time:0.295s | loss:0.776546
[ep 0000 | batch 0292/0500] perturb_time:7.297s | train_time:0.295s | loss:0.814995
[ep 0000 | batch 0293/0500] perturb_time:7.298s | train_time:0.296s | loss:0.797604
[ep 0000 | batch 0294/0500] perturb_time:7.295s | train_time:0.296s | loss:0.867028
[ep 0000 | batch 0295/0500] perturb_time:7.299s | train_time:0.295s | loss:0.799307
[ep 0000 | batch 0296/0500] perturb_time:7.297s | train_time:0.295s | loss:0.837142
[ep 0000 | batch 0297/0500] perturb_time:7.299s | train_time:0.296s | loss:0.807706
[ep 0000 | batch 0298/0500] perturb_time:7.295s | train_time:0.296s | loss:0.848842
[ep 0000 | batch 0299/0500] perturb_time:7.299s | train_time:0.295s | loss:0.828215
[ep 0000 | batch 0300/0500] perturb_time:7.297s | train_time:0.296s | loss:0.857315
[ep 0000 | batch 0301/0500] perturb_time:7.298s | train_time:0.295s | loss:0.912604
[ep 0000 | batch 0302/0500] perturb_time:7.296s | train_time:0.295s | loss:0.927249
[ep 0000 | batch 0303/0500] perturb_time:7.299s | train_time:0.296s | loss:0.722807
[ep 0000 | batch 0304/0500] perturb_time:7.298s | train_time:0.295s | loss:1.048228
[ep 0000 | batch 0305/0500] perturb_time:7.299s | train_time:0.295s | loss:0.882439
[ep 0000 | batch 0306/0500] perturb_time:7.296s | train_time:0.295s | loss:0.832985
[ep 0000 | batch 0307/0500] perturb_time:7.298s | train_time:0.295s | loss:0.784275
[ep 0000 | batch 0308/0500] perturb_time:7.297s | train_time:0.296s | loss:0.827144
[ep 0000 | batch 0309/0500] perturb_time:7.298s | train_time:0.295s | loss:0.847511
[ep 0000 | batch 0310/0500] perturb_time:7.295s | train_time:0.295s | loss:0.747520
[ep 0000 | batch 0311/0500] perturb_time:7.299s | train_time:0.296s | loss:0.759018
[ep 0000 | batch 0312/0500] perturb_time:7.298s | train_time:0.295s | loss:0.904468
[ep 0000 | batch 0313/0500] perturb_time:7.298s | train_time:0.295s | loss:0.721633
[ep 0000 | batch 0314/0500] perturb_time:7.296s | train_time:0.296s | loss:0.878061
[ep 0000 | batch 0315/0500] perturb_time:7.298s | train_time:0.295s | loss:0.711648
[ep 0000 | batch 0316/0500] perturb_time:7.297s | train_time:0.296s | loss:0.746313
[ep 0000 | batch 0317/0500] perturb_time:7.297s | train_time:0.295s | loss:0.789425
[ep 0000 | batch 0318/0500] perturb_time:7.295s | train_time:0.296s | loss:0.704448
[ep 0000 | batch 0319/0500] perturb_time:7.299s | train_time:0.295s | loss:0.730239
[ep 0000 | batch 0320/0500] perturb_time:7.297s | train_time:0.296s | loss:0.660632
[ep 0000 | batch 0321/0500] perturb_time:7.300s | train_time:0.295s | loss:0.840379
[ep 0000 | batch 0322/0500] perturb_time:7.295s | train_time:0.296s | loss:0.841080
[ep 0000 | batch 0323/0500] perturb_time:7.299s | train_time:0.295s | loss:1.020364
[ep 0000 | batch 0324/0500] perturb_time:7.297s | train_time:0.295s | loss:0.830826
[ep 0000 | batch 0325/0500] perturb_time:7.298s | train_time:0.295s | loss:0.793175
[ep 0000 | batch 0326/0500] perturb_time:7.293s | train_time:0.295s | loss:0.908935
[ep 0000 | batch 0327/0500] perturb_time:7.297s | train_time:0.295s | loss:0.849240
[ep 0000 | batch 0328/0500] perturb_time:7.297s | train_time:0.295s | loss:0.930492
[ep 0000 | batch 0329/0500] perturb_time:7.299s | train_time:0.296s | loss:0.797352
[ep 0000 | batch 0330/0500] perturb_time:7.295s | train_time:0.295s | loss:0.792819
[ep 0000 | batch 0331/0500] perturb_time:7.299s | train_time:0.296s | loss:0.756951
[ep 0000 | batch 0332/0500] perturb_time:7.297s | train_time:0.295s | loss:0.741051
[ep 0000 | batch 0333/0500] perturb_time:7.298s | train_time:0.296s | loss:0.836607
[ep 0000 | batch 0334/0500] perturb_time:7.294s | train_time:0.295s | loss:0.965349
[ep 0000 | batch 0335/0500] perturb_time:7.299s | train_time:0.296s | loss:0.842559
[ep 0000 | batch 0336/0500] perturb_time:7.297s | train_time:0.295s | loss:0.664434
[ep 0000 | batch 0337/0500] perturb_time:7.299s | train_time:0.296s | loss:0.780253
[ep 0000 | batch 0338/0500] perturb_time:7.296s | train_time:0.295s | loss:0.851252
[ep 0000 | batch 0339/0500] perturb_time:7.298s | train_time:0.295s | loss:0.826516
[ep 0000 | batch 0340/0500] perturb_time:7.298s | train_time:0.296s | loss:1.000469
[ep 0000 | batch 0341/0500] perturb_time:7.298s | train_time:0.295s | loss:0.882263
[ep 0000 | batch 0342/0500] perturb_time:7.295s | train_time:0.296s | loss:0.895989
[ep 0000 | batch 0343/0500] perturb_time:7.299s | train_time:0.295s | loss:0.803197
[ep 0000 | batch 0344/0500] perturb_time:7.297s | train_time:0.295s | loss:0.737135
[ep 0000 | batch 0345/0500] perturb_time:7.299s | train_time:0.296s | loss:1.016735
[ep 0000 | batch 0346/0500] perturb_time:7.296s | train_time:0.295s | loss:0.743677
[ep 0000 | batch 0347/0500] perturb_time:7.298s | train_time:0.295s | loss:1.088891
[ep 0000 | batch 0348/0500] perturb_time:7.298s | train_time:0.295s | loss:0.770413
[ep 0000 | batch 0349/0500] perturb_time:7.298s | train_time:0.296s | loss:0.816520
[ep 0000 | batch 0350/0500] perturb_time:7.296s | train_time:0.295s | loss:0.847244
[ep 0000 | batch 0351/0500] perturb_time:7.299s | train_time:0.295s | loss:0.851464
[ep 0000 | batch 0352/0500] perturb_time:7.299s | train_time:0.296s | loss:0.616022
[ep 0000 | batch 0353/0500] perturb_time:7.299s | train_time:0.295s | loss:0.863399
[ep 0000 | batch 0354/0500] perturb_time:7.296s | train_time:0.295s | loss:0.799792
[ep 0000 | batch 0355/0500] perturb_time:7.298s | train_time:0.295s | loss:0.783237
[ep 0000 | batch 0356/0500] perturb_time:7.299s | train_time:0.296s | loss:0.820864
[ep 0000 | batch 0357/0500] perturb_time:7.297s | train_time:0.295s | loss:0.972321
[ep 0000 | batch 0358/0500] perturb_time:7.295s | train_time:0.296s | loss:0.680700
[ep 0000 | batch 0359/0500] perturb_time:7.299s | train_time:0.295s | loss:0.750757
[ep 0000 | batch 0360/0500] perturb_time:7.297s | train_time:0.295s | loss:0.758895
[ep 0000 | batch 0361/0500] perturb_time:7.299s | train_time:0.296s | loss:0.838341
[ep 0000 | batch 0362/0500] perturb_time:7.296s | train_time:0.295s | loss:0.688329
[ep 0000 | batch 0363/0500] perturb_time:7.298s | train_time:0.295s | loss:0.712813
[ep 0000 | batch 0364/0500] perturb_time:7.298s | train_time:0.296s | loss:0.807217
[ep 0000 | batch 0365/0500] perturb_time:7.298s | train_time:0.295s | loss:0.725091
[ep 0000 | batch 0366/0500] perturb_time:7.295s | train_time:0.296s | loss:0.809118
[ep 0000 | batch 0367/0500] perturb_time:7.299s | train_time:0.295s | loss:0.738795
[ep 0000 | batch 0368/0500] perturb_time:7.297s | train_time:0.295s | loss:1.132974
[ep 0000 | batch 0369/0500] perturb_time:7.299s | train_time:0.295s | loss:0.632202
[ep 0000 | batch 0370/0500] perturb_time:7.296s | train_time:0.295s | loss:0.893985
[ep 0000 | batch 0371/0500] perturb_time:7.298s | train_time:0.296s | loss:0.699318
[ep 0000 | batch 0372/0500] perturb_time:7.298s | train_time:0.295s | loss:0.838435
[ep 0000 | batch 0373/0500] perturb_time:7.297s | train_time:0.295s | loss:0.497888
[ep 0000 | batch 0374/0500] perturb_time:7.295s | train_time:0.296s | loss:0.918758
[ep 0000 | batch 0375/0500] perturb_time:7.299s | train_time:0.295s | loss:0.700892
[ep 0000 | batch 0376/0500] perturb_time:7.297s | train_time:0.296s | loss:0.709514
[ep 0000 | batch 0377/0500] perturb_time:7.300s | train_time:0.295s | loss:0.707269
[ep 0000 | batch 0378/0500] perturb_time:7.295s | train_time:0.296s | loss:0.738640
[ep 0000 | batch 0379/0500] perturb_time:7.299s | train_time:0.295s | loss:0.985016
[ep 0000 | batch 0380/0500] perturb_time:7.297s | train_time:0.295s | loss:0.805177
[ep 0000 | batch 0381/0500] perturb_time:7.298s | train_time:0.296s | loss:0.660539
[ep 0000 | batch 0382/0500] perturb_time:7.295s | train_time:0.296s | loss:0.871779
[ep 0000 | batch 0383/0500] perturb_time:7.300s | train_time:0.295s | loss:0.789616
[ep 0000 | batch 0384/0500] perturb_time:7.297s | train_time:0.295s | loss:0.656445
[ep 0000 | batch 0385/0500] perturb_time:7.299s | train_time:0.296s | loss:0.789158
[ep 0000 | batch 0386/0500] perturb_time:7.295s | train_time:0.295s | loss:0.703315
[ep 0000 | batch 0387/0500] perturb_time:7.299s | train_time:0.295s | loss:0.732871
[ep 0000 | batch 0388/0500] perturb_time:7.297s | train_time:0.295s | loss:0.770963
[ep 0000 | batch 0389/0500] perturb_time:7.298s | train_time:0.296s | loss:0.777115
[ep 0000 | batch 0390/0500] perturb_time:7.295s | train_time:0.295s | loss:0.858647
[ep 0000 | batch 0391/0500] perturb_time:7.298s | train_time:0.295s | loss:0.954699
[ep 0000 | batch 0392/0500] perturb_time:7.298s | train_time:0.296s | loss:0.772636
[ep 0000 | batch 0393/0500] perturb_time:7.299s | train_time:0.295s | loss:0.752450
[ep 0000 | batch 0394/0500] perturb_time:7.295s | train_time:0.295s | loss:0.696622
[ep 0000 | batch 0395/0500] perturb_time:7.299s | train_time:0.295s | loss:0.911659
[ep 0000 | batch 0396/0500] perturb_time:7.297s | train_time:0.295s | loss:0.733237
[ep 0000 | batch 0397/0500] perturb_time:7.298s | train_time:0.296s | loss:0.857554
[ep 0000 | batch 0398/0500] perturb_time:7.295s | train_time:0.295s | loss:1.120364
[ep 0000 | batch 0399/0500] perturb_time:7.298s | train_time:0.295s | loss:0.774848
[ep 0000 | batch 0400/0500] perturb_time:7.298s | train_time:0.296s | loss:0.759341
[ep 0000 | batch 0401/0500] perturb_time:7.299s | train_time:0.295s | loss:0.763587
[ep 0000 | batch 0402/0500] perturb_time:7.295s | train_time:0.296s | loss:0.818045
[ep 0000 | batch 0403/0500] perturb_time:7.299s | train_time:0.295s | loss:0.933287
[ep 0000 | batch 0404/0500] perturb_time:7.297s | train_time:0.296s | loss:0.773282
[ep 0000 | batch 0405/0500] perturb_time:7.298s | train_time:0.295s | loss:0.841921
[ep 0000 | batch 0406/0500] perturb_time:7.294s | train_time:0.295s | loss:0.839100
[ep 0000 | batch 0407/0500] perturb_time:7.299s | train_time:0.296s | loss:0.747850
[ep 0000 | batch 0408/0500] perturb_time:7.298s | train_time:0.296s | loss:0.724481
[ep 0000 | batch 0409/0500] perturb_time:7.300s | train_time:0.295s | loss:0.700012
[ep 0000 | batch 0410/0500] perturb_time:7.295s | train_time:0.295s | loss:0.784263
[ep 0000 | batch 0411/0500] perturb_time:7.299s | train_time:0.296s | loss:0.868068
[ep 0000 | batch 0412/0500] perturb_time:7.297s | train_time:0.296s | loss:0.741869
[ep 0000 | batch 0413/0500] perturb_time:7.299s | train_time:0.295s | loss:0.988164
[ep 0000 | batch 0414/0500] perturb_time:7.294s | train_time:0.295s | loss:0.697508
[ep 0000 | batch 0415/0500] perturb_time:7.299s | train_time:0.296s | loss:0.846854
[ep 0000 | batch 0416/0500] perturb_time:7.298s | train_time:0.295s | loss:0.777717
[ep 0000 | batch 0417/0500] perturb_time:7.299s | train_time:0.296s | loss:0.729560
[ep 0000 | batch 0418/0500] perturb_time:7.296s | train_time:0.296s | loss:0.788355
[ep 0000 | batch 0419/0500] perturb_time:7.298s | train_time:0.295s | loss:0.811415
[ep 0000 | batch 0420/0500] perturb_time:7.297s | train_time:0.296s | loss:0.950421
[ep 0000 | batch 0421/0500] perturb_time:7.298s | train_time:0.295s | loss:0.848738
[ep 0000 | batch 0422/0500] perturb_time:7.295s | train_time:0.296s | loss:0.973282
[ep 0000 | batch 0423/0500] perturb_time:7.299s | train_time:0.295s | loss:0.834126
[ep 0000 | batch 0424/0500] perturb_time:7.297s | train_time:0.295s | loss:0.689115
[ep 0000 | batch 0425/0500] perturb_time:7.299s | train_time:0.295s | loss:0.797685
[ep 0000 | batch 0426/0500] perturb_time:7.296s | train_time:0.295s | loss:0.917771
[ep 0000 | batch 0427/0500] perturb_time:7.298s | train_time:0.296s | loss:0.835714
[ep 0000 | batch 0428/0500] perturb_time:7.298s | train_time:0.295s | loss:0.707580
[ep 0000 | batch 0429/0500] perturb_time:7.297s | train_time:0.296s | loss:0.839412
[ep 0000 | batch 0430/0500] perturb_time:7.295s | train_time:0.296s | loss:0.861863
[ep 0000 | batch 0431/0500] perturb_time:7.299s | train_time:0.296s | loss:0.867097
[ep 0000 | batch 0432/0500] perturb_time:7.298s | train_time:0.295s | loss:0.824571
[ep 0000 | batch 0433/0500] perturb_time:7.299s | train_time:0.295s | loss:0.835641
[ep 0000 | batch 0434/0500] perturb_time:7.295s | train_time:0.296s | loss:0.795525
[ep 0000 | batch 0435/0500] perturb_time:7.298s | train_time:0.296s | loss:0.816940
[ep 0000 | batch 0436/0500] perturb_time:7.298s | train_time:0.295s | loss:0.774154
[ep 0000 | batch 0437/0500] perturb_time:7.298s | train_time:0.296s | loss:0.740089
[ep 0000 | batch 0438/0500] perturb_time:7.294s | train_time:0.296s | loss:0.843773
[ep 0000 | batch 0439/0500] perturb_time:7.298s | train_time:0.296s | loss:0.955957
[ep 0000 | batch 0440/0500] perturb_time:7.298s | train_time:0.295s | loss:0.701266
[ep 0000 | batch 0441/0500] perturb_time:7.298s | train_time:0.295s | loss:0.719372
[ep 0000 | batch 0442/0500] perturb_time:7.295s | train_time:0.296s | loss:0.877375
[ep 0000 | batch 0443/0500] perturb_time:7.299s | train_time:0.295s | loss:0.791245
[ep 0000 | batch 0444/0500] perturb_time:7.297s | train_time:0.295s | loss:0.773909
[ep 0000 | batch 0445/0500] perturb_time:7.298s | train_time:0.296s | loss:0.738613
[ep 0000 | batch 0446/0500] perturb_time:7.294s | train_time:0.295s | loss:0.736037
[ep 0000 | batch 0447/0500] perturb_time:7.299s | train_time:0.296s | loss:0.947316
[ep 0000 | batch 0448/0500] perturb_time:7.298s | train_time:0.295s | loss:0.824857
[ep 0000 | batch 0449/0500] perturb_time:7.298s | train_time:0.295s | loss:0.841913
[ep 0000 | batch 0450/0500] perturb_time:7.295s | train_time:0.295s | loss:0.691319
[ep 0000 | batch 0451/0500] perturb_time:7.269s | train_time:0.295s | loss:0.884667
[ep 0000 | batch 0452/0500] perturb_time:7.297s | train_time:0.295s | loss:0.730574
[ep 0000 | batch 0453/0500] perturb_time:7.298s | train_time:0.296s | loss:0.758931
[ep 0000 | batch 0454/0500] perturb_time:7.294s | train_time:0.295s | loss:0.741969
[ep 0000 | batch 0455/0500] perturb_time:7.298s | train_time:0.296s | loss:0.719853
[ep 0000 | batch 0456/0500] perturb_time:7.973s | train_time:1.778s | loss:0.713161
[ep 0000 | batch 0457/0500] perturb_time:7.732s | train_time:0.296s | loss:0.768122
[ep 0000 | batch 0458/0500] perturb_time:7.296s | train_time:0.295s | loss:0.813633
[ep 0000 | batch 0459/0500] perturb_time:7.298s | train_time:0.296s | loss:1.171478
[ep 0000 | batch 0460/0500] perturb_time:7.298s | train_time:0.295s | loss:1.075468
[ep 0000 | batch 0461/0500] perturb_time:7.297s | train_time:0.295s | loss:0.817668
[ep 0000 | batch 0462/0500] perturb_time:7.295s | train_time:0.296s | loss:0.734141
[ep 0000 | batch 0463/0500] perturb_time:7.355s | train_time:0.296s | loss:0.707045
[ep 0000 | batch 0464/0500] perturb_time:7.299s | train_time:0.295s | loss:0.687468
[ep 0000 | batch 0465/0500] perturb_time:7.299s | train_time:0.295s | loss:0.889300
[ep 0000 | batch 0466/0500] perturb_time:7.327s | train_time:0.296s | loss:0.806532
[ep 0000 | batch 0467/0500] perturb_time:7.298s | train_time:0.295s | loss:0.697384
[ep 0000 | batch 0468/0500] perturb_time:7.298s | train_time:0.296s | loss:1.018174
[ep 0000 | batch 0469/0500] perturb_time:7.297s | train_time:0.295s | loss:0.771614
[ep 0000 | batch 0470/0500] perturb_time:7.295s | train_time:0.296s | loss:0.671846
[ep 0000 | batch 0471/0500] perturb_time:7.298s | train_time:0.295s | loss:0.713225
[ep 0000 | batch 0472/0500] perturb_time:7.267s | train_time:0.296s | loss:0.566700
[ep 0000 | batch 0473/0500] perturb_time:7.299s | train_time:0.295s | loss:0.750863
[ep 0000 | batch 0474/0500] perturb_time:7.295s | train_time:0.296s | loss:0.873085
[ep 0000 | batch 0475/0500] perturb_time:7.317s | train_time:0.295s | loss:0.875191
[ep 0000 | batch 0476/0500] perturb_time:7.297s | train_time:0.295s | loss:0.986986
[ep 0000 | batch 0477/0500] perturb_time:7.298s | train_time:0.295s | loss:0.784064
[ep 0000 | batch 0478/0500] perturb_time:7.296s | train_time:0.295s | loss:0.910159
[ep 0000 | batch 0479/0500] perturb_time:7.299s | train_time:0.369s | loss:0.901363
[ep 0000 | batch 0480/0500] perturb_time:7.337s | train_time:0.299s | loss:0.807499
[ep 0000 | batch 0481/0500] perturb_time:7.325s | train_time:0.296s | loss:1.047341
[ep 0000 | batch 0482/0500] perturb_time:7.323s | train_time:0.330s | loss:0.880387
[ep 0000 | batch 0483/0500] perturb_time:7.298s | train_time:0.296s | loss:0.659872
[ep 0000 | batch 0484/0500] perturb_time:7.298s | train_time:0.295s | loss:1.008425
[ep 0000 | batch 0485/0500] perturb_time:7.297s | train_time:0.295s | loss:0.770102
[ep 0000 | batch 0486/0500] perturb_time:7.296s | train_time:0.296s | loss:0.824881
[ep 0000 | batch 0487/0500] perturb_time:7.299s | train_time:0.296s | loss:0.864091
[ep 0000 | batch 0488/0500] perturb_time:7.298s | train_time:0.295s | loss:0.814033
[ep 0000 | batch 0489/0500] perturb_time:7.299s | train_time:0.295s | loss:0.767279
[ep 0000 | batch 0490/0500] perturb_time:7.295s | train_time:0.296s | loss:0.820121
[ep 0000 | batch 0491/0500] perturb_time:7.463s | train_time:0.307s | loss:0.926466
[ep 0000 | batch 0492/0500] perturb_time:7.299s | train_time:0.295s | loss:0.687242
[ep 0000 | batch 0493/0500] perturb_time:7.299s | train_time:0.296s | loss:0.694805
[ep 0000 | batch 0494/0500] perturb_time:7.295s | train_time:0.295s | loss:0.879065
[ep 0000 | batch 0495/0500] perturb_time:7.299s | train_time:0.296s | loss:0.820182
[ep 0000 | batch 0496/0500] perturb_time:7.293s | train_time:0.295s | loss:0.831397
[ep 0000 | batch 0497/0500] perturb_time:7.299s | train_time:0.296s | loss:0.871454
⚠️  rollout_seconds took 2.07s for pde_3d_2x256x256_19_1e-05_0.005
[ep 0000 | batch 0498/0500] perturb_time:9.585s | train_time:0.295s | loss:0.699081
[ep 0000 | batch 0499/0500] perturb_time:7.384s | train_time:0.296s | loss:1.033754
[ep 0000 | batch 0500/0500] perturb_time:13.074s | train_time:12.034s | loss:0.648720
