c0903a-s5.ufhpc
Mon Jul 28 03:34:14 AM EDT 2025
/blue/shiboli.fsu/yifeisun.umich/adversarial_robustness_FNO/1D_Burgers_deeponet
Compiling model...
'compile' took 24.671393 s

Warning: epochs is deprecated and will be removed in a future version. Use iterations instead.
Training model...

Step      Train loss    Test loss     Test metric   
0         [4.84e-02]    [4.82e-02]    [4.18e-01]    
1000      [8.79e-03]    [9.88e-03]    [1.92e-01]    
2000      [9.13e-03]    [1.01e-02]    [1.94e-01]    
3000      [7.52e-03]    [8.72e-03]    [1.80e-01]    
4000      [1.36e-02]    [1.48e-02]    [2.35e-01]    
5000      [1.06e-02]    [1.12e-02]    [2.04e-01]    
6000      [9.40e-03]    [1.01e-02]    [1.94e-01]    
7000      [8.75e-03]    [9.79e-03]    [1.91e-01]    
8000      [1.46e-02]    [1.56e-02]    [2.40e-01]    
9000      [1.01e-02]    [1.09e-02]    [2.00e-01]    
10000     [8.02e-03]    [8.97e-03]    [1.82e-01]    
11000     [7.70e-03]    [8.82e-03]    [1.80e-01]    
12000     [1.03e-02]    [1.13e-02]    [2.03e-01]    
13000     [7.97e-03]    [8.89e-03]    [1.81e-01]    
14000     [7.33e-03]    [8.46e-03]    [1.77e-01]    
15000     [6.63e-03]    [8.02e-03]    [1.73e-01]    
16000     [1.28e-02]    [1.40e-02]    [2.29e-01]    
17000     [8.72e-03]    [9.67e-03]    [1.89e-01]    
18000     [7.71e-03]    [8.72e-03]    [1.80e-01]    
19000     [8.29e-03]    [9.31e-03]    [1.85e-01]    
20000     [7.32e-03]    [8.32e-03]    [1.76e-01]    
21000     [8.93e-03]    [1.01e-02]    [1.94e-01]    
22000     [1.09e-02]    [1.18e-02]    [2.09e-01]    
23000     [8.38e-03]    [9.34e-03]    [1.86e-01]    
24000     [7.30e-03]    [8.44e-03]    [1.77e-01]    
25000     [6.87e-03]    [8.11e-03]    [1.74e-01]    
26000     [9.85e-03]    [1.05e-02]    [1.97e-01]    
27000     [8.13e-03]    [8.99e-03]    [1.82e-01]    
28000     [7.32e-03]    [8.21e-03]    [1.74e-01]    
29000     [7.06e-03]    [7.96e-03]    [1.72e-01]    
30000     [6.17e-03]    [7.42e-03]    [1.66e-01]    
31000     [1.17e-02]    [1.24e-02]    [2.14e-01]    
32000     [8.69e-03]    [9.57e-03]    [1.88e-01]    
33000     [7.76e-03]    [8.73e-03]    [1.80e-01]    
34000     [7.55e-03]    [8.85e-03]    [1.81e-01]    
35000     [8.70e-03]    [9.39e-03]    [1.87e-01]    
36000     [6.89e-03]    [7.95e-03]    [1.72e-01]    
37000     [6.17e-03]    [7.48e-03]    [1.66e-01]    
38000     [5.64e-03]    [7.26e-03]    [1.64e-01]    
39000     [1.10e-02]    [1.18e-02]    [2.09e-01]    
40000     [8.17e-03]    [9.11e-03]    [1.84e-01]    
41000     [7.13e-03]    [8.23e-03]    [1.75e-01]    
42000     [6.39e-03]    [7.54e-03]    [1.67e-01]    
43000     [5.71e-03]    [7.01e-03]    [1.61e-01]    
44000     [1.14e-02]    [1.26e-02]    [2.18e-01]    
45000     [4.88e-03]    [6.55e-03]    [1.56e-01]    
46000     [9.86e-03]    [1.10e-02]    [2.01e-01]    
47000     [7.73e-03]    [8.89e-03]    [1.81e-01]    
48000     [6.90e-03]    [8.30e-03]    [1.75e-01]    
49000     [6.19e-03]    [7.85e-03]    [1.70e-01]    
50000     [1.17e-02]    [1.22e-02]    [2.13e-01]    
51000     [7.67e-03]    [8.79e-03]    [1.80e-01]    
52000     [6.22e-03]    [7.54e-03]    [1.67e-01]    
53000     [5.43e-03]    [7.00e-03]    [1.61e-01]    
54000     [6.20e-03]    [7.22e-03]    [1.63e-01]    
55000     [5.38e-03]    [6.53e-03]    [1.56e-01]    
56000     [4.98e-03]    [6.56e-03]    [1.56e-01]    
57000     [5.14e-03]    [7.13e-03]    [1.62e-01]    
58000     [8.62e-03]    [9.51e-03]    [1.88e-01]    
59000     [7.17e-03]    [8.28e-03]    [1.75e-01]    
60000     [6.09e-03]    [7.40e-03]    [1.65e-01]    
61000     [5.49e-03]    [6.94e-03]    [1.60e-01]    
62000     [4.94e-03]    [6.60e-03]    [1.56e-01]    
63000     [4.65e-03]    [6.47e-03]    [1.55e-01]    
64000     [4.33e-03]    [6.36e-03]    [1.53e-01]    
65000     [3.96e-03]    [6.20e-03]    [1.52e-01]    
66000     [3.92e-03]    [6.49e-03]    [1.55e-01]    
67000     [9.25e-03]    [1.03e-02]    [1.95e-01]    
68000     [8.03e-03]    [9.25e-03]    [1.85e-01]    
69000     [6.55e-03]    [7.99e-03]    [1.72e-01]    
70000     [5.98e-03]    [7.70e-03]    [1.69e-01]    
71000     [5.45e-03]    [7.42e-03]    [1.66e-01]    
72000     [5.03e-03]    [7.12e-03]    [1.63e-01]    
73000     [4.67e-03]    [6.81e-03]    [1.59e-01]    
74000     [8.57e-03]    [9.25e-03]    [1.85e-01]    
75000     [6.04e-03]    [7.17e-03]    [1.63e-01]    
76000     [5.23e-03]    [6.76e-03]    [1.58e-01]    
77000     [5.14e-03]    [6.82e-03]    [1.58e-01]    
78000     [4.55e-03]    [6.34e-03]    [1.53e-01]    
79000     [4.11e-03]    [6.34e-03]    [1.52e-01]    
80000     [4.33e-03]    [6.79e-03]    [1.58e-01]    
81000     [3.63e-03]    [6.58e-03]    [1.55e-01]    
82000     [3.71e-03]    [6.86e-03]    [1.58e-01]    
83000     [3.42e-03]    [6.84e-03]    [1.57e-01]    
84000     [3.16e-03]    [6.89e-03]    [1.58e-01]    
85000     [3.09e-03]    [7.08e-03]    [1.60e-01]    
86000     [2.92e-03]    [7.13e-03]    [1.61e-01]    
87000     [3.00e-03]    [7.38e-03]    [1.64e-01]    
88000     [2.72e-03]    [7.35e-03]    [1.63e-01]    
89000     [2.65e-03]    [7.60e-03]    [1.66e-01]    
90000     [2.54e-03]    [7.75e-03]    [1.67e-01]    
91000     [2.51e-03]    [8.06e-03]    [1.70e-01]    
92000     [2.48e-03]    [8.33e-03]    [1.73e-01]    
93000     [2.42e-03]    [8.47e-03]    [1.74e-01]    
94000     [2.32e-03]    [8.59e-03]    [1.75e-01]    
95000     [2.28e-03]    [8.73e-03]    [1.77e-01]    
96000     [2.23e-03]    [8.90e-03]    [1.78e-01]    
97000     [2.15e-03]    [9.02e-03]    [1.79e-01]    
98000     [2.14e-03]    [9.22e-03]    [1.81e-01]    
99000     [2.18e-03]    [9.40e-03]    [1.83e-01]    
100000    [2.09e-03]    [9.50e-03]    [1.84e-01]    
101000    [2.01e-03]    [9.54e-03]    [1.84e-01]    
102000    [2.05e-03]    [9.82e-03]    [1.87e-01]    
103000    [2.02e-03]    [1.00e-02]    [1.88e-01]    
104000    [1.96e-03]    [1.01e-02]    [1.89e-01]    
105000    [1.90e-03]    [1.02e-02]    [1.90e-01]    
106000    [1.93e-03]    [1.04e-02]    [1.92e-01]    
107000    [1.85e-03]    [1.05e-02]    [1.92e-01]    
108000    [1.86e-03]    [1.06e-02]    [1.93e-01]    
109000    [1.87e-03]    [1.08e-02]    [1.95e-01]    
110000    [1.81e-03]    [1.08e-02]    [1.95e-01]    
111000    [1.82e-03]    [1.10e-02]    [1.97e-01]    
112000    [1.73e-03]    [1.10e-02]    [1.97e-01]    
113000    [1.74e-03]    [1.11e-02]    [1.98e-01]    
114000    [1.79e-03]    [1.13e-02]    [2.00e-01]    
115000    [1.73e-03]    [1.13e-02]    [1.99e-01]    
116000    [1.71e-03]    [1.14e-02]    [2.01e-01]    
117000    [1.70e-03]    [1.15e-02]    [2.01e-01]    
118000    [1.62e-03]    [1.16e-02]    [2.02e-01]    
119000    [1.72e-03]    [1.17e-02]    [2.03e-01]    
120000    [1.75e-03]    [1.19e-02]    [2.05e-01]    
121000    [1.65e-03]    [1.18e-02]    [2.05e-01]    
122000    [1.58e-03]    [1.19e-02]    [2.05e-01]    
123000    [1.53e-03]    [1.20e-02]    [2.06e-01]    
124000    [1.66e-03]    [1.21e-02]    [2.07e-01]    
125000    [1.52e-03]    [1.21e-02]    [2.07e-01]    
126000    [1.55e-03]    [1.22e-02]    [2.08e-01]    
127000    [1.57e-03]    [1.24e-02]    [2.10e-01]    
128000    [1.47e-03]    [1.24e-02]    [2.09e-01]    
129000    [1.55e-03]    [1.25e-02]    [2.11e-01]    
130000    [1.48e-03]    [1.25e-02]    [2.11e-01]    
131000    [1.48e-03]    [1.25e-02]    [2.11e-01]    
132000    [1.45e-03]    [1.26e-02]    [2.12e-01]    
133000    [1.46e-03]    [1.27e-02]    [2.13e-01]    
134000    [1.44e-03]    [1.28e-02]    [2.13e-01]    
135000    [1.44e-03]    [1.28e-02]    [2.14e-01]    
136000    [1.40e-03]    [1.29e-02]    [2.14e-01]    
137000    [1.42e-03]    [1.30e-02]    [2.15e-01]    
138000    [1.38e-03]    [1.30e-02]    [2.15e-01]    
139000    [1.39e-03]    [1.31e-02]    [2.16e-01]    
140000    [1.37e-03]    [1.31e-02]    [2.16e-01]    
141000    [1.39e-03]    [1.32e-02]    [2.17e-01]    
142000    [1.36e-03]    [1.32e-02]    [2.17e-01]    
143000    [1.33e-03]    [1.33e-02]    [2.17e-01]    
144000    [1.35e-03]    [1.33e-02]    [2.18e-01]    
145000    [1.32e-03]    [1.34e-02]    [2.18e-01]    
146000    [1.37e-03]    [1.34e-02]    [2.19e-01]    
147000    [1.33e-03]    [1.35e-02]    [2.19e-01]    
148000    [1.31e-03]    [1.36e-02]    [2.20e-01]    
149000    [1.30e-03]    [1.36e-02]    [2.20e-01]    
150000    [1.28e-03]    [1.37e-02]    [2.21e-01]    
151000    [1.32e-03]    [1.37e-02]    [2.21e-01]    
152000    [1.28e-03]    [1.38e-02]    [2.22e-01]    
153000    [1.28e-03]    [1.38e-02]    [2.22e-01]    
154000    [1.29e-03]    [1.39e-02]    [2.23e-01]    
155000    [1.27e-03]    [1.40e-02]    [2.23e-01]    
156000    [1.25e-03]    [1.40e-02]    [2.23e-01]    
157000    [1.29e-03]    [1.41e-02]    [2.24e-01]    
158000    [1.26e-03]    [1.41e-02]    [2.25e-01]    
159000    [1.26e-03]    [1.42e-02]    [2.25e-01]    
160000    [1.25e-03]    [1.43e-02]    [2.26e-01]    
161000    [1.24e-03]    [1.43e-02]    [2.26e-01]    
162000    [1.24e-03]    [1.44e-02]    [2.27e-01]    
163000    [1.21e-03]    [1.44e-02]    [2.27e-01]    
164000    [1.26e-03]    [1.45e-02]    [2.28e-01]    
165000    [1.23e-03]    [1.46e-02]    [2.28e-01]    
166000    [1.26e-03]    [1.47e-02]    [2.29e-01]    
167000    [1.24e-03]    [1.47e-02]    [2.29e-01]    
168000    [1.20e-03]    [1.47e-02]    [2.29e-01]    
169000    [1.25e-03]    [1.48e-02]    [2.30e-01]    
170000    [1.17e-03]    [1.48e-02]    [2.30e-01]    
171000    [1.17e-03]    [1.49e-02]    [2.30e-01]    
172000    [1.17e-03]    [1.50e-02]    [2.31e-01]    
173000    [1.28e-03]    [1.52e-02]    [2.32e-01]    
174000    [1.17e-03]    [1.51e-02]    [2.32e-01]    
175000    [1.18e-03]    [1.52e-02]    [2.33e-01]    
176000    [1.14e-03]    [1.52e-02]    [2.33e-01]    
177000    [1.14e-03]    [1.53e-02]    [2.33e-01]    
178000    [1.15e-03]    [1.54e-02]    [2.34e-01]    
179000    [1.15e-03]    [1.54e-02]    [2.35e-01]    
180000    [1.16e-03]    [1.55e-02]    [2.35e-01]    
181000    [1.16e-03]    [1.56e-02]    [2.36e-01]    
182000    [1.15e-03]    [1.57e-02]    [2.36e-01]    
183000    [1.15e-03]    [1.57e-02]    [2.37e-01]    
184000    [1.13e-03]    [1.58e-02]    [2.37e-01]    
185000    [1.11e-03]    [1.58e-02]    [2.37e-01]    
186000    [1.11e-03]    [1.59e-02]    [2.38e-01]    
187000    [1.13e-03]    [1.60e-02]    [2.39e-01]    
188000    [1.11e-03]    [1.61e-02]    [2.39e-01]    
189000    [1.12e-03]    [1.61e-02]    [2.39e-01]    
190000    [1.12e-03]    [1.62e-02]    [2.40e-01]    
191000    [1.11e-03]    [1.63e-02]    [2.40e-01]    
192000    [1.11e-03]    [1.63e-02]    [2.41e-01]    
193000    [1.08e-03]    [1.64e-02]    [2.41e-01]    
194000    [1.12e-03]    [1.65e-02]    [2.42e-01]    
195000    [1.08e-03]    [1.65e-02]    [2.42e-01]    
196000    [1.09e-03]    [1.66e-02]    [2.43e-01]    
197000    [1.20e-03]    [1.67e-02]    [2.44e-01]    
198000    [1.07e-03]    [1.67e-02]    [2.43e-01]    
199000    [1.07e-03]    [1.67e-02]    [2.44e-01]    
200000    [1.08e-03]    [1.68e-02]    [2.44e-01]    
201000    [1.08e-03]    [1.68e-02]    [2.44e-01]    
202000    [1.07e-03]    [1.69e-02]    [2.45e-01]    
203000    [1.11e-03]    [1.71e-02]    [2.46e-01]    
204000    [1.09e-03]    [1.70e-02]    [2.46e-01]    
205000    [1.07e-03]    [1.71e-02]    [2.46e-01]    
206000    [1.05e-03]    [1.71e-02]    [2.47e-01]    
207000    [1.05e-03]    [1.72e-02]    [2.47e-01]    
208000    [1.08e-03]    [1.73e-02]    [2.48e-01]    
209000    [1.04e-03]    [1.73e-02]    [2.48e-01]    
210000    [1.08e-03]    [1.74e-02]    [2.48e-01]    
211000    [1.08e-03]    [1.75e-02]    [2.49e-01]    
212000    [1.05e-03]    [1.75e-02]    [2.49e-01]    
213000    [1.12e-03]    [1.77e-02]    [2.50e-01]    
214000    [1.03e-03]    [1.76e-02]    [2.50e-01]    
215000    [1.04e-03]    [1.77e-02]    [2.50e-01]    
216000    [1.05e-03]    [1.76e-02]    [2.50e-01]    
217000    [1.03e-03]    [1.78e-02]    [2.51e-01]    
218000    [1.03e-03]    [1.78e-02]    [2.51e-01]    
219000    [1.01e-03]    [1.79e-02]    [2.51e-01]    
220000    [1.01e-03]    [1.79e-02]    [2.51e-01]    
221000    [1.05e-03]    [1.80e-02]    [2.52e-01]    
222000    [1.01e-03]    [1.81e-02]    [2.53e-01]    
223000    [1.04e-03]    [1.81e-02]    [2.53e-01]    
224000    [1.01e-03]    [1.81e-02]    [2.53e-01]    
225000    [1.07e-03]    [1.83e-02]    [2.54e-01]    
226000    [1.02e-03]    [1.82e-02]    [2.54e-01]    
227000    [1.03e-03]    [1.83e-02]    [2.55e-01]    
228000    [1.02e-03]    [1.83e-02]    [2.54e-01]    
229000    [9.89e-04]    [1.84e-02]    [2.55e-01]    
230000    [1.01e-03]    [1.84e-02]    [2.55e-01]    
231000    [9.78e-04]    [1.85e-02]    [2.55e-01]    
232000    [1.00e-03]    [1.85e-02]    [2.56e-01]    
233000    [9.91e-04]    [1.86e-02]    [2.56e-01]    
234000    [9.81e-04]    [1.86e-02]    [2.57e-01]    
235000    [9.91e-04]    [1.87e-02]    [2.57e-01]    
236000    [1.03e-03]    [1.88e-02]    [2.57e-01]    
237000    [9.92e-04]    [1.87e-02]    [2.57e-01]    
238000    [9.85e-04]    [1.88e-02]    [2.58e-01]    
239000    [1.02e-03]    [1.88e-02]    [2.58e-01]    
240000    [1.00e-03]    [1.90e-02]    [2.59e-01]    
241000    [9.89e-04]    [1.89e-02]    [2.59e-01]    
242000    [9.63e-04]    [1.90e-02]    [2.59e-01]    
243000    [9.76e-04]    [1.91e-02]    [2.59e-01]    
244000    [9.69e-04]    [1.92e-02]    [2.60e-01]    
245000    [9.67e-04]    [1.91e-02]    [2.60e-01]    
246000    [9.60e-04]    [1.92e-02]    [2.60e-01]    
247000    [9.50e-04]    [1.92e-02]    [2.60e-01]    
248000    [9.49e-04]    [1.93e-02]    [2.61e-01]    
249000    [9.47e-04]    [1.93e-02]    [2.61e-01]    
250000    [9.60e-04]    [1.93e-02]    [2.61e-01]    
251000    [9.60e-04]    [1.94e-02]    [2.62e-01]    
252000    [9.47e-04]    [1.94e-02]    [2.62e-01]    
253000    [9.53e-04]    [1.95e-02]    [2.62e-01]    
254000    [9.60e-04]    [1.96e-02]    [2.63e-01]    
255000    [9.41e-04]    [1.96e-02]    [2.63e-01]    
256000    [9.48e-04]    [1.96e-02]    [2.63e-01]    
257000    [9.59e-04]    [1.97e-02]    [2.63e-01]    
258000    [9.32e-04]    [1.97e-02]    [2.64e-01]    
259000    [9.41e-04]    [1.97e-02]    [2.64e-01]    
260000    [9.38e-04]    [1.98e-02]    [2.64e-01]    
261000    [9.32e-04]    [1.99e-02]    [2.65e-01]    
262000    [9.27e-04]    [1.99e-02]    [2.65e-01]    
263000    [9.42e-04]    [1.99e-02]    [2.65e-01]    
264000    [9.22e-04]    [2.00e-02]    [2.65e-01]    
265000    [9.39e-04]    [1.99e-02]    [2.65e-01]    
266000    [9.38e-04]    [2.01e-02]    [2.66e-01]    
267000    [9.61e-04]    [2.00e-02]    [2.66e-01]    
268000    [9.38e-04]    [2.01e-02]    [2.66e-01]    
269000    [9.20e-04]    [2.01e-02]    [2.66e-01]    
270000    [9.32e-04]    [2.02e-02]    [2.67e-01]    
271000    [9.24e-04]    [2.02e-02]    [2.67e-01]    
272000    [9.15e-04]    [2.03e-02]    [2.67e-01]    
273000    [9.38e-04]    [2.03e-02]    [2.67e-01]    
274000    [9.55e-04]    [2.03e-02]    [2.67e-01]    
275000    [9.27e-04]    [2.04e-02]    [2.68e-01]    
276000    [9.13e-04]    [2.04e-02]    [2.68e-01]    
277000    [9.07e-04]    [2.05e-02]    [2.68e-01]    
278000    [9.50e-04]    [2.04e-02]    [2.68e-01]    
279000    [9.28e-04]    [2.05e-02]    [2.68e-01]    
280000    [9.34e-04]    [2.06e-02]    [2.69e-01]    
281000    [1.01e-03]    [2.06e-02]    [2.70e-01]    
282000    [9.05e-04]    [2.05e-02]    [2.69e-01]    
283000    [9.11e-04]    [2.06e-02]    [2.69e-01]    
284000    [9.23e-04]    [2.06e-02]    [2.69e-01]    
285000    [8.94e-04]    [2.07e-02]    [2.70e-01]    
286000    [9.10e-04]    [2.08e-02]    [2.70e-01]    
287000    [8.93e-04]    [2.08e-02]    [2.70e-01]    
288000    [9.07e-04]    [2.09e-02]    [2.71e-01]    
289000    [8.88e-04]    [2.08e-02]    [2.71e-01]    
290000    [9.19e-04]    [2.09e-02]    [2.71e-01]    
291000    [8.92e-04]    [2.09e-02]    [2.71e-01]    
292000    [8.85e-04]    [2.10e-02]    [2.71e-01]    
293000    [8.86e-04]    [2.09e-02]    [2.71e-01]    
294000    [8.88e-04]    [2.10e-02]    [2.72e-01]    
295000    [9.09e-04]    [2.11e-02]    [2.72e-01]    
296000    [8.77e-04]    [2.10e-02]    [2.72e-01]    
297000    [8.73e-04]    [2.11e-02]    [2.72e-01]    
298000    [9.04e-04]    [2.11e-02]    [2.73e-01]    
299000    [8.89e-04]    [2.12e-02]    [2.73e-01]    
300000    [8.69e-04]    [2.12e-02]    [2.73e-01]    
301000    [8.90e-04]    [2.12e-02]    [2.73e-01]    
302000    [8.76e-04]    [2.12e-02]    [2.73e-01]    
303000    [8.71e-04]    [2.12e-02]    [2.73e-01]    
304000    [8.72e-04]    [2.13e-02]    [2.73e-01]    
305000    [8.64e-04]    [2.13e-02]    [2.74e-01]    
306000    [8.89e-04]    [2.14e-02]    [2.74e-01]    
307000    [8.76e-04]    [2.14e-02]    [2.74e-01]    
308000    [8.84e-04]    [2.14e-02]    [2.74e-01]    
309000    [8.63e-04]    [2.15e-02]    [2.75e-01]    
310000    [8.74e-04]    [2.15e-02]    [2.75e-01]    
311000    [8.54e-04]    [2.15e-02]    [2.75e-01]    
312000    [8.70e-04]    [2.15e-02]    [2.75e-01]    
313000    [8.79e-04]    [2.16e-02]    [2.76e-01]    
314000    [8.58e-04]    [2.16e-02]    [2.76e-01]    
315000    [8.53e-04]    [2.16e-02]    [2.76e-01]    
316000    [8.57e-04]    [2.17e-02]    [2.76e-01]    
317000    [8.63e-04]    [2.17e-02]    [2.76e-01]    
318000    [8.49e-04]    [2.17e-02]    [2.76e-01]    
319000    [8.69e-04]    [2.18e-02]    [2.77e-01]    
320000    [8.54e-04]    [2.18e-02]    [2.77e-01]    
321000    [8.47e-04]    [2.18e-02]    [2.77e-01]    
322000    [8.47e-04]    [2.18e-02]    [2.77e-01]    
323000    [8.77e-04]    [2.19e-02]    [2.77e-01]    
324000    [8.68e-04]    [2.19e-02]    [2.77e-01]    
325000    [8.44e-04]    [2.19e-02]    [2.77e-01]    
326000    [8.48e-04]    [2.19e-02]    [2.77e-01]    
327000    [8.43e-04]    [2.19e-02]    [2.78e-01]    
328000    [8.35e-04]    [2.20e-02]    [2.78e-01]    
329000    [8.72e-04]    [2.20e-02]    [2.78e-01]    
330000    [8.55e-04]    [2.20e-02]    [2.78e-01]    
331000    [8.34e-04]    [2.21e-02]    [2.78e-01]    
332000    [8.41e-04]    [2.21e-02]    [2.79e-01]    
333000    [8.49e-04]    [2.22e-02]    [2.79e-01]    
334000    [8.44e-04]    [2.22e-02]    [2.79e-01]    
335000    [8.42e-04]    [2.22e-02]    [2.79e-01]    
336000    [8.43e-04]    [2.22e-02]    [2.79e-01]    
337000    [8.57e-04]    [2.22e-02]    [2.80e-01]    
338000    [8.38e-04]    [2.22e-02]    [2.79e-01]    
339000    [8.37e-04]    [2.23e-02]    [2.80e-01]    
340000    [8.29e-04]    [2.23e-02]    [2.80e-01]    
341000    [8.31e-04]    [2.23e-02]    [2.80e-01]    
342000    [8.24e-04]    [2.23e-02]    [2.80e-01]    
343000    [8.34e-04]    [2.24e-02]    [2.81e-01]    
344000    [8.39e-04]    [2.24e-02]    [2.81e-01]    
345000    [8.65e-04]    [2.24e-02]    [2.81e-01]    
346000    [8.33e-04]    [2.24e-02]    [2.81e-01]    
347000    [8.31e-04]    [2.24e-02]    [2.81e-01]    
348000    [8.31e-04]    [2.25e-02]    [2.81e-01]    
349000    [8.38e-04]    [2.25e-02]    [2.82e-01]    
350000    [8.17e-04]    [2.25e-02]    [2.82e-01]    
351000    [8.49e-04]    [2.25e-02]    [2.82e-01]    
352000    [8.25e-04]    [2.26e-02]    [2.82e-01]    
353000    [8.15e-04]    [2.26e-02]    [2.82e-01]    
354000    [8.16e-04]    [2.27e-02]    [2.82e-01]    
355000    [8.31e-04]    [2.27e-02]    [2.83e-01]    
356000    [8.19e-04]    [2.27e-02]    [2.83e-01]    
357000    [8.07e-04]    [2.27e-02]    [2.83e-01]    
358000    [8.25e-04]    [2.27e-02]    [2.83e-01]    
359000    [8.19e-04]    [2.27e-02]    [2.83e-01]    
360000    [8.13e-04]    [2.28e-02]    [2.83e-01]    
361000    [8.18e-04]    [2.27e-02]    [2.83e-01]    
362000    [8.04e-04]    [2.28e-02]    [2.83e-01]    
363000    [8.16e-04]    [2.28e-02]    [2.83e-01]    
364000    [8.32e-04]    [2.28e-02]    [2.84e-01]    
365000    [8.27e-04]    [2.28e-02]    [2.84e-01]    
366000    [8.11e-04]    [2.28e-02]    [2.84e-01]    
367000    [8.30e-04]    [2.29e-02]    [2.84e-01]    
368000    [8.14e-04]    [2.29e-02]    [2.84e-01]    
369000    [8.05e-04]    [2.29e-02]    [2.84e-01]    
370000    [8.18e-04]    [2.30e-02]    [2.85e-01]    
371000    [7.97e-04]    [2.30e-02]    [2.85e-01]    
372000    [8.28e-04]    [2.30e-02]    [2.85e-01]    
373000    [8.41e-04]    [2.30e-02]    [2.85e-01]    
374000    [8.16e-04]    [2.30e-02]    [2.85e-01]    
375000    [7.96e-04]    [2.30e-02]    [2.85e-01]    
376000    [8.04e-04]    [2.31e-02]    [2.85e-01]    
377000    [8.04e-04]    [2.31e-02]    [2.85e-01]    
378000    [8.19e-04]    [2.31e-02]    [2.86e-01]    
379000    [8.62e-04]    [2.31e-02]    [2.86e-01]    
380000    [8.06e-04]    [2.31e-02]    [2.86e-01]    
381000    [8.02e-04]    [2.31e-02]    [2.86e-01]    
382000    [8.01e-04]    [2.32e-02]    [2.86e-01]    
383000    [7.93e-04]    [2.32e-02]    [2.86e-01]    
384000    [7.99e-04]    [2.32e-02]    [2.87e-01]    
385000    [7.92e-04]    [2.32e-02]    [2.87e-01]    
386000    [8.00e-04]    [2.33e-02]    [2.87e-01]    
387000    [7.89e-04]    [2.33e-02]    [2.87e-01]    
388000    [8.06e-04]    [2.32e-02]    [2.87e-01]    
389000    [8.07e-04]    [2.33e-02]    [2.87e-01]    
390000    [7.94e-04]    [2.33e-02]    [2.87e-01]    
391000    [8.06e-04]    [2.34e-02]    [2.88e-01]    
392000    [8.07e-04]    [2.34e-02]    [2.88e-01]    
393000    [7.87e-04]    [2.34e-02]    [2.88e-01]    
394000    [7.81e-04]    [2.34e-02]    [2.88e-01]    
395000    [8.15e-04]    [2.34e-02]    [2.88e-01]    
396000    [7.99e-04]    [2.35e-02]    [2.88e-01]    
397000    [7.81e-04]    [2.35e-02]    [2.89e-01]    
398000    [7.90e-04]    [2.35e-02]    [2.88e-01]    
399000    [7.84e-04]    [2.35e-02]    [2.89e-01]    
400000    [8.11e-04]    [2.35e-02]    [2.89e-01]    
401000    [8.02e-04]    [2.36e-02]    [2.89e-01]    
402000    [7.82e-04]    [2.36e-02]    [2.89e-01]    
403000    [8.00e-04]    [2.36e-02]    [2.89e-01]    
404000    [7.87e-04]    [2.36e-02]    [2.89e-01]    
405000    [8.00e-04]    [2.36e-02]    [2.89e-01]    
406000    [7.80e-04]    [2.37e-02]    [2.90e-01]    
407000    [7.79e-04]    [2.37e-02]    [2.90e-01]    
408000    [7.83e-04]    [2.37e-02]    [2.90e-01]    
409000    [7.78e-04]    [2.37e-02]    [2.90e-01]    
410000    [7.90e-04]    [2.37e-02]    [2.90e-01]    
411000    [7.90e-04]    [2.38e-02]    [2.91e-01]    
412000    [7.86e-04]    [2.38e-02]    [2.91e-01]    
413000    [7.89e-04]    [2.38e-02]    [2.91e-01]    
414000    [7.86e-04]    [2.39e-02]    [2.91e-01]    
415000    [7.77e-04]    [2.39e-02]    [2.91e-01]    
416000    [7.70e-04]    [2.39e-02]    [2.91e-01]    
417000    [7.80e-04]    [2.39e-02]    [2.91e-01]    
418000    [7.71e-04]    [2.39e-02]    [2.91e-01]    
419000    [8.16e-04]    [2.40e-02]    [2.92e-01]    
420000    [7.69e-04]    [2.40e-02]    [2.92e-01]    
421000    [7.80e-04]    [2.41e-02]    [2.92e-01]    
422000    [8.37e-04]    [2.41e-02]    [2.92e-01]    
423000    [7.71e-04]    [2.41e-02]    [2.92e-01]    
424000    [7.73e-04]    [2.41e-02]    [2.93e-01]    
425000    [7.71e-04]    [2.41e-02]    [2.93e-01]    
426000    [7.74e-04]    [2.41e-02]    [2.93e-01]    
427000    [7.62e-04]    [2.42e-02]    [2.93e-01]    
428000    [7.67e-04]    [2.41e-02]    [2.93e-01]    
429000    [7.67e-04]    [2.42e-02]    [2.93e-01]    
430000    [7.66e-04]    [2.42e-02]    [2.93e-01]    
431000    [7.71e-04]    [2.42e-02]    [2.93e-01]    
432000    [7.69e-04]    [2.43e-02]    [2.94e-01]    
433000    [7.64e-04]    [2.43e-02]    [2.94e-01]    
434000    [7.65e-04]    [2.43e-02]    [2.94e-01]    
435000    [7.68e-04]    [2.43e-02]    [2.94e-01]    
436000    [7.73e-04]    [2.44e-02]    [2.94e-01]    
437000    [7.62e-04]    [2.44e-02]    [2.95e-01]    
438000    [7.61e-04]    [2.44e-02]    [2.94e-01]    
439000    [7.78e-04]    [2.44e-02]    [2.95e-01]    
440000    [7.67e-04]    [2.45e-02]    [2.95e-01]    
441000    [7.79e-04]    [2.45e-02]    [2.95e-01]    
442000    [7.58e-04]    [2.45e-02]    [2.95e-01]    
443000    [7.57e-04]    [2.46e-02]    [2.95e-01]    
444000    [7.73e-04]    [2.46e-02]    [2.96e-01]    
445000    [7.51e-04]    [2.45e-02]    [2.95e-01]    
446000    [7.62e-04]    [2.46e-02]    [2.96e-01]    
447000    [7.73e-04]    [2.46e-02]    [2.96e-01]    
448000    [7.51e-04]    [2.46e-02]    [2.96e-01]    
449000    [7.64e-04]    [2.47e-02]    [2.96e-01]    
450000    [7.54e-04]    [2.47e-02]    [2.96e-01]    
451000    [7.50e-04]    [2.47e-02]    [2.96e-01]    
452000    [7.59e-04]    [2.47e-02]    [2.97e-01]    
453000    [7.59e-04]    [2.48e-02]    [2.97e-01]    
454000    [7.51e-04]    [2.48e-02]    [2.97e-01]    
455000    [7.74e-04]    [2.48e-02]    [2.97e-01]    
456000    [7.48e-04]    [2.48e-02]    [2.97e-01]    
457000    [7.45e-04]    [2.49e-02]    [2.98e-01]    
458000    [7.69e-04]    [2.49e-02]    [2.98e-01]    
459000    [7.78e-04]    [2.49e-02]    [2.98e-01]    
460000    [7.46e-04]    [2.50e-02]    [2.98e-01]    
461000    [7.54e-04]    [2.50e-02]    [2.98e-01]    
462000    [7.45e-04]    [2.50e-02]    [2.98e-01]    
463000    [7.47e-04]    [2.50e-02]    [2.99e-01]    
464000    [7.49e-04]    [2.50e-02]    [2.98e-01]    
465000    [7.48e-04]    [2.50e-02]    [2.99e-01]    
466000    [7.54e-04]    [2.51e-02]    [2.99e-01]    
467000    [7.66e-04]    [2.51e-02]    [2.99e-01]    
468000    [7.48e-04]    [2.52e-02]    [2.99e-01]    
469000    [7.46e-04]    [2.51e-02]    [2.99e-01]    
470000    [7.43e-04]    [2.52e-02]    [3.00e-01]    
471000    [7.48e-04]    [2.53e-02]    [3.00e-01]    
472000    [7.45e-04]    [2.52e-02]    [3.00e-01]    
473000    [7.41e-04]    [2.53e-02]    [3.00e-01]    
474000    [7.49e-04]    [2.53e-02]    [3.00e-01]    
475000    [7.48e-04]    [2.53e-02]    [3.00e-01]    
476000    [7.57e-04]    [2.53e-02]    [3.00e-01]    
477000    [7.57e-04]    [2.53e-02]    [3.01e-01]    
478000    [7.43e-04]    [2.54e-02]    [3.01e-01]    
479000    [7.47e-04]    [2.54e-02]    [3.01e-01]    
480000    [7.52e-04]    [2.55e-02]    [3.01e-01]    
481000    [7.41e-04]    [2.54e-02]    [3.01e-01]    
482000    [7.48e-04]    [2.55e-02]    [3.01e-01]    
483000    [7.50e-04]    [2.55e-02]    [3.01e-01]    
484000    [7.33e-04]    [2.55e-02]    [3.02e-01]    
485000    [7.53e-04]    [2.55e-02]    [3.02e-01]    
486000    [7.43e-04]    [2.55e-02]    [3.02e-01]    
487000    [7.31e-04]    [2.56e-02]    [3.02e-01]    
488000    [7.35e-04]    [2.56e-02]    [3.02e-01]    
489000    [7.53e-04]    [2.56e-02]    [3.02e-01]    
490000    [7.31e-04]    [2.57e-02]    [3.02e-01]    
491000    [7.46e-04]    [2.57e-02]    [3.03e-01]    
492000    [7.39e-04]    [2.57e-02]    [3.03e-01]    
493000    [7.35e-04]    [2.58e-02]    [3.03e-01]    
494000    [7.27e-04]    [2.58e-02]    [3.03e-01]    
495000    [7.33e-04]    [2.58e-02]    [3.03e-01]    
496000    [7.30e-04]    [2.58e-02]    [3.03e-01]    
497000    [7.34e-04]    [2.58e-02]    [3.03e-01]    
498000    [7.34e-04]    [2.58e-02]    [3.04e-01]    
499000    [7.40e-04]    [2.59e-02]    [3.04e-01]    
500000    [7.37e-04]    [2.59e-02]    [3.04e-01]    

Best model at step 494000:
  train loss: 7.27e-04
  test loss: 2.58e-02
  test metric: [3.03e-01]

'train' took 1671.349454 s


Training done ...

训练完成！模型和标准化器已保存到: saved_models/deepxde_2/DeepONet_b1024_lr0.001_ep500000_20250728_040417
