c1000a-s5.ufhpc
Wed Jul  9 05:29:29 AM EDT 2025
/blue/shiboli.fsu/yifeisun.umich/adversarial_robustness_FNO/1D_Burgers_deeponet
当前工作目录 (cwd): /blue/shiboli.fsu/yifeisun.umich/adversarial_robustness_FNO/1D_Burgers_deeponet
脚本所在目录: /blue/shiboli.fsu/yifeisun.umich/adversarial_robustness_FNO/1D_Burgers_deeponet/training_models
目标文件路径: /blue/shiboli.fsu/yifeisun.umich/adversarial_robustness_FNO/datasets/dim1d_nx1024_N1400_train.pt
文件是否存在: False
Branch net sizes: 640, 320, 320, 640
Trunk net sizes: 640, 320, 320, 640
Branch net layers: 4
Trunk net layers: 4
Total trainable parameters: 1,683,841
Branch net params: 1,169,280
Trunk net params: 514,560
Total trainable parameters: 1,683,840
Compiling model...
'compile' took 20.294629 s

Training model...

Step      Train loss    Test loss     Test metric   
0         [2.14e-01]    [2.07e-01]    [8.65e-01]    
1000      [7.87e-03]    [9.16e-03]    [1.86e-01]    
2000      [5.83e-03]    [8.10e-03]    [1.74e-01]    
3000      [4.95e-03]    [8.15e-03]    [1.75e-01]    
4000      [4.26e-03]    [8.43e-03]    [1.80e-01]    
5000      [3.77e-03]    [8.79e-03]    [1.83e-01]    
6000      [3.52e-03]    [9.47e-03]    [1.90e-01]    
7000      [2.80e-03]    [9.77e-03]    [1.92e-01]    
8000      [2.71e-03]    [1.04e-02]    [1.99e-01]    
9000      [2.30e-03]    [1.08e-02]    [2.02e-01]    
10000     [2.17e-03]    [1.14e-02]    [2.06e-01]    
11000     [1.93e-03]    [1.20e-02]    [2.12e-01]    
12000     [1.69e-03]    [1.26e-02]    [2.17e-01]    
13000     [1.57e-03]    [1.29e-02]    [2.19e-01]    
14000     [1.45e-03]    [1.35e-02]    [2.24e-01]    
15000     [1.54e-03]    [1.40e-02]    [2.30e-01]    
16000     [1.32e-03]    [1.44e-02]    [2.32e-01]    
17000     [1.18e-03]    [1.47e-02]    [2.35e-01]    
18000     [1.58e-03]    [1.53e-02]    [2.38e-01]    
19000     [1.28e-03]    [1.53e-02]    [2.39e-01]    
20000     [1.07e-03]    [1.56e-02]    [2.42e-01]    
21000     [1.09e-03]    [1.60e-02]    [2.45e-01]    
22000     [9.49e-04]    [1.63e-02]    [2.46e-01]    
23000     [9.74e-04]    [1.65e-02]    [2.48e-01]    
24000     [9.25e-04]    [1.67e-02]    [2.50e-01]    
25000     [1.01e-03]    [1.72e-02]    [2.53e-01]    
26000     [9.24e-04]    [1.71e-02]    [2.53e-01]    
27000     [1.06e-03]    [1.68e-02]    [2.51e-01]    
28000     [8.33e-04]    [1.74e-02]    [2.56e-01]    
29000     [8.43e-04]    [1.75e-02]    [2.56e-01]    
30000     [9.99e-04]    [1.79e-02]    [2.58e-01]    
31000     [8.97e-04]    [1.81e-02]    [2.60e-01]    
32000     [8.60e-04]    [1.81e-02]    [2.61e-01]    
33000     [7.94e-04]    [1.85e-02]    [2.62e-01]    
34000     [7.81e-04]    [1.83e-02]    [2.62e-01]    
35000     [7.82e-04]    [1.89e-02]    [2.66e-01]    
36000     [6.65e-04]    [1.89e-02]    [2.66e-01]    
37000     [8.05e-04]    [1.92e-02]    [2.68e-01]    
38000     [6.77e-04]    [1.90e-02]    [2.67e-01]    
39000     [8.36e-04]    [1.96e-02]    [2.70e-01]    
40000     [7.19e-04]    [1.97e-02]    [2.71e-01]    
41000     [7.43e-04]    [1.98e-02]    [2.72e-01]    
42000     [6.19e-04]    [1.98e-02]    [2.72e-01]    
43000     [7.58e-04]    [1.98e-02]    [2.72e-01]    
44000     [9.13e-04]    [1.99e-02]    [2.73e-01]    
45000     [5.96e-04]    [2.01e-02]    [2.74e-01]    
46000     [7.19e-04]    [2.02e-02]    [2.75e-01]    
47000     [7.87e-04]    [2.05e-02]    [2.76e-01]    
48000     [5.88e-04]    [2.06e-02]    [2.77e-01]    
49000     [5.92e-04]    [2.09e-02]    [2.79e-01]    
50000     [5.47e-04]    [2.10e-02]    [2.79e-01]    
51000     [6.40e-04]    [2.10e-02]    [2.79e-01]    
52000     [5.97e-04]    [2.09e-02]    [2.79e-01]    
53000     [6.50e-04]    [2.12e-02]    [2.81e-01]    
54000     [6.80e-04]    [2.13e-02]    [2.82e-01]    
55000     [6.14e-04]    [2.14e-02]    [2.82e-01]    
56000     [6.40e-04]    [2.14e-02]    [2.83e-01]    
57000     [5.46e-04]    [2.15e-02]    [2.83e-01]    
58000     [5.46e-04]    [2.15e-02]    [2.83e-01]    
59000     [5.56e-04]    [2.18e-02]    [2.85e-01]    
60000     [5.43e-04]    [2.18e-02]    [2.85e-01]    
61000     [5.25e-04]    [2.19e-02]    [2.85e-01]    
62000     [6.35e-04]    [2.20e-02]    [2.86e-01]    
63000     [5.12e-04]    [2.21e-02]    [2.87e-01]    
64000     [4.82e-04]    [2.21e-02]    [2.87e-01]    
65000     [4.92e-04]    [2.22e-02]    [2.87e-01]    
66000     [5.03e-04]    [2.22e-02]    [2.87e-01]    
67000     [4.83e-04]    [2.23e-02]    [2.88e-01]    
68000     [5.85e-04]    [2.21e-02]    [2.87e-01]    
69000     [4.84e-04]    [2.24e-02]    [2.89e-01]    
70000     [4.94e-04]    [2.23e-02]    [2.88e-01]    
71000     [4.96e-04]    [2.26e-02]    [2.90e-01]    
72000     [5.06e-04]    [2.26e-02]    [2.89e-01]    
73000     [4.78e-04]    [2.24e-02]    [2.89e-01]    
74000     [4.58e-04]    [2.28e-02]    [2.91e-01]    
75000     [4.90e-04]    [2.27e-02]    [2.90e-01]    
76000     [5.24e-04]    [2.29e-02]    [2.91e-01]    
77000     [4.51e-04]    [2.29e-02]    [2.92e-01]    
78000     [5.30e-04]    [2.28e-02]    [2.91e-01]    
79000     [4.88e-04]    [2.30e-02]    [2.92e-01]    
80000     [4.85e-04]    [2.30e-02]    [2.92e-01]    
81000     [4.77e-04]    [2.31e-02]    [2.93e-01]    
82000     [5.16e-04]    [2.32e-02]    [2.94e-01]    
83000     [4.72e-04]    [2.32e-02]    [2.93e-01]    
84000     [4.73e-04]    [2.33e-02]    [2.94e-01]    
85000     [4.46e-04]    [2.34e-02]    [2.94e-01]    
86000     [4.65e-04]    [2.34e-02]    [2.95e-01]    
87000     [4.59e-04]    [2.34e-02]    [2.95e-01]    
88000     [4.91e-04]    [2.34e-02]    [2.95e-01]    
89000     [4.63e-04]    [2.34e-02]    [2.95e-01]    
90000     [4.44e-04]    [2.35e-02]    [2.95e-01]    
91000     [4.68e-04]    [2.36e-02]    [2.96e-01]    
92000     [4.37e-04]    [2.37e-02]    [2.96e-01]    
93000     [4.95e-04]    [2.35e-02]    [2.95e-01]    
94000     [4.68e-04]    [2.37e-02]    [2.96e-01]    
95000     [4.69e-04]    [2.35e-02]    [2.95e-01]    
96000     [4.63e-04]    [2.37e-02]    [2.96e-01]    
97000     [5.08e-04]    [2.38e-02]    [2.97e-01]    
98000     [4.78e-04]    [2.36e-02]    [2.96e-01]    
99000     [4.54e-04]    [2.37e-02]    [2.96e-01]    
100000    [4.35e-04]    [2.37e-02]    [2.96e-01]    
101000    [4.57e-04]    [2.38e-02]    [2.97e-01]    
102000    [4.16e-04]    [2.35e-02]    [2.95e-01]    
103000    [4.17e-04]    [2.38e-02]    [2.97e-01]    
104000    [4.13e-04]    [2.38e-02]    [2.97e-01]    
105000    [4.62e-04]    [2.37e-02]    [2.97e-01]    
106000    [4.21e-04]    [2.39e-02]    [2.97e-01]    
107000    [4.41e-04]    [2.39e-02]    [2.97e-01]    
108000    [4.88e-04]    [2.37e-02]    [2.96e-01]    
109000    [4.14e-04]    [2.38e-02]    [2.97e-01]    
110000    [4.40e-04]    [2.38e-02]    [2.97e-01]    
111000    [4.33e-04]    [2.38e-02]    [2.97e-01]    
112000    [4.29e-04]    [2.39e-02]    [2.97e-01]    
113000    [4.12e-04]    [2.40e-02]    [2.98e-01]    
114000    [4.12e-04]    [2.39e-02]    [2.98e-01]    
115000    [4.22e-04]    [2.38e-02]    [2.97e-01]    
116000    [5.31e-04]    [2.41e-02]    [2.99e-01]    
117000    [4.09e-04]    [2.39e-02]    [2.97e-01]    
118000    [3.97e-04]    [2.40e-02]    [2.98e-01]    
119000    [4.04e-04]    [2.40e-02]    [2.98e-01]    
120000    [4.08e-04]    [2.40e-02]    [2.98e-01]    
121000    [4.36e-04]    [2.40e-02]    [2.98e-01]    
122000    [4.53e-04]    [2.40e-02]    [2.98e-01]    
123000    [4.07e-04]    [2.41e-02]    [2.99e-01]    
124000    [3.93e-04]    [2.40e-02]    [2.98e-01]    
125000    [3.67e-04]    [2.41e-02]    [2.99e-01]    
126000    [4.26e-04]    [2.39e-02]    [2.98e-01]    
127000    [4.00e-04]    [2.40e-02]    [2.98e-01]    
128000    [4.07e-04]    [2.40e-02]    [2.98e-01]    
129000    [4.06e-04]    [2.41e-02]    [2.99e-01]    
130000    [4.01e-04]    [2.41e-02]    [2.99e-01]    
131000    [3.70e-04]    [2.42e-02]    [3.00e-01]    
132000    [4.08e-04]    [2.43e-02]    [3.00e-01]    
133000    [4.12e-04]    [2.42e-02]    [3.00e-01]    
134000    [4.05e-04]    [2.42e-02]    [2.99e-01]    
135000    [3.99e-04]    [2.43e-02]    [3.00e-01]    
136000    [4.61e-04]    [2.43e-02]    [3.00e-01]    
137000    [4.63e-04]    [2.44e-02]    [3.00e-01]    
138000    [4.47e-04]    [2.43e-02]    [3.00e-01]    
139000    [4.00e-04]    [2.43e-02]    [3.00e-01]    
140000    [3.87e-04]    [2.44e-02]    [3.01e-01]    
141000    [3.79e-04]    [2.45e-02]    [3.01e-01]    
142000    [4.50e-04]    [2.44e-02]    [3.00e-01]    
143000    [4.13e-04]    [2.47e-02]    [3.02e-01]    
144000    [4.11e-04]    [2.46e-02]    [3.02e-01]    
145000    [3.63e-04]    [2.46e-02]    [3.02e-01]    
146000    [3.68e-04]    [2.48e-02]    [3.03e-01]    
147000    [3.89e-04]    [2.47e-02]    [3.02e-01]    
148000    [3.78e-04]    [2.48e-02]    [3.03e-01]    
149000    [3.75e-04]    [2.48e-02]    [3.03e-01]    
150000    [4.20e-04]    [2.49e-02]    [3.03e-01]    
151000    [4.03e-04]    [2.49e-02]    [3.03e-01]    
152000    [4.14e-04]    [2.49e-02]    [3.04e-01]    
153000    [3.78e-04]    [2.49e-02]    [3.04e-01]    
154000    [3.61e-04]    [2.51e-02]    [3.05e-01]    
155000    [3.77e-04]    [2.52e-02]    [3.05e-01]    
156000    [3.66e-04]    [2.53e-02]    [3.06e-01]    
157000    [4.71e-04]    [2.52e-02]    [3.05e-01]    
158000    [3.75e-04]    [2.52e-02]    [3.05e-01]    
159000    [3.69e-04]    [2.52e-02]    [3.05e-01]    
160000    [3.99e-04]    [2.54e-02]    [3.06e-01]    
161000    [3.70e-04]    [2.53e-02]    [3.06e-01]    
162000    [3.67e-04]    [2.54e-02]    [3.07e-01]    
163000    [3.53e-04]    [2.55e-02]    [3.07e-01]    
164000    [3.68e-04]    [2.56e-02]    [3.07e-01]    
165000    [3.51e-04]    [2.54e-02]    [3.06e-01]    
166000    [3.65e-04]    [2.56e-02]    [3.07e-01]    
167000    [4.05e-04]    [2.56e-02]    [3.08e-01]    
168000    [3.54e-04]    [2.58e-02]    [3.09e-01]    
169000    [4.79e-04]    [2.57e-02]    [3.08e-01]    
170000    [3.54e-04]    [2.58e-02]    [3.08e-01]    
171000    [3.97e-04]    [2.59e-02]    [3.09e-01]    
172000    [3.41e-04]    [2.59e-02]    [3.09e-01]    
173000    [3.80e-04]    [2.58e-02]    [3.08e-01]    
174000    [3.69e-04]    [2.59e-02]    [3.09e-01]    
175000    [3.95e-04]    [2.60e-02]    [3.09e-01]    
176000    [4.04e-04]    [2.60e-02]    [3.09e-01]    
177000    [3.60e-04]    [2.60e-02]    [3.10e-01]    
178000    [3.43e-04]    [2.61e-02]    [3.10e-01]    
179000    [3.54e-04]    [2.61e-02]    [3.10e-01]    
180000    [3.71e-04]    [2.61e-02]    [3.10e-01]    
181000    [3.51e-04]    [2.61e-02]    [3.10e-01]    
182000    [3.81e-04]    [2.60e-02]    [3.10e-01]    
183000    [4.22e-04]    [2.60e-02]    [3.10e-01]    
184000    [3.56e-04]    [2.62e-02]    [3.11e-01]    
185000    [4.07e-04]    [2.63e-02]    [3.11e-01]    
186000    [4.27e-04]    [2.63e-02]    [3.11e-01]    
187000    [3.71e-04]    [2.63e-02]    [3.11e-01]    
188000    [3.76e-04]    [2.63e-02]    [3.11e-01]    
189000    [3.53e-04]    [2.65e-02]    [3.13e-01]    
190000    [3.47e-04]    [2.66e-02]    [3.13e-01]    
191000    [3.55e-04]    [2.66e-02]    [3.13e-01]    
192000    [3.38e-04]    [2.66e-02]    [3.13e-01]    
193000    [4.08e-04]    [2.65e-02]    [3.13e-01]    
194000    [4.36e-04]    [2.65e-02]    [3.12e-01]    
195000    [3.49e-04]    [2.65e-02]    [3.13e-01]    
196000    [4.10e-04]    [2.65e-02]    [3.13e-01]    
197000    [3.37e-04]    [2.67e-02]    [3.14e-01]    
198000    [4.01e-04]    [2.65e-02]    [3.13e-01]    
199000    [3.28e-04]    [2.66e-02]    [3.13e-01]    
200000    [3.50e-04]    [2.67e-02]    [3.13e-01]    

Best model at step 199000:
  train loss: 3.28e-04
  test loss: 2.66e-02
  test metric: [3.13e-01]

'train' took 680.104725 s

