c0900a-s5.ufhpc
Wed Jul  9 04:52:11 AM EDT 2025
/blue/shiboli.fsu/yifeisun.umich/adversarial_robustness_FNO/1D_Burgers_deeponet
当前工作目录 (cwd): /blue/shiboli.fsu/yifeisun.umich/adversarial_robustness_FNO/1D_Burgers_deeponet
脚本所在目录: /blue/shiboli.fsu/yifeisun.umich/adversarial_robustness_FNO/1D_Burgers_deeponet/training_models
目标文件路径: /blue/shiboli.fsu/yifeisun.umich/adversarial_robustness_FNO/datasets/dim1d_nx1024_N1400_train.pt
文件是否存在: False
Branch net sizes: 160, 80, 40, 20, 20, 40, 80, 160
Trunk net sizes: 160, 80, 40, 20, 20, 40, 80, 160
Branch net layers: 8
Trunk net layers: 8
Total trainable parameters: 233,201
Branch net params: 198,440
Trunk net params: 34,760
Total trainable parameters: 233,200
Compiling model...
'compile' took 6.420247 s

Training model...

Step      Train loss    Test loss     Test metric   
0         [2.86e-01]    [2.78e-01]    [1.00e+00]    
1000      [1.80e-02]    [1.81e-02]    [2.61e-01]    
2000      [1.10e-02]    [1.16e-02]    [2.10e-01]    
3000      [9.32e-03]    [1.01e-02]    [1.96e-01]    
4000      [8.65e-03]    [9.64e-03]    [1.91e-01]    
5000      [8.27e-03]    [9.40e-03]    [1.89e-01]    
6000      [8.00e-03]    [9.26e-03]    [1.88e-01]    
7000      [7.76e-03]    [9.27e-03]    [1.88e-01]    
8000      [7.69e-03]    [9.49e-03]    [1.90e-01]    
9000      [7.40e-03]    [9.56e-03]    [1.91e-01]    
10000     [7.18e-03]    [9.41e-03]    [1.89e-01]    
11000     [6.72e-03]    [8.55e-03]    [1.81e-01]    
12000     [6.41e-03]    [8.20e-03]    [1.77e-01]    
13000     [6.37e-03]    [8.25e-03]    [1.78e-01]    
14000     [6.13e-03]    [8.22e-03]    [1.77e-01]    
15000     [6.01e-03]    [8.14e-03]    [1.77e-01]    
16000     [5.94e-03]    [8.18e-03]    [1.77e-01]    
17000     [5.79e-03]    [8.19e-03]    [1.77e-01]    
18000     [5.85e-03]    [8.31e-03]    [1.78e-01]    
19000     [5.75e-03]    [8.34e-03]    [1.78e-01]    
20000     [5.63e-03]    [8.30e-03]    [1.78e-01]    
21000     [5.64e-03]    [8.28e-03]    [1.77e-01]    
22000     [5.62e-03]    [8.34e-03]    [1.78e-01]    
23000     [5.48e-03]    [8.29e-03]    [1.78e-01]    
24000     [5.60e-03]    [8.46e-03]    [1.79e-01]    
25000     [5.44e-03]    [8.49e-03]    [1.80e-01]    
26000     [5.51e-03]    [8.63e-03]    [1.81e-01]    
27000     [5.47e-03]    [8.68e-03]    [1.81e-01]    
28000     [5.33e-03]    [8.77e-03]    [1.82e-01]    
29000     [5.42e-03]    [8.90e-03]    [1.83e-01]    
30000     [5.31e-03]    [8.82e-03]    [1.83e-01]    
31000     [5.22e-03]    [8.93e-03]    [1.83e-01]    
32000     [5.24e-03]    [8.90e-03]    [1.83e-01]    
33000     [5.37e-03]    [9.16e-03]    [1.86e-01]    
34000     [5.18e-03]    [9.13e-03]    [1.85e-01]    
35000     [5.14e-03]    [9.06e-03]    [1.84e-01]    
36000     [5.21e-03]    [9.29e-03]    [1.86e-01]    
37000     [5.25e-03]    [9.30e-03]    [1.86e-01]    
38000     [5.14e-03]    [9.46e-03]    [1.87e-01]    
39000     [5.06e-03]    [9.53e-03]    [1.87e-01]    
40000     [5.09e-03]    [9.66e-03]    [1.88e-01]    
41000     [5.13e-03]    [9.80e-03]    [1.90e-01]    
42000     [5.07e-03]    [9.73e-03]    [1.88e-01]    
43000     [5.14e-03]    [9.86e-03]    [1.90e-01]    
44000     [5.06e-03]    [9.86e-03]    [1.90e-01]    
45000     [5.42e-03]    [1.02e-02]    [1.92e-01]    
46000     [5.19e-03]    [1.02e-02]    [1.92e-01]    
47000     [5.03e-03]    [1.02e-02]    [1.92e-01]    
48000     [5.03e-03]    [1.02e-02]    [1.92e-01]    
49000     [5.02e-03]    [1.01e-02]    [1.92e-01]    
50000     [5.00e-03]    [1.03e-02]    [1.93e-01]    
51000     [5.01e-03]    [1.04e-02]    [1.93e-01]    
52000     [5.06e-03]    [1.03e-02]    [1.92e-01]    
53000     [4.92e-03]    [1.04e-02]    [1.92e-01]    
54000     [5.09e-03]    [1.08e-02]    [1.95e-01]    
55000     [4.93e-03]    [1.05e-02]    [1.93e-01]    
56000     [4.90e-03]    [1.09e-02]    [1.94e-01]    
57000     [5.02e-03]    [1.07e-02]    [1.93e-01]    
58000     [4.90e-03]    [1.09e-02]    [1.95e-01]    
59000     [5.05e-03]    [1.10e-02]    [1.95e-01]    
60000     [4.87e-03]    [1.08e-02]    [1.94e-01]    
61000     [4.83e-03]    [1.12e-02]    [1.96e-01]    
62000     [4.95e-03]    [1.10e-02]    [1.95e-01]    
63000     [4.84e-03]    [1.13e-02]    [1.96e-01]    
64000     [4.81e-03]    [1.14e-02]    [1.96e-01]    
65000     [4.82e-03]    [1.14e-02]    [1.97e-01]    
66000     [5.04e-03]    [1.06e-02]    [1.95e-01]    
67000     [4.89e-03]    [1.07e-02]    [1.95e-01]    
68000     [4.84e-03]    [1.06e-02]    [1.94e-01]    
69000     [4.77e-03]    [1.09e-02]    [1.95e-01]    
70000     [4.79e-03]    [1.10e-02]    [1.96e-01]    
71000     [4.79e-03]    [1.12e-02]    [1.97e-01]    
72000     [4.80e-03]    [1.10e-02]    [1.97e-01]    
73000     [4.80e-03]    [1.10e-02]    [1.97e-01]    
74000     [4.75e-03]    [1.10e-02]    [1.98e-01]    
75000     [4.74e-03]    [1.09e-02]    [1.96e-01]    
76000     [4.81e-03]    [1.11e-02]    [1.98e-01]    
77000     [4.76e-03]    [1.10e-02]    [1.97e-01]    
78000     [4.73e-03]    [1.11e-02]    [1.97e-01]    
79000     [4.75e-03]    [1.11e-02]    [1.97e-01]    
80000     [4.83e-03]    [1.10e-02]    [1.98e-01]    
81000     [4.72e-03]    [1.10e-02]    [1.96e-01]    
82000     [4.87e-03]    [1.10e-02]    [1.96e-01]    
83000     [4.85e-03]    [1.12e-02]    [1.98e-01]    
84000     [4.73e-03]    [1.11e-02]    [1.98e-01]    
85000     [4.69e-03]    [1.13e-02]    [1.98e-01]    
86000     [4.82e-03]    [1.15e-02]    [1.99e-01]    
87000     [4.69e-03]    [1.14e-02]    [1.99e-01]    
88000     [4.71e-03]    [1.14e-02]    [1.98e-01]    
89000     [4.71e-03]    [1.14e-02]    [1.98e-01]    
90000     [4.65e-03]    [1.15e-02]    [1.99e-01]    
91000     [4.65e-03]    [1.14e-02]    [1.98e-01]    
92000     [4.78e-03]    [1.14e-02]    [2.00e-01]    
93000     [4.66e-03]    [1.14e-02]    [1.99e-01]    
94000     [4.71e-03]    [1.14e-02]    [1.99e-01]    
95000     [4.63e-03]    [1.16e-02]    [2.00e-01]    
96000     [4.74e-03]    [1.16e-02]    [2.00e-01]    
97000     [4.62e-03]    [1.16e-02]    [2.00e-01]    
98000     [4.67e-03]    [1.16e-02]    [2.00e-01]    
99000     [4.73e-03]    [1.16e-02]    [2.01e-01]    
100000    [4.66e-03]    [1.17e-02]    [2.01e-01]    
101000    [4.66e-03]    [1.15e-02]    [2.00e-01]    
102000    [4.65e-03]    [1.17e-02]    [2.01e-01]    
103000    [4.63e-03]    [1.18e-02]    [2.01e-01]    
104000    [4.64e-03]    [1.17e-02]    [2.00e-01]    
105000    [4.64e-03]    [1.19e-02]    [2.01e-01]    
106000    [4.65e-03]    [1.20e-02]    [2.03e-01]    
107000    [4.57e-03]    [1.17e-02]    [2.00e-01]    
108000    [4.58e-03]    [1.18e-02]    [2.01e-01]    
109000    [4.64e-03]    [1.20e-02]    [2.02e-01]    
110000    [4.67e-03]    [1.19e-02]    [2.01e-01]    
111000    [4.63e-03]    [1.22e-02]    [2.03e-01]    
112000    [4.60e-03]    [1.21e-02]    [2.02e-01]    
113000    [4.65e-03]    [1.21e-02]    [2.03e-01]    
114000    [4.69e-03]    [1.22e-02]    [2.04e-01]    
115000    [4.56e-03]    [1.20e-02]    [2.02e-01]    
116000    [4.55e-03]    [1.16e-02]    [2.01e-01]    
117000    [4.56e-03]    [1.16e-02]    [2.01e-01]    
118000    [4.64e-03]    [1.17e-02]    [2.02e-01]    
119000    [4.51e-03]    [1.15e-02]    [2.01e-01]    
120000    [4.56e-03]    [1.16e-02]    [2.02e-01]    
121000    [4.54e-03]    [1.17e-02]    [2.02e-01]    
122000    [4.54e-03]    [1.17e-02]    [2.02e-01]    
123000    [4.49e-03]    [1.17e-02]    [2.02e-01]    
124000    [4.57e-03]    [1.19e-02]    [2.03e-01]    
125000    [4.56e-03]    [1.21e-02]    [2.03e-01]    
126000    [4.55e-03]    [1.22e-02]    [2.03e-01]    
127000    [4.54e-03]    [1.22e-02]    [2.03e-01]    
128000    [4.51e-03]    [1.23e-02]    [2.03e-01]    
129000    [4.54e-03]    [1.24e-02]    [2.03e-01]    
130000    [4.55e-03]    [1.24e-02]    [2.04e-01]    
131000    [4.51e-03]    [1.23e-02]    [2.03e-01]    
132000    [4.55e-03]    [1.22e-02]    [2.02e-01]    
133000    [4.52e-03]    [1.25e-02]    [2.04e-01]    
134000    [4.58e-03]    [1.23e-02]    [2.04e-01]    
135000    [4.49e-03]    [1.22e-02]    [2.02e-01]    
136000    [4.49e-03]    [1.21e-02]    [2.03e-01]    
137000    [4.46e-03]    [1.23e-02]    [2.03e-01]    
138000    [4.51e-03]    [1.24e-02]    [2.04e-01]    
139000    [4.50e-03]    [1.24e-02]    [2.04e-01]    
140000    [4.54e-03]    [1.24e-02]    [2.05e-01]    
141000    [4.58e-03]    [1.23e-02]    [2.03e-01]    
142000    [4.54e-03]    [1.24e-02]    [2.05e-01]    
143000    [4.41e-03]    [1.22e-02]    [2.03e-01]    
144000    [4.50e-03]    [1.24e-02]    [2.04e-01]    
145000    [4.47e-03]    [1.22e-02]    [2.04e-01]    
146000    [4.41e-03]    [1.23e-02]    [2.03e-01]    
147000    [4.46e-03]    [1.22e-02]    [2.04e-01]    
148000    [4.43e-03]    [1.22e-02]    [2.04e-01]    
149000    [4.55e-03]    [1.21e-02]    [2.03e-01]    
150000    [4.52e-03]    [1.21e-02]    [2.04e-01]    
151000    [4.37e-03]    [1.21e-02]    [2.03e-01]    
152000    [4.46e-03]    [1.22e-02]    [2.04e-01]    
153000    [4.47e-03]    [1.23e-02]    [2.05e-01]    
154000    [4.40e-03]    [1.22e-02]    [2.04e-01]    
155000    [4.42e-03]    [1.23e-02]    [2.05e-01]    
156000    [4.39e-03]    [1.21e-02]    [2.04e-01]    
157000    [4.46e-03]    [1.21e-02]    [2.04e-01]    
158000    [4.41e-03]    [1.21e-02]    [2.05e-01]    
159000    [4.53e-03]    [1.20e-02]    [2.04e-01]    
160000    [4.43e-03]    [1.23e-02]    [2.06e-01]    
161000    [4.43e-03]    [1.20e-02]    [2.05e-01]    
162000    [4.39e-03]    [1.21e-02]    [2.05e-01]    
163000    [4.40e-03]    [1.22e-02]    [2.06e-01]    
164000    [4.35e-03]    [1.21e-02]    [2.05e-01]    
165000    [4.52e-03]    [1.22e-02]    [2.06e-01]    
166000    [4.36e-03]    [1.21e-02]    [2.05e-01]    
167000    [4.39e-03]    [1.20e-02]    [2.05e-01]    
168000    [4.36e-03]    [1.21e-02]    [2.06e-01]    
169000    [4.39e-03]    [1.21e-02]    [2.06e-01]    
170000    [4.31e-03]    [1.20e-02]    [2.05e-01]    
171000    [4.48e-03]    [1.23e-02]    [2.08e-01]    
172000    [4.38e-03]    [1.21e-02]    [2.06e-01]    
173000    [4.33e-03]    [1.20e-02]    [2.06e-01]    
174000    [4.36e-03]    [1.22e-02]    [2.07e-01]    
175000    [4.42e-03]    [1.21e-02]    [2.06e-01]    
176000    [4.45e-03]    [1.20e-02]    [2.06e-01]    
177000    [4.39e-03]    [1.22e-02]    [2.07e-01]    
178000    [4.35e-03]    [1.22e-02]    [2.06e-01]    
179000    [4.34e-03]    [1.20e-02]    [2.06e-01]    
180000    [4.31e-03]    [1.20e-02]    [2.06e-01]    
181000    [4.37e-03]    [1.21e-02]    [2.06e-01]    
182000    [4.35e-03]    [1.21e-02]    [2.07e-01]    
183000    [4.42e-03]    [1.21e-02]    [2.07e-01]    
184000    [4.44e-03]    [1.20e-02]    [2.06e-01]    
185000    [4.36e-03]    [1.21e-02]    [2.07e-01]    
186000    [4.34e-03]    [1.22e-02]    [2.07e-01]    
187000    [4.39e-03]    [1.21e-02]    [2.07e-01]    
188000    [4.33e-03]    [1.21e-02]    [2.06e-01]    
189000    [4.37e-03]    [1.22e-02]    [2.08e-01]    
190000    [4.34e-03]    [1.21e-02]    [2.07e-01]    
191000    [4.35e-03]    [1.21e-02]    [2.07e-01]    
192000    [4.40e-03]    [1.23e-02]    [2.08e-01]    
193000    [4.32e-03]    [1.22e-02]    [2.08e-01]    
194000    [4.30e-03]    [1.22e-02]    [2.08e-01]    
195000    [4.35e-03]    [1.22e-02]    [2.08e-01]    
196000    [4.40e-03]    [1.23e-02]    [2.09e-01]    
197000    [4.31e-03]    [1.22e-02]    [2.08e-01]    
198000    [4.28e-03]    [1.23e-02]    [2.08e-01]    
199000    [4.32e-03]    [1.23e-02]    [2.09e-01]    
200000    [4.40e-03]    [1.24e-02]    [2.09e-01]    

Best model at step 198000:
  train loss: 4.28e-03
  test loss: 1.23e-02
  test metric: [2.08e-01]

'train' took 908.489815 s

