c1000a-s25.ufhpc
Wed Jul  9 08:47:09 PM EDT 2025
/blue/shiboli.fsu/yifeisun.umich/adversarial_robustness_FNO/1D_Burgers_deeponet
当前工作目录 (cwd): /blue/shiboli.fsu/yifeisun.umich/adversarial_robustness_FNO/1D_Burgers_deeponet
脚本所在目录: /blue/shiboli.fsu/yifeisun.umich/adversarial_robustness_FNO/1D_Burgers_deeponet/training_models
目标文件路径: /blue/shiboli.fsu/yifeisun.umich/adversarial_robustness_FNO/datasets/dim1d_nx1024_N1400_train.pt
文件是否存在: False
Branch net sizes: 80, 40, 20, 20, 40, 80
Trunk net sizes: 80, 40, 20, 20, 40, 80
Branch net layers: 6
Trunk net layers: 6
Total trainable parameters: 99,361
Branch net params: 90,600
Trunk net params: 8,760
Total trainable parameters: 99,360
Compiling model...
'compile' took 13.343682 s

Training model...

Step      Train loss    Test loss     Test metric   
0         [2.88e-01]    [2.79e-01]    [1.00e+00]    
500       [1.73e-02]    [1.76e-02]    [2.56e-01]    

Best model at step 500:
  train loss: 1.73e-02
  test loss: 1.76e-02
  test metric: [2.56e-01]

'train' took 5.089156 s

