c0903a-s15.ufhpc
Wed Jul  9 05:23:16 AM EDT 2025
/blue/shiboli.fsu/yifeisun.umich/adversarial_robustness_FNO/1D_Burgers_deeponet
当前工作目录 (cwd): /blue/shiboli.fsu/yifeisun.umich/adversarial_robustness_FNO/1D_Burgers_deeponet
脚本所在目录: /blue/shiboli.fsu/yifeisun.umich/adversarial_robustness_FNO/1D_Burgers_deeponet/training_models
目标文件路径: /blue/shiboli.fsu/yifeisun.umich/adversarial_robustness_FNO/datasets/dim1d_nx1024_N1400_train.pt
文件是否存在: False
Branch net sizes: 640, 320, 160, 160, 320, 640
Trunk net sizes: 640, 320, 160, 160, 320, 640
Branch net layers: 6
Trunk net layers: 6
Total trainable parameters: 1,735,681
Branch net params: 1,195,200
Trunk net params: 540,480
Total trainable parameters: 1,735,680
Compiling model...
'compile' took 19.834166 s

Training model...

Step      Train loss    Test loss     Test metric   
0         [2.81e-01]    [2.72e-01]    [9.92e-01]    
1000      [7.44e-03]    [8.60e-03]    [1.80e-01]    
2000      [5.23e-03]    [7.46e-03]    [1.67e-01]    
3000      [4.49e-03]    [7.49e-03]    [1.67e-01]    
4000      [3.66e-03]    [7.34e-03]    [1.66e-01]    
5000      [3.62e-03]    [7.97e-03]    [1.74e-01]    
6000      [2.73e-03]    [8.18e-03]    [1.75e-01]    
7000      [3.04e-03]    [8.53e-03]    [1.80e-01]    
8000      [2.25e-03]    [9.33e-03]    [1.87e-01]    
9000      [2.40e-03]    [9.93e-03]    [1.94e-01]    
10000     [1.87e-03]    [1.05e-02]    [1.98e-01]    
11000     [1.88e-03]    [1.13e-02]    [2.04e-01]    
12000     [1.70e-03]    [1.14e-02]    [2.05e-01]    
13000     [1.51e-03]    [1.18e-02]    [2.09e-01]    
14000     [1.38e-03]    [1.20e-02]    [2.10e-01]    
15000     [1.44e-03]    [1.26e-02]    [2.15e-01]    
16000     [1.34e-03]    [1.28e-02]    [2.17e-01]    
17000     [1.18e-03]    [1.30e-02]    [2.19e-01]    
18000     [1.14e-03]    [1.35e-02]    [2.23e-01]    
19000     [1.26e-03]    [1.38e-02]    [2.25e-01]    
20000     [9.54e-04]    [1.40e-02]    [2.27e-01]    
21000     [8.81e-04]    [1.41e-02]    [2.28e-01]    
22000     [9.86e-04]    [1.42e-02]    [2.29e-01]    
23000     [9.37e-04]    [1.44e-02]    [2.31e-01]    
24000     [9.02e-04]    [1.48e-02]    [2.33e-01]    
25000     [8.63e-04]    [1.52e-02]    [2.36e-01]    
26000     [8.50e-04]    [1.55e-02]    [2.37e-01]    
27000     [7.39e-04]    [1.56e-02]    [2.39e-01]    
28000     [8.17e-04]    [1.60e-02]    [2.41e-01]    
29000     [8.90e-04]    [1.58e-02]    [2.40e-01]    
30000     [6.97e-04]    [1.61e-02]    [2.42e-01]    
31000     [7.73e-04]    [1.64e-02]    [2.45e-01]    
32000     [6.11e-04]    [1.65e-02]    [2.45e-01]    
33000     [7.37e-04]    [1.66e-02]    [2.46e-01]    
34000     [8.02e-04]    [1.65e-02]    [2.45e-01]    
35000     [6.45e-04]    [1.69e-02]    [2.48e-01]    
36000     [7.51e-04]    [1.70e-02]    [2.50e-01]    
37000     [6.02e-04]    [1.70e-02]    [2.50e-01]    
38000     [5.92e-04]    [1.71e-02]    [2.51e-01]    
39000     [7.96e-04]    [1.74e-02]    [2.52e-01]    
40000     [1.07e-03]    [1.77e-02]    [2.54e-01]    
41000     [6.49e-04]    [1.75e-02]    [2.54e-01]    
42000     [5.05e-04]    [1.77e-02]    [2.55e-01]    
43000     [6.21e-04]    [1.75e-02]    [2.54e-01]    
44000     [5.19e-04]    [1.79e-02]    [2.56e-01]    
45000     [5.55e-04]    [1.79e-02]    [2.57e-01]    
46000     [4.94e-04]    [1.80e-02]    [2.57e-01]    
47000     [7.29e-04]    [1.77e-02]    [2.55e-01]    
48000     [5.60e-04]    [1.82e-02]    [2.58e-01]    
49000     [4.70e-04]    [1.81e-02]    [2.58e-01]    
50000     [5.48e-04]    [1.81e-02]    [2.57e-01]    
51000     [4.93e-04]    [1.82e-02]    [2.58e-01]    
52000     [4.53e-04]    [1.84e-02]    [2.59e-01]    
53000     [5.59e-04]    [1.84e-02]    [2.59e-01]    
54000     [5.47e-04]    [1.85e-02]    [2.60e-01]    
55000     [4.56e-04]    [1.85e-02]    [2.59e-01]    
56000     [4.58e-04]    [1.86e-02]    [2.60e-01]    
57000     [4.44e-04]    [1.88e-02]    [2.61e-01]    
58000     [4.65e-04]    [1.87e-02]    [2.61e-01]    
59000     [7.80e-04]    [1.90e-02]    [2.62e-01]    
60000     [4.71e-04]    [1.89e-02]    [2.62e-01]    
61000     [4.33e-04]    [1.90e-02]    [2.62e-01]    
62000     [4.40e-04]    [1.91e-02]    [2.63e-01]    
63000     [4.43e-04]    [1.92e-02]    [2.63e-01]    
64000     [4.10e-04]    [1.94e-02]    [2.64e-01]    
65000     [3.87e-04]    [1.95e-02]    [2.65e-01]    
66000     [3.86e-04]    [1.96e-02]    [2.65e-01]    
67000     [5.40e-04]    [1.96e-02]    [2.65e-01]    
68000     [3.75e-04]    [1.96e-02]    [2.65e-01]    
69000     [4.17e-04]    [1.98e-02]    [2.66e-01]    
70000     [3.89e-04]    [1.95e-02]    [2.65e-01]    
71000     [5.08e-04]    [1.98e-02]    [2.66e-01]    
72000     [4.23e-04]    [2.00e-02]    [2.67e-01]    
73000     [6.03e-04]    [1.98e-02]    [2.66e-01]    
74000     [4.24e-04]    [1.99e-02]    [2.67e-01]    
75000     [5.48e-04]    [2.00e-02]    [2.68e-01]    
76000     [5.70e-04]    [2.01e-02]    [2.69e-01]    
77000     [4.23e-04]    [2.02e-02]    [2.68e-01]    
78000     [5.78e-04]    [2.03e-02]    [2.69e-01]    
79000     [3.48e-04]    [2.01e-02]    [2.69e-01]    
80000     [4.21e-04]    [2.00e-02]    [2.68e-01]    
81000     [3.97e-04]    [1.98e-02]    [2.67e-01]    
82000     [3.60e-04]    [2.02e-02]    [2.69e-01]    
83000     [3.77e-04]    [2.00e-02]    [2.68e-01]    
84000     [3.41e-04]    [2.02e-02]    [2.70e-01]    
85000     [4.46e-04]    [2.03e-02]    [2.70e-01]    
86000     [3.42e-04]    [2.02e-02]    [2.70e-01]    
87000     [3.93e-04]    [2.00e-02]    [2.69e-01]    
88000     [7.66e-04]    [2.01e-02]    [2.70e-01]    
89000     [4.02e-04]    [2.02e-02]    [2.70e-01]    
90000     [3.62e-04]    [2.01e-02]    [2.70e-01]    
91000     [3.74e-04]    [2.01e-02]    [2.70e-01]    
92000     [3.44e-04]    [2.01e-02]    [2.70e-01]    
93000     [3.15e-04]    [2.03e-02]    [2.71e-01]    
94000     [3.53e-04]    [2.03e-02]    [2.71e-01]    
95000     [4.57e-04]    [2.03e-02]    [2.71e-01]    
96000     [3.36e-04]    [2.03e-02]    [2.72e-01]    
97000     [5.46e-04]    [2.01e-02]    [2.71e-01]    
98000     [3.36e-04]    [2.04e-02]    [2.72e-01]    
99000     [3.26e-04]    [2.03e-02]    [2.72e-01]    
100000    [3.25e-04]    [2.05e-02]    [2.73e-01]    
101000    [3.31e-04]    [2.06e-02]    [2.74e-01]    
102000    [3.93e-04]    [2.06e-02]    [2.74e-01]    
103000    [3.03e-04]    [2.06e-02]    [2.74e-01]    
104000    [3.83e-04]    [2.05e-02]    [2.74e-01]    
105000    [3.04e-04]    [2.06e-02]    [2.74e-01]    
106000    [3.13e-04]    [2.06e-02]    [2.74e-01]    
107000    [2.94e-04]    [2.07e-02]    [2.75e-01]    
108000    [3.47e-04]    [2.06e-02]    [2.74e-01]    
109000    [3.53e-04]    [2.08e-02]    [2.75e-01]    
110000    [3.59e-04]    [2.06e-02]    [2.74e-01]    
111000    [2.98e-04]    [2.07e-02]    [2.75e-01]    
112000    [4.30e-04]    [2.08e-02]    [2.75e-01]    
113000    [3.09e-04]    [2.08e-02]    [2.76e-01]    
114000    [3.08e-04]    [2.09e-02]    [2.76e-01]    
115000    [4.73e-04]    [2.10e-02]    [2.77e-01]    
116000    [4.03e-04]    [2.11e-02]    [2.77e-01]    
117000    [2.84e-04]    [2.12e-02]    [2.78e-01]    
118000    [2.84e-04]    [2.12e-02]    [2.78e-01]    
119000    [3.54e-04]    [2.13e-02]    [2.78e-01]    
120000    [3.46e-04]    [2.13e-02]    [2.79e-01]    
121000    [3.48e-04]    [2.13e-02]    [2.79e-01]    
122000    [3.00e-04]    [2.11e-02]    [2.78e-01]    
123000    [3.43e-04]    [2.14e-02]    [2.79e-01]    
124000    [4.20e-04]    [2.14e-02]    [2.80e-01]    
125000    [3.11e-04]    [2.15e-02]    [2.80e-01]    
126000    [4.03e-04]    [2.14e-02]    [2.80e-01]    
127000    [3.22e-04]    [2.15e-02]    [2.80e-01]    
128000    [4.45e-04]    [2.08e-02]    [2.76e-01]    
129000    [2.88e-04]    [2.15e-02]    [2.81e-01]    
130000    [2.85e-04]    [2.15e-02]    [2.81e-01]    
131000    [3.29e-04]    [2.16e-02]    [2.81e-01]    
132000    [2.88e-04]    [2.16e-02]    [2.81e-01]    
133000    [2.76e-04]    [2.15e-02]    [2.81e-01]    
134000    [2.72e-04]    [2.17e-02]    [2.82e-01]    
135000    [2.85e-04]    [2.16e-02]    [2.82e-01]    
136000    [5.18e-04]    [2.18e-02]    [2.83e-01]    
137000    [4.32e-04]    [2.11e-02]    [2.78e-01]    
138000    [3.16e-04]    [2.16e-02]    [2.82e-01]    
139000    [2.83e-04]    [2.17e-02]    [2.82e-01]    
140000    [2.78e-04]    [2.18e-02]    [2.83e-01]    
141000    [3.75e-04]    [2.15e-02]    [2.81e-01]    
142000    [3.67e-04]    [2.17e-02]    [2.83e-01]    
143000    [2.65e-04]    [2.17e-02]    [2.83e-01]    
144000    [2.82e-04]    [2.18e-02]    [2.83e-01]    
145000    [2.91e-04]    [2.19e-02]    [2.84e-01]    
146000    [2.98e-04]    [2.19e-02]    [2.84e-01]    
147000    [3.31e-04]    [2.20e-02]    [2.84e-01]    
148000    [2.81e-04]    [2.19e-02]    [2.84e-01]    
149000    [2.78e-04]    [2.19e-02]    [2.84e-01]    
150000    [3.64e-04]    [2.17e-02]    [2.82e-01]    
151000    [2.84e-04]    [2.16e-02]    [2.82e-01]    
152000    [2.78e-04]    [2.18e-02]    [2.84e-01]    
153000    [3.21e-04]    [2.20e-02]    [2.85e-01]    
154000    [2.63e-04]    [2.20e-02]    [2.84e-01]    
155000    [2.61e-04]    [2.20e-02]    [2.85e-01]    
156000    [3.41e-04]    [2.20e-02]    [2.85e-01]    
157000    [2.84e-04]    [2.21e-02]    [2.85e-01]    
158000    [2.72e-04]    [2.20e-02]    [2.84e-01]    
159000    [3.79e-04]    [2.20e-02]    [2.85e-01]    
160000    [2.52e-04]    [2.20e-02]    [2.85e-01]    
161000    [2.77e-04]    [2.20e-02]    [2.85e-01]    
162000    [3.06e-04]    [2.20e-02]    [2.85e-01]    
163000    [2.54e-04]    [2.23e-02]    [2.86e-01]    
164000    [5.26e-04]    [2.19e-02]    [2.84e-01]    
165000    [2.54e-04]    [2.22e-02]    [2.86e-01]    
166000    [3.13e-04]    [2.22e-02]    [2.86e-01]    
167000    [3.56e-04]    [2.25e-02]    [2.87e-01]    
168000    [2.62e-04]    [2.24e-02]    [2.87e-01]    
169000    [2.73e-04]    [2.23e-02]    [2.86e-01]    
170000    [3.77e-04]    [2.22e-02]    [2.86e-01]    
171000    [3.15e-04]    [2.23e-02]    [2.87e-01]    
172000    [2.53e-04]    [2.25e-02]    [2.88e-01]    
173000    [3.42e-04]    [2.22e-02]    [2.86e-01]    
174000    [3.29e-04]    [2.22e-02]    [2.86e-01]    
175000    [2.72e-04]    [2.23e-02]    [2.87e-01]    
176000    [2.74e-04]    [2.25e-02]    [2.88e-01]    
177000    [2.52e-04]    [2.25e-02]    [2.88e-01]    
178000    [3.27e-04]    [2.25e-02]    [2.87e-01]    
179000    [3.61e-04]    [2.21e-02]    [2.85e-01]    
180000    [3.95e-04]    [2.24e-02]    [2.88e-01]    
181000    [3.20e-04]    [2.24e-02]    [2.87e-01]    
182000    [2.79e-04]    [2.27e-02]    [2.89e-01]    
183000    [2.75e-04]    [2.25e-02]    [2.88e-01]    
184000    [2.47e-04]    [2.27e-02]    [2.89e-01]    
185000    [2.40e-04]    [2.27e-02]    [2.89e-01]    
186000    [2.64e-04]    [2.27e-02]    [2.89e-01]    
187000    [3.10e-04]    [2.25e-02]    [2.88e-01]    
188000    [3.23e-04]    [2.27e-02]    [2.89e-01]    
189000    [3.15e-04]    [2.26e-02]    [2.89e-01]    
190000    [2.58e-04]    [2.27e-02]    [2.89e-01]    
191000    [2.44e-04]    [2.27e-02]    [2.89e-01]    
192000    [2.49e-04]    [2.28e-02]    [2.90e-01]    
193000    [2.63e-04]    [2.25e-02]    [2.88e-01]    
194000    [2.38e-04]    [2.28e-02]    [2.90e-01]    
195000    [4.01e-04]    [2.29e-02]    [2.90e-01]    
196000    [2.99e-04]    [2.27e-02]    [2.89e-01]    
197000    [2.46e-04]    [2.27e-02]    [2.90e-01]    
198000    [2.40e-04]    [2.29e-02]    [2.91e-01]    
199000    [2.66e-04]    [2.29e-02]    [2.90e-01]    
200000    [3.39e-04]    [2.23e-02]    [2.87e-01]    

Best model at step 194000:
  train loss: 2.38e-04
  test loss: 2.28e-02
  test metric: [2.90e-01]

'train' took 811.932690 s

