c0900a-s5.ufhpc
Wed Jul  9 03:59:19 AM EDT 2025
/blue/shiboli.fsu/yifeisun.umich/adversarial_robustness_FNO/1D_Burgers_deeponet
当前工作目录 (cwd): /blue/shiboli.fsu/yifeisun.umich/adversarial_robustness_FNO/1D_Burgers_deeponet
脚本所在目录: /blue/shiboli.fsu/yifeisun.umich/adversarial_robustness_FNO/1D_Burgers_deeponet/training_models
目标文件路径: /blue/shiboli.fsu/yifeisun.umich/adversarial_robustness_FNO/datasets/dim1d_nx1024_N1400_train.pt
文件是否存在: False
Branch net sizes: 40, 20, 20, 40
Trunk net sizes: 40, 20, 20, 40
Branch net layers: 4
Trunk net layers: 4
Total trainable parameters: 45,241
Branch net params: 43,080
Trunk net params: 2,160
Total trainable parameters: 45,240
Compiling model...
'compile' took 21.953921 s

Training model...

Step      Train loss    Test loss     Test metric   
0         [2.50e-01]    [2.41e-01]    [9.31e-01]    
1000      [1.31e-02]    [1.35e-02]    [2.27e-01]    
2000      [1.14e-02]    [1.23e-02]    [2.17e-01]    
3000      [1.03e-02]    [1.12e-02]    [2.06e-01]    
4000      [9.60e-03]    [1.06e-02]    [2.00e-01]    
5000      [9.22e-03]    [1.01e-02]    [1.95e-01]    
6000      [8.55e-03]    [9.13e-03]    [1.85e-01]    
7000      [8.20e-03]    [8.66e-03]    [1.81e-01]    
8000      [7.96e-03]    [8.45e-03]    [1.78e-01]    
9000      [7.82e-03]    [8.27e-03]    [1.77e-01]    
10000     [7.65e-03]    [8.16e-03]    [1.76e-01]    
11000     [7.56e-03]    [8.05e-03]    [1.75e-01]    
12000     [7.40e-03]    [7.94e-03]    [1.74e-01]    
13000     [7.30e-03]    [7.83e-03]    [1.73e-01]    
14000     [7.23e-03]    [7.76e-03]    [1.72e-01]    
15000     [7.14e-03]    [7.67e-03]    [1.71e-01]    
16000     [7.07e-03]    [7.64e-03]    [1.70e-01]    
17000     [7.00e-03]    [7.64e-03]    [1.70e-01]    
18000     [6.97e-03]    [7.68e-03]    [1.71e-01]    
19000     [6.93e-03]    [7.67e-03]    [1.71e-01]    
20000     [6.88e-03]    [7.69e-03]    [1.71e-01]    
21000     [6.85e-03]    [7.68e-03]    [1.71e-01]    
22000     [6.78e-03]    [7.65e-03]    [1.71e-01]    
23000     [6.76e-03]    [7.61e-03]    [1.70e-01]    
24000     [6.76e-03]    [7.63e-03]    [1.70e-01]    
25000     [6.66e-03]    [7.55e-03]    [1.69e-01]    
26000     [6.68e-03]    [7.60e-03]    [1.70e-01]    
27000     [6.64e-03]    [7.56e-03]    [1.69e-01]    
28000     [6.62e-03]    [7.58e-03]    [1.70e-01]    
29000     [6.61e-03]    [7.51e-03]    [1.69e-01]    
30000     [6.58e-03]    [7.51e-03]    [1.69e-01]    
31000     [6.59e-03]    [7.54e-03]    [1.69e-01]    
32000     [6.55e-03]    [7.45e-03]    [1.68e-01]    
33000     [6.58e-03]    [7.48e-03]    [1.69e-01]    
34000     [6.50e-03]    [7.42e-03]    [1.68e-01]    
35000     [6.48e-03]    [7.37e-03]    [1.68e-01]    
36000     [6.52e-03]    [7.38e-03]    [1.68e-01]    
37000     [6.45e-03]    [7.30e-03]    [1.67e-01]    
38000     [6.45e-03]    [7.28e-03]    [1.66e-01]    
39000     [6.43e-03]    [7.27e-03]    [1.66e-01]    
40000     [6.44e-03]    [7.27e-03]    [1.66e-01]    
41000     [6.42e-03]    [7.25e-03]    [1.66e-01]    
42000     [6.46e-03]    [7.32e-03]    [1.67e-01]    
43000     [6.41e-03]    [7.25e-03]    [1.66e-01]    
44000     [6.40e-03]    [7.23e-03]    [1.66e-01]    
45000     [6.40e-03]    [7.19e-03]    [1.65e-01]    
46000     [6.40e-03]    [7.24e-03]    [1.66e-01]    
47000     [6.41e-03]    [7.26e-03]    [1.66e-01]    
48000     [6.40e-03]    [7.23e-03]    [1.66e-01]    
49000     [6.39e-03]    [7.21e-03]    [1.66e-01]    
50000     [6.36e-03]    [7.19e-03]    [1.65e-01]    
51000     [6.36e-03]    [7.17e-03]    [1.65e-01]    
52000     [6.35e-03]    [7.12e-03]    [1.65e-01]    
53000     [6.38e-03]    [7.17e-03]    [1.65e-01]    
54000     [6.38e-03]    [7.18e-03]    [1.65e-01]    
55000     [6.32e-03]    [7.07e-03]    [1.64e-01]    
56000     [6.38e-03]    [7.11e-03]    [1.64e-01]    
57000     [6.35e-03]    [7.09e-03]    [1.64e-01]    
58000     [6.33e-03]    [7.07e-03]    [1.64e-01]    
59000     [6.39e-03]    [7.08e-03]    [1.64e-01]    
60000     [6.34e-03]    [7.09e-03]    [1.64e-01]    
61000     [6.34e-03]    [7.07e-03]    [1.64e-01]    
62000     [6.32e-03]    [7.05e-03]    [1.64e-01]    
63000     [6.33e-03]    [7.06e-03]    [1.64e-01]    
64000     [6.31e-03]    [7.04e-03]    [1.63e-01]    
65000     [6.34e-03]    [7.06e-03]    [1.64e-01]    
66000     [6.30e-03]    [6.99e-03]    [1.63e-01]    
67000     [6.31e-03]    [7.03e-03]    [1.63e-01]    
68000     [6.30e-03]    [6.98e-03]    [1.63e-01]    
69000     [6.35e-03]    [7.06e-03]    [1.64e-01]    
70000     [6.31e-03]    [6.99e-03]    [1.63e-01]    
71000     [6.29e-03]    [7.00e-03]    [1.63e-01]    
72000     [6.32e-03]    [7.03e-03]    [1.63e-01]    
73000     [6.30e-03]    [6.98e-03]    [1.63e-01]    
74000     [6.35e-03]    [7.00e-03]    [1.63e-01]    
75000     [6.27e-03]    [6.95e-03]    [1.62e-01]    
76000     [6.32e-03]    [6.96e-03]    [1.63e-01]    
77000     [6.29e-03]    [6.96e-03]    [1.63e-01]    
78000     [6.26e-03]    [6.94e-03]    [1.62e-01]    
79000     [6.27e-03]    [6.94e-03]    [1.62e-01]    
80000     [6.28e-03]    [6.94e-03]    [1.62e-01]    
81000     [6.29e-03]    [6.95e-03]    [1.63e-01]    
82000     [6.26e-03]    [6.94e-03]    [1.62e-01]    
83000     [6.27e-03]    [6.92e-03]    [1.62e-01]    
84000     [6.26e-03]    [6.94e-03]    [1.62e-01]    
85000     [6.27e-03]    [6.93e-03]    [1.62e-01]    
86000     [6.29e-03]    [6.98e-03]    [1.63e-01]    
87000     [6.27e-03]    [6.89e-03]    [1.62e-01]    
88000     [6.25e-03]    [6.90e-03]    [1.62e-01]    
89000     [6.23e-03]    [6.90e-03]    [1.62e-01]    
90000     [6.24e-03]    [6.89e-03]    [1.62e-01]    
91000     [6.24e-03]    [6.88e-03]    [1.62e-01]    
92000     [6.23e-03]    [6.88e-03]    [1.62e-01]    
93000     [6.24e-03]    [6.92e-03]    [1.62e-01]    
94000     [6.23e-03]    [6.90e-03]    [1.62e-01]    
95000     [6.21e-03]    [6.89e-03]    [1.62e-01]    
96000     [6.21e-03]    [6.88e-03]    [1.62e-01]    
97000     [6.22e-03]    [6.89e-03]    [1.62e-01]    
98000     [6.21e-03]    [6.89e-03]    [1.62e-01]    
99000     [6.21e-03]    [6.88e-03]    [1.62e-01]    
100000    [6.19e-03]    [6.87e-03]    [1.62e-01]    
101000    [6.25e-03]    [6.86e-03]    [1.62e-01]    
102000    [6.21e-03]    [6.89e-03]    [1.62e-01]    
103000    [6.18e-03]    [6.86e-03]    [1.62e-01]    
104000    [6.20e-03]    [6.90e-03]    [1.62e-01]    
105000    [6.25e-03]    [6.94e-03]    [1.62e-01]    
106000    [6.19e-03]    [6.86e-03]    [1.62e-01]    
107000    [6.21e-03]    [6.85e-03]    [1.61e-01]    
108000    [6.18e-03]    [6.84e-03]    [1.61e-01]    
109000    [6.19e-03]    [6.87e-03]    [1.62e-01]    
110000    [6.20e-03]    [6.88e-03]    [1.62e-01]    
111000    [6.20e-03]    [6.87e-03]    [1.62e-01]    
112000    [6.19e-03]    [6.87e-03]    [1.62e-01]    
113000    [6.21e-03]    [6.89e-03]    [1.62e-01]    
114000    [6.19e-03]    [6.83e-03]    [1.61e-01]    
115000    [6.20e-03]    [6.84e-03]    [1.61e-01]    
116000    [6.18e-03]    [6.85e-03]    [1.61e-01]    
117000    [6.20e-03]    [6.88e-03]    [1.62e-01]    
118000    [6.20e-03]    [6.84e-03]    [1.61e-01]    
119000    [6.17e-03]    [6.83e-03]    [1.61e-01]    
120000    [6.18e-03]    [6.86e-03]    [1.61e-01]    
121000    [6.18e-03]    [6.85e-03]    [1.61e-01]    
122000    [6.22e-03]    [6.91e-03]    [1.62e-01]    
123000    [6.17e-03]    [6.84e-03]    [1.61e-01]    
124000    [6.19e-03]    [6.86e-03]    [1.61e-01]    
125000    [6.19e-03]    [6.82e-03]    [1.61e-01]    
126000    [6.18e-03]    [6.85e-03]    [1.61e-01]    
127000    [6.17e-03]    [6.82e-03]    [1.61e-01]    
128000    [6.16e-03]    [6.84e-03]    [1.61e-01]    
129000    [6.15e-03]    [6.84e-03]    [1.61e-01]    
130000    [6.19e-03]    [6.89e-03]    [1.62e-01]    
131000    [6.18e-03]    [6.87e-03]    [1.62e-01]    
132000    [6.16e-03]    [6.87e-03]    [1.62e-01]    
133000    [6.17e-03]    [6.86e-03]    [1.62e-01]    
134000    [6.18e-03]    [6.84e-03]    [1.61e-01]    
135000    [6.16e-03]    [6.86e-03]    [1.62e-01]    
136000    [6.16e-03]    [6.87e-03]    [1.62e-01]    
137000    [6.16e-03]    [6.86e-03]    [1.62e-01]    
138000    [6.16e-03]    [6.84e-03]    [1.61e-01]    
139000    [6.14e-03]    [6.85e-03]    [1.61e-01]    
140000    [6.20e-03]    [6.86e-03]    [1.62e-01]    
141000    [6.17e-03]    [6.84e-03]    [1.61e-01]    
142000    [6.14e-03]    [6.83e-03]    [1.61e-01]    
143000    [6.15e-03]    [6.82e-03]    [1.61e-01]    
144000    [6.16e-03]    [6.86e-03]    [1.62e-01]    
145000    [6.14e-03]    [6.83e-03]    [1.61e-01]    
146000    [6.13e-03]    [6.84e-03]    [1.61e-01]    
147000    [6.17e-03]    [6.85e-03]    [1.62e-01]    
148000    [6.15e-03]    [6.83e-03]    [1.61e-01]    
149000    [6.16e-03]    [6.84e-03]    [1.61e-01]    
150000    [6.14e-03]    [6.84e-03]    [1.61e-01]    
151000    [6.14e-03]    [6.82e-03]    [1.61e-01]    
152000    [6.15e-03]    [6.81e-03]    [1.61e-01]    
153000    [6.15e-03]    [6.87e-03]    [1.62e-01]    
154000    [6.14e-03]    [6.84e-03]    [1.61e-01]    
155000    [6.14e-03]    [6.82e-03]    [1.61e-01]    
156000    [6.14e-03]    [6.81e-03]    [1.61e-01]    
157000    [6.13e-03]    [6.79e-03]    [1.61e-01]    
158000    [6.13e-03]    [6.85e-03]    [1.62e-01]    
159000    [6.13e-03]    [6.83e-03]    [1.61e-01]    
160000    [6.11e-03]    [6.81e-03]    [1.61e-01]    
161000    [6.12e-03]    [6.80e-03]    [1.61e-01]    
162000    [6.15e-03]    [6.83e-03]    [1.61e-01]    
163000    [6.13e-03]    [6.82e-03]    [1.61e-01]    
164000    [6.13e-03]    [6.84e-03]    [1.61e-01]    
165000    [6.14e-03]    [6.83e-03]    [1.61e-01]    
166000    [6.13e-03]    [6.84e-03]    [1.61e-01]    
167000    [6.13e-03]    [6.82e-03]    [1.61e-01]    
168000    [6.14e-03]    [6.81e-03]    [1.61e-01]    
169000    [6.11e-03]    [6.81e-03]    [1.61e-01]    
170000    [6.14e-03]    [6.82e-03]    [1.61e-01]    
171000    [6.14e-03]    [6.80e-03]    [1.61e-01]    
172000    [6.12e-03]    [6.81e-03]    [1.61e-01]    
173000    [6.14e-03]    [6.84e-03]    [1.61e-01]    
174000    [6.13e-03]    [6.83e-03]    [1.61e-01]    
175000    [6.12e-03]    [6.83e-03]    [1.61e-01]    
176000    [6.11e-03]    [6.80e-03]    [1.61e-01]    
177000    [6.12e-03]    [6.81e-03]    [1.61e-01]    
178000    [6.13e-03]    [6.79e-03]    [1.61e-01]    
179000    [6.14e-03]    [6.84e-03]    [1.61e-01]    
180000    [6.15e-03]    [6.87e-03]    [1.62e-01]    
181000    [6.16e-03]    [6.84e-03]    [1.61e-01]    
182000    [6.11e-03]    [6.79e-03]    [1.61e-01]    
183000    [6.13e-03]    [6.81e-03]    [1.61e-01]    
184000    [6.12e-03]    [6.80e-03]    [1.61e-01]    
185000    [6.12e-03]    [6.80e-03]    [1.61e-01]    
186000    [6.11e-03]    [6.82e-03]    [1.61e-01]    
187000    [6.12e-03]    [6.83e-03]    [1.61e-01]    
188000    [6.13e-03]    [6.81e-03]    [1.61e-01]    
189000    [6.12e-03]    [6.83e-03]    [1.61e-01]    
190000    [6.11e-03]    [6.83e-03]    [1.61e-01]    
191000    [6.11e-03]    [6.82e-03]    [1.61e-01]    
192000    [6.14e-03]    [6.85e-03]    [1.61e-01]    
193000    [6.13e-03]    [6.83e-03]    [1.61e-01]    
194000    [6.16e-03]    [6.85e-03]    [1.61e-01]    
195000    [6.14e-03]    [6.84e-03]    [1.61e-01]    
196000    [6.10e-03]    [6.81e-03]    [1.61e-01]    
197000    [6.14e-03]    [6.80e-03]    [1.61e-01]    
198000    [6.11e-03]    [6.80e-03]    [1.61e-01]    
199000    [6.13e-03]    [6.84e-03]    [1.61e-01]    
200000    [6.10e-03]    [6.80e-03]    [1.61e-01]    

Best model at step 196000:
  train loss: 6.10e-03
  test loss: 6.81e-03
  test metric: [1.61e-01]

'train' took 683.261733 s

