c0900a-s5.ufhpc
Wed Jul  9 04:27:18 AM EDT 2025
/blue/shiboli.fsu/yifeisun.umich/adversarial_robustness_FNO/1D_Burgers_deeponet
当前工作目录 (cwd): /blue/shiboli.fsu/yifeisun.umich/adversarial_robustness_FNO/1D_Burgers_deeponet
脚本所在目录: /blue/shiboli.fsu/yifeisun.umich/adversarial_robustness_FNO/1D_Burgers_deeponet/training_models
目标文件路径: /blue/shiboli.fsu/yifeisun.umich/adversarial_robustness_FNO/datasets/dim1d_nx1024_N1400_train.pt
文件是否存在: False
Branch net sizes: 80, 40, 20, 20, 40, 80
Trunk net sizes: 80, 40, 20, 20, 40, 80
Branch net layers: 6
Trunk net layers: 6
Total trainable parameters: 99,361
Branch net params: 90,600
Trunk net params: 8,760
Total trainable parameters: 99,360
Compiling model...
'compile' took 1.721146 s

Training model...

Step      Train loss    Test loss     Test metric   
0         [3.05e-01]    [2.97e-01]    [1.03e+00]    
1000      [1.13e-02]    [1.21e-02]    [2.14e-01]    
2000      [9.17e-03]    [1.01e-02]    [1.96e-01]    
3000      [8.13e-03]    [8.76e-03]    [1.82e-01]    
4000      [7.52e-03]    [8.17e-03]    [1.76e-01]    
5000      [7.47e-03]    [7.96e-03]    [1.73e-01]    
6000      [6.87e-03]    [7.42e-03]    [1.68e-01]    
7000      [6.87e-03]    [7.43e-03]    [1.68e-01]    
8000      [6.57e-03]    [7.23e-03]    [1.65e-01]    
9000      [6.42e-03]    [7.17e-03]    [1.65e-01]    
10000     [6.30e-03]    [7.11e-03]    [1.64e-01]    
11000     [6.04e-03]    [6.88e-03]    [1.62e-01]    
12000     [5.92e-03]    [6.86e-03]    [1.61e-01]    
13000     [5.80e-03]    [6.81e-03]    [1.61e-01]    
14000     [5.66e-03]    [6.67e-03]    [1.59e-01]    
15000     [5.48e-03]    [6.52e-03]    [1.57e-01]    
16000     [5.78e-03]    [6.72e-03]    [1.60e-01]    
17000     [5.27e-03]    [6.29e-03]    [1.54e-01]    
18000     [5.30e-03]    [6.28e-03]    [1.54e-01]    
19000     [5.18e-03]    [6.18e-03]    [1.53e-01]    
20000     [5.25e-03]    [6.23e-03]    [1.53e-01]    
21000     [5.13e-03]    [6.13e-03]    [1.52e-01]    
22000     [5.08e-03]    [6.11e-03]    [1.52e-01]    
23000     [5.08e-03]    [6.12e-03]    [1.52e-01]    
24000     [5.07e-03]    [6.08e-03]    [1.52e-01]    
25000     [5.05e-03]    [6.07e-03]    [1.51e-01]    
26000     [5.00e-03]    [6.02e-03]    [1.51e-01]    
27000     [4.96e-03]    [5.99e-03]    [1.50e-01]    
28000     [4.91e-03]    [5.91e-03]    [1.49e-01]    
29000     [4.85e-03]    [5.82e-03]    [1.48e-01]    
30000     [4.89e-03]    [5.83e-03]    [1.49e-01]    
31000     [4.81e-03]    [5.71e-03]    [1.47e-01]    
32000     [4.78e-03]    [5.64e-03]    [1.46e-01]    
33000     [4.74e-03]    [5.65e-03]    [1.46e-01]    
34000     [4.76e-03]    [5.68e-03]    [1.47e-01]    
35000     [4.70e-03]    [5.57e-03]    [1.45e-01]    
36000     [4.64e-03]    [5.53e-03]    [1.45e-01]    
37000     [4.59e-03]    [5.49e-03]    [1.44e-01]    
38000     [4.61e-03]    [5.53e-03]    [1.45e-01]    
39000     [4.64e-03]    [5.61e-03]    [1.46e-01]    
40000     [4.63e-03]    [5.64e-03]    [1.46e-01]    
41000     [4.56e-03]    [5.53e-03]    [1.45e-01]    
42000     [4.62e-03]    [5.57e-03]    [1.45e-01]    
43000     [4.56e-03]    [5.54e-03]    [1.45e-01]    
44000     [4.54e-03]    [5.45e-03]    [1.44e-01]    
45000     [4.54e-03]    [5.49e-03]    [1.44e-01]    
46000     [4.52e-03]    [5.47e-03]    [1.44e-01]    
47000     [4.48e-03]    [5.44e-03]    [1.43e-01]    
48000     [4.48e-03]    [5.45e-03]    [1.43e-01]    
49000     [4.45e-03]    [5.47e-03]    [1.43e-01]    
50000     [4.47e-03]    [5.56e-03]    [1.44e-01]    
51000     [4.45e-03]    [5.62e-03]    [1.44e-01]    
52000     [4.46e-03]    [5.61e-03]    [1.44e-01]    
53000     [4.44e-03]    [5.60e-03]    [1.44e-01]    
54000     [4.44e-03]    [5.64e-03]    [1.44e-01]    
55000     [4.40e-03]    [5.55e-03]    [1.43e-01]    
56000     [4.43e-03]    [5.54e-03]    [1.43e-01]    
57000     [4.42e-03]    [5.55e-03]    [1.43e-01]    
58000     [4.41e-03]    [5.57e-03]    [1.44e-01]    
59000     [4.47e-03]    [5.59e-03]    [1.44e-01]    
60000     [4.47e-03]    [5.63e-03]    [1.44e-01]    
61000     [4.36e-03]    [5.49e-03]    [1.43e-01]    
62000     [4.46e-03]    [5.56e-03]    [1.44e-01]    
63000     [4.36e-03]    [5.54e-03]    [1.44e-01]    
64000     [4.39e-03]    [5.52e-03]    [1.43e-01]    
65000     [4.39e-03]    [5.57e-03]    [1.44e-01]    
66000     [4.33e-03]    [5.51e-03]    [1.43e-01]    
67000     [4.42e-03]    [5.60e-03]    [1.44e-01]    
68000     [4.33e-03]    [5.53e-03]    [1.44e-01]    
69000     [4.33e-03]    [5.52e-03]    [1.43e-01]    
70000     [4.30e-03]    [5.48e-03]    [1.43e-01]    
71000     [4.31e-03]    [5.46e-03]    [1.43e-01]    
72000     [4.30e-03]    [5.47e-03]    [1.43e-01]    
73000     [4.30e-03]    [5.47e-03]    [1.43e-01]    
74000     [4.28e-03]    [5.43e-03]    [1.42e-01]    
75000     [4.29e-03]    [5.44e-03]    [1.43e-01]    
76000     [4.24e-03]    [5.40e-03]    [1.42e-01]    
77000     [4.24e-03]    [5.39e-03]    [1.42e-01]    
78000     [4.23e-03]    [5.37e-03]    [1.42e-01]    
79000     [4.27e-03]    [5.35e-03]    [1.42e-01]    
80000     [4.24e-03]    [5.35e-03]    [1.42e-01]    
81000     [4.23e-03]    [5.36e-03]    [1.42e-01]    
82000     [4.23e-03]    [5.37e-03]    [1.42e-01]    
83000     [4.21e-03]    [5.38e-03]    [1.42e-01]    
84000     [4.23e-03]    [5.37e-03]    [1.42e-01]    
85000     [4.20e-03]    [5.37e-03]    [1.42e-01]    
86000     [4.22e-03]    [5.37e-03]    [1.42e-01]    
87000     [4.24e-03]    [5.44e-03]    [1.43e-01]    
88000     [4.22e-03]    [5.43e-03]    [1.42e-01]    
89000     [4.34e-03]    [5.52e-03]    [1.44e-01]    
90000     [4.21e-03]    [5.43e-03]    [1.42e-01]    
91000     [4.20e-03]    [5.38e-03]    [1.42e-01]    
92000     [4.24e-03]    [5.44e-03]    [1.42e-01]    
93000     [4.21e-03]    [5.39e-03]    [1.42e-01]    
94000     [4.22e-03]    [5.46e-03]    [1.43e-01]    
95000     [4.25e-03]    [5.49e-03]    [1.43e-01]    
96000     [4.20e-03]    [5.41e-03]    [1.42e-01]    
97000     [4.27e-03]    [5.49e-03]    [1.43e-01]    
98000     [4.16e-03]    [5.42e-03]    [1.42e-01]    
99000     [4.20e-03]    [5.45e-03]    [1.42e-01]    
100000    [4.17e-03]    [5.42e-03]    [1.42e-01]    
101000    [4.19e-03]    [5.45e-03]    [1.42e-01]    
102000    [4.17e-03]    [5.52e-03]    [1.42e-01]    
103000    [4.17e-03]    [5.53e-03]    [1.42e-01]    
104000    [4.17e-03]    [5.58e-03]    [1.43e-01]    
105000    [4.25e-03]    [5.69e-03]    [1.44e-01]    
106000    [4.24e-03]    [5.66e-03]    [1.44e-01]    
107000    [4.16e-03]    [5.61e-03]    [1.43e-01]    
108000    [4.22e-03]    [5.64e-03]    [1.43e-01]    
109000    [4.19e-03]    [5.63e-03]    [1.43e-01]    
110000    [4.26e-03]    [5.62e-03]    [1.43e-01]    
111000    [4.16e-03]    [5.69e-03]    [1.43e-01]    
112000    [4.20e-03]    [5.65e-03]    [1.43e-01]    
113000    [4.21e-03]    [5.67e-03]    [1.43e-01]    
114000    [4.16e-03]    [5.59e-03]    [1.42e-01]    
115000    [4.22e-03]    [5.73e-03]    [1.44e-01]    
116000    [4.13e-03]    [5.55e-03]    [1.42e-01]    
117000    [4.21e-03]    [5.58e-03]    [1.42e-01]    
118000    [4.17e-03]    [5.60e-03]    [1.42e-01]    
119000    [4.16e-03]    [5.58e-03]    [1.42e-01]    
120000    [4.19e-03]    [5.71e-03]    [1.43e-01]    
121000    [4.12e-03]    [5.65e-03]    [1.42e-01]    
122000    [4.27e-03]    [5.87e-03]    [1.45e-01]    
123000    [4.16e-03]    [5.64e-03]    [1.42e-01]    
124000    [4.13e-03]    [5.66e-03]    [1.42e-01]    
125000    [4.12e-03]    [5.57e-03]    [1.42e-01]    
126000    [4.12e-03]    [5.60e-03]    [1.42e-01]    
127000    [4.09e-03]    [5.65e-03]    [1.42e-01]    
128000    [4.11e-03]    [5.67e-03]    [1.42e-01]    
129000    [4.09e-03]    [5.65e-03]    [1.42e-01]    
130000    [4.10e-03]    [5.60e-03]    [1.42e-01]    
131000    [4.11e-03]    [5.72e-03]    [1.43e-01]    
132000    [4.09e-03]    [5.70e-03]    [1.42e-01]    
133000    [4.07e-03]    [5.63e-03]    [1.42e-01]    
134000    [4.07e-03]    [5.70e-03]    [1.42e-01]    
135000    [4.07e-03]    [5.64e-03]    [1.42e-01]    
136000    [4.10e-03]    [5.77e-03]    [1.43e-01]    
137000    [4.06e-03]    [5.66e-03]    [1.42e-01]    
138000    [4.06e-03]    [5.72e-03]    [1.43e-01]    
139000    [4.07e-03]    [5.74e-03]    [1.43e-01]    
140000    [4.13e-03]    [5.79e-03]    [1.43e-01]    
141000    [4.07e-03]    [5.63e-03]    [1.42e-01]    
142000    [4.06e-03]    [5.62e-03]    [1.42e-01]    
143000    [4.07e-03]    [5.57e-03]    [1.42e-01]    
144000    [4.05e-03]    [5.44e-03]    [1.41e-01]    
145000    [4.05e-03]    [5.49e-03]    [1.42e-01]    
146000    [4.03e-03]    [5.38e-03]    [1.40e-01]    
147000    [4.03e-03]    [5.35e-03]    [1.40e-01]    
148000    [4.00e-03]    [5.32e-03]    [1.40e-01]    
149000    [4.12e-03]    [5.40e-03]    [1.41e-01]    
150000    [3.99e-03]    [5.28e-03]    [1.39e-01]    
151000    [4.08e-03]    [5.33e-03]    [1.40e-01]    
152000    [4.02e-03]    [5.32e-03]    [1.40e-01]    
153000    [3.98e-03]    [5.32e-03]    [1.40e-01]    
154000    [4.04e-03]    [5.35e-03]    [1.41e-01]    
155000    [4.03e-03]    [5.44e-03]    [1.41e-01]    
156000    [4.00e-03]    [5.42e-03]    [1.41e-01]    
157000    [3.98e-03]    [5.35e-03]    [1.40e-01]    
158000    [4.01e-03]    [5.38e-03]    [1.41e-01]    
159000    [3.99e-03]    [5.37e-03]    [1.41e-01]    
160000    [4.03e-03]    [5.42e-03]    [1.41e-01]    
161000    [3.99e-03]    [5.36e-03]    [1.40e-01]    
162000    [3.98e-03]    [5.37e-03]    [1.41e-01]    
163000    [3.96e-03]    [5.39e-03]    [1.41e-01]    
164000    [3.95e-03]    [5.40e-03]    [1.41e-01]    
165000    [4.00e-03]    [5.44e-03]    [1.42e-01]    
166000    [3.96e-03]    [5.38e-03]    [1.41e-01]    
167000    [3.97e-03]    [5.38e-03]    [1.41e-01]    
168000    [3.98e-03]    [5.38e-03]    [1.41e-01]    
169000    [3.97e-03]    [5.44e-03]    [1.41e-01]    
170000    [3.97e-03]    [5.43e-03]    [1.41e-01]    
171000    [3.95e-03]    [5.42e-03]    [1.41e-01]    
172000    [3.98e-03]    [5.40e-03]    [1.41e-01]    
173000    [3.94e-03]    [5.41e-03]    [1.41e-01]    
174000    [3.93e-03]    [5.37e-03]    [1.41e-01]    
175000    [3.99e-03]    [5.47e-03]    [1.42e-01]    
176000    [3.93e-03]    [5.42e-03]    [1.41e-01]    
177000    [3.94e-03]    [5.40e-03]    [1.41e-01]    
178000    [3.93e-03]    [5.45e-03]    [1.42e-01]    
179000    [4.01e-03]    [5.52e-03]    [1.43e-01]    
180000    [3.95e-03]    [5.43e-03]    [1.42e-01]    
181000    [3.94e-03]    [5.49e-03]    [1.42e-01]    
182000    [3.94e-03]    [5.47e-03]    [1.42e-01]    
183000    [3.94e-03]    [5.46e-03]    [1.42e-01]    
184000    [4.00e-03]    [5.50e-03]    [1.43e-01]    
185000    [3.93e-03]    [5.47e-03]    [1.42e-01]    
186000    [3.93e-03]    [5.47e-03]    [1.42e-01]    
187000    [3.92e-03]    [5.49e-03]    [1.42e-01]    
188000    [3.95e-03]    [5.54e-03]    [1.43e-01]    
189000    [3.95e-03]    [5.43e-03]    [1.42e-01]    
190000    [3.94e-03]    [5.49e-03]    [1.43e-01]    
191000    [3.94e-03]    [5.50e-03]    [1.43e-01]    
192000    [3.93e-03]    [5.54e-03]    [1.43e-01]    
193000    [3.92e-03]    [5.53e-03]    [1.43e-01]    
194000    [3.93e-03]    [5.59e-03]    [1.44e-01]    
195000    [3.91e-03]    [5.51e-03]    [1.43e-01]    
196000    [3.91e-03]    [5.48e-03]    [1.42e-01]    
197000    [3.92e-03]    [5.54e-03]    [1.43e-01]    
198000    [3.90e-03]    [5.51e-03]    [1.43e-01]    
199000    [3.91e-03]    [5.56e-03]    [1.43e-01]    
200000    [3.94e-03]    [5.53e-03]    [1.43e-01]    

Best model at step 198000:
  train loss: 3.90e-03
  test loss: 5.51e-03
  test metric: [1.43e-01]

'train' took 787.637435 s

