c0901a-s5.ufhpc
Wed Jul  9 02:23:48 AM EDT 2025
/blue/shiboli.fsu/yifeisun.umich/adversarial_robustness_FNO/1D_Burgers_deeponet
当前工作目录 (cwd): /blue/shiboli.fsu/yifeisun.umich/adversarial_robustness_FNO/1D_Burgers_deeponet
脚本所在目录: /blue/shiboli.fsu/yifeisun.umich/adversarial_robustness_FNO/1D_Burgers_deeponet/training_models
目标文件路径: /blue/shiboli.fsu/yifeisun.umich/adversarial_robustness_FNO/datasets/dim1d_nx1024_N1400_train.pt
文件是否存在: False
Compiling model...
'compile' took 1.670923 s

Training model...

Step      Train loss    Test loss     Test metric   
0         [2.95e-01]    [2.86e-01]    [1.02e+00]    
1000      [1.74e-02]    [1.77e-02]    [2.58e-01]    
2000      [1.72e-02]    [1.74e-02]    [2.55e-01]    
3000      [1.70e-02]    [1.72e-02]    [2.53e-01]    
4000      [1.23e-02]    [1.29e-02]    [2.22e-01]    
5000      [1.18e-02]    [1.24e-02]    [2.17e-01]    
6000      [1.14e-02]    [1.19e-02]    [2.12e-01]    
7000      [1.10e-02]    [1.16e-02]    [2.09e-01]    
8000      [1.08e-02]    [1.14e-02]    [2.08e-01]    
9000      [1.06e-02]    [1.13e-02]    [2.07e-01]    
10000     [1.05e-02]    [1.12e-02]    [2.05e-01]    
11000     [1.04e-02]    [1.11e-02]    [2.04e-01]    
12000     [1.03e-02]    [1.11e-02]    [2.04e-01]    
13000     [1.02e-02]    [1.10e-02]    [2.03e-01]    
14000     [1.01e-02]    [1.09e-02]    [2.02e-01]    
15000     [1.01e-02]    [1.09e-02]    [2.02e-01]    
16000     [1.00e-02]    [1.09e-02]    [2.02e-01]    
17000     [1.00e-02]    [1.08e-02]    [2.02e-01]    
18000     [1.00e-02]    [1.08e-02]    [2.01e-01]    
19000     [9.99e-03]    [1.07e-02]    [2.01e-01]    
20000     [9.97e-03]    [1.07e-02]    [2.01e-01]    
21000     [9.96e-03]    [1.08e-02]    [2.01e-01]    
22000     [9.94e-03]    [1.07e-02]    [2.01e-01]    
23000     [9.92e-03]    [1.08e-02]    [2.01e-01]    
24000     [9.91e-03]    [1.08e-02]    [2.01e-01]    
25000     [9.90e-03]    [1.07e-02]    [2.01e-01]    
26000     [9.96e-03]    [1.08e-02]    [2.01e-01]    
27000     [9.88e-03]    [1.07e-02]    [2.01e-01]    
28000     [9.89e-03]    [1.08e-02]    [2.01e-01]    
29000     [9.88e-03]    [1.08e-02]    [2.01e-01]    
30000     [9.89e-03]    [1.08e-02]    [2.01e-01]    
31000     [9.87e-03]    [1.08e-02]    [2.01e-01]    
32000     [9.88e-03]    [1.08e-02]    [2.01e-01]    
33000     [9.85e-03]    [1.08e-02]    [2.01e-01]    
34000     [9.85e-03]    [1.08e-02]    [2.02e-01]    
35000     [9.80e-03]    [1.09e-02]    [2.02e-01]    
36000     [9.78e-03]    [1.09e-02]    [2.03e-01]    
37000     [9.78e-03]    [1.10e-02]    [2.03e-01]    
38000     [9.77e-03]    [1.10e-02]    [2.04e-01]    
39000     [9.76e-03]    [1.09e-02]    [2.03e-01]    
40000     [8.84e-03]    [9.56e-03]    [1.91e-01]    
41000     [8.55e-03]    [9.21e-03]    [1.87e-01]    
42000     [8.49e-03]    [9.15e-03]    [1.86e-01]    
43000     [8.37e-03]    [9.12e-03]    [1.86e-01]    
44000     [8.35e-03]    [9.09e-03]    [1.85e-01]    
45000     [8.33e-03]    [9.11e-03]    [1.86e-01]    
46000     [8.28e-03]    [9.05e-03]    [1.85e-01]    
47000     [8.30e-03]    [9.04e-03]    [1.85e-01]    
48000     [8.42e-03]    [9.25e-03]    [1.87e-01]    
49000     [8.23e-03]    [9.06e-03]    [1.85e-01]    
50000     [8.23e-03]    [9.07e-03]    [1.85e-01]    
51000     [8.21e-03]    [9.00e-03]    [1.85e-01]    
52000     [8.18e-03]    [9.00e-03]    [1.84e-01]    
53000     [8.20e-03]    [9.02e-03]    [1.85e-01]    
54000     [8.16e-03]    [8.99e-03]    [1.84e-01]    
55000     [8.34e-03]    [9.11e-03]    [1.86e-01]    
56000     [8.15e-03]    [8.95e-03]    [1.84e-01]    
57000     [8.16e-03]    [8.96e-03]    [1.84e-01]    
58000     [8.19e-03]    [9.05e-03]    [1.85e-01]    
59000     [8.13e-03]    [8.97e-03]    [1.84e-01]    
60000     [8.15e-03]    [8.99e-03]    [1.84e-01]    
61000     [8.13e-03]    [8.96e-03]    [1.84e-01]    
62000     [8.16e-03]    [9.02e-03]    [1.85e-01]    
63000     [8.13e-03]    [8.98e-03]    [1.84e-01]    
64000     [8.10e-03]    [8.98e-03]    [1.84e-01]    
65000     [8.12e-03]    [9.00e-03]    [1.85e-01]    
66000     [8.10e-03]    [8.99e-03]    [1.84e-01]    
67000     [8.11e-03]    [8.98e-03]    [1.84e-01]    
68000     [8.09e-03]    [8.99e-03]    [1.84e-01]    
69000     [8.08e-03]    [9.00e-03]    [1.85e-01]    
70000     [8.10e-03]    [9.01e-03]    [1.85e-01]    
71000     [8.07e-03]    [8.98e-03]    [1.84e-01]    
72000     [8.06e-03]    [8.96e-03]    [1.84e-01]    
73000     [8.06e-03]    [8.98e-03]    [1.84e-01]    
74000     [8.12e-03]    [9.05e-03]    [1.85e-01]    
75000     [8.07e-03]    [9.00e-03]    [1.84e-01]    
76000     [8.03e-03]    [8.96e-03]    [1.84e-01]    
77000     [8.04e-03]    [8.96e-03]    [1.84e-01]    
78000     [8.03e-03]    [8.95e-03]    [1.84e-01]    
79000     [8.03e-03]    [8.93e-03]    [1.84e-01]    
80000     [8.01e-03]    [8.93e-03]    [1.84e-01]    
81000     [8.01e-03]    [8.91e-03]    [1.84e-01]    
82000     [8.03e-03]    [8.89e-03]    [1.83e-01]    
83000     [8.05e-03]    [8.94e-03]    [1.84e-01]    
84000     [8.01e-03]    [8.91e-03]    [1.84e-01]    
85000     [8.02e-03]    [8.88e-03]    [1.83e-01]    
86000     [8.00e-03]    [8.86e-03]    [1.83e-01]    
87000     [7.98e-03]    [8.85e-03]    [1.83e-01]    
88000     [7.99e-03]    [8.87e-03]    [1.83e-01]    
89000     [7.99e-03]    [8.86e-03]    [1.83e-01]    
90000     [7.98e-03]    [8.85e-03]    [1.83e-01]    
91000     [8.06e-03]    [8.91e-03]    [1.84e-01]    
92000     [8.01e-03]    [8.85e-03]    [1.83e-01]    
93000     [7.96e-03]    [8.85e-03]    [1.83e-01]    
94000     [7.98e-03]    [8.84e-03]    [1.83e-01]    
95000     [7.96e-03]    [8.86e-03]    [1.83e-01]    
96000     [7.95e-03]    [8.83e-03]    [1.83e-01]    
97000     [7.95e-03]    [8.80e-03]    [1.82e-01]    
98000     [7.96e-03]    [8.82e-03]    [1.83e-01]    
99000     [7.95e-03]    [8.82e-03]    [1.83e-01]    
100000    [7.95e-03]    [8.82e-03]    [1.83e-01]    
101000    [7.95e-03]    [8.82e-03]    [1.83e-01]    
102000    [7.95e-03]    [8.84e-03]    [1.83e-01]    
103000    [7.95e-03]    [8.82e-03]    [1.83e-01]    
104000    [7.94e-03]    [8.80e-03]    [1.82e-01]    
105000    [7.96e-03]    [8.82e-03]    [1.83e-01]    
106000    [7.93e-03]    [8.80e-03]    [1.82e-01]    
107000    [7.95e-03]    [8.83e-03]    [1.83e-01]    
108000    [7.94e-03]    [8.84e-03]    [1.83e-01]    
109000    [7.95e-03]    [8.81e-03]    [1.82e-01]    
110000    [7.92e-03]    [8.81e-03]    [1.83e-01]    
111000    [7.91e-03]    [8.80e-03]    [1.82e-01]    
112000    [7.95e-03]    [8.82e-03]    [1.83e-01]    
113000    [7.92e-03]    [8.79e-03]    [1.82e-01]    
114000    [7.92e-03]    [8.82e-03]    [1.83e-01]    
115000    [7.92e-03]    [8.81e-03]    [1.82e-01]    
116000    [7.92e-03]    [8.79e-03]    [1.82e-01]    
117000    [7.91e-03]    [8.80e-03]    [1.82e-01]    
118000    [7.91e-03]    [8.81e-03]    [1.83e-01]    
119000    [7.90e-03]    [8.79e-03]    [1.82e-01]    
120000    [7.91e-03]    [8.79e-03]    [1.82e-01]    
121000    [7.90e-03]    [8.77e-03]    [1.82e-01]    
122000    [7.91e-03]    [8.79e-03]    [1.82e-01]    
123000    [7.90e-03]    [8.78e-03]    [1.82e-01]    
124000    [7.90e-03]    [8.78e-03]    [1.82e-01]    
125000    [7.90e-03]    [8.76e-03]    [1.82e-01]    
126000    [7.91e-03]    [8.80e-03]    [1.82e-01]    
127000    [7.90e-03]    [8.75e-03]    [1.82e-01]    
128000    [7.88e-03]    [8.75e-03]    [1.82e-01]    
129000    [7.88e-03]    [8.74e-03]    [1.82e-01]    
130000    [7.95e-03]    [8.83e-03]    [1.83e-01]    
131000    [7.88e-03]    [8.74e-03]    [1.82e-01]    
132000    [7.87e-03]    [8.74e-03]    [1.82e-01]    
133000    [7.86e-03]    [8.71e-03]    [1.81e-01]    
134000    [7.95e-03]    [8.78e-03]    [1.82e-01]    
135000    [7.86e-03]    [8.71e-03]    [1.81e-01]    
136000    [7.87e-03]    [8.72e-03]    [1.81e-01]    
137000    [7.86e-03]    [8.70e-03]    [1.81e-01]    
138000    [7.86e-03]    [8.71e-03]    [1.81e-01]    
139000    [7.86e-03]    [8.71e-03]    [1.81e-01]    
140000    [7.86e-03]    [8.73e-03]    [1.82e-01]    
141000    [7.84e-03]    [8.70e-03]    [1.81e-01]    
142000    [7.85e-03]    [8.70e-03]    [1.81e-01]    
143000    [7.88e-03]    [8.74e-03]    [1.82e-01]    
144000    [7.86e-03]    [8.71e-03]    [1.81e-01]    
145000    [7.84e-03]    [8.68e-03]    [1.81e-01]    
146000    [7.84e-03]    [8.69e-03]    [1.81e-01]    
147000    [7.84e-03]    [8.68e-03]    [1.81e-01]    
148000    [7.84e-03]    [8.68e-03]    [1.81e-01]    
149000    [7.83e-03]    [8.68e-03]    [1.81e-01]    
150000    [7.85e-03]    [8.69e-03]    [1.81e-01]    
151000    [7.84e-03]    [8.69e-03]    [1.81e-01]    
152000    [7.82e-03]    [8.68e-03]    [1.81e-01]    
153000    [7.85e-03]    [8.70e-03]    [1.81e-01]    
154000    [7.84e-03]    [8.73e-03]    [1.82e-01]    
155000    [7.83e-03]    [8.69e-03]    [1.81e-01]    
156000    [7.85e-03]    [8.69e-03]    [1.81e-01]    
157000    [7.85e-03]    [8.70e-03]    [1.81e-01]    
158000    [7.82e-03]    [8.68e-03]    [1.81e-01]    
159000    [7.82e-03]    [8.69e-03]    [1.81e-01]    
160000    [7.85e-03]    [8.71e-03]    [1.81e-01]    
161000    [7.81e-03]    [8.70e-03]    [1.81e-01]    
162000    [7.85e-03]    [8.73e-03]    [1.82e-01]    
163000    [7.82e-03]    [8.71e-03]    [1.81e-01]    
164000    [7.82e-03]    [8.71e-03]    [1.81e-01]    
165000    [7.84e-03]    [8.74e-03]    [1.82e-01]    
166000    [7.81e-03]    [8.69e-03]    [1.81e-01]    
167000    [8.00e-03]    [8.84e-03]    [1.83e-01]    
168000    [7.81e-03]    [8.67e-03]    [1.81e-01]    
169000    [7.82e-03]    [8.68e-03]    [1.81e-01]    
170000    [7.80e-03]    [8.68e-03]    [1.81e-01]    
171000    [7.81e-03]    [8.69e-03]    [1.81e-01]    
172000    [7.86e-03]    [8.77e-03]    [1.82e-01]    
173000    [7.81e-03]    [8.70e-03]    [1.81e-01]    
174000    [7.81e-03]    [8.69e-03]    [1.81e-01]    
175000    [7.81e-03]    [8.68e-03]    [1.81e-01]    
176000    [7.81e-03]    [8.67e-03]    [1.81e-01]    
177000    [7.80e-03]    [8.67e-03]    [1.81e-01]    
178000    [7.80e-03]    [8.67e-03]    [1.81e-01]    
179000    [7.79e-03]    [8.68e-03]    [1.81e-01]    
180000    [7.80e-03]    [8.69e-03]    [1.81e-01]    
181000    [7.79e-03]    [8.67e-03]    [1.81e-01]    
182000    [7.80e-03]    [8.69e-03]    [1.81e-01]    
183000    [7.82e-03]    [8.71e-03]    [1.81e-01]    
184000    [7.80e-03]    [8.68e-03]    [1.81e-01]    
185000    [7.82e-03]    [8.70e-03]    [1.81e-01]    
186000    [7.80e-03]    [8.70e-03]    [1.81e-01]    
187000    [7.80e-03]    [8.70e-03]    [1.81e-01]    
188000    [7.84e-03]    [8.71e-03]    [1.81e-01]    
189000    [7.80e-03]    [8.68e-03]    [1.81e-01]    
190000    [7.80e-03]    [8.65e-03]    [1.81e-01]    
191000    [7.79e-03]    [8.66e-03]    [1.81e-01]    
192000    [7.79e-03]    [8.67e-03]    [1.81e-01]    
193000    [7.80e-03]    [8.70e-03]    [1.81e-01]    
194000    [7.79e-03]    [8.67e-03]    [1.81e-01]    
195000    [7.79e-03]    [8.67e-03]    [1.81e-01]    
196000    [7.79e-03]    [8.69e-03]    [1.81e-01]    
197000    [7.80e-03]    [8.70e-03]    [1.81e-01]    
198000    [7.80e-03]    [8.66e-03]    [1.81e-01]    
199000    [7.79e-03]    [8.70e-03]    [1.81e-01]    
200000    [7.78e-03]    [8.69e-03]    [1.81e-01]    

Best model at step 200000:
  train loss: 7.78e-03
  test loss: 8.69e-03
  test metric: [1.81e-01]

'train' took 664.596866 s

