c0900a-s15.ufhpc
Wed Jul  9 05:32:35 AM EDT 2025
/blue/shiboli.fsu/yifeisun.umich/adversarial_robustness_FNO/1D_Burgers_deeponet
当前工作目录 (cwd): /blue/shiboli.fsu/yifeisun.umich/adversarial_robustness_FNO/1D_Burgers_deeponet
脚本所在目录: /blue/shiboli.fsu/yifeisun.umich/adversarial_robustness_FNO/1D_Burgers_deeponet/training_models
目标文件路径: /blue/shiboli.fsu/yifeisun.umich/adversarial_robustness_FNO/datasets/dim1d_nx1024_N1400_train.pt
文件是否存在: False
Branch net sizes: 640, 640
Trunk net sizes: 640, 640
Branch net layers: 2
Trunk net layers: 2
Total trainable parameters: 1,477,761
Branch net params: 1,066,240
Trunk net params: 411,520
Total trainable parameters: 1,477,760
Compiling model...
'compile' took 18.616047 s

Training model...

Step      Train loss    Test loss     Test metric   
0         [1.22e-01]    [1.20e-01]    [6.58e-01]    
1000      [1.40e-02]    [1.44e-02]    [2.34e-01]    
2000      [1.20e-02]    [1.29e-02]    [2.22e-01]    
3000      [1.10e-02]    [1.20e-02]    [2.14e-01]    
4000      [1.02e-02]    [1.14e-02]    [2.09e-01]    
5000      [9.79e-03]    [1.10e-02]    [2.04e-01]    
6000      [9.61e-03]    [1.07e-02]    [2.02e-01]    
7000      [8.89e-03]    [1.01e-02]    [1.95e-01]    
8000      [8.29e-03]    [9.36e-03]    [1.89e-01]    
9000      [8.31e-03]    [9.22e-03]    [1.87e-01]    
10000     [7.87e-03]    [8.81e-03]    [1.83e-01]    
11000     [7.60e-03]    [8.54e-03]    [1.80e-01]    
12000     [7.37e-03]    [8.31e-03]    [1.78e-01]    
13000     [7.18e-03]    [8.11e-03]    [1.76e-01]    
14000     [6.97e-03]    [7.94e-03]    [1.74e-01]    
15000     [6.90e-03]    [7.89e-03]    [1.73e-01]    
16000     [6.73e-03]    [7.65e-03]    [1.71e-01]    
17000     [6.82e-03]    [7.69e-03]    [1.71e-01]    
18000     [1.36e-02]    [1.42e-02]    [2.33e-01]    
19000     [1.20e-02]    [1.29e-02]    [2.22e-01]    
20000     [1.19e-02]    [1.27e-02]    [2.20e-01]    
21000     [1.17e-02]    [1.24e-02]    [2.18e-01]    
22000     [1.13e-02]    [1.21e-02]    [2.15e-01]    
23000     [1.13e-02]    [1.21e-02]    [2.14e-01]    
24000     [1.13e-02]    [1.21e-02]    [2.15e-01]    
25000     [1.14e-02]    [1.22e-02]    [2.15e-01]    
26000     [1.11e-02]    [1.20e-02]    [2.14e-01]    
27000     [1.11e-02]    [1.21e-02]    [2.14e-01]    
28000     [1.10e-02]    [1.19e-02]    [2.13e-01]    
29000     [1.09e-02]    [1.20e-02]    [2.14e-01]    
30000     [1.09e-02]    [1.20e-02]    [2.14e-01]    
31000     [1.09e-02]    [1.20e-02]    [2.14e-01]    
32000     [1.09e-02]    [1.21e-02]    [2.15e-01]    
33000     [1.09e-02]    [1.20e-02]    [2.14e-01]    
34000     [1.09e-02]    [1.20e-02]    [2.14e-01]    
35000     [1.09e-02]    [1.20e-02]    [2.14e-01]    
36000     [1.07e-02]    [1.18e-02]    [2.12e-01]    
37000     [1.06e-02]    [1.17e-02]    [2.11e-01]    
38000     [1.07e-02]    [1.17e-02]    [2.11e-01]    
39000     [1.05e-02]    [1.15e-02]    [2.09e-01]    
40000     [1.05e-02]    [1.14e-02]    [2.09e-01]    
41000     [1.05e-02]    [1.14e-02]    [2.09e-01]    
42000     [1.05e-02]    [1.14e-02]    [2.08e-01]    
43000     [1.05e-02]    [1.14e-02]    [2.08e-01]    
44000     [1.04e-02]    [1.12e-02]    [2.06e-01]    
45000     [1.04e-02]    [1.11e-02]    [2.06e-01]    
46000     [1.05e-02]    [1.14e-02]    [2.08e-01]    
47000     [1.04e-02]    [1.11e-02]    [2.06e-01]    
48000     [1.03e-02]    [1.11e-02]    [2.06e-01]    
49000     [1.03e-02]    [1.11e-02]    [2.06e-01]    
50000     [1.04e-02]    [1.12e-02]    [2.07e-01]    
51000     [1.03e-02]    [1.11e-02]    [2.06e-01]    
52000     [1.03e-02]    [1.10e-02]    [2.05e-01]    
53000     [1.03e-02]    [1.10e-02]    [2.05e-01]    
54000     [1.02e-02]    [1.10e-02]    [2.04e-01]    
55000     [1.03e-02]    [1.10e-02]    [2.04e-01]    
56000     [1.02e-02]    [1.09e-02]    [2.04e-01]    
57000     [1.02e-02]    [1.09e-02]    [2.03e-01]    
58000     [1.02e-02]    [1.08e-02]    [2.02e-01]    
59000     [1.02e-02]    [1.07e-02]    [2.02e-01]    
60000     [1.02e-02]    [1.08e-02]    [2.02e-01]    
61000     [1.02e-02]    [1.07e-02]    [2.02e-01]    
62000     [1.02e-02]    [1.08e-02]    [2.02e-01]    
63000     [1.02e-02]    [1.07e-02]    [2.02e-01]    
64000     [1.02e-02]    [1.08e-02]    [2.02e-01]    
65000     [1.02e-02]    [1.07e-02]    [2.02e-01]    
66000     [1.02e-02]    [1.08e-02]    [2.02e-01]    
67000     [1.03e-02]    [1.09e-02]    [2.03e-01]    
68000     [1.02e-02]    [1.07e-02]    [2.02e-01]    
69000     [1.02e-02]    [1.08e-02]    [2.02e-01]    
70000     [1.02e-02]    [1.07e-02]    [2.02e-01]    
71000     [1.02e-02]    [1.08e-02]    [2.03e-01]    
72000     [1.02e-02]    [1.07e-02]    [2.02e-01]    
73000     [1.02e-02]    [1.07e-02]    [2.02e-01]    
74000     [1.02e-02]    [1.07e-02]    [2.02e-01]    
75000     [1.02e-02]    [1.08e-02]    [2.02e-01]    
76000     [1.02e-02]    [1.07e-02]    [2.02e-01]    
77000     [1.02e-02]    [1.08e-02]    [2.02e-01]    
78000     [1.02e-02]    [1.08e-02]    [2.02e-01]    
79000     [1.02e-02]    [1.08e-02]    [2.02e-01]    
80000     [1.02e-02]    [1.08e-02]    [2.03e-01]    
81000     [1.02e-02]    [1.08e-02]    [2.02e-01]    
82000     [1.02e-02]    [1.08e-02]    [2.02e-01]    
83000     [1.02e-02]    [1.08e-02]    [2.02e-01]    
84000     [1.02e-02]    [1.08e-02]    [2.02e-01]    
85000     [1.02e-02]    [1.08e-02]    [2.02e-01]    
86000     [1.02e-02]    [1.08e-02]    [2.02e-01]    
87000     [1.02e-02]    [1.08e-02]    [2.02e-01]    
88000     [1.02e-02]    [1.08e-02]    [2.02e-01]    
89000     [1.02e-02]    [1.07e-02]    [2.02e-01]    
90000     [1.02e-02]    [1.08e-02]    [2.02e-01]    
91000     [1.02e-02]    [1.08e-02]    [2.02e-01]    
92000     [1.02e-02]    [1.08e-02]    [2.02e-01]    
93000     [1.02e-02]    [1.08e-02]    [2.02e-01]    
94000     [1.02e-02]    [1.08e-02]    [2.02e-01]    
95000     [1.02e-02]    [1.08e-02]    [2.02e-01]    
96000     [1.02e-02]    [1.08e-02]    [2.02e-01]    
97000     [1.02e-02]    [1.08e-02]    [2.02e-01]    
98000     [1.02e-02]    [1.07e-02]    [2.02e-01]    
99000     [1.02e-02]    [1.07e-02]    [2.02e-01]    
100000    [1.02e-02]    [1.08e-02]    [2.02e-01]    
101000    [1.02e-02]    [1.08e-02]    [2.02e-01]    
102000    [1.02e-02]    [1.08e-02]    [2.02e-01]    
103000    [1.02e-02]    [1.08e-02]    [2.02e-01]    
104000    [1.02e-02]    [1.07e-02]    [2.02e-01]    
105000    [1.02e-02]    [1.07e-02]    [2.02e-01]    
106000    [1.02e-02]    [1.08e-02]    [2.02e-01]    
107000    [1.02e-02]    [1.07e-02]    [2.02e-01]    
108000    [1.02e-02]    [1.07e-02]    [2.02e-01]    
109000    [1.02e-02]    [1.07e-02]    [2.01e-01]    
110000    [1.02e-02]    [1.07e-02]    [2.02e-01]    
111000    [1.02e-02]    [1.07e-02]    [2.02e-01]    
112000    [1.02e-02]    [1.07e-02]    [2.02e-01]    
113000    [1.02e-02]    [1.07e-02]    [2.02e-01]    
114000    [1.02e-02]    [1.07e-02]    [2.02e-01]    
115000    [1.02e-02]    [1.07e-02]    [2.02e-01]    
116000    [1.02e-02]    [1.07e-02]    [2.02e-01]    
117000    [1.02e-02]    [1.07e-02]    [2.02e-01]    
118000    [1.01e-02]    [1.07e-02]    [2.01e-01]    
119000    [1.02e-02]    [1.07e-02]    [2.02e-01]    
120000    [1.01e-02]    [1.07e-02]    [2.02e-01]    
121000    [1.02e-02]    [1.07e-02]    [2.01e-01]    
122000    [1.02e-02]    [1.07e-02]    [2.02e-01]    
123000    [1.01e-02]    [1.07e-02]    [2.01e-01]    
124000    [1.02e-02]    [1.07e-02]    [2.02e-01]    
125000    [1.01e-02]    [1.07e-02]    [2.01e-01]    
126000    [1.02e-02]    [1.07e-02]    [2.01e-01]    
127000    [1.02e-02]    [1.08e-02]    [2.02e-01]    
128000    [1.02e-02]    [1.07e-02]    [2.02e-01]    
129000    [1.02e-02]    [1.07e-02]    [2.02e-01]    
130000    [1.02e-02]    [1.07e-02]    [2.01e-01]    
131000    [1.01e-02]    [1.07e-02]    [2.01e-01]    
132000    [1.01e-02]    [1.07e-02]    [2.01e-01]    
133000    [1.02e-02]    [1.07e-02]    [2.02e-01]    
134000    [1.02e-02]    [1.07e-02]    [2.02e-01]    
135000    [1.02e-02]    [1.08e-02]    [2.02e-01]    
136000    [1.02e-02]    [1.07e-02]    [2.02e-01]    
137000    [1.02e-02]    [1.07e-02]    [2.02e-01]    
138000    [1.02e-02]    [1.07e-02]    [2.02e-01]    
139000    [1.02e-02]    [1.07e-02]    [2.02e-01]    
140000    [1.01e-02]    [1.07e-02]    [2.02e-01]    
141000    [1.01e-02]    [1.07e-02]    [2.02e-01]    
142000    [1.02e-02]    [1.07e-02]    [2.02e-01]    
143000    [1.02e-02]    [1.07e-02]    [2.02e-01]    
144000    [1.02e-02]    [1.08e-02]    [2.02e-01]    
145000    [1.01e-02]    [1.07e-02]    [2.02e-01]    
146000    [1.02e-02]    [1.08e-02]    [2.02e-01]    
147000    [1.01e-02]    [1.07e-02]    [2.02e-01]    
148000    [1.01e-02]    [1.07e-02]    [2.01e-01]    
149000    [1.02e-02]    [1.07e-02]    [2.02e-01]    
150000    [1.01e-02]    [1.07e-02]    [2.01e-01]    
151000    [1.01e-02]    [1.07e-02]    [2.01e-01]    
152000    [1.02e-02]    [1.08e-02]    [2.02e-01]    
153000    [1.02e-02]    [1.08e-02]    [2.02e-01]    
154000    [1.02e-02]    [1.08e-02]    [2.02e-01]    
155000    [1.01e-02]    [1.07e-02]    [2.01e-01]    
156000    [1.01e-02]    [1.07e-02]    [2.01e-01]    
157000    [1.02e-02]    [1.07e-02]    [2.02e-01]    
158000    [1.01e-02]    [1.07e-02]    [2.01e-01]    
159000    [1.01e-02]    [1.07e-02]    [2.01e-01]    
160000    [1.01e-02]    [1.07e-02]    [2.01e-01]    
161000    [1.01e-02]    [1.07e-02]    [2.01e-01]    
162000    [1.02e-02]    [1.07e-02]    [2.02e-01]    
163000    [1.01e-02]    [1.07e-02]    [2.01e-01]    
164000    [1.01e-02]    [1.07e-02]    [2.02e-01]    
165000    [1.02e-02]    [1.08e-02]    [2.02e-01]    
166000    [1.02e-02]    [1.07e-02]    [2.02e-01]    
167000    [1.02e-02]    [1.07e-02]    [2.02e-01]    
168000    [1.01e-02]    [1.07e-02]    [2.02e-01]    
169000    [1.01e-02]    [1.07e-02]    [2.01e-01]    
170000    [1.02e-02]    [1.07e-02]    [2.02e-01]    
171000    [1.01e-02]    [1.07e-02]    [2.01e-01]    
172000    [1.02e-02]    [1.07e-02]    [2.02e-01]    
173000    [1.01e-02]    [1.07e-02]    [2.01e-01]    
174000    [1.02e-02]    [1.07e-02]    [2.02e-01]    
175000    [1.01e-02]    [1.07e-02]    [2.01e-01]    
176000    [1.02e-02]    [1.07e-02]    [2.02e-01]    
177000    [1.01e-02]    [1.07e-02]    [2.02e-01]    
178000    [1.02e-02]    [1.07e-02]    [2.02e-01]    
179000    [1.01e-02]    [1.07e-02]    [2.01e-01]    
180000    [1.01e-02]    [1.07e-02]    [2.02e-01]    
181000    [1.02e-02]    [1.08e-02]    [2.02e-01]    
182000    [1.01e-02]    [1.07e-02]    [2.01e-01]    
183000    [1.02e-02]    [1.07e-02]    [2.02e-01]    
184000    [1.02e-02]    [1.07e-02]    [2.02e-01]    
185000    [1.02e-02]    [1.07e-02]    [2.02e-01]    
186000    [1.01e-02]    [1.07e-02]    [2.01e-01]    
187000    [1.02e-02]    [1.07e-02]    [2.02e-01]    
188000    [1.02e-02]    [1.07e-02]    [2.02e-01]    
189000    [1.01e-02]    [1.07e-02]    [2.02e-01]    
190000    [1.02e-02]    [1.07e-02]    [2.01e-01]    
191000    [1.01e-02]    [1.07e-02]    [2.01e-01]    
192000    [1.01e-02]    [1.07e-02]    [2.02e-01]    
193000    [1.01e-02]    [1.07e-02]    [2.01e-01]    
194000    [1.02e-02]    [1.07e-02]    [2.02e-01]    
195000    [1.01e-02]    [1.07e-02]    [2.01e-01]    
196000    [1.01e-02]    [1.07e-02]    [2.01e-01]    
197000    [1.01e-02]    [1.07e-02]    [2.02e-01]    
198000    [1.02e-02]    [1.07e-02]    [2.01e-01]    
199000    [1.02e-02]    [1.07e-02]    [2.02e-01]    
200000    [1.02e-02]    [1.08e-02]    [2.02e-01]    

Best model at step 16000:
  train loss: 6.73e-03
  test loss: 7.65e-03
  test metric: [1.71e-01]

'train' took 561.903689 s

