c0900a-s25.ufhpc
Mon Jul 28 09:09:30 AM EDT 2025
/blue/shiboli.fsu/yifeisun.umich/adversarial_robustness_FNO/1D_Burgers_deeponet
Compiling model...
'compile' took 27.977938 s

Warning: epochs is deprecated and will be removed in a future version. Use iterations instead.
Training model...

Step      Train loss    Test loss     Test metric   
0         [5.29e-06]    [5.61e-06]    [1.15e+00]    
1000      [2.70e-09]    [6.85e-09]    [4.14e-02]    
2000      [1.04e-09]    [4.03e-09]    [3.26e-02]    
3000      [5.77e-10]    [2.99e-09]    [2.80e-02]    
4000      [3.83e-10]    [2.47e-09]    [2.55e-02]    
5000      [2.80e-10]    [2.15e-09]    [2.37e-02]    
6000      [2.18e-10]    [1.94e-09]    [2.25e-02]    
7000      [1.77e-10]    [1.78e-09]    [2.16e-02]    
8000      [1.48e-10]    [1.65e-09]    [2.08e-02]    
9000      [1.26e-10]    [1.55e-09]    [2.02e-02]    
10000     [1.10e-10]    [1.47e-09]    [1.97e-02]    
11000     [9.72e-11]    [1.41e-09]    [1.92e-02]    
12000     [8.69e-11]    [1.35e-09]    [1.88e-02]    
13000     [7.84e-11]    [1.30e-09]    [1.85e-02]    
14000     [7.12e-11]    [1.26e-09]    [1.82e-02]    
15000     [6.52e-11]    [1.22e-09]    [1.79e-02]    
16000     [6.00e-11]    [1.18e-09]    [1.77e-02]    
17000     [5.56e-11]    [1.15e-09]    [1.75e-02]    
18000     [5.16e-11]    [1.13e-09]    [1.73e-02]    
19000     [4.82e-11]    [1.10e-09]    [1.71e-02]    
20000     [4.52e-11]    [1.08e-09]    [1.69e-02]    
21000     [4.25e-11]    [1.06e-09]    [1.68e-02]    
22000     [4.00e-11]    [1.04e-09]    [1.66e-02]    
23000     [3.78e-11]    [1.02e-09]    [1.65e-02]    
24000     [3.59e-11]    [1.00e-09]    [1.64e-02]    
25000     [3.41e-11]    [9.90e-10]    [1.63e-02]    
26000     [3.24e-11]    [9.76e-10]    [1.62e-02]    
27000     [3.09e-11]    [9.63e-10]    [1.61e-02]    
28000     [2.96e-11]    [9.51e-10]    [1.60e-02]    
29000     [2.83e-11]    [9.40e-10]    [1.59e-02]    
30000     [2.71e-11]    [9.29e-10]    [1.58e-02]    
31000     [2.61e-11]    [9.20e-10]    [1.57e-02]    
32000     [2.51e-11]    [9.10e-10]    [1.57e-02]    
33000     [2.41e-11]    [9.02e-10]    [1.56e-02]    
34000     [2.33e-11]    [8.94e-10]    [1.55e-02]    
35000     [2.25e-11]    [8.86e-10]    [1.55e-02]    
36000     [2.17e-11]    [8.79e-10]    [1.54e-02]    
37000     [2.10e-11]    [8.72e-10]    [1.54e-02]    
38000     [2.03e-11]    [8.65e-10]    [1.53e-02]    
39000     [1.97e-11]    [8.59e-10]    [1.53e-02]    
40000     [1.91e-11]    [8.53e-10]    [1.52e-02]    
41000     [1.86e-11]    [8.48e-10]    [1.52e-02]    
42000     [1.81e-11]    [8.42e-10]    [1.51e-02]    
43000     [1.76e-11]    [8.37e-10]    [1.51e-02]    
44000     [1.71e-11]    [8.33e-10]    [1.51e-02]    
45000     [1.67e-11]    [8.28e-10]    [1.50e-02]    
46000     [1.62e-11]    [8.24e-10]    [1.50e-02]    
47000     [1.58e-11]    [8.19e-10]    [1.50e-02]    
48000     [1.55e-11]    [8.15e-10]    [1.49e-02]    
49000     [1.51e-11]    [8.12e-10]    [1.49e-02]    
50000     [1.48e-11]    [8.08e-10]    [1.49e-02]    
51000     [1.44e-11]    [8.04e-10]    [1.49e-02]    
52000     [1.41e-11]    [8.01e-10]    [1.48e-02]    
53000     [1.38e-11]    [7.98e-10]    [1.48e-02]    
54000     [1.35e-11]    [7.95e-10]    [1.48e-02]    
55000     [1.33e-11]    [7.92e-10]    [1.48e-02]    
56000     [1.30e-11]    [7.89e-10]    [1.47e-02]    
57000     [1.28e-11]    [7.86e-10]    [1.47e-02]    
58000     [1.25e-11]    [7.83e-10]    [1.47e-02]    
59000     [1.23e-11]    [7.81e-10]    [1.47e-02]    
60000     [1.21e-11]    [7.78e-10]    [1.47e-02]    
61000     [1.19e-11]    [7.76e-10]    [1.46e-02]    
62000     [1.17e-11]    [7.73e-10]    [1.46e-02]    
63000     [1.15e-11]    [7.71e-10]    [1.46e-02]    
64000     [1.13e-11]    [7.69e-10]    [1.46e-02]    
65000     [1.11e-11]    [7.67e-10]    [1.46e-02]    
66000     [1.09e-11]    [7.65e-10]    [1.46e-02]    
67000     [1.07e-11]    [7.63e-10]    [1.46e-02]    
68000     [1.06e-11]    [7.61e-10]    [1.45e-02]    
69000     [1.04e-11]    [7.59e-10]    [1.45e-02]    
70000     [1.03e-11]    [7.57e-10]    [1.45e-02]    
71000     [1.01e-11]    [7.55e-10]    [1.45e-02]    
72000     [9.98e-12]    [7.54e-10]    [1.45e-02]    
73000     [9.84e-12]    [7.52e-10]    [1.45e-02]    
74000     [9.71e-12]    [7.50e-10]    [1.45e-02]    
75000     [9.58e-12]    [7.49e-10]    [1.45e-02]    
76000     [9.45e-12]    [7.47e-10]    [1.44e-02]    
77000     [9.33e-12]    [7.46e-10]    [1.44e-02]    
78000     [9.22e-12]    [7.44e-10]    [1.44e-02]    
79000     [9.10e-12]    [7.43e-10]    [1.44e-02]    
80000     [8.99e-12]    [7.41e-10]    [1.44e-02]    
81000     [8.88e-12]    [7.40e-10]    [1.44e-02]    
82000     [8.78e-12]    [7.39e-10]    [1.44e-02]    
83000     [8.68e-12]    [7.37e-10]    [1.44e-02]    
84000     [8.58e-12]    [7.36e-10]    [1.44e-02]    
85000     [8.48e-12]    [7.35e-10]    [1.44e-02]    
86000     [8.39e-12]    [7.34e-10]    [1.43e-02]    
87000     [8.30e-12]    [7.32e-10]    [1.43e-02]    
88000     [8.21e-12]    [7.31e-10]    [1.43e-02]    
89000     [8.13e-12]    [7.30e-10]    [1.43e-02]    
90000     [8.04e-12]    [7.29e-10]    [1.43e-02]    
91000     [7.96e-12]    [7.28e-10]    [1.43e-02]    
92000     [7.88e-12]    [7.27e-10]    [1.43e-02]    
93000     [7.81e-12]    [7.26e-10]    [1.43e-02]    
94000     [7.73e-12]    [7.25e-10]    [1.43e-02]    
95000     [7.66e-12]    [7.24e-10]    [1.43e-02]    
96000     [7.59e-12]    [7.23e-10]    [1.43e-02]    
97000     [7.52e-12]    [7.22e-10]    [1.43e-02]    
98000     [7.45e-12]    [7.21e-10]    [1.43e-02]    
99000     [7.38e-12]    [7.20e-10]    [1.42e-02]    
100000    [7.32e-12]    [7.19e-10]    [1.42e-02]    
101000    [7.26e-12]    [7.19e-10]    [1.42e-02]    
102000    [7.20e-12]    [7.18e-10]    [1.42e-02]    
103000    [7.14e-12]    [7.17e-10]    [1.42e-02]    
104000    [7.08e-12]    [7.16e-10]    [1.42e-02]    
105000    [7.02e-12]    [7.15e-10]    [1.42e-02]    
106000    [6.96e-12]    [7.15e-10]    [1.42e-02]    
107000    [6.91e-12]    [7.14e-10]    [1.42e-02]    
108000    [6.86e-12]    [7.13e-10]    [1.42e-02]    
109000    [6.80e-12]    [7.12e-10]    [1.42e-02]    
110000    [6.75e-12]    [7.12e-10]    [1.42e-02]    
111000    [6.70e-12]    [7.11e-10]    [1.42e-02]    
112000    [6.65e-12]    [7.10e-10]    [1.42e-02]    
113000    [6.60e-12]    [7.09e-10]    [1.42e-02]    
114000    [6.56e-12]    [7.09e-10]    [1.42e-02]    
115000    [6.51e-12]    [7.08e-10]    [1.42e-02]    
116000    [6.47e-12]    [7.07e-10]    [1.42e-02]    
117000    [6.42e-12]    [7.07e-10]    [1.41e-02]    
118000    [6.38e-12]    [7.06e-10]    [1.41e-02]    
119000    [6.34e-12]    [7.06e-10]    [1.41e-02]    
120000    [6.30e-12]    [7.05e-10]    [1.41e-02]    
121000    [6.26e-12]    [7.04e-10]    [1.41e-02]    
122000    [6.22e-12]    [7.04e-10]    [1.41e-02]    
123000    [6.18e-12]    [7.03e-10]    [1.41e-02]    
124000    [6.14e-12]    [7.03e-10]    [1.41e-02]    
125000    [6.10e-12]    [7.02e-10]    [1.41e-02]    
126000    [6.06e-12]    [7.01e-10]    [1.41e-02]    
127000    [6.03e-12]    [7.01e-10]    [1.41e-02]    
128000    [5.99e-12]    [7.00e-10]    [1.41e-02]    
129000    [5.96e-12]    [7.00e-10]    [1.41e-02]    
130000    [5.93e-12]    [6.99e-10]    [1.41e-02]    
131000    [5.89e-12]    [6.99e-10]    [1.41e-02]    
132000    [5.86e-12]    [6.98e-10]    [1.41e-02]    
133000    [5.83e-12]    [6.98e-10]    [1.41e-02]    
134000    [5.80e-12]    [6.97e-10]    [1.41e-02]    
135000    [5.76e-12]    [6.97e-10]    [1.41e-02]    
136000    [5.73e-12]    [6.96e-10]    [1.41e-02]    
137000    [5.70e-12]    [6.96e-10]    [1.41e-02]    
138000    [5.67e-12]    [6.95e-10]    [1.41e-02]    
139000    [5.65e-12]    [6.95e-10]    [1.41e-02]    
140000    [5.62e-12]    [6.94e-10]    [1.41e-02]    
141000    [5.59e-12]    [6.94e-10]    [1.41e-02]    
142000    [5.56e-12]    [6.94e-10]    [1.40e-02]    
143000    [5.54e-12]    [6.93e-10]    [1.40e-02]    
144000    [5.51e-12]    [6.93e-10]    [1.40e-02]    
145000    [5.48e-12]    [6.92e-10]    [1.40e-02]    
146000    [5.46e-12]    [6.92e-10]    [1.40e-02]    
147000    [5.43e-12]    [6.91e-10]    [1.40e-02]    
148000    [5.41e-12]    [6.91e-10]    [1.40e-02]    
149000    [5.38e-12]    [6.91e-10]    [1.40e-02]    
150000    [5.36e-12]    [6.90e-10]    [1.40e-02]    
151000    [5.34e-12]    [6.90e-10]    [1.40e-02]    
152000    [5.31e-12]    [6.89e-10]    [1.40e-02]    
153000    [5.29e-12]    [6.89e-10]    [1.40e-02]    
154000    [5.27e-12]    [6.89e-10]    [1.40e-02]    
155000    [5.25e-12]    [6.88e-10]    [1.40e-02]    
156000    [5.23e-12]    [6.88e-10]    [1.40e-02]    
157000    [5.21e-12]    [6.88e-10]    [1.40e-02]    
158000    [5.18e-12]    [6.87e-10]    [1.40e-02]    
159000    [5.16e-12]    [6.87e-10]    [1.40e-02]    
160000    [5.14e-12]    [6.86e-10]    [1.40e-02]    
161000    [5.12e-12]    [6.86e-10]    [1.40e-02]    
162000    [5.10e-12]    [6.86e-10]    [1.40e-02]    
163000    [5.08e-12]    [6.85e-10]    [1.40e-02]    
164000    [5.07e-12]    [6.85e-10]    [1.40e-02]    
165000    [5.05e-12]    [6.85e-10]    [1.40e-02]    
166000    [5.03e-12]    [6.84e-10]    [1.40e-02]    
167000    [5.01e-12]    [6.84e-10]    [1.40e-02]    
168000    [4.99e-12]    [6.84e-10]    [1.40e-02]    
169000    [4.97e-12]    [6.83e-10]    [1.40e-02]    
170000    [4.96e-12]    [6.83e-10]    [1.40e-02]    
171000    [4.94e-12]    [6.83e-10]    [1.40e-02]    
172000    [4.92e-12]    [6.82e-10]    [1.40e-02]    
173000    [4.91e-12]    [6.82e-10]    [1.40e-02]    
174000    [4.89e-12]    [6.82e-10]    [1.40e-02]    
175000    [4.87e-12]    [6.82e-10]    [1.40e-02]    
176000    [4.86e-12]    [6.81e-10]    [1.40e-02]    
177000    [4.84e-12]    [6.81e-10]    [1.39e-02]    
178000    [4.83e-12]    [6.81e-10]    [1.39e-02]    
179000    [4.81e-12]    [6.80e-10]    [1.39e-02]    
180000    [4.80e-12]    [6.80e-10]    [1.39e-02]    
181000    [4.78e-12]    [6.80e-10]    [1.39e-02]    
182000    [4.77e-12]    [6.80e-10]    [1.39e-02]    
183000    [4.75e-12]    [6.79e-10]    [1.39e-02]    
184000    [4.74e-12]    [6.79e-10]    [1.39e-02]    
185000    [4.73e-12]    [6.79e-10]    [1.39e-02]    
186000    [4.71e-12]    [6.78e-10]    [1.39e-02]    
187000    [4.70e-12]    [6.78e-10]    [1.39e-02]    
188000    [4.68e-12]    [6.78e-10]    [1.39e-02]    
189000    [4.67e-12]    [6.78e-10]    [1.39e-02]    
190000    [4.66e-12]    [6.77e-10]    [1.39e-02]    
191000    [4.65e-12]    [6.77e-10]    [1.39e-02]    
192000    [4.63e-12]    [6.77e-10]    [1.39e-02]    
193000    [4.62e-12]    [6.77e-10]    [1.39e-02]    
194000    [4.61e-12]    [6.76e-10]    [1.39e-02]    
195000    [4.60e-12]    [6.76e-10]    [1.39e-02]    
196000    [4.58e-12]    [6.76e-10]    [1.39e-02]    
197000    [4.57e-12]    [6.76e-10]    [1.39e-02]    
198000    [4.56e-12]    [6.76e-10]    [1.39e-02]    
199000    [4.55e-12]    [6.75e-10]    [1.39e-02]    
200000    [4.54e-12]    [6.75e-10]    [1.39e-02]    
201000    [4.52e-12]    [6.75e-10]    [1.39e-02]    
202000    [4.51e-12]    [6.75e-10]    [1.39e-02]    
203000    [4.50e-12]    [6.74e-10]    [1.39e-02]    
204000    [4.49e-12]    [6.74e-10]    [1.39e-02]    
205000    [4.48e-12]    [6.74e-10]    [1.39e-02]    
206000    [4.47e-12]    [6.74e-10]    [1.39e-02]    
207000    [4.46e-12]    [6.74e-10]    [1.39e-02]    
208000    [4.45e-12]    [6.73e-10]    [1.39e-02]    
209000    [4.44e-12]    [6.73e-10]    [1.39e-02]    
210000    [4.43e-12]    [6.73e-10]    [1.39e-02]    
211000    [4.42e-12]    [6.73e-10]    [1.39e-02]    
212000    [4.41e-12]    [6.72e-10]    [1.39e-02]    
213000    [4.40e-12]    [6.72e-10]    [1.39e-02]    
214000    [4.39e-12]    [6.72e-10]    [1.39e-02]    
215000    [4.38e-12]    [6.72e-10]    [1.39e-02]    
216000    [4.37e-12]    [6.72e-10]    [1.39e-02]    
217000    [4.36e-12]    [6.71e-10]    [1.39e-02]    
218000    [4.35e-12]    [6.71e-10]    [1.39e-02]    
219000    [4.34e-12]    [6.71e-10]    [1.39e-02]    
220000    [4.33e-12]    [6.71e-10]    [1.39e-02]    
221000    [4.33e-12]    [6.71e-10]    [1.39e-02]    
222000    [4.32e-12]    [6.70e-10]    [1.39e-02]    
223000    [4.31e-12]    [6.70e-10]    [1.39e-02]    
224000    [4.30e-12]    [6.70e-10]    [1.39e-02]    
225000    [4.29e-12]    [6.70e-10]    [1.39e-02]    
226000    [4.28e-12]    [6.70e-10]    [1.39e-02]    
227000    [4.27e-12]    [6.69e-10]    [1.39e-02]    
228000    [4.27e-12]    [6.69e-10]    [1.39e-02]    
229000    [4.26e-12]    [6.69e-10]    [1.39e-02]    
230000    [4.25e-12]    [6.69e-10]    [1.39e-02]    
231000    [4.24e-12]    [6.69e-10]    [1.39e-02]    
232000    [4.23e-12]    [6.69e-10]    [1.38e-02]    
233000    [4.23e-12]    [6.68e-10]    [1.38e-02]    
234000    [4.22e-12]    [6.68e-10]    [1.38e-02]    
235000    [4.21e-12]    [6.68e-10]    [1.38e-02]    
236000    [4.20e-12]    [6.68e-10]    [1.38e-02]    
237000    [4.20e-12]    [6.68e-10]    [1.38e-02]    
238000    [4.19e-12]    [6.67e-10]    [1.38e-02]    
239000    [4.18e-12]    [6.67e-10]    [1.38e-02]    
240000    [4.17e-12]    [6.67e-10]    [1.38e-02]    
241000    [4.17e-12]    [6.67e-10]    [1.38e-02]    
242000    [4.16e-12]    [6.67e-10]    [1.38e-02]    
243000    [4.15e-12]    [6.67e-10]    [1.38e-02]    
244000    [4.15e-12]    [6.66e-10]    [1.38e-02]    
245000    [4.14e-12]    [6.66e-10]    [1.38e-02]    
246000    [4.13e-12]    [6.66e-10]    [1.38e-02]    
247000    [4.13e-12]    [6.66e-10]    [1.38e-02]    
248000    [4.12e-12]    [6.66e-10]    [1.38e-02]    
249000    [4.11e-12]    [6.66e-10]    [1.38e-02]    
250000    [4.11e-12]    [6.65e-10]    [1.38e-02]    
251000    [4.10e-12]    [6.65e-10]    [1.38e-02]    
252000    [4.09e-12]    [6.65e-10]    [1.38e-02]    
253000    [4.09e-12]    [6.65e-10]    [1.38e-02]    
254000    [4.08e-12]    [6.65e-10]    [1.38e-02]    
255000    [4.07e-12]    [6.65e-10]    [1.38e-02]    
256000    [4.07e-12]    [6.65e-10]    [1.38e-02]    
257000    [4.06e-12]    [6.64e-10]    [1.38e-02]    
258000    [4.06e-12]    [6.64e-10]    [1.38e-02]    
259000    [4.05e-12]    [6.64e-10]    [1.38e-02]    
260000    [4.04e-12]    [6.64e-10]    [1.38e-02]    
261000    [4.04e-12]    [6.64e-10]    [1.38e-02]    
262000    [4.03e-12]    [6.64e-10]    [1.38e-02]    
263000    [4.03e-12]    [6.63e-10]    [1.38e-02]    
264000    [4.02e-12]    [6.63e-10]    [1.38e-02]    
265000    [4.02e-12]    [6.63e-10]    [1.38e-02]    
266000    [4.01e-12]    [6.63e-10]    [1.38e-02]    
267000    [4.00e-12]    [6.63e-10]    [1.38e-02]    
268000    [4.00e-12]    [6.63e-10]    [1.38e-02]    
269000    [3.99e-12]    [6.63e-10]    [1.38e-02]    
270000    [3.99e-12]    [6.62e-10]    [1.38e-02]    
271000    [3.98e-12]    [6.62e-10]    [1.38e-02]    
272000    [3.98e-12]    [6.62e-10]    [1.38e-02]    
273000    [3.97e-12]    [6.62e-10]    [1.38e-02]    
274000    [3.97e-12]    [6.62e-10]    [1.38e-02]    
275000    [3.96e-12]    [6.62e-10]    [1.38e-02]    
276000    [3.96e-12]    [6.62e-10]    [1.38e-02]    
277000    [3.95e-12]    [6.62e-10]    [1.38e-02]    
278000    [3.95e-12]    [6.61e-10]    [1.38e-02]    
279000    [3.94e-12]    [6.61e-10]    [1.38e-02]    
280000    [3.94e-12]    [6.61e-10]    [1.38e-02]    
281000    [3.93e-12]    [6.61e-10]    [1.38e-02]    
282000    [3.93e-12]    [6.61e-10]    [1.38e-02]    
283000    [3.92e-12]    [6.61e-10]    [1.38e-02]    
284000    [3.92e-12]    [6.61e-10]    [1.38e-02]    
285000    [3.91e-12]    [6.61e-10]    [1.38e-02]    
286000    [3.91e-12]    [6.60e-10]    [1.38e-02]    
287000    [3.90e-12]    [6.60e-10]    [1.38e-02]    
288000    [3.90e-12]    [6.60e-10]    [1.38e-02]    
289000    [3.90e-12]    [6.60e-10]    [1.38e-02]    
290000    [3.89e-12]    [6.60e-10]    [1.38e-02]    
291000    [3.89e-12]    [6.60e-10]    [1.38e-02]    
292000    [3.88e-12]    [6.60e-10]    [1.38e-02]    
293000    [3.88e-12]    [6.60e-10]    [1.38e-02]    
294000    [3.87e-12]    [6.60e-10]    [1.38e-02]    
295000    [3.87e-12]    [6.59e-10]    [1.38e-02]    
296000    [3.87e-12]    [6.59e-10]    [1.38e-02]    
297000    [3.86e-12]    [6.59e-10]    [1.38e-02]    
298000    [3.86e-12]    [6.59e-10]    [1.38e-02]    
299000    [3.85e-12]    [6.59e-10]    [1.38e-02]    
300000    [3.85e-12]    [6.59e-10]    [1.38e-02]    
301000    [3.84e-12]    [6.59e-10]    [1.38e-02]    
302000    [3.84e-12]    [6.59e-10]    [1.38e-02]    
303000    [3.84e-12]    [6.59e-10]    [1.38e-02]    
304000    [3.83e-12]    [6.58e-10]    [1.38e-02]    
305000    [3.83e-12]    [6.58e-10]    [1.38e-02]    
306000    [3.82e-12]    [6.58e-10]    [1.38e-02]    
307000    [3.82e-12]    [6.58e-10]    [1.38e-02]    
308000    [3.82e-12]    [6.58e-10]    [1.38e-02]    
309000    [3.81e-12]    [6.58e-10]    [1.38e-02]    
310000    [3.81e-12]    [6.58e-10]    [1.38e-02]    
311000    [3.81e-12]    [6.58e-10]    [1.38e-02]    
312000    [3.80e-12]    [6.58e-10]    [1.38e-02]    
313000    [3.80e-12]    [6.58e-10]    [1.38e-02]    
314000    [3.79e-12]    [6.57e-10]    [1.38e-02]    
315000    [3.79e-12]    [6.57e-10]    [1.38e-02]    
316000    [3.79e-12]    [6.57e-10]    [1.38e-02]    
317000    [3.78e-12]    [6.57e-10]    [1.38e-02]    
318000    [3.78e-12]    [6.57e-10]    [1.38e-02]    
319000    [3.78e-12]    [6.57e-10]    [1.38e-02]    
320000    [3.77e-12]    [6.57e-10]    [1.37e-02]    
321000    [3.77e-12]    [6.57e-10]    [1.37e-02]    
322000    [3.77e-12]    [6.57e-10]    [1.37e-02]    
323000    [3.76e-12]    [6.57e-10]    [1.37e-02]    
324000    [3.76e-12]    [6.56e-10]    [1.37e-02]    
325000    [3.76e-12]    [6.56e-10]    [1.37e-02]    
326000    [3.75e-12]    [6.56e-10]    [1.37e-02]    
327000    [3.75e-12]    [6.56e-10]    [1.37e-02]    
328000    [3.75e-12]    [6.56e-10]    [1.37e-02]    
329000    [3.74e-12]    [6.56e-10]    [1.37e-02]    
330000    [3.74e-12]    [6.56e-10]    [1.37e-02]    
331000    [3.74e-12]    [6.56e-10]    [1.37e-02]    
332000    [3.73e-12]    [6.56e-10]    [1.37e-02]    
333000    [3.73e-12]    [6.56e-10]    [1.37e-02]    
334000    [3.73e-12]    [6.56e-10]    [1.37e-02]    
335000    [3.72e-12]    [6.55e-10]    [1.37e-02]    
336000    [3.72e-12]    [6.55e-10]    [1.37e-02]    
337000    [3.72e-12]    [6.55e-10]    [1.37e-02]    
338000    [3.71e-12]    [6.55e-10]    [1.37e-02]    
339000    [3.71e-12]    [6.55e-10]    [1.37e-02]    
340000    [3.71e-12]    [6.55e-10]    [1.37e-02]    
341000    [3.70e-12]    [6.55e-10]    [1.37e-02]    
342000    [3.70e-12]    [6.55e-10]    [1.37e-02]    
343000    [3.70e-12]    [6.55e-10]    [1.37e-02]    
344000    [3.70e-12]    [6.55e-10]    [1.37e-02]    
345000    [3.69e-12]    [6.55e-10]    [1.37e-02]    
346000    [3.69e-12]    [6.55e-10]    [1.37e-02]    
347000    [3.69e-12]    [6.54e-10]    [1.37e-02]    
348000    [3.68e-12]    [6.54e-10]    [1.37e-02]    
349000    [3.68e-12]    [6.54e-10]    [1.37e-02]    
350000    [3.68e-12]    [6.54e-10]    [1.37e-02]    
351000    [3.68e-12]    [6.54e-10]    [1.37e-02]    
352000    [3.67e-12]    [6.54e-10]    [1.37e-02]    
353000    [3.67e-12]    [6.54e-10]    [1.37e-02]    
354000    [3.67e-12]    [6.54e-10]    [1.37e-02]    
355000    [3.66e-12]    [6.54e-10]    [1.37e-02]    
356000    [3.66e-12]    [6.54e-10]    [1.37e-02]    
357000    [3.66e-12]    [6.54e-10]    [1.37e-02]    
358000    [3.66e-12]    [6.54e-10]    [1.37e-02]    
359000    [3.65e-12]    [6.53e-10]    [1.37e-02]    
360000    [3.65e-12]    [6.53e-10]    [1.37e-02]    
361000    [3.65e-12]    [6.53e-10]    [1.37e-02]    
362000    [3.65e-12]    [6.53e-10]    [1.37e-02]    
363000    [3.64e-12]    [6.53e-10]    [1.37e-02]    
364000    [3.64e-12]    [6.53e-10]    [1.37e-02]    
365000    [3.64e-12]    [6.53e-10]    [1.37e-02]    
366000    [3.64e-12]    [6.53e-10]    [1.37e-02]    
367000    [3.63e-12]    [6.53e-10]    [1.37e-02]    
368000    [3.63e-12]    [6.53e-10]    [1.37e-02]    
369000    [3.63e-12]    [6.53e-10]    [1.37e-02]    
370000    [3.62e-12]    [6.53e-10]    [1.37e-02]    
371000    [3.62e-12]    [6.53e-10]    [1.37e-02]    
372000    [3.62e-12]    [6.53e-10]    [1.37e-02]    
373000    [3.62e-12]    [6.52e-10]    [1.37e-02]    
374000    [3.62e-12]    [6.52e-10]    [1.37e-02]    
375000    [3.61e-12]    [6.52e-10]    [1.37e-02]    
376000    [3.61e-12]    [6.52e-10]    [1.37e-02]    
377000    [3.61e-12]    [6.52e-10]    [1.37e-02]    
378000    [3.61e-12]    [6.52e-10]    [1.37e-02]    
379000    [3.60e-12]    [6.52e-10]    [1.37e-02]    
380000    [3.60e-12]    [6.52e-10]    [1.37e-02]    
381000    [3.60e-12]    [6.52e-10]    [1.37e-02]    
382000    [3.60e-12]    [6.52e-10]    [1.37e-02]    
383000    [3.59e-12]    [6.52e-10]    [1.37e-02]    
384000    [3.59e-12]    [6.52e-10]    [1.37e-02]    
385000    [3.59e-12]    [6.52e-10]    [1.37e-02]    
386000    [3.59e-12]    [6.52e-10]    [1.37e-02]    
387000    [3.58e-12]    [6.52e-10]    [1.37e-02]    
388000    [3.58e-12]    [6.51e-10]    [1.37e-02]    
389000    [3.58e-12]    [6.51e-10]    [1.37e-02]    
390000    [3.58e-12]    [6.51e-10]    [1.37e-02]    
391000    [3.58e-12]    [6.51e-10]    [1.37e-02]    
392000    [3.57e-12]    [6.51e-10]    [1.37e-02]    
393000    [3.57e-12]    [6.51e-10]    [1.37e-02]    
394000    [3.57e-12]    [6.51e-10]    [1.37e-02]    
395000    [3.57e-12]    [6.51e-10]    [1.37e-02]    
396000    [3.56e-12]    [6.51e-10]    [1.37e-02]    
397000    [3.56e-12]    [6.51e-10]    [1.37e-02]    
398000    [3.56e-12]    [6.51e-10]    [1.37e-02]    
399000    [3.56e-12]    [6.51e-10]    [1.37e-02]    
400000    [3.56e-12]    [6.51e-10]    [1.37e-02]    
401000    [3.55e-12]    [6.51e-10]    [1.37e-02]    
402000    [3.55e-12]    [6.51e-10]    [1.37e-02]    
403000    [3.55e-12]    [6.51e-10]    [1.37e-02]    
404000    [3.55e-12]    [6.51e-10]    [1.37e-02]    
405000    [3.55e-12]    [6.50e-10]    [1.37e-02]    
406000    [3.54e-12]    [6.50e-10]    [1.37e-02]    
407000    [3.54e-12]    [6.50e-10]    [1.37e-02]    
408000    [3.54e-12]    [6.50e-10]    [1.37e-02]    
409000    [3.54e-12]    [6.50e-10]    [1.37e-02]    
410000    [3.54e-12]    [6.50e-10]    [1.37e-02]    
411000    [3.53e-12]    [6.50e-10]    [1.37e-02]    
412000    [3.53e-12]    [6.50e-10]    [1.37e-02]    
413000    [3.53e-12]    [6.50e-10]    [1.37e-02]    
414000    [3.53e-12]    [6.50e-10]    [1.37e-02]    
415000    [3.53e-12]    [6.50e-10]    [1.37e-02]    
416000    [3.52e-12]    [6.50e-10]    [1.37e-02]    
417000    [3.52e-12]    [6.50e-10]    [1.37e-02]    
418000    [3.52e-12]    [6.50e-10]    [1.37e-02]    
419000    [3.52e-12]    [6.50e-10]    [1.37e-02]    
420000    [3.52e-12]    [6.50e-10]    [1.37e-02]    
421000    [3.51e-12]    [6.50e-10]    [1.37e-02]    
422000    [3.51e-12]    [6.49e-10]    [1.37e-02]    
423000    [3.51e-12]    [6.49e-10]    [1.37e-02]    
424000    [3.51e-12]    [6.49e-10]    [1.37e-02]    
425000    [3.51e-12]    [6.49e-10]    [1.37e-02]    
426000    [3.51e-12]    [6.49e-10]    [1.37e-02]    
427000    [3.50e-12]    [6.49e-10]    [1.37e-02]    
428000    [3.50e-12]    [6.49e-10]    [1.37e-02]    
429000    [3.50e-12]    [6.49e-10]    [1.37e-02]    
430000    [3.50e-12]    [6.49e-10]    [1.37e-02]    
431000    [3.50e-12]    [6.49e-10]    [1.37e-02]    
432000    [3.49e-12]    [6.49e-10]    [1.37e-02]    
433000    [3.49e-12]    [6.49e-10]    [1.37e-02]    
434000    [3.49e-12]    [6.49e-10]    [1.37e-02]    
435000    [3.49e-12]    [6.49e-10]    [1.37e-02]    
436000    [3.49e-12]    [6.49e-10]    [1.37e-02]    
437000    [3.49e-12]    [6.49e-10]    [1.37e-02]    
438000    [3.48e-12]    [6.49e-10]    [1.37e-02]    
439000    [3.48e-12]    [6.49e-10]    [1.37e-02]    
440000    [3.48e-12]    [6.49e-10]    [1.37e-02]    
441000    [3.48e-12]    [6.49e-10]    [1.37e-02]    
442000    [3.48e-12]    [6.48e-10]    [1.37e-02]    
443000    [3.48e-12]    [6.48e-10]    [1.37e-02]    
444000    [3.47e-12]    [6.48e-10]    [1.37e-02]    
445000    [3.47e-12]    [6.48e-10]    [1.37e-02]    
446000    [3.47e-12]    [6.48e-10]    [1.37e-02]    
447000    [3.47e-12]    [6.48e-10]    [1.37e-02]    
448000    [3.47e-12]    [6.48e-10]    [1.37e-02]    
449000    [3.47e-12]    [6.48e-10]    [1.37e-02]    
450000    [3.46e-12]    [6.48e-10]    [1.37e-02]    
451000    [3.46e-12]    [6.48e-10]    [1.37e-02]    
452000    [3.46e-12]    [6.48e-10]    [1.37e-02]    
453000    [3.46e-12]    [6.48e-10]    [1.37e-02]    
454000    [3.46e-12]    [6.48e-10]    [1.37e-02]    
455000    [3.46e-12]    [6.48e-10]    [1.37e-02]    
456000    [3.45e-12]    [6.48e-10]    [1.37e-02]    
457000    [3.45e-12]    [6.48e-10]    [1.37e-02]    
458000    [3.45e-12]    [6.48e-10]    [1.37e-02]    
459000    [3.45e-12]    [6.48e-10]    [1.37e-02]    
460000    [3.45e-12]    [6.48e-10]    [1.37e-02]    
461000    [3.45e-12]    [6.48e-10]    [1.37e-02]    
462000    [3.45e-12]    [6.48e-10]    [1.37e-02]    
463000    [3.44e-12]    [6.47e-10]    [1.37e-02]    
464000    [3.44e-12]    [6.47e-10]    [1.37e-02]    
465000    [3.44e-12]    [6.47e-10]    [1.37e-02]    
466000    [3.44e-12]    [6.47e-10]    [1.37e-02]    
467000    [3.44e-12]    [6.47e-10]    [1.37e-02]    
468000    [3.44e-12]    [6.47e-10]    [1.37e-02]    
469000    [3.44e-12]    [6.47e-10]    [1.37e-02]    
470000    [3.43e-12]    [6.47e-10]    [1.37e-02]    
471000    [3.43e-12]    [6.47e-10]    [1.37e-02]    
472000    [3.43e-12]    [6.47e-10]    [1.37e-02]    
473000    [3.43e-12]    [6.47e-10]    [1.37e-02]    
474000    [3.43e-12]    [6.47e-10]    [1.37e-02]    
475000    [3.43e-12]    [6.47e-10]    [1.37e-02]    
476000    [3.43e-12]    [6.47e-10]    [1.37e-02]    
477000    [3.42e-12]    [6.47e-10]    [1.37e-02]    
478000    [3.42e-12]    [6.47e-10]    [1.37e-02]    
479000    [3.42e-12]    [6.47e-10]    [1.37e-02]    
480000    [3.42e-12]    [6.47e-10]    [1.37e-02]    
481000    [3.42e-12]    [6.47e-10]    [1.37e-02]    
482000    [3.42e-12]    [6.47e-10]    [1.37e-02]    
483000    [3.42e-12]    [6.47e-10]    [1.37e-02]    
484000    [3.41e-12]    [6.47e-10]    [1.37e-02]    
485000    [3.41e-12]    [6.47e-10]    [1.37e-02]    
486000    [3.41e-12]    [6.46e-10]    [1.37e-02]    
487000    [3.41e-12]    [6.46e-10]    [1.37e-02]    
488000    [3.41e-12]    [6.46e-10]    [1.37e-02]    
489000    [3.41e-12]    [6.46e-10]    [1.37e-02]    
490000    [3.41e-12]    [6.46e-10]    [1.37e-02]    
491000    [3.41e-12]    [6.46e-10]    [1.37e-02]    
492000    [3.40e-12]    [6.46e-10]    [1.37e-02]    
493000    [3.40e-12]    [6.46e-10]    [1.37e-02]    
494000    [3.40e-12]    [6.46e-10]    [1.37e-02]    
495000    [3.40e-12]    [6.46e-10]    [1.37e-02]    
496000    [3.40e-12]    [6.46e-10]    [1.37e-02]    
497000    [3.40e-12]    [6.46e-10]    [1.37e-02]    
498000    [3.40e-12]    [6.46e-10]    [1.37e-02]    
499000    [3.39e-12]    [6.46e-10]    [1.37e-02]    
500000    [3.39e-12]    [6.46e-10]    [1.37e-02]    

Best model at step 500000:
  train loss: 3.39e-12
  test loss: 6.46e-10
  test metric: [1.37e-02]

'train' took 1642.908361 s


Training done ...

训练完成！模型和标准化器已保存到: saved_models/deepxde_2/DeepONet_b1024_lr0.001_ep500000_20250728_093913
