c1004a-s25.ufhpc
Mon Jul 28 09:58:40 AM EDT 2025
/blue/shiboli.fsu/yifeisun.umich/adversarial_robustness_FNO/1D_Burgers_deeponet
Compiling model...
'compile' took 25.780024 s

Warning: epochs is deprecated and will be removed in a future version. Use iterations instead.
Training model...

Step      Train loss    Test loss     Test metric   
0         [5.17e-06]    [5.39e-06]    [1.14e+00]    
1000      [2.78e-09]    [6.39e-09]    [4.09e-02]    
2000      [1.13e-09]    [3.84e-09]    [3.24e-02]    
3000      [6.32e-10]    [2.82e-09]    [2.82e-02]    
4000      [4.24e-10]    [2.33e-09]    [2.60e-02]    
5000      [3.16e-10]    [2.05e-09]    [2.45e-02]    
6000      [2.51e-10]    [1.86e-09]    [2.34e-02]    
7000      [2.08e-10]    [1.72e-09]    [2.25e-02]    
8000      [1.77e-10]    [1.61e-09]    [2.18e-02]    
9000      [1.55e-10]    [1.53e-09]    [2.12e-02]    
10000     [1.37e-10]    [1.46e-09]    [2.07e-02]    
11000     [1.23e-10]    [1.40e-09]    [2.03e-02]    
12000     [1.12e-10]    [1.35e-09]    [1.99e-02]    
13000     [1.03e-10]    [1.30e-09]    [1.96e-02]    
14000     [9.50e-11]    [1.26e-09]    [1.93e-02]    
15000     [8.84e-11]    [1.23e-09]    [1.90e-02]    
16000     [8.27e-11]    [1.20e-09]    [1.87e-02]    
17000     [7.77e-11]    [1.17e-09]    [1.85e-02]    
18000     [7.34e-11]    [1.15e-09]    [1.83e-02]    
19000     [6.95e-11]    [1.13e-09]    [1.82e-02]    
20000     [6.61e-11]    [1.11e-09]    [1.80e-02]    
21000     [6.31e-11]    [1.09e-09]    [1.78e-02]    
22000     [6.03e-11]    [1.07e-09]    [1.77e-02]    
23000     [5.78e-11]    [1.06e-09]    [1.76e-02]    
24000     [5.56e-11]    [1.04e-09]    [1.75e-02]    
25000     [5.35e-11]    [1.03e-09]    [1.74e-02]    
26000     [5.16e-11]    [1.02e-09]    [1.73e-02]    
27000     [4.99e-11]    [1.01e-09]    [1.72e-02]    
28000     [4.83e-11]    [9.98e-10]    [1.71e-02]    
29000     [4.68e-11]    [9.88e-10]    [1.70e-02]    
30000     [4.54e-11]    [9.79e-10]    [1.69e-02]    
31000     [4.42e-11]    [9.71e-10]    [1.68e-02]    
32000     [4.30e-11]    [9.62e-10]    [1.68e-02]    
33000     [4.19e-11]    [9.55e-10]    [1.67e-02]    
34000     [4.08e-11]    [9.48e-10]    [1.66e-02]    
35000     [3.98e-11]    [9.41e-10]    [1.66e-02]    
36000     [3.89e-11]    [9.34e-10]    [1.65e-02]    
37000     [3.81e-11]    [9.28e-10]    [1.65e-02]    
38000     [3.72e-11]    [9.22e-10]    [1.64e-02]    
39000     [3.65e-11]    [9.16e-10]    [1.64e-02]    
40000     [3.57e-11]    [9.11e-10]    [1.63e-02]    
41000     [3.50e-11]    [9.06e-10]    [1.63e-02]    
42000     [3.44e-11]    [9.01e-10]    [1.62e-02]    
43000     [3.37e-11]    [8.96e-10]    [1.62e-02]    
44000     [3.31e-11]    [8.92e-10]    [1.61e-02]    
45000     [3.26e-11]    [8.87e-10]    [1.61e-02]    
46000     [3.20e-11]    [8.83e-10]    [1.61e-02]    
47000     [3.15e-11]    [8.79e-10]    [1.60e-02]    
48000     [3.10e-11]    [8.75e-10]    [1.60e-02]    
49000     [3.05e-11]    [8.72e-10]    [1.60e-02]    
50000     [3.01e-11]    [8.68e-10]    [1.59e-02]    

Best model at step 50000:
  train loss: 3.01e-11
  test loss: 8.68e-10
  test metric: [1.59e-02]

'train' took 177.052711 s


Training done ...

训练完成！模型和标准化器已保存到: saved_models/deepxde_2/DeepONet_b1024_lr0.001_ep50000_20250728_100339
