c1003a-s15.ufhpc
Wed Jul  9 04:55:18 AM EDT 2025
/blue/shiboli.fsu/yifeisun.umich/adversarial_robustness_FNO/1D_Burgers_deeponet
当前工作目录 (cwd): /blue/shiboli.fsu/yifeisun.umich/adversarial_robustness_FNO/1D_Burgers_deeponet
脚本所在目录: /blue/shiboli.fsu/yifeisun.umich/adversarial_robustness_FNO/1D_Burgers_deeponet/training_models
目标文件路径: /blue/shiboli.fsu/yifeisun.umich/adversarial_robustness_FNO/datasets/dim1d_nx1024_N1400_train.pt
文件是否存在: False
Branch net sizes: 640, 320, 160, 80, 40, 20, 20, 40, 80, 160, 320, 640
Trunk net sizes: 640, 320, 160, 80, 40, 20, 20, 40, 80, 160, 320, 640
Branch net layers: 12
Trunk net layers: 12
Total trainable parameters: 1,753,041
Branch net params: 1,203,880
Trunk net params: 549,160
Total trainable parameters: 1,753,040
Compiling model...
'compile' took 20.028716 s

Training model...

Step      Train loss    Test loss     Test metric   
0         [2.85e-01]    [2.77e-01]    [1.00e+00]    
1000      [2.67e-02]    [2.63e-02]    [3.13e-01]    
2000      [2.78e-02]    [2.75e-02]    [3.20e-01]    
3000      [2.26e-02]    [2.27e-02]    [2.90e-01]    
4000      [2.41e-02]    [2.39e-02]    [2.98e-01]    
5000      [1.68e-02]    [1.72e-02]    [2.54e-01]    
6000      [1.65e-02]    [1.68e-02]    [2.50e-01]    
7000      [1.02e-02]    [1.12e-02]    [2.06e-01]    
8000      [9.02e-03]    [1.12e-02]    [2.06e-01]    
9000      [7.54e-03]    [1.11e-02]    [2.03e-01]    
10000     [7.09e-03]    [1.25e-02]    [2.15e-01]    
11000     [6.22e-03]    [1.24e-02]    [2.14e-01]    
12000     [5.88e-03]    [1.28e-02]    [2.17e-01]    
13000     [5.36e-03]    [1.33e-02]    [2.21e-01]    
14000     [5.19e-03]    [1.38e-02]    [2.25e-01]    
15000     [5.22e-03]    [1.41e-02]    [2.28e-01]    
16000     [4.76e-03]    [1.41e-02]    [2.28e-01]    
17000     [4.56e-03]    [1.45e-02]    [2.30e-01]    
18000     [4.50e-03]    [1.49e-02]    [2.33e-01]    
19000     [4.45e-03]    [1.53e-02]    [2.37e-01]    
20000     [4.28e-03]    [1.54e-02]    [2.38e-01]    
21000     [4.24e-03]    [1.51e-02]    [2.36e-01]    
22000     [4.03e-03]    [1.57e-02]    [2.40e-01]    
23000     [3.97e-03]    [1.58e-02]    [2.41e-01]    
24000     [3.84e-03]    [1.59e-02]    [2.42e-01]    
25000     [4.31e-03]    [1.62e-02]    [2.44e-01]    
26000     [3.70e-03]    [1.61e-02]    [2.43e-01]    
27000     [4.37e-03]    [1.64e-02]    [2.47e-01]    
28000     [3.58e-03]    [1.66e-02]    [2.47e-01]    
29000     [3.73e-03]    [1.68e-02]    [2.48e-01]    
30000     [3.85e-03]    [1.71e-02]    [2.50e-01]    
31000     [3.53e-03]    [1.70e-02]    [2.50e-01]    
32000     [3.51e-03]    [1.71e-02]    [2.51e-01]    
33000     [3.61e-03]    [1.73e-02]    [2.54e-01]    
34000     [3.33e-03]    [1.74e-02]    [2.53e-01]    
35000     [3.25e-03]    [1.75e-02]    [2.54e-01]    
36000     [3.25e-03]    [1.77e-02]    [2.55e-01]    
37000     [3.48e-03]    [1.81e-02]    [2.58e-01]    
38000     [3.18e-03]    [1.77e-02]    [2.55e-01]    
39000     [3.24e-03]    [1.80e-02]    [2.57e-01]    
40000     [3.12e-03]    [1.85e-02]    [2.59e-01]    
41000     [3.34e-03]    [1.93e-02]    [2.65e-01]    
42000     [3.37e-03]    [1.88e-02]    [2.61e-01]    
43000     [3.33e-03]    [1.93e-02]    [2.64e-01]    
44000     [3.09e-03]    [1.95e-02]    [2.65e-01]    
45000     [3.16e-03]    [2.04e-02]    [2.71e-01]    
46000     [2.98e-03]    [2.07e-02]    [2.72e-01]    
47000     [2.93e-03]    [2.06e-02]    [2.71e-01]    
48000     [2.97e-03]    [2.12e-02]    [2.75e-01]    
49000     [3.17e-03]    [2.13e-02]    [2.76e-01]    
50000     [2.92e-03]    [2.17e-02]    [2.78e-01]    
51000     [2.86e-03]    [2.19e-02]    [2.79e-01]    
52000     [2.85e-03]    [2.31e-02]    [2.85e-01]    
53000     [2.88e-03]    [2.30e-02]    [2.85e-01]    
54000     [2.98e-03]    [2.34e-02]    [2.88e-01]    
55000     [2.76e-03]    [2.40e-02]    [2.90e-01]    
56000     [2.80e-03]    [2.40e-02]    [2.90e-01]    
57000     [2.96e-03]    [2.38e-02]    [2.88e-01]    
58000     [2.95e-03]    [2.31e-02]    [2.85e-01]    
59000     [2.82e-03]    [2.47e-02]    [2.93e-01]    
60000     [2.98e-03]    [2.44e-02]    [2.92e-01]    
61000     [2.69e-03]    [2.47e-02]    [2.93e-01]    
62000     [3.02e-03]    [2.49e-02]    [2.94e-01]    
63000     [2.85e-03]    [2.43e-02]    [2.91e-01]    
64000     [2.73e-03]    [2.49e-02]    [2.94e-01]    
65000     [3.28e-03]    [2.52e-02]    [2.95e-01]    
66000     [2.85e-03]    [2.49e-02]    [2.94e-01]    
67000     [2.72e-03]    [2.55e-02]    [2.96e-01]    
68000     [2.68e-03]    [2.51e-02]    [2.94e-01]    
69000     [2.62e-03]    [2.56e-02]    [2.97e-01]    
70000     [2.60e-03]    [2.59e-02]    [2.98e-01]    
71000     [2.75e-03]    [2.57e-02]    [2.97e-01]    
72000     [2.58e-03]    [2.59e-02]    [2.99e-01]    
73000     [2.85e-03]    [2.59e-02]    [2.98e-01]    
74000     [2.69e-03]    [2.61e-02]    [2.99e-01]    
75000     [2.55e-03]    [2.59e-02]    [2.99e-01]    
76000     [2.55e-03]    [2.58e-02]    [2.98e-01]    
77000     [2.57e-03]    [2.58e-02]    [2.98e-01]    
78000     [2.76e-03]    [2.63e-02]    [3.00e-01]    
79000     [2.64e-03]    [2.58e-02]    [2.99e-01]    
80000     [2.58e-03]    [2.62e-02]    [3.00e-01]    
81000     [2.53e-03]    [2.64e-02]    [3.02e-01]    
82000     [2.62e-03]    [2.60e-02]    [2.99e-01]    
83000     [2.57e-03]    [2.67e-02]    [3.02e-01]    
84000     [2.50e-03]    [2.62e-02]    [3.00e-01]    
85000     [2.58e-03]    [2.63e-02]    [3.01e-01]    
86000     [2.54e-03]    [2.56e-02]    [2.98e-01]    
87000     [2.64e-03]    [2.60e-02]    [3.00e-01]    
88000     [2.45e-03]    [2.62e-02]    [3.00e-01]    
89000     [2.53e-03]    [2.64e-02]    [3.01e-01]    
90000     [2.44e-03]    [2.63e-02]    [3.01e-01]    
91000     [2.72e-03]    [2.61e-02]    [3.01e-01]    
92000     [2.40e-03]    [2.63e-02]    [3.02e-01]    
93000     [2.46e-03]    [2.57e-02]    [2.99e-01]    
94000     [2.75e-03]    [2.66e-02]    [3.04e-01]    
95000     [2.41e-03]    [2.68e-02]    [3.04e-01]    
96000     [2.41e-03]    [2.63e-02]    [3.02e-01]    
97000     [2.36e-03]    [2.59e-02]    [3.00e-01]    
98000     [2.36e-03]    [2.67e-02]    [3.04e-01]    
99000     [2.48e-03]    [2.67e-02]    [3.05e-01]    
100000    [2.45e-03]    [2.60e-02]    [3.01e-01]    
101000    [2.45e-03]    [2.60e-02]    [3.01e-01]    
102000    [2.35e-03]    [2.61e-02]    [3.01e-01]    
103000    [2.48e-03]    [2.61e-02]    [3.01e-01]    
104000    [2.41e-03]    [2.62e-02]    [3.03e-01]    
105000    [2.34e-03]    [2.59e-02]    [3.00e-01]    
106000    [2.35e-03]    [2.58e-02]    [3.01e-01]    
107000    [2.30e-03]    [2.54e-02]    [2.99e-01]    
108000    [2.37e-03]    [2.54e-02]    [3.00e-01]    
109000    [2.51e-03]    [2.48e-02]    [2.97e-01]    
110000    [2.33e-03]    [2.50e-02]    [2.98e-01]    
111000    [2.89e-03]    [2.48e-02]    [2.97e-01]    
112000    [2.34e-03]    [2.55e-02]    [3.01e-01]    
113000    [2.54e-03]    [2.57e-02]    [3.03e-01]    
114000    [2.34e-03]    [2.59e-02]    [3.04e-01]    
115000    [2.40e-03]    [2.55e-02]    [3.02e-01]    
116000    [2.57e-03]    [2.54e-02]    [3.01e-01]    
117000    [2.36e-03]    [2.57e-02]    [3.03e-01]    
118000    [2.29e-03]    [2.57e-02]    [3.03e-01]    
119000    [2.32e-03]    [2.53e-02]    [3.01e-01]    
120000    [2.34e-03]    [2.55e-02]    [3.02e-01]    
121000    [2.30e-03]    [2.62e-02]    [3.06e-01]    
122000    [2.33e-03]    [2.53e-02]    [3.01e-01]    
123000    [2.90e-03]    [2.63e-02]    [3.07e-01]    
124000    [2.27e-03]    [2.56e-02]    [3.03e-01]    
125000    [2.25e-03]    [2.55e-02]    [3.02e-01]    
126000    [2.33e-03]    [2.45e-02]    [2.97e-01]    
127000    [2.56e-03]    [2.49e-02]    [2.99e-01]    
128000    [2.45e-03]    [2.52e-02]    [3.00e-01]    
129000    [2.28e-03]    [2.52e-02]    [3.01e-01]    
130000    [2.36e-03]    [2.55e-02]    [3.02e-01]    
131000    [2.25e-03]    [2.58e-02]    [3.04e-01]    
132000    [2.31e-03]    [2.58e-02]    [3.04e-01]    
133000    [2.46e-03]    [2.48e-02]    [2.98e-01]    
134000    [2.19e-03]    [2.62e-02]    [3.06e-01]    
135000    [2.20e-03]    [2.61e-02]    [3.05e-01]    
136000    [2.19e-03]    [2.67e-02]    [3.08e-01]    
137000    [2.18e-03]    [2.66e-02]    [3.08e-01]    
138000    [2.45e-03]    [2.61e-02]    [3.05e-01]    
139000    [2.23e-03]    [2.64e-02]    [3.07e-01]    
140000    [2.17e-03]    [2.63e-02]    [3.07e-01]    
141000    [2.19e-03]    [2.67e-02]    [3.09e-01]    
142000    [2.13e-03]    [2.65e-02]    [3.08e-01]    
143000    [2.16e-03]    [2.63e-02]    [3.07e-01]    
144000    [2.38e-03]    [2.52e-02]    [3.01e-01]    
145000    [2.32e-03]    [2.61e-02]    [3.05e-01]    
146000    [2.38e-03]    [2.55e-02]    [3.02e-01]    
147000    [2.16e-03]    [2.65e-02]    [3.08e-01]    
148000    [2.57e-03]    [2.63e-02]    [3.08e-01]    
149000    [2.14e-03]    [2.66e-02]    [3.08e-01]    
150000    [2.12e-03]    [2.63e-02]    [3.07e-01]    
151000    [2.26e-03]    [2.60e-02]    [3.06e-01]    
152000    [2.14e-03]    [2.61e-02]    [3.07e-01]    
153000    [2.13e-03]    [2.63e-02]    [3.08e-01]    
154000    [2.17e-03]    [2.57e-02]    [3.04e-01]    
155000    [2.18e-03]    [2.47e-02]    [3.00e-01]    
156000    [2.69e-03]    [2.54e-02]    [3.04e-01]    
157000    [2.48e-03]    [2.62e-02]    [3.08e-01]    
158000    [2.24e-03]    [2.49e-02]    [3.01e-01]    
159000    [2.13e-03]    [2.48e-02]    [2.99e-01]    
160000    [2.10e-03]    [2.52e-02]    [3.02e-01]    
161000    [2.15e-03]    [2.50e-02]    [3.01e-01]    
162000    [2.16e-03]    [2.50e-02]    [3.01e-01]    
163000    [2.09e-03]    [2.52e-02]    [3.02e-01]    
164000    [2.15e-03]    [2.46e-02]    [2.99e-01]    
165000    [2.12e-03]    [2.52e-02]    [3.01e-01]    
166000    [2.22e-03]    [2.50e-02]    [3.01e-01]    
167000    [2.06e-03]    [2.58e-02]    [3.05e-01]    
168000    [2.11e-03]    [2.57e-02]    [3.05e-01]    
169000    [2.47e-03]    [2.49e-02]    [3.00e-01]    
170000    [2.05e-03]    [2.58e-02]    [3.06e-01]    
171000    [2.07e-03]    [2.59e-02]    [3.06e-01]    
172000    [2.12e-03]    [2.58e-02]    [3.05e-01]    
173000    [2.05e-03]    [2.58e-02]    [3.05e-01]    
174000    [2.11e-03]    [2.59e-02]    [3.06e-01]    
175000    [2.09e-03]    [2.61e-02]    [3.07e-01]    
176000    [2.16e-03]    [2.60e-02]    [3.07e-01]    
177000    [2.06e-03]    [2.60e-02]    [3.07e-01]    
178000    [2.25e-03]    [2.60e-02]    [3.06e-01]    
179000    [2.11e-03]    [2.58e-02]    [3.05e-01]    
180000    [2.15e-03]    [2.59e-02]    [3.06e-01]    
181000    [2.06e-03]    [2.62e-02]    [3.07e-01]    
182000    [2.50e-03]    [2.67e-02]    [3.11e-01]    
183000    [2.02e-03]    [2.59e-02]    [3.06e-01]    
184000    [2.06e-03]    [2.61e-02]    [3.07e-01]    
185000    [2.09e-03]    [2.66e-02]    [3.10e-01]    
186000    [2.03e-03]    [2.62e-02]    [3.08e-01]    
187000    [2.17e-03]    [2.64e-02]    [3.09e-01]    
188000    [2.07e-03]    [2.66e-02]    [3.10e-01]    
189000    [2.01e-03]    [2.66e-02]    [3.10e-01]    
190000    [2.00e-03]    [2.66e-02]    [3.11e-01]    
191000    [2.58e-03]    [2.71e-02]    [3.14e-01]    
192000    [2.01e-03]    [2.67e-02]    [3.10e-01]    
193000    [2.09e-03]    [2.63e-02]    [3.09e-01]    
194000    [2.12e-03]    [2.63e-02]    [3.09e-01]    
195000    [2.02e-03]    [2.64e-02]    [3.09e-01]    
196000    [2.34e-03]    [2.56e-02]    [3.05e-01]    
197000    [2.02e-03]    [2.67e-02]    [3.10e-01]    
198000    [2.05e-03]    [2.68e-02]    [3.11e-01]    
199000    [2.15e-03]    [2.59e-02]    [3.06e-01]    
200000    [2.14e-03]    [2.63e-02]    [3.08e-01]    

Best model at step 190000:
  train loss: 2.00e-03
  test loss: 2.66e-02
  test metric: [3.11e-01]

'train' took 1144.430445 s

