c1000a-s15.ufhpc
Wed Jul  9 04:49:03 AM EDT 2025
/blue/shiboli.fsu/yifeisun.umich/adversarial_robustness_FNO/1D_Burgers_deeponet
当前工作目录 (cwd): /blue/shiboli.fsu/yifeisun.umich/adversarial_robustness_FNO/1D_Burgers_deeponet
脚本所在目录: /blue/shiboli.fsu/yifeisun.umich/adversarial_robustness_FNO/1D_Burgers_deeponet/training_models
目标文件路径: /blue/shiboli.fsu/yifeisun.umich/adversarial_robustness_FNO/datasets/dim1d_nx1024_N1400_train.pt
文件是否存在: False
Branch net sizes: 320, 160, 80, 40, 20, 20, 40, 80, 160, 320
Trunk net sizes: 320, 160, 80, 40, 20, 20, 40, 80, 160, 320
Branch net layers: 10
Trunk net layers: 10
Total trainable parameters: 603,281
Branch net params: 465,320
Trunk net params: 137,960
Total trainable parameters: 603,280
Compiling model...
'compile' took 18.678124 s

Training model...

Step      Train loss    Test loss     Test metric   
0         [2.86e-01]    [2.77e-01]    [1.00e+00]    
1000      [1.70e-02]    [1.73e-02]    [2.54e-01]    
2000      [1.11e-02]    [1.19e-02]    [2.12e-01]    
3000      [7.86e-03]    [8.83e-03]    [1.82e-01]    
4000      [7.29e-03]    [8.46e-03]    [1.79e-01]    
5000      [5.94e-03]    [7.85e-03]    [1.72e-01]    
6000      [5.38e-03]    [7.59e-03]    [1.69e-01]    
7000      [4.91e-03]    [7.30e-03]    [1.67e-01]    
8000      [4.79e-03]    [7.40e-03]    [1.68e-01]    
9000      [4.29e-03]    [7.02e-03]    [1.64e-01]    
10000     [4.19e-03]    [6.92e-03]    [1.63e-01]    
11000     [4.31e-03]    [7.35e-03]    [1.67e-01]    
12000     [3.76e-03]    [7.29e-03]    [1.66e-01]    
13000     [4.01e-03]    [7.48e-03]    [1.68e-01]    
14000     [3.53e-03]    [7.45e-03]    [1.67e-01]    
15000     [3.60e-03]    [7.52e-03]    [1.68e-01]    
16000     [3.35e-03]    [7.44e-03]    [1.67e-01]    
17000     [3.27e-03]    [7.41e-03]    [1.67e-01]    
18000     [3.34e-03]    [7.59e-03]    [1.69e-01]    
19000     [3.32e-03]    [7.57e-03]    [1.68e-01]    
20000     [3.13e-03]    [7.54e-03]    [1.68e-01]    
21000     [3.08e-03]    [7.69e-03]    [1.69e-01]    
22000     [3.03e-03]    [7.66e-03]    [1.70e-01]    
23000     [2.97e-03]    [7.79e-03]    [1.71e-01]    
24000     [3.34e-03]    [8.21e-03]    [1.76e-01]    
25000     [2.88e-03]    [7.94e-03]    [1.72e-01]    
26000     [2.88e-03]    [7.98e-03]    [1.73e-01]    
27000     [2.83e-03]    [8.05e-03]    [1.73e-01]    
28000     [2.81e-03]    [8.18e-03]    [1.75e-01]    
29000     [2.74e-03]    [8.30e-03]    [1.76e-01]    
30000     [2.90e-03]    [8.37e-03]    [1.77e-01]    
31000     [2.77e-03]    [8.41e-03]    [1.76e-01]    
32000     [2.93e-03]    [8.68e-03]    [1.79e-01]    
33000     [2.78e-03]    [8.50e-03]    [1.77e-01]    
34000     [2.56e-03]    [8.35e-03]    [1.75e-01]    
35000     [2.66e-03]    [8.55e-03]    [1.76e-01]    
36000     [2.62e-03]    [8.58e-03]    [1.77e-01]    
37000     [2.55e-03]    [8.62e-03]    [1.77e-01]    
38000     [2.52e-03]    [8.55e-03]    [1.77e-01]    
39000     [2.48e-03]    [8.64e-03]    [1.77e-01]    
40000     [2.51e-03]    [8.77e-03]    [1.78e-01]    
41000     [2.45e-03]    [8.67e-03]    [1.78e-01]    
42000     [2.41e-03]    [8.69e-03]    [1.78e-01]    
43000     [2.49e-03]    [8.76e-03]    [1.78e-01]    
44000     [2.40e-03]    [8.80e-03]    [1.78e-01]    
45000     [2.39e-03]    [8.80e-03]    [1.79e-01]    
46000     [2.34e-03]    [8.81e-03]    [1.78e-01]    
47000     [2.44e-03]    [9.02e-03]    [1.81e-01]    
48000     [2.36e-03]    [8.86e-03]    [1.79e-01]    
49000     [2.36e-03]    [9.15e-03]    [1.82e-01]    
50000     [2.30e-03]    [9.12e-03]    [1.81e-01]    
51000     [2.29e-03]    [9.20e-03]    [1.82e-01]    
52000     [2.26e-03]    [9.15e-03]    [1.81e-01]    
53000     [2.32e-03]    [9.51e-03]    [1.84e-01]    
54000     [2.18e-03]    [9.29e-03]    [1.82e-01]    
55000     [2.34e-03]    [9.34e-03]    [1.83e-01]    
56000     [2.19e-03]    [9.33e-03]    [1.83e-01]    
57000     [2.17e-03]    [9.45e-03]    [1.84e-01]    
58000     [2.23e-03]    [9.50e-03]    [1.84e-01]    
59000     [2.25e-03]    [9.72e-03]    [1.86e-01]    
60000     [2.17e-03]    [9.65e-03]    [1.86e-01]    
61000     [2.14e-03]    [9.63e-03]    [1.85e-01]    
62000     [2.17e-03]    [9.69e-03]    [1.87e-01]    
63000     [2.20e-03]    [9.78e-03]    [1.87e-01]    
64000     [2.14e-03]    [9.75e-03]    [1.87e-01]    
65000     [2.20e-03]    [9.81e-03]    [1.88e-01]    
66000     [2.24e-03]    [9.98e-03]    [1.89e-01]    
67000     [2.21e-03]    [9.80e-03]    [1.88e-01]    
68000     [2.08e-03]    [9.72e-03]    [1.87e-01]    
69000     [2.13e-03]    [9.95e-03]    [1.89e-01]    
70000     [2.09e-03]    [9.98e-03]    [1.89e-01]    
71000     [2.06e-03]    [9.92e-03]    [1.89e-01]    
72000     [2.05e-03]    [9.92e-03]    [1.89e-01]    
73000     [2.08e-03]    [1.00e-02]    [1.90e-01]    
74000     [2.14e-03]    [9.99e-03]    [1.90e-01]    
75000     [2.12e-03]    [1.01e-02]    [1.91e-01]    
76000     [2.06e-03]    [1.02e-02]    [1.92e-01]    
77000     [2.15e-03]    [1.03e-02]    [1.92e-01]    
78000     [2.12e-03]    [1.04e-02]    [1.93e-01]    
79000     [2.14e-03]    [1.06e-02]    [1.95e-01]    
80000     [1.97e-03]    [1.05e-02]    [1.93e-01]    
81000     [2.06e-03]    [1.07e-02]    [1.95e-01]    
82000     [2.09e-03]    [1.07e-02]    [1.96e-01]    
83000     [2.02e-03]    [1.07e-02]    [1.95e-01]    
84000     [2.06e-03]    [1.07e-02]    [1.95e-01]    
85000     [1.95e-03]    [1.07e-02]    [1.95e-01]    
86000     [1.98e-03]    [1.07e-02]    [1.95e-01]    
87000     [2.04e-03]    [1.09e-02]    [1.97e-01]    
88000     [1.92e-03]    [1.08e-02]    [1.96e-01]    
89000     [2.07e-03]    [1.09e-02]    [1.98e-01]    
90000     [2.38e-03]    [1.11e-02]    [1.98e-01]    
91000     [1.95e-03]    [1.08e-02]    [1.96e-01]    
92000     [2.01e-03]    [1.10e-02]    [1.98e-01]    
93000     [2.00e-03]    [1.10e-02]    [1.98e-01]    
94000     [2.37e-03]    [1.11e-02]    [2.00e-01]    
95000     [1.99e-03]    [1.08e-02]    [1.96e-01]    
96000     [1.96e-03]    [1.08e-02]    [1.97e-01]    
97000     [1.94e-03]    [1.08e-02]    [1.97e-01]    
98000     [2.04e-03]    [1.09e-02]    [1.98e-01]    
99000     [1.93e-03]    [1.08e-02]    [1.97e-01]    
100000    [1.99e-03]    [1.09e-02]    [1.98e-01]    
101000    [2.04e-03]    [1.10e-02]    [1.99e-01]    
102000    [1.90e-03]    [1.08e-02]    [1.97e-01]    
103000    [1.91e-03]    [1.07e-02]    [1.96e-01]    
104000    [1.94e-03]    [1.08e-02]    [1.97e-01]    
105000    [1.89e-03]    [1.08e-02]    [1.97e-01]    
106000    [1.90e-03]    [1.07e-02]    [1.97e-01]    
107000    [1.91e-03]    [1.09e-02]    [1.98e-01]    
108000    [1.88e-03]    [1.07e-02]    [1.97e-01]    
109000    [1.90e-03]    [1.06e-02]    [1.96e-01]    
110000    [1.94e-03]    [1.08e-02]    [1.97e-01]    
111000    [1.99e-03]    [1.08e-02]    [1.97e-01]    
112000    [1.84e-03]    [1.07e-02]    [1.96e-01]    
113000    [1.93e-03]    [1.08e-02]    [1.98e-01]    
114000    [1.88e-03]    [1.07e-02]    [1.97e-01]    
115000    [1.91e-03]    [1.08e-02]    [1.98e-01]    
116000    [1.80e-03]    [1.07e-02]    [1.97e-01]    
117000    [1.85e-03]    [1.09e-02]    [1.98e-01]    
118000    [1.84e-03]    [1.08e-02]    [1.98e-01]    
119000    [1.95e-03]    [1.08e-02]    [1.98e-01]    
120000    [1.84e-03]    [1.08e-02]    [1.98e-01]    
121000    [1.88e-03]    [1.07e-02]    [1.97e-01]    
122000    [1.86e-03]    [1.08e-02]    [1.98e-01]    
123000    [1.85e-03]    [1.07e-02]    [1.98e-01]    
124000    [1.86e-03]    [1.08e-02]    [1.99e-01]    
125000    [1.87e-03]    [1.07e-02]    [1.98e-01]    
126000    [1.86e-03]    [1.09e-02]    [1.99e-01]    
127000    [1.80e-03]    [1.08e-02]    [1.99e-01]    
128000    [2.01e-03]    [1.11e-02]    [2.01e-01]    
129000    [1.91e-03]    [1.10e-02]    [2.01e-01]    
130000    [1.78e-03]    [1.10e-02]    [2.00e-01]    
131000    [1.84e-03]    [1.10e-02]    [2.01e-01]    
132000    [1.87e-03]    [1.10e-02]    [2.01e-01]    
133000    [1.79e-03]    [1.09e-02]    [2.00e-01]    
134000    [1.79e-03]    [1.10e-02]    [2.01e-01]    
135000    [1.75e-03]    [1.11e-02]    [2.01e-01]    
136000    [1.81e-03]    [1.09e-02]    [2.00e-01]    
137000    [1.83e-03]    [1.11e-02]    [2.02e-01]    
138000    [1.90e-03]    [1.10e-02]    [2.01e-01]    
139000    [1.88e-03]    [1.10e-02]    [2.01e-01]    
140000    [1.79e-03]    [1.10e-02]    [2.01e-01]    
141000    [1.80e-03]    [1.11e-02]    [2.02e-01]    
142000    [1.76e-03]    [1.11e-02]    [2.02e-01]    
143000    [1.78e-03]    [1.10e-02]    [2.02e-01]    
144000    [1.85e-03]    [1.11e-02]    [2.02e-01]    
145000    [1.78e-03]    [1.12e-02]    [2.03e-01]    
146000    [1.82e-03]    [1.12e-02]    [2.04e-01]    
147000    [1.83e-03]    [1.11e-02]    [2.03e-01]    
148000    [1.89e-03]    [1.12e-02]    [2.03e-01]    
149000    [1.86e-03]    [1.12e-02]    [2.04e-01]    
150000    [1.76e-03]    [1.12e-02]    [2.04e-01]    
151000    [1.76e-03]    [1.14e-02]    [2.05e-01]    
152000    [1.73e-03]    [1.13e-02]    [2.04e-01]    
153000    [1.83e-03]    [1.13e-02]    [2.05e-01]    
154000    [1.77e-03]    [1.14e-02]    [2.05e-01]    
155000    [1.84e-03]    [1.14e-02]    [2.05e-01]    
156000    [1.75e-03]    [1.15e-02]    [2.06e-01]    
157000    [1.77e-03]    [1.15e-02]    [2.07e-01]    
158000    [1.79e-03]    [1.16e-02]    [2.07e-01]    
159000    [1.75e-03]    [1.17e-02]    [2.08e-01]    
160000    [1.73e-03]    [1.16e-02]    [2.07e-01]    
161000    [1.71e-03]    [1.16e-02]    [2.07e-01]    
162000    [1.87e-03]    [1.20e-02]    [2.10e-01]    
163000    [1.72e-03]    [1.20e-02]    [2.10e-01]    
164000    [1.70e-03]    [1.17e-02]    [2.08e-01]    
165000    [1.75e-03]    [1.20e-02]    [2.10e-01]    
166000    [1.79e-03]    [1.20e-02]    [2.10e-01]    
167000    [1.70e-03]    [1.21e-02]    [2.11e-01]    
168000    [1.72e-03]    [1.21e-02]    [2.11e-01]    
169000    [1.72e-03]    [1.22e-02]    [2.11e-01]    
170000    [1.84e-03]    [1.22e-02]    [2.11e-01]    
171000    [1.73e-03]    [1.24e-02]    [2.13e-01]    
172000    [1.72e-03]    [1.22e-02]    [2.12e-01]    
173000    [1.69e-03]    [1.24e-02]    [2.13e-01]    
174000    [1.67e-03]    [1.23e-02]    [2.12e-01]    
175000    [1.80e-03]    [1.26e-02]    [2.15e-01]    
176000    [1.72e-03]    [1.24e-02]    [2.13e-01]    
177000    [1.77e-03]    [1.23e-02]    [2.12e-01]    
178000    [1.77e-03]    [1.25e-02]    [2.14e-01]    
179000    [1.68e-03]    [1.24e-02]    [2.13e-01]    
180000    [1.75e-03]    [1.26e-02]    [2.14e-01]    
181000    [1.71e-03]    [1.23e-02]    [2.12e-01]    
182000    [1.69e-03]    [1.23e-02]    [2.12e-01]    
183000    [1.68e-03]    [1.23e-02]    [2.12e-01]    
184000    [1.69e-03]    [1.25e-02]    [2.13e-01]    
185000    [1.68e-03]    [1.25e-02]    [2.13e-01]    
186000    [1.68e-03]    [1.23e-02]    [2.12e-01]    
187000    [1.66e-03]    [1.26e-02]    [2.14e-01]    
188000    [1.80e-03]    [1.25e-02]    [2.13e-01]    
189000    [1.70e-03]    [1.24e-02]    [2.12e-01]    
190000    [1.67e-03]    [1.26e-02]    [2.14e-01]    
191000    [1.68e-03]    [1.24e-02]    [2.13e-01]    
192000    [1.66e-03]    [1.23e-02]    [2.12e-01]    
193000    [1.76e-03]    [1.25e-02]    [2.13e-01]    
194000    [1.85e-03]    [1.24e-02]    [2.13e-01]    
195000    [1.68e-03]    [1.23e-02]    [2.12e-01]    
196000    [1.65e-03]    [1.25e-02]    [2.13e-01]    
197000    [1.65e-03]    [1.24e-02]    [2.13e-01]    
198000    [1.69e-03]    [1.26e-02]    [2.14e-01]    
199000    [1.84e-03]    [1.26e-02]    [2.15e-01]    
200000    [1.68e-03]    [1.26e-02]    [2.14e-01]    

Best model at step 197000:
  train loss: 1.65e-03
  test loss: 1.24e-02
  test metric: [2.13e-01]

'train' took 1090.200860 s

