c0904a-s25.ufhpc
Wed Jul  9 06:12:58 AM EDT 2025
/blue/shiboli.fsu/yifeisun.umich/adversarial_robustness_FNO/1D_Burgers_deeponet
当前工作目录 (cwd): /blue/shiboli.fsu/yifeisun.umich/adversarial_robustness_FNO/1D_Burgers_deeponet
脚本所在目录: /blue/shiboli.fsu/yifeisun.umich/adversarial_robustness_FNO/1D_Burgers_deeponet/training_models
目标文件路径: /blue/shiboli.fsu/yifeisun.umich/adversarial_robustness_FNO/datasets/dim1d_nx1024_N1400_train.pt
文件是否存在: False
Branch net sizes: 400, 200, 100, 200, 400
Trunk net sizes: 400, 200, 100, 200, 400
Branch net layers: 5
Trunk net layers: 5
Total trainable parameters: 812,601
Branch net params: 610,900
Trunk net params: 201,700
Total trainable parameters: 812,600
Compiling model...
'compile' took 18.163637 s

Training model...

Step      Train loss    Test loss     Test metric   
0         [2.73e-01]    [2.64e-01]    [9.76e-01]    
1000      [6.75e-03]    [8.36e-03]    [1.79e-01]    
2000      [5.13e-03]    [8.04e-03]    [1.76e-01]    
3000      [4.08e-03]    [7.85e-03]    [1.73e-01]    
4000      [3.71e-03]    [8.12e-03]    [1.75e-01]    
5000      [3.21e-03]    [8.30e-03]    [1.78e-01]    
6000      [3.21e-03]    [9.08e-03]    [1.87e-01]    
7000      [2.75e-03]    [9.39e-03]    [1.88e-01]    
8000      [2.62e-03]    [9.71e-03]    [1.90e-01]    
9000      [2.89e-03]    [1.06e-02]    [2.00e-01]    
10000     [2.44e-03]    [1.12e-02]    [2.05e-01]    
11000     [2.03e-03]    [1.12e-02]    [2.04e-01]    
12000     [2.02e-03]    [1.16e-02]    [2.07e-01]    
13000     [1.92e-03]    [1.16e-02]    [2.08e-01]    
14000     [1.77e-03]    [1.17e-02]    [2.09e-01]    
15000     [1.75e-03]    [1.18e-02]    [2.10e-01]    
16000     [1.85e-03]    [1.19e-02]    [2.11e-01]    
17000     [1.58e-03]    [1.21e-02]    [2.13e-01]    
18000     [1.57e-03]    [1.23e-02]    [2.14e-01]    
19000     [1.54e-03]    [1.23e-02]    [2.14e-01]    
20000     [1.45e-03]    [1.24e-02]    [2.15e-01]    
21000     [1.51e-03]    [1.23e-02]    [2.14e-01]    
22000     [1.45e-03]    [1.24e-02]    [2.15e-01]    
23000     [1.34e-03]    [1.26e-02]    [2.17e-01]    
24000     [1.41e-03]    [1.27e-02]    [2.17e-01]    
25000     [1.29e-03]    [1.27e-02]    [2.18e-01]    
26000     [1.33e-03]    [1.28e-02]    [2.19e-01]    
27000     [1.25e-03]    [1.28e-02]    [2.19e-01]    
28000     [1.40e-03]    [1.27e-02]    [2.18e-01]    
29000     [1.24e-03]    [1.31e-02]    [2.21e-01]    
30000     [1.19e-03]    [1.31e-02]    [2.21e-01]    
31000     [1.51e-03]    [1.33e-02]    [2.24e-01]    
32000     [1.20e-03]    [1.34e-02]    [2.24e-01]    
33000     [1.13e-03]    [1.35e-02]    [2.25e-01]    
34000     [1.33e-03]    [1.37e-02]    [2.26e-01]    
35000     [1.15e-03]    [1.38e-02]    [2.27e-01]    
36000     [1.08e-03]    [1.39e-02]    [2.28e-01]    
37000     [1.31e-03]    [1.43e-02]    [2.30e-01]    
38000     [1.11e-03]    [1.43e-02]    [2.31e-01]    
39000     [1.15e-03]    [1.41e-02]    [2.30e-01]    
40000     [1.12e-03]    [1.43e-02]    [2.31e-01]    
41000     [1.14e-03]    [1.47e-02]    [2.34e-01]    
42000     [1.08e-03]    [1.45e-02]    [2.33e-01]    
43000     [1.06e-03]    [1.46e-02]    [2.34e-01]    
44000     [1.02e-03]    [1.49e-02]    [2.35e-01]    
45000     [1.14e-03]    [1.52e-02]    [2.37e-01]    
46000     [1.01e-03]    [1.50e-02]    [2.36e-01]    
47000     [1.04e-03]    [1.51e-02]    [2.37e-01]    
48000     [1.01e-03]    [1.52e-02]    [2.38e-01]    
49000     [9.63e-04]    [1.52e-02]    [2.38e-01]    
50000     [9.72e-04]    [1.53e-02]    [2.39e-01]    
51000     [9.97e-04]    [1.53e-02]    [2.39e-01]    
52000     [1.05e-03]    [1.52e-02]    [2.39e-01]    
53000     [9.72e-04]    [1.53e-02]    [2.39e-01]    
54000     [9.78e-04]    [1.55e-02]    [2.41e-01]    
55000     [1.02e-03]    [1.56e-02]    [2.42e-01]    
56000     [1.06e-03]    [1.57e-02]    [2.42e-01]    
57000     [9.67e-04]    [1.56e-02]    [2.42e-01]    
58000     [9.37e-04]    [1.57e-02]    [2.42e-01]    
59000     [9.69e-04]    [1.58e-02]    [2.43e-01]    
60000     [1.03e-03]    [1.56e-02]    [2.42e-01]    
61000     [9.50e-04]    [1.60e-02]    [2.45e-01]    
62000     [9.81e-04]    [1.61e-02]    [2.45e-01]    
63000     [9.06e-04]    [1.62e-02]    [2.46e-01]    
64000     [9.86e-04]    [1.62e-02]    [2.46e-01]    
65000     [9.47e-04]    [1.61e-02]    [2.45e-01]    
66000     [1.00e-03]    [1.65e-02]    [2.48e-01]    
67000     [1.04e-03]    [1.68e-02]    [2.50e-01]    
68000     [8.85e-04]    [1.67e-02]    [2.49e-01]    
69000     [1.16e-03]    [1.70e-02]    [2.51e-01]    
70000     [9.58e-04]    [1.67e-02]    [2.50e-01]    
71000     [9.22e-04]    [1.68e-02]    [2.50e-01]    
72000     [9.97e-04]    [1.71e-02]    [2.52e-01]    
73000     [9.55e-04]    [1.69e-02]    [2.51e-01]    
74000     [8.60e-04]    [1.71e-02]    [2.52e-01]    
75000     [8.74e-04]    [1.72e-02]    [2.53e-01]    
76000     [9.30e-04]    [1.72e-02]    [2.53e-01]    
77000     [8.65e-04]    [1.75e-02]    [2.55e-01]    
78000     [8.36e-04]    [1.73e-02]    [2.54e-01]    
79000     [8.40e-04]    [1.75e-02]    [2.55e-01]    
80000     [8.89e-04]    [1.76e-02]    [2.55e-01]    
81000     [8.02e-04]    [1.76e-02]    [2.55e-01]    
82000     [8.40e-04]    [1.76e-02]    [2.56e-01]    
83000     [8.28e-04]    [1.77e-02]    [2.56e-01]    
84000     [8.39e-04]    [1.78e-02]    [2.57e-01]    
85000     [8.21e-04]    [1.77e-02]    [2.56e-01]    
86000     [8.81e-04]    [1.76e-02]    [2.56e-01]    
87000     [1.02e-03]    [1.75e-02]    [2.55e-01]    
88000     [9.53e-04]    [1.80e-02]    [2.58e-01]    
89000     [8.12e-04]    [1.77e-02]    [2.56e-01]    
90000     [8.59e-04]    [1.78e-02]    [2.57e-01]    
91000     [8.05e-04]    [1.79e-02]    [2.58e-01]    
92000     [9.08e-04]    [1.78e-02]    [2.57e-01]    
93000     [8.25e-04]    [1.81e-02]    [2.58e-01]    
94000     [8.88e-04]    [1.80e-02]    [2.58e-01]    
95000     [8.11e-04]    [1.80e-02]    [2.58e-01]    
96000     [9.09e-04]    [1.79e-02]    [2.58e-01]    
97000     [8.31e-04]    [1.81e-02]    [2.59e-01]    
98000     [8.01e-04]    [1.81e-02]    [2.59e-01]    
99000     [8.67e-04]    [1.80e-02]    [2.59e-01]    
100000    [9.96e-04]    [1.79e-02]    [2.59e-01]    
101000    [8.17e-04]    [1.81e-02]    [2.59e-01]    
102000    [9.30e-04]    [1.80e-02]    [2.59e-01]    
103000    [8.81e-04]    [1.82e-02]    [2.60e-01]    
104000    [8.29e-04]    [1.83e-02]    [2.60e-01]    
105000    [9.77e-04]    [1.84e-02]    [2.61e-01]    
106000    [7.58e-04]    [1.84e-02]    [2.61e-01]    
107000    [7.63e-04]    [1.85e-02]    [2.62e-01]    
108000    [7.85e-04]    [1.85e-02]    [2.62e-01]    
109000    [8.00e-04]    [1.84e-02]    [2.61e-01]    
110000    [7.64e-04]    [1.85e-02]    [2.62e-01]    
111000    [8.75e-04]    [1.84e-02]    [2.61e-01]    
112000    [8.50e-04]    [1.85e-02]    [2.63e-01]    
113000    [8.06e-04]    [1.87e-02]    [2.63e-01]    
114000    [7.40e-04]    [1.87e-02]    [2.63e-01]    
115000    [7.59e-04]    [1.87e-02]    [2.63e-01]    
116000    [8.61e-04]    [1.86e-02]    [2.63e-01]    
117000    [7.59e-04]    [1.87e-02]    [2.63e-01]    
118000    [7.62e-04]    [1.89e-02]    [2.65e-01]    
119000    [7.40e-04]    [1.89e-02]    [2.64e-01]    
120000    [7.38e-04]    [1.90e-02]    [2.65e-01]    
121000    [7.73e-04]    [1.91e-02]    [2.66e-01]    
122000    [7.88e-04]    [1.93e-02]    [2.67e-01]    
123000    [8.28e-04]    [1.91e-02]    [2.65e-01]    
124000    [7.66e-04]    [1.93e-02]    [2.67e-01]    
125000    [7.83e-04]    [1.91e-02]    [2.66e-01]    
126000    [7.82e-04]    [1.93e-02]    [2.67e-01]    
127000    [8.91e-04]    [1.95e-02]    [2.68e-01]    
128000    [7.18e-04]    [1.93e-02]    [2.67e-01]    
129000    [7.49e-04]    [1.92e-02]    [2.66e-01]    
130000    [7.38e-04]    [1.93e-02]    [2.67e-01]    
131000    [7.80e-04]    [1.94e-02]    [2.68e-01]    
132000    [8.01e-04]    [1.95e-02]    [2.68e-01]    
133000    [7.24e-04]    [1.95e-02]    [2.68e-01]    
134000    [7.56e-04]    [1.94e-02]    [2.67e-01]    
135000    [7.75e-04]    [1.93e-02]    [2.67e-01]    
136000    [7.53e-04]    [1.94e-02]    [2.68e-01]    
137000    [7.49e-04]    [1.95e-02]    [2.68e-01]    
138000    [7.65e-04]    [1.96e-02]    [2.69e-01]    
139000    [1.00e-03]    [1.95e-02]    [2.69e-01]    
140000    [7.80e-04]    [1.97e-02]    [2.69e-01]    
141000    [1.00e-03]    [1.95e-02]    [2.69e-01]    
142000    [7.10e-04]    [1.96e-02]    [2.69e-01]    
143000    [7.71e-04]    [1.96e-02]    [2.69e-01]    
144000    [7.37e-04]    [1.97e-02]    [2.69e-01]    
145000    [7.33e-04]    [1.97e-02]    [2.70e-01]    
146000    [7.57e-04]    [1.97e-02]    [2.69e-01]    
147000    [7.05e-04]    [1.98e-02]    [2.70e-01]    
148000    [7.29e-04]    [1.99e-02]    [2.71e-01]    
149000    [7.99e-04]    [1.97e-02]    [2.70e-01]    
150000    [7.31e-04]    [1.97e-02]    [2.69e-01]    
151000    [7.21e-04]    [2.00e-02]    [2.71e-01]    
152000    [7.28e-04]    [2.00e-02]    [2.71e-01]    
153000    [6.96e-04]    [2.00e-02]    [2.71e-01]    
154000    [7.34e-04]    [1.98e-02]    [2.71e-01]    
155000    [7.61e-04]    [2.01e-02]    [2.72e-01]    
156000    [8.68e-04]    [1.96e-02]    [2.70e-01]    
157000    [7.57e-04]    [1.99e-02]    [2.71e-01]    
158000    [7.41e-04]    [1.97e-02]    [2.70e-01]    
159000    [7.04e-04]    [2.00e-02]    [2.71e-01]    
160000    [7.20e-04]    [1.99e-02]    [2.71e-01]    
161000    [7.30e-04]    [2.01e-02]    [2.72e-01]    
162000    [7.24e-04]    [2.00e-02]    [2.72e-01]    
163000    [8.26e-04]    [2.00e-02]    [2.72e-01]    
164000    [6.88e-04]    [2.00e-02]    [2.72e-01]    
165000    [6.96e-04]    [2.00e-02]    [2.72e-01]    
166000    [6.92e-04]    [2.00e-02]    [2.72e-01]    
167000    [7.06e-04]    [2.01e-02]    [2.72e-01]    
168000    [7.00e-04]    [2.01e-02]    [2.72e-01]    
169000    [6.94e-04]    [2.01e-02]    [2.72e-01]    
170000    [7.69e-04]    [2.01e-02]    [2.72e-01]    
171000    [7.61e-04]    [2.00e-02]    [2.72e-01]    
172000    [7.44e-04]    [2.02e-02]    [2.73e-01]    
173000    [7.50e-04]    [2.03e-02]    [2.73e-01]    
174000    [6.77e-04]    [2.03e-02]    [2.73e-01]    
175000    [7.10e-04]    [2.02e-02]    [2.73e-01]    
176000    [6.97e-04]    [2.04e-02]    [2.74e-01]    
177000    [8.23e-04]    [2.02e-02]    [2.73e-01]    
178000    [7.67e-04]    [2.04e-02]    [2.74e-01]    
179000    [7.12e-04]    [2.04e-02]    [2.74e-01]    
180000    [6.70e-04]    [2.04e-02]    [2.74e-01]    
181000    [7.13e-04]    [2.06e-02]    [2.75e-01]    
182000    [6.87e-04]    [2.06e-02]    [2.75e-01]    
183000    [6.95e-04]    [2.05e-02]    [2.75e-01]    
184000    [6.62e-04]    [2.06e-02]    [2.75e-01]    
185000    [6.90e-04]    [2.06e-02]    [2.75e-01]    
186000    [7.30e-04]    [2.07e-02]    [2.76e-01]    
187000    [7.19e-04]    [2.07e-02]    [2.75e-01]    
188000    [6.84e-04]    [2.08e-02]    [2.76e-01]    
189000    [6.93e-04]    [2.08e-02]    [2.76e-01]    
190000    [6.72e-04]    [2.07e-02]    [2.75e-01]    
191000    [6.77e-04]    [2.09e-02]    [2.76e-01]    
192000    [6.68e-04]    [2.09e-02]    [2.76e-01]    
193000    [7.85e-04]    [2.07e-02]    [2.75e-01]    
194000    [6.86e-04]    [2.08e-02]    [2.76e-01]    
195000    [7.02e-04]    [2.08e-02]    [2.76e-01]    
196000    [6.89e-04]    [2.10e-02]    [2.77e-01]    
197000    [6.94e-04]    [2.08e-02]    [2.76e-01]    
198000    [7.01e-04]    [2.08e-02]    [2.76e-01]    
199000    [7.53e-04]    [2.07e-02]    [2.76e-01]    
200000    [6.70e-04]    [2.10e-02]    [2.77e-01]    

Best model at step 184000:
  train loss: 6.62e-04
  test loss: 2.06e-02
  test metric: [2.75e-01]

'train' took 730.324597 s

