c1004a-s25.ufhpc
Mon Jul 28 05:06:21 AM EDT 2025
/blue/shiboli.fsu/yifeisun.umich/adversarial_robustness_FNO/1D_Burgers_deeponet
Compiling model...
'compile' took 32.496857 s

Warning: epochs is deprecated and will be removed in a future version. Use iterations instead.
Training model...

Step      Train loss    Test loss     Test metric   
0         [5.44e-02]    [5.53e-02]    [4.47e-01]    
1000      [9.15e-03]    [1.01e-02]    [1.94e-01]    
2000      [8.95e-03]    [1.00e-02]    [1.92e-01]    
3000      [6.93e-03]    [8.40e-03]    [1.77e-01]    
4000      [6.09e-03]    [8.04e-03]    [1.73e-01]    
5000      [9.31e-03]    [1.03e-02]    [1.96e-01]    
6000      [7.84e-03]    [8.91e-03]    [1.82e-01]    
7000      [7.34e-03]    [8.46e-03]    [1.77e-01]    
8000      [6.53e-03]    [7.85e-03]    [1.71e-01]    
9000      [6.01e-03]    [7.64e-03]    [1.68e-01]    
10000     [7.98e-03]    [8.84e-03]    [1.81e-01]    
11000     [6.62e-03]    [7.84e-03]    [1.71e-01]    
12000     [5.96e-03]    [7.47e-03]    [1.66e-01]    
13000     [5.52e-03]    [7.22e-03]    [1.63e-01]    
14000     [5.13e-03]    [6.99e-03]    [1.61e-01]    
15000     [5.16e-03]    [7.29e-03]    [1.64e-01]    
16000     [4.52e-03]    [6.91e-03]    [1.60e-01]    
17000     [6.79e-03]    [7.86e-03]    [1.71e-01]    
18000     [5.34e-03]    [7.06e-03]    [1.61e-01]    
19000     [4.82e-03]    [6.88e-03]    [1.59e-01]    
20000     [4.40e-03]    [6.88e-03]    [1.59e-01]    
21000     [4.12e-03]    [6.97e-03]    [1.60e-01]    
22000     [4.31e-03]    [7.39e-03]    [1.65e-01]    
23000     [3.88e-03]    [6.95e-03]    [1.60e-01]    
24000     [3.67e-03]    [7.23e-03]    [1.63e-01]    
25000     [3.58e-03]    [7.65e-03]    [1.67e-01]    
26000     [3.37e-03]    [7.84e-03]    [1.69e-01]    
27000     [3.22e-03]    [7.96e-03]    [1.70e-01]    
28000     [3.06e-03]    [8.11e-03]    [1.72e-01]    
29000     [2.96e-03]    [8.36e-03]    [1.74e-01]    
30000     [2.77e-03]    [8.45e-03]    [1.75e-01]    
31000     [2.83e-03]    [8.84e-03]    [1.80e-01]    
32000     [2.62e-03]    [8.82e-03]    [1.79e-01]    
33000     [2.46e-03]    [8.92e-03]    [1.81e-01]    
34000     [2.36e-03]    [9.05e-03]    [1.82e-01]    
35000     [2.28e-03]    [9.24e-03]    [1.84e-01]    
36000     [2.24e-03]    [9.40e-03]    [1.85e-01]    
37000     [2.18e-03]    [9.60e-03]    [1.87e-01]    
38000     [2.11e-03]    [9.74e-03]    [1.89e-01]    
39000     [2.03e-03]    [9.89e-03]    [1.90e-01]    
40000     [2.03e-03]    [1.01e-02]    [1.92e-01]    
41000     [1.93e-03]    [1.02e-02]    [1.93e-01]    
42000     [1.89e-03]    [1.03e-02]    [1.94e-01]    
43000     [1.88e-03]    [1.05e-02]    [1.96e-01]    
44000     [1.83e-03]    [1.06e-02]    [1.97e-01]    
45000     [1.79e-03]    [1.07e-02]    [1.98e-01]    
46000     [1.79e-03]    [1.09e-02]    [1.99e-01]    
47000     [1.71e-03]    [1.09e-02]    [2.00e-01]    
48000     [1.72e-03]    [1.10e-02]    [2.01e-01]    
49000     [1.67e-03]    [1.10e-02]    [2.01e-01]    
50000     [1.63e-03]    [1.11e-02]    [2.02e-01]    

Best model at step 50000:
  train loss: 1.63e-03
  test loss: 1.11e-02
  test metric: [2.02e-01]

'train' took 173.869023 s


Training done ...

训练完成！模型和标准化器已保存到: saved_models/deepxde_2/DeepONet_b1024_lr0.001_ep50000_20250728_051126
