c0901a-s25.ufhpc
Wed Oct  1 06:12:31 PM EDT 2025
/blue/shiboli.fsu/yifeisun.umich/adversarial_robustness_FNO
Training FNO2d (multi-pattern loop)
Variable        Value     
-------------------------
ntrain          1000      
ntest           100       
batch_size      20        
learning_rate   0.001     
modes           64        
width           60        
s               256       
T_in            10        
T               10        
step            1         

================================================================================
Pattern: none
Train PT: /blue/shiboli.fsu/yifeisun.umich/adversarial_robustness_FNO/2D_NS_FNO2d_recurrent/external_forcing_patterns/datasets/all_patterns/none/dim2d_nx256_N1150_solver=exponax_nu0.000_t20.0_train_forcingPatternnone.pt
sub             1         
[none] x_train: (1000, 256, 256, 10), y_train: (1000, 256, 256, 10)
[none] x_val  : (100, 256, 256, 10), y_val  : (100, 256, 256, 10)
iterations      25000      (epochs=500 * steps/epoch=50)
[none] params: 235989181
[none] Model saved to: /blue/shiboli.fsu/yifeisun.umich/adversarial_robustness_FNO/2D_NS_FNO2d_recurrent/external_forcing_patterns/saved_models/none/modes64_width60_epochs500_Tin10_T10/NS_2d_FNO_trained_on_dim2d_nx256_N1150_solver=exponax_nu0.000_t20.0_train_forcingPatternnone.pth
