c0909a-s5.ufhpc
Thu Sep 11 08:18:29 AM EDT 2025
/blue/shiboli.fsu/yifeisun.umich/adversarial_robustness_FNO
Training FNO2d (multi-pattern loop)
Variable        Value     
-------------------------
ntrain          1000      
ntest           100       
batch_size      20        
learning_rate   0.001     
modes           64        
width           60        
s               256       
T_in            10        
T               10        
step            1         

================================================================================
Pattern: isoCircles
Train PT: /blue/shiboli.fsu/yifeisun.umich/adversarial_robustness_FNO/2D_NS_FNO2d_recurrent/external_forcing_patterns/datasets/all_patterns/isoCircles/dim2d_nx256_N1150_solver=exponax_nu0.000_t20.0_train_forcingPatternisoCircles.pt
sub             1         
[isoCircles] x_train: (1000, 256, 256, 10), y_train: (1000, 256, 256, 10)
[isoCircles] x_val  : (100, 256, 256, 10), y_val  : (100, 256, 256, 10)
iterations      25000      (epochs=500 * steps/epoch=50)
[isoCircles] params: 235989181
[isoCircles] Model saved to: /blue/shiboli.fsu/yifeisun.umich/adversarial_robustness_FNO/2D_NS_FNO2d_recurrent/external_forcing_patterns/saved_models/isoCircles/modes64_width60_epochs500_Tin10_T10/NS_2d_FNO_trained_on_dim2d_nx256_N1150_solver=exponax_nu0.000_t20.0_train_forcingPatternisoCircles.pth

================================================================================
Pattern: petals
Train PT: /blue/shiboli.fsu/yifeisun.umich/adversarial_robustness_FNO/2D_NS_FNO2d_recurrent/external_forcing_patterns/datasets/all_patterns/petals/dim2d_nx256_N1150_solver=exponax_nu0.000_t20.0_train_forcingPatternpetals.pt
sub             1         
[petals] x_train: (1000, 256, 256, 10), y_train: (1000, 256, 256, 10)
[petals] x_val  : (100, 256, 256, 10), y_val  : (100, 256, 256, 10)
iterations      25000      (epochs=500 * steps/epoch=50)
[petals] params: 235989181
[petals] Model saved to: /blue/shiboli.fsu/yifeisun.umich/adversarial_robustness_FNO/2D_NS_FNO2d_recurrent/external_forcing_patterns/saved_models/petals/modes64_width60_epochs500_Tin10_T10/NS_2d_FNO_trained_on_dim2d_nx256_N1150_solver=exponax_nu0.000_t20.0_train_forcingPatternpetals.pth

================================================================================
Pattern: ringsCos
Train PT: /blue/shiboli.fsu/yifeisun.umich/adversarial_robustness_FNO/2D_NS_FNO2d_recurrent/external_forcing_patterns/datasets/all_patterns/ringsCos/dim2d_nx256_N1150_solver=exponax_nu0.000_t20.0_train_forcingPatternringsCos.pt
sub             1         
[ringsCos] x_train: (1000, 256, 256, 10), y_train: (1000, 256, 256, 10)
[ringsCos] x_val  : (100, 256, 256, 10), y_val  : (100, 256, 256, 10)
iterations      25000      (epochs=500 * steps/epoch=50)
[ringsCos] params: 235989181
[ringsCos] Model saved to: /blue/shiboli.fsu/yifeisun.umich/adversarial_robustness_FNO/2D_NS_FNO2d_recurrent/external_forcing_patterns/saved_models/ringsCos/modes64_width60_epochs500_Tin10_T10/NS_2d_FNO_trained_on_dim2d_nx256_N1150_solver=exponax_nu0.000_t20.0_train_forcingPatternringsCos.pth

================================================================================
Pattern: ringsL1
Train PT: /blue/shiboli.fsu/yifeisun.umich/adversarial_robustness_FNO/2D_NS_FNO2d_recurrent/external_forcing_patterns/datasets/all_patterns/ringsL1/dim2d_nx256_N1150_solver=exponax_nu0.000_t20.0_train_forcingPatternringsL1.pt
sub             1         
[ringsL1] x_train: (1000, 256, 256, 10), y_train: (1000, 256, 256, 10)
[ringsL1] x_val  : (100, 256, 256, 10), y_val  : (100, 256, 256, 10)
iterations      25000      (epochs=500 * steps/epoch=50)
[ringsL1] params: 235989181
