/blue/shiboli.fsu/yifeisun.umich/adversarial_robustness_FNO/recurrent/./training_models/trainingFNO2d_unnormalized.py:73: FutureWarning: `torch.cuda.amp.GradScaler(args...)` is deprecated. Please use `torch.amp.GradScaler('cuda', args...)` instead.
  scaler = GradScaler()
Training FNO 2d:   0%|          | 0/500 [00:00<?, ?it/s]/blue/shiboli.fsu/yifeisun.umich/adversarial_robustness_FNO/recurrent/./training_models/trainingFNO2d_unnormalized.py:88: FutureWarning: `torch.cuda.amp.autocast(args...)` is deprecated. Please use `torch.amp.autocast('cuda', args...)` instead.
  with autocast():
/blue/shiboli.fsu/yifeisun.umich/adversarial_robustness_FNO/recurrent/models/FNO2d.py:27: UserWarning: ComplexHalf support is experimental and many operators don't support it yet. (Triggered internally at /pytorch/aten/src/ATen/EmptyTensor.cpp:56.)
  x_ft = torch.fft.rfft2(x)
Training FNO 2d:   0%|          | 0/500 [00:23<?, ?it/s]
Traceback (most recent call last):
  File "/blue/shiboli.fsu/yifeisun.umich/adversarial_robustness_FNO/recurrent/./training_models/trainingFNO2d_unnormalized.py", line 91, in <module>
    im = model(xx)
  File "/blue/shiboli.fsu/yifeisun.umich/.conda/envs/adv_robust/lib/python3.10/site-packages/torch/nn/modules/module.py", line 1751, in _wrapped_call_impl
    return self._call_impl(*args, **kwargs)
  File "/blue/shiboli.fsu/yifeisun.umich/.conda/envs/adv_robust/lib/python3.10/site-packages/torch/nn/modules/module.py", line 1762, in _call_impl
    return forward_call(*args, **kwargs)
  File "/blue/shiboli.fsu/yifeisun.umich/adversarial_robustness_FNO/recurrent/models/FNO2d.py", line 82, in forward
    x1 = self.conv_layers[i](x)
  File "/blue/shiboli.fsu/yifeisun.umich/.conda/envs/adv_robust/lib/python3.10/site-packages/torch/nn/modules/module.py", line 1751, in _wrapped_call_impl
    return self._call_impl(*args, **kwargs)
  File "/blue/shiboli.fsu/yifeisun.umich/.conda/envs/adv_robust/lib/python3.10/site-packages/torch/nn/modules/module.py", line 1762, in _call_impl
    return forward_call(*args, **kwargs)
  File "/blue/shiboli.fsu/yifeisun.umich/adversarial_robustness_FNO/recurrent/models/FNO2d.py", line 33, in forward
    self.compl_mul2d(x_ft[:, :, :self.modes1, :self.modes2], self.weights1)
  File "/blue/shiboli.fsu/yifeisun.umich/adversarial_robustness_FNO/recurrent/models/FNO2d.py", line 23, in compl_mul2d
    return torch.einsum("bixy,ioxy->boxy", input, weights)
  File "/blue/shiboli.fsu/yifeisun.umich/.conda/envs/adv_robust/lib/python3.10/site-packages/torch/functional.py", line 422, in einsum
    return _VF.einsum(equation, operands)  # type: ignore[attr-defined]
torch.OutOfMemoryError: CUDA out of memory. Tried to allocate 80.00 MiB. GPU 0 has a total capacity of 79.25 GiB of which 2.94 MiB is free. Including non-PyTorch memory, this process has 79.24 GiB memory in use. Of the allocated memory 76.01 GiB is allocated by PyTorch, and 2.72 GiB is reserved by PyTorch but unallocated. If reserved but unallocated memory is large try setting PYTORCH_CUDA_ALLOC_CONF=expandable_segments:True to avoid fragmentation.  See documentation for Memory Management  (https://pytorch.org/docs/stable/notes/cuda.html#environment-variables)
