/blue/shiboli.fsu/yifeisun.umich/adversarial_robustness_FNO/2D_NS/./perturbation_methods/PGD_attack_with_solver.py:49: DeprecationWarning: jax.lib.xla_bridge.get_backend is deprecated; use jax.extend.backend.get_backend.
  print(f"JAX Backend: {jax.lib.xla_bridge.get_backend().platform}")
/blue/shiboli.fsu/yifeisun.umich/adversarial_robustness_FNO/2D_NS/./perturbation_methods/PGD_attack_with_solver.py:90: UserWarning: Could not check cuDNN version compatibility
  warnings.warn("Could not check cuDNN version compatibility")
/blue/shiboli.fsu/yifeisun.umich/adversarial_robustness_FNO/2D_NS/./perturbation_methods/PGD_attack_with_solver.py:160: UserWarning: GPU加速失败，使用兼容模式: Can't export tensors that require gradient, use tensor.detach()
  warnings.warn(f"GPU加速失败，使用兼容模式: {str(e)}")
/blue/shiboli.fsu/yifeisun.umich/adversarial_robustness_FNO/2D_NS/./perturbation_methods/PGD_attack_with_solver.py:186: DeprecationWarning: Calling from_dlpack with a DLPack tensor is deprecated. The argument to from_dlpack should be an array from another framework that implements the __dlpack__ protocol.
  grad_jax = jax.dlpack.from_dlpack(grad_output.__dlpack__())
/blue/shiboli.fsu/yifeisun.umich/adversarial_robustness_FNO/2D_NS/./perturbation_methods/PGD_attack_with_solver.py:209: UserWarning: 反向传播GPU加速失败: Can't export tensors that require gradient, use tensor.detach()
  warnings.warn(f"反向传播GPU加速失败: {str(e)}")
Traceback (most recent call last):
  File "/blue/shiboli.fsu/yifeisun.umich/adversarial_robustness_FNO/2D_NS/./perturbation_methods/PGD_attack_with_solver.py", line 192, in backward
    a_jax = jax.dlpack.from_dlpack(a_torch.__dlpack__())
  File "/blue/shiboli.fsu/yifeisun.umich/.conda/envs/adv_robust/lib/python3.10/site-packages/torch/_tensor.py", line 1701, in __dlpack__
    raise RuntimeError(
RuntimeError: Can't export tensors that require gradient, use tensor.detach()

During handling of the above exception, another exception occurred:

Traceback (most recent call last):
  File "/blue/shiboli.fsu/yifeisun.umich/.conda/envs/adv_robust/lib/python3.10/site-packages/jax/_src/core.py", line 887, in __getattr__
    attr = getattr(self.aval, name)
AttributeError: 'ShapedArray' object has no attribute 'block_until_ready'

The above exception was the direct cause of the following exception:

jax.errors.SimplifiedTraceback: For simplicity, JAX has removed its internal frames from the traceback of the following exception. Set JAX_TRACEBACK_FILTERING=off to include these.

The above exception was the direct cause of the following exception:

Traceback (most recent call last):
  File "/blue/shiboli.fsu/yifeisun.umich/adversarial_robustness_FNO/2D_NS/./perturbation_methods/PGD_attack_with_solver.py", line 696, in <module>
    adversarial_x0 = attack_system.pgd_attack(
  File "/blue/shiboli.fsu/yifeisun.umich/adversarial_robustness_FNO/2D_NS/./perturbation_methods/PGD_attack_with_solver.py", line 525, in pgd_attack
    loss.backward()
  File "/blue/shiboli.fsu/yifeisun.umich/.conda/envs/adv_robust/lib/python3.10/site-packages/torch/_tensor.py", line 648, in backward
    torch.autograd.backward(
  File "/blue/shiboli.fsu/yifeisun.umich/.conda/envs/adv_robust/lib/python3.10/site-packages/torch/autograd/__init__.py", line 353, in backward
    _engine_run_backward(
  File "/blue/shiboli.fsu/yifeisun.umich/.conda/envs/adv_robust/lib/python3.10/site-packages/torch/autograd/graph.py", line 824, in _engine_run_backward
    return Variable._execution_engine.run_backward(  # Calls into the C++ engine to run the backward pass
  File "/blue/shiboli.fsu/yifeisun.umich/.conda/envs/adv_robust/lib/python3.10/site-packages/torch/autograd/function.py", line 307, in apply
    return user_fn(self, *args)
  File "/blue/shiboli.fsu/yifeisun.umich/adversarial_robustness_FNO/2D_NS/./perturbation_methods/PGD_attack_with_solver.py", line 213, in backward
    _, vjp_fn = jax.vjp(g, jnp.array(a_np))
  File "/blue/shiboli.fsu/yifeisun.umich/adversarial_robustness_FNO/2D_NS/./perturbation_methods/PGD_attack_with_solver.py", line 275, in solver_func
    return generate_single_timestep_solution(a, self.nu, target_time)
  File "/blue/shiboli.fsu/yifeisun.umich/adversarial_robustness_FNO/2D_NS/./perturbation_methods/PGD_attack_with_solver.py", line 242, in generate_single_timestep_solution
    final_state = result[-1, 0, ...].T.block_until_ready()
AttributeError: JVPTracer has no attribute block_until_ready
