c0901a-s15.ufhpc
Tue Jul  1 11:22:39 AM EDT 2025
/blue/shiboli.fsu/yifeisun.umich/adversarial_robustness_FNO/2D_NS
Model device: cuda:0
Input device: cuda:0
================================================================
epsilon:  0.1 ,  alpha:  0.05 ,  num_steps:  2

[Step 0] ============ 详细性能分析 ============
[模型部分] 总时间: 118.259777s | 显存: 4.13 GB

[0-9秒 PDE求解详细性能]
  t=0s - 时间: 0.000000s | 显存: 0.00 B
  t=1s - 时间: 66.024784s | 显存: 0.00 B
  t=2s - 时间: 0.497349s | 显存: 0.00 B
  t=3s - 时间: 0.551850s | 显存: 0.00 B
  t=4s - 时间: 0.638380s | 显存: 0.00 B
  t=5s - 时间: 0.726663s | 显存: 0.00 B
  t=6s - 时间: 0.837040s | 显存: 0.00 B
  t=7s - 时间: 0.908464s | 显存: 0.00 B
  t=8s - 时间: 0.953009s | 显存: 0.00 B
  t=9s - 时间: 1.070951s | 显存: 0.00 B

[19秒 PDE求解]
  t=19.0s - 时间: 1.825195s | 显存: 0.00 B

[PDE求解部分] 总时间: 1.828334s | 显存: 256.00 KB

[本步骤总计] 时间: 120.088111s | 显存: 4.13 GB
[Step 0] Backward Propagation - Time: 8.4754s, Mem: -4405329920.00 B

开始数值梯度计算，共需计算 64 个点（步长 32）
