c0900a-s25.ufhpc
Tue Jul  1 10:43:22 AM EDT 2025
/blue/shiboli.fsu/yifeisun.umich/adversarial_robustness_FNO/2D_NS
Model device: cuda:0
Input device: cuda:0
================================================================
epsilon:  0.1 ,  alpha:  0.05 ,  num_steps:  2

[Step 0] ============ 详细性能分析 ============
[模型部分] 总时间: 88.481150s | 显存: 4.13 GB

[0-9秒 PDE求解详细性能]
  t=0s - 时间: 0.000000s | 显存: 0.00 B
  t=1s - 时间: 49.596082s | 显存: 0.00 B
  t=2s - 时间: 0.504263s | 显存: 0.00 B
  t=3s - 时间: 0.564097s | 显存: 0.00 B
  t=4s - 时间: 0.655347s | 显存: 0.00 B
  t=5s - 时间: 0.747384s | 显存: 0.00 B
  t=6s - 时间: 0.828366s | 显存: 0.00 B
  t=7s - 时间: 0.876941s | 显存: 0.00 B
  t=8s - 时间: 0.967256s | 显存: 0.00 B
  t=9s - 时间: 1.054699s | 显存: 0.00 B

[19秒 PDE求解]
  t=19.0s - 时间: 1.850738s | 显存: 0.00 B

[PDE求解部分] 总时间: 1.853998s | 显存: 256.00 KB

[本步骤总计] 时间: 90.335148s | 显存: 4.13 GB
[Step 0] Backward Propagation - Time: 6.2100s, Mem: -4405329920.00 B
