c0904a-s25.ufhpc
Sat Jun 28 08:59:59 PM EDT 2025
/blue/shiboli.fsu/yifeisun.umich/adversarial_robustness_FNO/2D_NS
Model device: cuda:0
Input device: cuda:0
================================================================
epsilon:  0.1 ,  alpha:  0.01 ,  num_steps:  100

[Step 0] ============ 详细性能分析 ============
[模型部分] 总时间: 108.862571s | 显存: 4.13 GB

[0-9秒 PDE求解详细性能]
  t=0s - 时间: 0.000000s | 显存: 0.00 B
  t=1s - 时间: 51.435554s | 显存: 0.00 B
  t=2s - 时间: 0.572762s | 显存: 0.00 B
  t=3s - 时间: 0.564790s | 显存: 0.00 B
  t=4s - 时间: 0.936005s | 显存: 0.00 B
  t=5s - 时间: 0.716542s | 显存: 0.00 B
  t=6s - 时间: 0.990523s | 显存: 0.00 B
  t=7s - 时间: 0.898829s | 显存: 0.00 B
  t=8s - 时间: 0.928324s | 显存: 0.00 B
  t=9s - 时间: 1.014691s | 显存: 0.00 B

[19秒 PDE求解]
  t=19.0s - 时间: 4.629461s | 显存: 0.00 B

[PDE求解部分] 总时间: 4.905106s | 显存: 256.00 KB

[本步骤总计] 时间: 113.767677s | 显存: 4.13 GB
[Step 0] Backward Propagation - Time: 14.2606s, Mem: -4405329920.00 B
[Step 0] PGD Update - Time: 1.8549s, Mem: 512.00 KB

[Step 0] 完整步骤总时间: 132.190685s | 总显存: 23.16 MB
[Step 0] 峰值显存: 6.21 GB

[Step 1] ============ 详细性能分析 ============
[模型部分] 总时间: 10.062086s | 显存: 4.12 GB

[0-9秒 PDE求解详细性能]
  t=0s - 时间: 0.000000s | 显存: 0.00 B
  t=1s - 时间: 0.737295s | 显存: 0.00 B
  t=2s - 时间: 0.452391s | 显存: 0.00 B
  t=3s - 时间: 1.835120s | 显存: 0.00 B
  t=4s - 时间: 0.671299s | 显存: 0.00 B
  t=5s - 时间: 0.698616s | 显存: 0.00 B
  t=6s - 时间: 0.782771s | 显存: 0.00 B
  t=7s - 时间: 0.872786s | 显存: 0.00 B
  t=8s - 时间: 0.948091s | 显存: 0.00 B
  t=9s - 时间: 1.040951s | 显存: 0.00 B

[19秒 PDE求解]
  t=19.0s - 时间: 2.020335s | 显存: 0.00 B

[PDE求解部分] 总时间: 2.175747s | 显存: 256.00 KB

[本步骤总计] 时间: 12.237833s | 显存: 4.12 GB
[Step 1] Backward Propagation - Time: 1.8858s, Mem: -4414291968.00 B
[Step 1] PGD Update - Time: 0.0257s, Mem: 0.00 B

[Step 1] 完整步骤总时间: 14.564184s | 总显存: 2.00 MB
[Step 1] 峰值显存: 6.22 GB

[Step 2] ============ 详细性能分析 ============
[模型部分] 总时间: 6.964842s | 显存: 4.12 GB

[0-9秒 PDE求解详细性能]
  t=0s - 时间: 0.000000s | 显存: 0.00 B
  t=1s - 时间: 0.484678s | 显存: 0.00 B
  t=2s - 时间: 0.480484s | 显存: 0.00 B
  t=3s - 时间: 0.539649s | 显存: 0.00 B
  t=4s - 时间: 0.591221s | 显存: 0.00 B
  t=5s - 时间: 0.678008s | 显存: 0.00 B
  t=6s - 时间: 0.776698s | 显存: 0.00 B
  t=7s - 时间: 0.855324s | 显存: 0.00 B
  t=8s - 时间: 0.944909s | 显存: 0.00 B
  t=9s - 时间: 1.037173s | 显存: 0.00 B

[19秒 PDE求解]
  t=19.0s - 时间: 2.320145s | 显存: 0.00 B

[PDE求解部分] 总时间: 2.504028s | 显存: 256.00 KB

[本步骤总计] 时间: 9.468870s | 显存: 4.12 GB
[Step 2] Backward Propagation - Time: 2.1926s, Mem: -4416135168.00 B
[Step 2] PGD Update - Time: 0.0228s, Mem: 0.00 B

[Step 2] 完整步骤总时间: 11.874100s | 总显存: 2.50 MB
[Step 2] 峰值显存: 6.23 GB

[Step 3] ============ 详细性能分析 ============
[模型部分] 总时间: 7.375641s | 显存: 4.12 GB

[0-9秒 PDE求解详细性能]
  t=0s - 时间: 0.000000s | 显存: 0.00 B
  t=1s - 时间: 0.629136s | 显存: 0.00 B
  t=2s - 时间: 0.476200s | 显存: 0.00 B
  t=3s - 时间: 0.562463s | 显存: 0.00 B
  t=4s - 时间: 0.636127s | 显存: 0.00 B
  t=5s - 时间: 0.711879s | 显存: 0.00 B
  t=6s - 时间: 0.772905s | 显存: 0.00 B
  t=7s - 时间: 0.877726s | 显存: 0.00 B
  t=8s - 时间: 0.944857s | 显存: 0.00 B
  t=9s - 时间: 1.024373s | 显存: 0.00 B

[19秒 PDE求解]
  t=19.0s - 时间: 2.022921s | 显存: 0.00 B

[PDE求解部分] 总时间: 2.252333s | 显存: 256.00 KB

[本步骤总计] 时间: 9.627974s | 显存: 4.12 GB
[Step 3] Backward Propagation - Time: 0.3543s, Mem: -4416135168.00 B
[Step 3] PGD Update - Time: 0.0166s, Mem: 0.00 B

[Step 3] 完整步骤总时间: 10.128706s | 总显存: 2.50 MB
[Step 3] 峰值显存: 6.23 GB

[Step 4] ============ 详细性能分析 ============
[模型部分] 总时间: 6.737145s | 显存: 4.12 GB

[0-9秒 PDE求解详细性能]
  t=0s - 时间: 0.000000s | 显存: 0.00 B
  t=1s - 时间: 0.415492s | 显存: 0.00 B
  t=2s - 时间: 0.439926s | 显存: 0.00 B
  t=3s - 时间: 0.526193s | 显存: 0.00 B
  t=4s - 时间: 0.597774s | 显存: 0.00 B
  t=5s - 时间: 0.665259s | 显存: 0.00 B
  t=6s - 时间: 0.789590s | 显存: 0.00 B
  t=7s - 时间: 0.821304s | 显存: 0.00 B
  t=8s - 时间: 0.903888s | 显存: 0.00 B
  t=9s - 时间: 1.019455s | 显存: 0.00 B

[19秒 PDE求解]
  t=19.0s - 时间: 1.952011s | 显存: 0.00 B

[PDE求解部分] 总时间: 2.187953s | 显存: 256.00 KB

[本步骤总计] 时间: 8.925098s | 显存: 4.12 GB
[Step 4] Backward Propagation - Time: 0.6665s, Mem: -4416135168.00 B
[Step 4] PGD Update - Time: 0.0176s, Mem: 0.00 B

[Step 4] 完整步骤总时间: 9.752273s | 总显存: 2.50 MB
[Step 4] 峰值显存: 6.23 GB

[Step 5] ============ 详细性能分析 ============
[模型部分] 总时间: 6.936400s | 显存: 4.12 GB

[0-9秒 PDE求解详细性能]
  t=0s - 时间: 0.000000s | 显存: 0.00 B
  t=1s - 时间: 0.419140s | 显存: 0.00 B
  t=2s - 时间: 0.451398s | 显存: 0.00 B
  t=3s - 时间: 0.528660s | 显存: 0.00 B
  t=4s - 时间: 0.625787s | 显存: 0.00 B
  t=5s - 时间: 0.698478s | 显存: 0.00 B
  t=6s - 时间: 0.772173s | 显存: 0.00 B
  t=7s - 时间: 0.872140s | 显存: 0.00 B
  t=8s - 时间: 0.947877s | 显存: 0.00 B
  t=9s - 时间: 1.032351s | 显存: 0.00 B

[19秒 PDE求解]
  t=19.0s - 时间: 1.956547s | 显存: 0.00 B

[PDE求解部分] 总时间: 2.161034s | 显存: 256.00 KB

[本步骤总计] 时间: 9.097434s | 显存: 4.12 GB
[Step 5] Backward Propagation - Time: 3.1131s, Mem: -4416135168.00 B
[Step 5] PGD Update - Time: 0.0242s, Mem: 0.00 B

[Step 5] 完整步骤总时间: 12.394996s | 总显存: 2.50 MB
[Step 5] 峰值显存: 6.24 GB

[Step 6] ============ 详细性能分析 ============
[模型部分] 总时间: 7.015743s | 显存: 4.12 GB

[0-9秒 PDE求解详细性能]
  t=0s - 时间: 0.000000s | 显存: 0.00 B
  t=1s - 时间: 0.477563s | 显存: 0.00 B
  t=2s - 时间: 0.437692s | 显存: 0.00 B
  t=3s - 时间: 0.528687s | 显存: 0.00 B
  t=4s - 时间: 0.632481s | 显存: 0.00 B
  t=5s - 时间: 0.710347s | 显存: 0.00 B
  t=6s - 时间: 0.830705s | 显存: 0.00 B
  t=7s - 时间: 0.856589s | 显存: 0.00 B
  t=8s - 时间: 0.926887s | 显存: 0.00 B
  t=9s - 时间: 1.047746s | 显存: 0.00 B

[19秒 PDE求解]
  t=19.0s - 时间: 1.962673s | 显存: 0.00 B

[PDE求解部分] 总时间: 2.197591s | 显存: 256.00 KB

[本步骤总计] 时间: 9.213333s | 显存: 4.12 GB
[Step 6] Backward Propagation - Time: 0.5954s, Mem: -4416135168.00 B
[Step 6] PGD Update - Time: 0.0214s, Mem: 0.00 B

[Step 6] 完整步骤总时间: 10.013048s | 总显存: 2.50 MB
[Step 6] 峰值显存: 6.24 GB

[Step 7] ============ 详细性能分析 ============
[模型部分] 总时间: 8.915834s | 显存: 4.12 GB

[0-9秒 PDE求解详细性能]
  t=0s - 时间: 0.000000s | 显存: 0.00 B
  t=1s - 时间: 1.350446s | 显存: 0.00 B
  t=2s - 时间: 0.524962s | 显存: 0.00 B
  t=3s - 时间: 0.550385s | 显存: 0.00 B
  t=4s - 时间: 0.624940s | 显存: 0.00 B
  t=5s - 时间: 0.816840s | 显存: 0.00 B
  t=6s - 时间: 0.798909s | 显存: 0.00 B
  t=7s - 时间: 0.880675s | 显存: 0.00 B
  t=8s - 时间: 0.927842s | 显存: 0.00 B
  t=9s - 时间: 1.001748s | 显存: 0.00 B

[19秒 PDE求解]
  t=19.0s - 时间: 1.956483s | 显存: 0.00 B

[PDE求解部分] 总时间: 2.102833s | 显存: 256.00 KB

[本步骤总计] 时间: 11.018666s | 显存: 4.12 GB
[Step 7] Backward Propagation - Time: 0.7184s, Mem: -4416135168.00 B
[Step 7] PGD Update - Time: 0.0187s, Mem: 0.00 B

[Step 7] 完整步骤总时间: 11.872263s | 总显存: 2.50 MB
[Step 7] 峰值显存: 6.24 GB

[Step 8] ============ 详细性能分析 ============
[模型部分] 总时间: 8.872601s | 显存: 4.12 GB

[0-9秒 PDE求解详细性能]
  t=0s - 时间: 0.000000s | 显存: 0.00 B
  t=1s - 时间: 0.445111s | 显存: 0.00 B
  t=2s - 时间: 0.456555s | 显存: 0.00 B
  t=3s - 时间: 0.533289s | 显存: 0.00 B
  t=4s - 时间: 0.605736s | 显存: 0.00 B
  t=5s - 时间: 0.697886s | 显存: 0.00 B
  t=6s - 时间: 0.806875s | 显存: 0.00 B
  t=7s - 时间: 0.871069s | 显存: 0.00 B
  t=8s - 时间: 0.956431s | 显存: 0.00 B
  t=9s - 时间: 1.033682s | 显存: 0.00 B

[19秒 PDE求解]
  t=19.0s - 时间: 2.243434s | 显存: 0.00 B

[PDE求解部分] 总时间: 2.432792s | 显存: 256.00 KB

[本步骤总计] 时间: 11.305393s | 显存: 4.12 GB
[Step 8] Backward Propagation - Time: 0.8713s, Mem: -4416135168.00 B
[Step 8] PGD Update - Time: 0.0594s, Mem: 0.00 B

[Step 8] 完整步骤总时间: 14.093091s | 总显存: 2.50 MB
[Step 8] 峰值显存: 6.24 GB

[Step 9] ============ 详细性能分析 ============
[模型部分] 总时间: 7.892185s | 显存: 4.12 GB

[0-9秒 PDE求解详细性能]
  t=0s - 时间: 0.000000s | 显存: 0.00 B
  t=1s - 时间: 0.486590s | 显存: 0.00 B
  t=2s - 时间: 0.476256s | 显存: 0.00 B
  t=3s - 时间: 0.520965s | 显存: 0.00 B
  t=4s - 时间: 0.603999s | 显存: 0.00 B
  t=5s - 时间: 0.692951s | 显存: 0.00 B
  t=6s - 时间: 0.771441s | 显存: 0.00 B
  t=7s - 时间: 0.848126s | 显存: 0.00 B
  t=8s - 时间: 0.961009s | 显存: 0.00 B
  t=9s - 时间: 1.030862s | 显存: 0.00 B

[19秒 PDE求解]
  t=19.0s - 时间: 2.402404s | 显存: 0.00 B

[PDE求解部分] 总时间: 2.641598s | 显存: 256.00 KB

[本步骤总计] 时间: 10.533783s | 显存: 4.12 GB
[Step 9] Backward Propagation - Time: 1.4276s, Mem: -4416135168.00 B
[Step 9] PGD Update - Time: 0.0380s, Mem: 0.00 B

[Step 9] 完整步骤总时间: 12.406574s | 总显存: 2.50 MB
[Step 9] 峰值显存: 6.25 GB

[Step 10] ============ 详细性能分析 ============
[模型部分] 总时间: 6.955514s | 显存: 4.12 GB

[0-9秒 PDE求解详细性能]
  t=0s - 时间: 0.000000s | 显存: 0.00 B
  t=1s - 时间: 0.450156s | 显存: 0.00 B
  t=2s - 时间: 0.447897s | 显存: 0.00 B
  t=3s - 时间: 0.534863s | 显存: 0.00 B
  t=4s - 时间: 0.597130s | 显存: 0.00 B
  t=5s - 时间: 0.688775s | 显存: 0.00 B
  t=6s - 时间: 0.774155s | 显存: 0.00 B
  t=7s - 时间: 0.837380s | 显存: 0.00 B
  t=8s - 时间: 0.924581s | 显存: 0.00 B
  t=9s - 时间: 1.010527s | 显存: 0.00 B

[19秒 PDE求解]
  t=19.0s - 时间: 2.192865s | 显存: 0.00 B

[PDE求解部分] 总时间: 2.342790s | 显存: 256.00 KB

[本步骤总计] 时间: 9.298304s | 显存: 4.12 GB
[Step 10] Backward Propagation - Time: 0.4508s, Mem: -4416135168.00 B
[Step 10] PGD Update - Time: 0.0184s, Mem: 0.00 B

[Step 10] 完整步骤总时间: 9.886035s | 总显存: 2.50 MB
[Step 10] 峰值显存: 6.25 GB

[Step 11] ============ 详细性能分析 ============
[模型部分] 总时间: 6.947709s | 显存: 4.12 GB

[0-9秒 PDE求解详细性能]
  t=0s - 时间: 0.000000s | 显存: 0.00 B
  t=1s - 时间: 0.439856s | 显存: 0.00 B
  t=2s - 时间: 0.444251s | 显存: 0.00 B
  t=3s - 时间: 0.540931s | 显存: 0.00 B
  t=4s - 时间: 0.607119s | 显存: 0.00 B
  t=5s - 时间: 0.679472s | 显存: 0.00 B
  t=6s - 时间: 0.750897s | 显存: 0.00 B
  t=7s - 时间: 0.858422s | 显存: 0.00 B
  t=8s - 时间: 0.929732s | 显存: 0.00 B
  t=9s - 时间: 1.021110s | 显存: 0.00 B

[19秒 PDE求解]
  t=19.0s - 时间: 1.996807s | 显存: 0.00 B

[PDE求解部分] 总时间: 2.203157s | 显存: 256.00 KB

[本步骤总计] 时间: 9.150866s | 显存: 4.12 GB
[Step 11] Backward Propagation - Time: 0.5051s, Mem: -4416135168.00 B
[Step 11] PGD Update - Time: 0.0179s, Mem: 0.00 B

[Step 11] 完整步骤总时间: 9.816518s | 总显存: 2.50 MB
[Step 11] 峰值显存: 6.25 GB

[Step 12] ============ 详细性能分析 ============
[模型部分] 总时间: 7.164413s | 显存: 4.12 GB

[0-9秒 PDE求解详细性能]
  t=0s - 时间: 0.000000s | 显存: 0.00 B
  t=1s - 时间: 0.448542s | 显存: 0.00 B
  t=2s - 时间: 0.473744s | 显存: 0.00 B
  t=3s - 时间: 0.541555s | 显存: 0.00 B
  t=4s - 时间: 0.638206s | 显存: 0.00 B
  t=5s - 时间: 0.719781s | 显存: 0.00 B
  t=6s - 时间: 0.794417s | 显存: 0.00 B
  t=7s - 时间: 0.870505s | 显存: 0.00 B
  t=8s - 时间: 0.953763s | 显存: 0.00 B
  t=9s - 时间: 1.155701s | 显存: 0.00 B

[19秒 PDE求解]
  t=19.0s - 时间: 1.978104s | 显存: 0.00 B

[PDE求解部分] 总时间: 2.151201s | 显存: 256.00 KB

[本步骤总计] 时间: 9.315614s | 显存: 4.12 GB
[Step 12] Backward Propagation - Time: 0.4835s, Mem: -4416135168.00 B
[Step 12] PGD Update - Time: 0.0173s, Mem: 0.00 B

[Step 12] 完整步骤总时间: 9.932355s | 总显存: 2.50 MB
[Step 12] 峰值显存: 6.25 GB

[Step 13] ============ 详细性能分析 ============
[模型部分] 总时间: 8.144251s | 显存: 4.12 GB

[0-9秒 PDE求解详细性能]
  t=0s - 时间: 0.000000s | 显存: 0.00 B
  t=1s - 时间: 0.412591s | 显存: 0.00 B
  t=2s - 时间: 0.461488s | 显存: 0.00 B
  t=3s - 时间: 0.564628s | 显存: 0.00 B
  t=4s - 时间: 0.627828s | 显存: 0.00 B
  t=5s - 时间: 0.675597s | 显存: 0.00 B
  t=6s - 时间: 0.760919s | 显存: 0.00 B
  t=7s - 时间: 0.836062s | 显存: 0.00 B
  t=8s - 时间: 0.927296s | 显存: 0.00 B
  t=9s - 时间: 1.084325s | 显存: 0.00 B

[19秒 PDE求解]
  t=19.0s - 时间: 2.006331s | 显存: 0.00 B

[PDE求解部分] 总时间: 2.145402s | 显存: 256.00 KB

[本步骤总计] 时间: 10.289653s | 显存: 4.12 GB
[Step 13] Backward Propagation - Time: 0.4841s, Mem: -4416135168.00 B
[Step 13] PGD Update - Time: 0.0204s, Mem: 0.00 B

[Step 13] 完整步骤总时间: 10.922957s | 总显存: 2.50 MB
[Step 13] 峰值显存: 6.26 GB

[Step 14] ============ 详细性能分析 ============
[模型部分] 总时间: 7.924934s | 显存: 4.12 GB

[0-9秒 PDE求解详细性能]
  t=0s - 时间: 0.000000s | 显存: 0.00 B
  t=1s - 时间: 0.464036s | 显存: 0.00 B
  t=2s - 时间: 0.475579s | 显存: 0.00 B
  t=3s - 时间: 0.544380s | 显存: 0.00 B
  t=4s - 时间: 0.675395s | 显存: 0.00 B
  t=5s - 时间: 0.782188s | 显存: 0.00 B
  t=6s - 时间: 0.799387s | 显存: 0.00 B
  t=7s - 时间: 0.874919s | 显存: 0.00 B
  t=8s - 时间: 0.943797s | 显存: 0.00 B
  t=9s - 时间: 1.044666s | 显存: 0.00 B

[19秒 PDE求解]
  t=19.0s - 时间: 2.153967s | 显存: 0.00 B

[PDE求解部分] 总时间: 2.317210s | 显存: 256.00 KB

[本步骤总计] 时间: 10.242144s | 显存: 4.12 GB
[Step 14] Backward Propagation - Time: 0.4448s, Mem: -4416135168.00 B
[Step 14] PGD Update - Time: 0.0188s, Mem: 0.00 B

[Step 14] 完整步骤总时间: 10.829998s | 总显存: 2.50 MB
[Step 14] 峰值显存: 6.26 GB

[Step 15] ============ 详细性能分析 ============
[模型部分] 总时间: 7.769561s | 显存: 4.12 GB

[0-9秒 PDE求解详细性能]
  t=0s - 时间: 0.000000s | 显存: 0.00 B
  t=1s - 时间: 0.399041s | 显存: 0.00 B
  t=2s - 时间: 0.437812s | 显存: 0.00 B
  t=3s - 时间: 0.516918s | 显存: 0.00 B
  t=4s - 时间: 0.656074s | 显存: 0.00 B
  t=5s - 时间: 0.743017s | 显存: 0.00 B
  t=6s - 时间: 0.811470s | 显存: 0.00 B
  t=7s - 时间: 0.906748s | 显存: 0.00 B
  t=8s - 时间: 0.959597s | 显存: 0.00 B
  t=9s - 时间: 1.048444s | 显存: 0.00 B

[19秒 PDE求解]
  t=19.0s - 时间: 1.955254s | 显存: 0.00 B

[PDE求解部分] 总时间: 2.103604s | 显存: 256.00 KB

[本步骤总计] 时间: 9.873165s | 显存: 4.12 GB
[Step 15] Backward Propagation - Time: 0.3907s, Mem: -4416135168.00 B
[Step 15] PGD Update - Time: 0.0170s, Mem: 0.00 B

[Step 15] 完整步骤总时间: 10.396132s | 总显存: 2.50 MB
[Step 15] 峰值显存: 6.26 GB

[Step 16] ============ 详细性能分析 ============
[模型部分] 总时间: 6.836119s | 显存: 4.12 GB

[0-9秒 PDE求解详细性能]
  t=0s - 时间: 0.000000s | 显存: 0.00 B
  t=1s - 时间: 0.455335s | 显存: 0.00 B
  t=2s - 时间: 0.457443s | 显存: 0.00 B
  t=3s - 时间: 0.552978s | 显存: 0.00 B
  t=4s - 时间: 0.592420s | 显存: 0.00 B
  t=5s - 时间: 0.698532s | 显存: 0.00 B
  t=6s - 时间: 0.761533s | 显存: 0.00 B
  t=7s - 时间: 0.843256s | 显存: 0.00 B
  t=8s - 时间: 0.915206s | 显存: 0.00 B
  t=9s - 时间: 1.005680s | 显存: 0.00 B

[19秒 PDE求解]
  t=19.0s - 时间: 1.941885s | 显存: 0.00 B

[PDE求解部分] 总时间: 2.126165s | 显存: 256.00 KB

[本步骤总计] 时间: 8.962285s | 显存: 4.12 GB
[Step 16] Backward Propagation - Time: 0.5323s, Mem: -4416135168.00 B
[Step 16] PGD Update - Time: 0.0182s, Mem: 0.00 B

[Step 16] 完整步骤总时间: 9.671879s | 总显存: 2.50 MB
[Step 16] 峰值显存: 6.26 GB

[Step 17] ============ 详细性能分析 ============
[模型部分] 总时间: 6.868720s | 显存: 4.12 GB

[0-9秒 PDE求解详细性能]
  t=0s - 时间: 0.000000s | 显存: 0.00 B
  t=1s - 时间: 0.424809s | 显存: 0.00 B
  t=2s - 时间: 0.452904s | 显存: 0.00 B
  t=3s - 时间: 0.540524s | 显存: 0.00 B
  t=4s - 时间: 0.616121s | 显存: 0.00 B
  t=5s - 时间: 0.692157s | 显存: 0.00 B
  t=6s - 时间: 0.758104s | 显存: 0.00 B
  t=7s - 时间: 0.854581s | 显存: 0.00 B
  t=8s - 时间: 0.936209s | 显存: 0.00 B
  t=9s - 时间: 1.028986s | 显存: 0.00 B

[19秒 PDE求解]
  t=19.0s - 时间: 1.944319s | 显存: 0.00 B

[PDE求解部分] 总时间: 2.103940s | 显存: 256.00 KB

[本步骤总计] 时间: 8.972660s | 显存: 4.12 GB
[Step 17] Backward Propagation - Time: 0.4103s, Mem: -4416135168.00 B
[Step 17] PGD Update - Time: 0.0180s, Mem: 0.00 B

[Step 17] 完整步骤总时间: 9.515361s | 总显存: 2.50 MB
[Step 17] 峰值显存: 6.27 GB

[Step 18] ============ 详细性能分析 ============
[模型部分] 总时间: 6.971291s | 显存: 4.12 GB

[0-9秒 PDE求解详细性能]
  t=0s - 时间: 0.000000s | 显存: 0.00 B
  t=1s - 时间: 0.443955s | 显存: 0.00 B
  t=2s - 时间: 0.470126s | 显存: 0.00 B
  t=3s - 时间: 0.546828s | 显存: 0.00 B
  t=4s - 时间: 0.625570s | 显存: 0.00 B
  t=5s - 时间: 0.688570s | 显存: 0.00 B
  t=6s - 时间: 0.761493s | 显存: 0.00 B
  t=7s - 时间: 0.840259s | 显存: 0.00 B
  t=8s - 时间: 0.924762s | 显存: 0.00 B
  t=9s - 时间: 1.010450s | 显存: 0.00 B

[19秒 PDE求解]
  t=19.0s - 时间: 2.014528s | 显存: 0.00 B

[PDE求解部分] 总时间: 2.189875s | 显存: 256.00 KB

[本步骤总计] 时间: 9.161166s | 显存: 4.12 GB
[Step 18] Backward Propagation - Time: 0.3793s, Mem: -4416135168.00 B
[Step 18] PGD Update - Time: 0.0201s, Mem: 0.00 B

[Step 18] 完整步骤总时间: 9.687930s | 总显存: 2.50 MB
[Step 18] 峰值显存: 6.27 GB

[Step 19] ============ 详细性能分析 ============
[模型部分] 总时间: 7.031162s | 显存: 4.12 GB

[0-9秒 PDE求解详细性能]
  t=0s - 时间: 0.000000s | 显存: 0.00 B
  t=1s - 时间: 0.424101s | 显存: 0.00 B
  t=2s - 时间: 0.443317s | 显存: 0.00 B
  t=3s - 时间: 0.514390s | 显存: 0.00 B
  t=4s - 时间: 0.756045s | 显存: 0.00 B
  t=5s - 时间: 0.678350s | 显存: 0.00 B
  t=6s - 时间: 0.796364s | 显存: 0.00 B
  t=7s - 时间: 0.879637s | 显存: 0.00 B
  t=8s - 时间: 0.935294s | 显存: 0.00 B
  t=9s - 时间: 1.007138s | 显存: 0.00 B

[19秒 PDE求解]
  t=19.0s - 时间: 1.944139s | 显存: 0.00 B

[PDE求解部分] 总时间: 2.100621s | 显存: 256.00 KB

[本步骤总计] 时间: 9.131782s | 显存: 4.12 GB
[Step 19] Backward Propagation - Time: 0.3553s, Mem: -4416135168.00 B
[Step 19] PGD Update - Time: 0.0165s, Mem: 0.00 B

[Step 19] 完整步骤总时间: 9.617484s | 总显存: 2.50 MB
[Step 19] 峰值显存: 6.27 GB

[Step 20] ============ 详细性能分析 ============
[模型部分] 总时间: 6.813706s | 显存: 4.12 GB

[0-9秒 PDE求解详细性能]
  t=0s - 时间: 0.000000s | 显存: 0.00 B
  t=1s - 时间: 0.422566s | 显存: 0.00 B
  t=2s - 时间: 0.463633s | 显存: 0.00 B
  t=3s - 时间: 0.564837s | 显存: 0.00 B
  t=4s - 时间: 0.636494s | 显存: 0.00 B
  t=5s - 时间: 0.692609s | 显存: 0.00 B
  t=6s - 时间: 0.751533s | 显存: 0.00 B
  t=7s - 时间: 0.835060s | 显存: 0.00 B
  t=8s - 时间: 0.916960s | 显存: 0.00 B
  t=9s - 时间: 1.012029s | 显存: 0.00 B

[19秒 PDE求解]
  t=19.0s - 时间: 1.942411s | 显存: 0.00 B

[PDE求解部分] 总时间: 2.105535s | 显存: 256.00 KB

[本步骤总计] 时间: 8.919241s | 显存: 4.12 GB
[Step 20] Backward Propagation - Time: 0.3338s, Mem: -4416135168.00 B
[Step 20] PGD Update - Time: 0.0167s, Mem: 0.00 B

[Step 20] 完整步骤总时间: 9.404411s | 总显存: 2.50 MB
[Step 20] 峰值显存: 6.27 GB

[Step 21] ============ 详细性能分析 ============
[模型部分] 总时间: 7.220028s | 显存: 4.12 GB

[0-9秒 PDE求解详细性能]
  t=0s - 时间: 0.000000s | 显存: 0.00 B
  t=1s - 时间: 0.432917s | 显存: 0.00 B
  t=2s - 时间: 0.475751s | 显存: 0.00 B
  t=3s - 时间: 0.544207s | 显存: 0.00 B
  t=4s - 时间: 0.634015s | 显存: 0.00 B
  t=5s - 时间: 0.747160s | 显存: 0.00 B
  t=6s - 时间: 0.799709s | 显存: 0.00 B
  t=7s - 时间: 0.839753s | 显存: 0.00 B
  t=8s - 时间: 0.945156s | 显存: 0.00 B
  t=9s - 时间: 0.997363s | 显存: 0.00 B

[19秒 PDE求解]
  t=19.0s - 时间: 1.935866s | 显存: 0.00 B

[PDE求解部分] 总时间: 2.089114s | 显存: 256.00 KB

[本步骤总计] 时间: 9.309142s | 显存: 4.12 GB
[Step 21] Backward Propagation - Time: 0.4448s, Mem: -4416135168.00 B
[Step 21] PGD Update - Time: 0.0175s, Mem: 0.00 B

[Step 21] 完整步骤总时间: 9.883013s | 总显存: 2.50 MB
[Step 21] 峰值显存: 6.28 GB

[Step 22] ============ 详细性能分析 ============
[模型部分] 总时间: 7.462003s | 显存: 4.12 GB

[0-9秒 PDE求解详细性能]
  t=0s - 时间: 0.000000s | 显存: 0.00 B
  t=1s - 时间: 0.460311s | 显存: 0.00 B
  t=2s - 时间: 0.495702s | 显存: 0.00 B
  t=3s - 时间: 0.556693s | 显存: 0.00 B
  t=4s - 时间: 0.629202s | 显存: 0.00 B
  t=5s - 时间: 0.728788s | 显存: 0.00 B
  t=6s - 时间: 0.797117s | 显存: 0.00 B
  t=7s - 时间: 0.864178s | 显存: 0.00 B
  t=8s - 时间: 1.010133s | 显存: 0.00 B
  t=9s - 时间: 1.129768s | 显存: 0.00 B

[19秒 PDE求解]
  t=19.0s - 时间: 2.033730s | 显存: 0.00 B

[PDE求解部分] 总时间: 2.167986s | 显存: 256.00 KB

[本步骤总计] 时间: 9.629989s | 显存: 4.12 GB
[Step 22] Backward Propagation - Time: 0.4251s, Mem: -4416135168.00 B
[Step 22] PGD Update - Time: 0.0179s, Mem: 0.00 B

[Step 22] 完整步骤总时间: 10.199763s | 总显存: 2.50 MB
[Step 22] 峰值显存: 6.28 GB

[Step 23] ============ 详细性能分析 ============
[模型部分] 总时间: 6.828129s | 显存: 4.12 GB

[0-9秒 PDE求解详细性能]
  t=0s - 时间: 0.000000s | 显存: 0.00 B
  t=1s - 时间: 0.413535s | 显存: 0.00 B
  t=2s - 时间: 0.453785s | 显存: 0.00 B
  t=3s - 时间: 0.531295s | 显存: 0.00 B
  t=4s - 时间: 0.604731s | 显存: 0.00 B
  t=5s - 时间: 0.690464s | 显存: 0.00 B
  t=6s - 时间: 0.783205s | 显存: 0.00 B
  t=7s - 时间: 0.849736s | 显存: 0.00 B
  t=8s - 时间: 0.923472s | 显存: 0.00 B
  t=9s - 时间: 0.994505s | 显存: 0.00 B

[19秒 PDE求解]
  t=19.0s - 时间: 1.947790s | 显存: 0.00 B

[PDE求解部分] 总时间: 2.115018s | 显存: 256.00 KB

[本步骤总计] 时间: 8.943147s | 显存: 4.12 GB
[Step 23] Backward Propagation - Time: 0.4843s, Mem: -4416135168.00 B
[Step 23] PGD Update - Time: 0.0190s, Mem: 0.00 B

[Step 23] 完整步骤总时间: 9.566466s | 总显存: 2.50 MB
[Step 23] 峰值显存: 6.28 GB

[Step 24] ============ 详细性能分析 ============
[模型部分] 总时间: 8.509655s | 显存: 4.12 GB

[0-9秒 PDE求解详细性能]
  t=0s - 时间: 0.000000s | 显存: 0.00 B
  t=1s - 时间: 0.457669s | 显存: 0.00 B
  t=2s - 时间: 0.476783s | 显存: 0.00 B
  t=3s - 时间: 0.596555s | 显存: 0.00 B
  t=4s - 时间: 0.671716s | 显存: 0.00 B
  t=5s - 时间: 0.740061s | 显存: 0.00 B
  t=6s - 时间: 0.841823s | 显存: 0.00 B
  t=7s - 时间: 0.870723s | 显存: 0.00 B
  t=8s - 时间: 0.971597s | 显存: 0.00 B
  t=9s - 时间: 1.004160s | 显存: 0.00 B

[19秒 PDE求解]
  t=19.0s - 时间: 1.944134s | 显存: 0.00 B

[PDE求解部分] 总时间: 2.103058s | 显存: 256.00 KB

[本步骤总计] 时间: 10.612713s | 显存: 4.12 GB
[Step 24] Backward Propagation - Time: 0.5353s, Mem: -4416135168.00 B
[Step 24] PGD Update - Time: 0.0187s, Mem: 0.00 B

[Step 24] 完整步骤总时间: 11.322304s | 总显存: 2.50 MB
[Step 24] 峰值显存: 6.28 GB

[Step 25] ============ 详细性能分析 ============
[模型部分] 总时间: 8.456178s | 显存: 4.12 GB

[0-9秒 PDE求解详细性能]
  t=0s - 时间: 0.000000s | 显存: 0.00 B
  t=1s - 时间: 0.445760s | 显存: 0.00 B
  t=2s - 时间: 0.475770s | 显存: 0.00 B
  t=3s - 时间: 0.550543s | 显存: 0.00 B
  t=4s - 时间: 0.636231s | 显存: 0.00 B
  t=5s - 时间: 0.717579s | 显存: 0.00 B
  t=6s - 时间: 0.841914s | 显存: 0.00 B
  t=7s - 时间: 0.981060s | 显存: 0.00 B
  t=8s - 时间: 1.086645s | 显存: 0.00 B
  t=9s - 时间: 1.071730s | 显存: 0.00 B

[19秒 PDE求解]
  t=19.0s - 时间: 2.040076s | 显存: 0.00 B

[PDE求解部分] 总时间: 2.218056s | 显存: 256.00 KB

[本步骤总计] 时间: 10.674233s | 显存: 4.12 GB
[Step 25] Backward Propagation - Time: 0.4190s, Mem: -4416135168.00 B
[Step 25] PGD Update - Time: 0.0170s, Mem: 0.00 B

[Step 25] 完整步骤总时间: 11.246422s | 总显存: 2.50 MB
[Step 25] 峰值显存: 6.28 GB

[Step 26] ============ 详细性能分析 ============
[模型部分] 总时间: 6.991932s | 显存: 4.12 GB

[0-9秒 PDE求解详细性能]
  t=0s - 时间: 0.000000s | 显存: 0.00 B
  t=1s - 时间: 0.414537s | 显存: 0.00 B
  t=2s - 时间: 0.452949s | 显存: 0.00 B
  t=3s - 时间: 0.543702s | 显存: 0.00 B
  t=4s - 时间: 0.637638s | 显存: 0.00 B
  t=5s - 时间: 0.710672s | 显存: 0.00 B
  t=6s - 时间: 0.802489s | 显存: 0.00 B
  t=7s - 时间: 0.878646s | 显存: 0.00 B
  t=8s - 时间: 0.922398s | 显存: 0.00 B
  t=9s - 时间: 1.056827s | 显存: 0.00 B

[19秒 PDE求解]
  t=19.0s - 时间: 1.937615s | 显存: 0.00 B

[PDE求解部分] 总时间: 2.085759s | 显存: 256.00 KB

[本步骤总计] 时间: 9.077691s | 显存: 4.12 GB
[Step 26] Backward Propagation - Time: 0.3578s, Mem: -4416135168.00 B
[Step 26] PGD Update - Time: 0.0175s, Mem: 0.00 B

[Step 26] 完整步骤总时间: 9.569861s | 总显存: 2.50 MB
[Step 26] 峰值显存: 6.29 GB

[Step 27] ============ 详细性能分析 ============
[模型部分] 总时间: 7.481807s | 显存: 4.12 GB

[0-9秒 PDE求解详细性能]
  t=0s - 时间: 0.000000s | 显存: 0.00 B
  t=1s - 时间: 0.442221s | 显存: 0.00 B
  t=2s - 时间: 0.471107s | 显存: 0.00 B
  t=3s - 时间: 0.572371s | 显存: 0.00 B
  t=4s - 时间: 0.835072s | 显存: 0.00 B
  t=5s - 时间: 0.712765s | 显存: 0.00 B
  t=6s - 时间: 0.763362s | 显存: 0.00 B
  t=7s - 时间: 0.877904s | 显存: 0.00 B
  t=8s - 时间: 0.927562s | 显存: 0.00 B
  t=9s - 时间: 0.994155s | 显存: 0.00 B

[19秒 PDE求解]
  t=19.0s - 时间: 1.992185s | 显存: 0.00 B

[PDE求解部分] 总时间: 2.169094s | 显存: 256.00 KB

[本步骤总计] 时间: 9.650901s | 显存: 4.12 GB
[Step 27] Backward Propagation - Time: 0.4580s, Mem: -4416135168.00 B
[Step 27] PGD Update - Time: 0.0191s, Mem: 0.00 B

[Step 27] 完整步骤总时间: 10.251947s | 总显存: 2.50 MB
[Step 27] 峰值显存: 6.29 GB

[Step 28] ============ 详细性能分析 ============
[模型部分] 总时间: 7.013596s | 显存: 4.12 GB

[0-9秒 PDE求解详细性能]
  t=0s - 时间: 0.000000s | 显存: 0.00 B
  t=1s - 时间: 0.426801s | 显存: 0.00 B
  t=2s - 时间: 0.445952s | 显存: 0.00 B
  t=3s - 时间: 0.524668s | 显存: 0.00 B
  t=4s - 时间: 0.643523s | 显存: 0.00 B
  t=5s - 时间: 0.715753s | 显存: 0.00 B
  t=6s - 时间: 0.802335s | 显存: 0.00 B
  t=7s - 时间: 0.846524s | 显存: 0.00 B
  t=8s - 时间: 0.905949s | 显存: 0.00 B
  t=9s - 时间: 1.011073s | 显存: 0.00 B

[19秒 PDE求解]
  t=19.0s - 时间: 1.936475s | 显存: 0.00 B

[PDE求解部分] 总时间: 2.092045s | 显存: 256.00 KB

[本步骤总计] 时间: 9.105641s | 显存: 4.12 GB
[Step 28] Backward Propagation - Time: 0.4248s, Mem: -4416135168.00 B
[Step 28] PGD Update - Time: 0.0177s, Mem: 0.00 B

[Step 28] 完整步骤总时间: 9.668383s | 总显存: 2.50 MB
[Step 28] 峰值显存: 6.29 GB

[Step 29] ============ 详细性能分析 ============
[模型部分] 总时间: 7.258233s | 显存: 4.12 GB

[0-9秒 PDE求解详细性能]
  t=0s - 时间: 0.000000s | 显存: 0.00 B
  t=1s - 时间: 0.429533s | 显存: 0.00 B
  t=2s - 时间: 0.443521s | 显存: 0.00 B
  t=3s - 时间: 0.531450s | 显存: 0.00 B
  t=4s - 时间: 0.611242s | 显存: 0.00 B
  t=5s - 时间: 0.696514s | 显存: 0.00 B
  t=6s - 时间: 0.774304s | 显存: 0.00 B
  t=7s - 时间: 0.835727s | 显存: 0.00 B
  t=8s - 时间: 0.931423s | 显存: 0.00 B
  t=9s - 时间: 1.059413s | 显存: 0.00 B

[19秒 PDE求解]
  t=19.0s - 时间: 1.945405s | 显存: 0.00 B

[PDE求解部分] 总时间: 2.106573s | 显存: 256.00 KB

[本步骤总计] 时间: 9.364806s | 显存: 4.12 GB
[Step 29] Backward Propagation - Time: 0.3843s, Mem: -4416135168.00 B
[Step 29] PGD Update - Time: 0.0178s, Mem: 0.00 B

[Step 29] 完整步骤总时间: 9.874320s | 总显存: 2.50 MB
[Step 29] 峰值显存: 6.29 GB

[Step 30] ============ 详细性能分析 ============
[模型部分] 总时间: 7.036371s | 显存: 4.12 GB

[0-9秒 PDE求解详细性能]
  t=0s - 时间: 0.000000s | 显存: 0.00 B
  t=1s - 时间: 0.483217s | 显存: 0.00 B
  t=2s - 时间: 0.449809s | 显存: 0.00 B
  t=3s - 时间: 0.537088s | 显存: 0.00 B
  t=4s - 时间: 0.636132s | 显存: 0.00 B
  t=5s - 时间: 0.698502s | 显存: 0.00 B
  t=6s - 时间: 0.776583s | 显存: 0.00 B
  t=7s - 时间: 0.873619s | 显存: 0.00 B
  t=8s - 时间: 0.953032s | 显存: 0.00 B
  t=9s - 时间: 1.035959s | 显存: 0.00 B

[19秒 PDE求解]
  t=19.0s - 时间: 1.893423s | 显存: 0.00 B

[PDE求解部分] 总时间: 1.931993s | 显存: 256.00 KB

[本步骤总计] 时间: 8.968364s | 显存: 4.12 GB
[Step 30] Backward Propagation - Time: 0.6977s, Mem: -4416135168.00 B
[Step 30] PGD Update - Time: 0.0230s, Mem: 0.00 B

[Step 30] 完整步骤总时间: 10.142064s | 总显存: 2.50 MB
[Step 30] 峰值显存: 6.30 GB

[Step 31] ============ 详细性能分析 ============
[模型部分] 总时间: 6.945653s | 显存: 4.12 GB

[0-9秒 PDE求解详细性能]
  t=0s - 时间: 0.000000s | 显存: 0.00 B
  t=1s - 时间: 0.456151s | 显存: 0.00 B
  t=2s - 时间: 0.459775s | 显存: 0.00 B
  t=3s - 时间: 0.548723s | 显存: 0.00 B
  t=4s - 时间: 0.633858s | 显存: 0.00 B
  t=5s - 时间: 0.684994s | 显存: 0.00 B
  t=6s - 时间: 0.768444s | 显存: 0.00 B
  t=7s - 时间: 0.870785s | 显存: 0.00 B
  t=8s - 时间: 0.905052s | 显存: 0.00 B
  t=9s - 时间: 1.005860s | 显存: 0.00 B

[19秒 PDE求解]
  t=19.0s - 时间: 1.933256s | 显存: 0.00 B

[PDE求解部分] 总时间: 2.097977s | 显存: 256.00 KB

[本步骤总计] 时间: 9.043630s | 显存: 4.12 GB
[Step 31] Backward Propagation - Time: 0.4212s, Mem: -4416135168.00 B
[Step 31] PGD Update - Time: 0.0169s, Mem: 0.00 B

[Step 31] 完整步骤总时间: 9.610020s | 总显存: 2.50 MB
[Step 31] 峰值显存: 6.30 GB

[Step 32] ============ 详细性能分析 ============
[模型部分] 总时间: 6.879279s | 显存: 4.12 GB

[0-9秒 PDE求解详细性能]
  t=0s - 时间: 0.000000s | 显存: 0.00 B
  t=1s - 时间: 0.416125s | 显存: 0.00 B
  t=2s - 时间: 0.447427s | 显存: 0.00 B
  t=3s - 时间: 0.523245s | 显存: 0.00 B
  t=4s - 时间: 0.607531s | 显存: 0.00 B
  t=5s - 时间: 0.696188s | 显存: 0.00 B
  t=6s - 时间: 0.785752s | 显存: 0.00 B
  t=7s - 时间: 0.857118s | 显存: 0.00 B
  t=8s - 时间: 0.935394s | 显存: 0.00 B
  t=9s - 时间: 1.007699s | 显存: 0.00 B

[19秒 PDE求解]
  t=19.0s - 时间: 1.975148s | 显存: 0.00 B

[PDE求解部分] 总时间: 2.135572s | 显存: 256.00 KB

[本步骤总计] 时间: 9.014851s | 显存: 4.12 GB
[Step 32] Backward Propagation - Time: 0.4062s, Mem: -4416135168.00 B
[Step 32] PGD Update - Time: 0.0237s, Mem: 0.00 B

[Step 32] 完整步骤总时间: 9.554562s | 总显存: 2.50 MB
[Step 32] 峰值显存: 6.30 GB

[Step 33] ============ 详细性能分析 ============
[模型部分] 总时间: 6.963009s | 显存: 4.12 GB

[0-9秒 PDE求解详细性能]
  t=0s - 时间: 0.000000s | 显存: 0.00 B
  t=1s - 时间: 0.474270s | 显存: 0.00 B
  t=2s - 时间: 0.455067s | 显存: 0.00 B
  t=3s - 时间: 0.540867s | 显存: 0.00 B
  t=4s - 时间: 0.596926s | 显存: 0.00 B
  t=5s - 时间: 0.682777s | 显存: 0.00 B
  t=6s - 时间: 0.777936s | 显存: 0.00 B
  t=7s - 时间: 0.858075s | 显存: 0.00 B
  t=8s - 时间: 0.937347s | 显存: 0.00 B
  t=9s - 时间: 1.039113s | 显存: 0.00 B

[19秒 PDE求解]
  t=19.0s - 时间: 1.983349s | 显存: 0.00 B

[PDE求解部分] 总时间: 2.147175s | 显存: 256.00 KB

[本步骤总计] 时间: 9.110184s | 显存: 4.12 GB
[Step 33] Backward Propagation - Time: 0.3778s, Mem: -4416135168.00 B
[Step 33] PGD Update - Time: 0.0390s, Mem: 0.00 B

[Step 33] 完整步骤总时间: 9.672738s | 总显存: 2.50 MB
[Step 33] 峰值显存: 6.30 GB

[Step 34] ============ 详细性能分析 ============
[模型部分] 总时间: 6.825095s | 显存: 4.12 GB

[0-9秒 PDE求解详细性能]
  t=0s - 时间: 0.000000s | 显存: 0.00 B
  t=1s - 时间: 0.428612s | 显存: 0.00 B
  t=2s - 时间: 0.440017s | 显存: 0.00 B
  t=3s - 时间: 0.524084s | 显存: 0.00 B
  t=4s - 时间: 0.611671s | 显存: 0.00 B
  t=5s - 时间: 0.707201s | 显存: 0.00 B
  t=6s - 时间: 0.777596s | 显存: 0.00 B
  t=7s - 时间: 0.845312s | 显存: 0.00 B
  t=8s - 时间: 0.931765s | 显存: 0.00 B
  t=9s - 时间: 1.000275s | 显存: 0.00 B

[19秒 PDE求解]
  t=19.0s - 时间: 2.069391s | 显存: 0.00 B

[PDE求解部分] 总时间: 2.229033s | 显存: 256.00 KB

[本步骤总计] 时间: 9.054128s | 显存: 4.12 GB
[Step 34] Backward Propagation - Time: 0.5830s, Mem: -4416135168.00 B
[Step 34] PGD Update - Time: 0.0181s, Mem: 0.00 B

[Step 34] 完整步骤总时间: 9.792132s | 总显存: 2.50 MB
[Step 34] 峰值显存: 6.31 GB

[Step 35] ============ 详细性能分析 ============
[模型部分] 总时间: 7.503166s | 显存: 4.12 GB

[0-9秒 PDE求解详细性能]
  t=0s - 时间: 0.000000s | 显存: 0.00 B
  t=1s - 时间: 0.444056s | 显存: 0.00 B
  t=2s - 时间: 0.485764s | 显存: 0.00 B
  t=3s - 时间: 0.601389s | 显存: 0.00 B
  t=4s - 时间: 0.675655s | 显存: 0.00 B
  t=5s - 时间: 0.720263s | 显存: 0.00 B
  t=6s - 时间: 0.781473s | 显存: 0.00 B
  t=7s - 时间: 0.880307s | 显存: 0.00 B
  t=8s - 时间: 0.953921s | 显存: 0.00 B
  t=9s - 时间: 1.019876s | 显存: 0.00 B

[19秒 PDE求解]
  t=19.0s - 时间: 1.946677s | 显存: 0.00 B

[PDE求解部分] 总时间: 2.092304s | 显存: 256.00 KB

[本步骤总计] 时间: 9.595470s | 显存: 4.12 GB
[Step 35] Backward Propagation - Time: 0.4570s, Mem: -4416135168.00 B
[Step 35] PGD Update - Time: 0.0182s, Mem: 0.00 B

[Step 35] 完整步骤总时间: 10.180071s | 总显存: 2.50 MB
[Step 35] 峰值显存: 6.31 GB

[Step 36] ============ 详细性能分析 ============
[模型部分] 总时间: 7.005065s | 显存: 4.12 GB

[0-9秒 PDE求解详细性能]
  t=0s - 时间: 0.000000s | 显存: 0.00 B
  t=1s - 时间: 0.424419s | 显存: 0.00 B
  t=2s - 时间: 0.453084s | 显存: 0.00 B
  t=3s - 时间: 0.536871s | 显存: 0.00 B
  t=4s - 时间: 0.623764s | 显存: 0.00 B
  t=5s - 时间: 0.690228s | 显存: 0.00 B
  t=6s - 时间: 0.779626s | 显存: 0.00 B
  t=7s - 时间: 0.868740s | 显存: 0.00 B
  t=8s - 时间: 0.974117s | 显存: 0.00 B
  t=9s - 时间: 1.026282s | 显存: 0.00 B

[19秒 PDE求解]
  t=19.0s - 时间: 1.970513s | 显存: 0.00 B

[PDE求解部分] 总时间: 2.112781s | 显存: 256.00 KB

[本步骤总计] 时间: 9.117847s | 显存: 4.12 GB
[Step 36] Backward Propagation - Time: 0.4035s, Mem: -4416135168.00 B
[Step 36] PGD Update - Time: 0.0306s, Mem: 0.00 B

[Step 36] 完整步骤总时间: 9.773405s | 总显存: 2.50 MB
[Step 36] 峰值显存: 6.31 GB

[Step 37] ============ 详细性能分析 ============
[模型部分] 总时间: 7.748053s | 显存: 4.12 GB

[0-9秒 PDE求解详细性能]
  t=0s - 时间: 0.000000s | 显存: 0.00 B
  t=1s - 时间: 0.442714s | 显存: 0.00 B
  t=2s - 时间: 0.768750s | 显存: 0.00 B
  t=3s - 时间: 0.573157s | 显存: 0.00 B
  t=4s - 时间: 0.651664s | 显存: 0.00 B
  t=5s - 时间: 0.717493s | 显存: 0.00 B
  t=6s - 时间: 0.791754s | 显存: 0.00 B
  t=7s - 时间: 0.886477s | 显存: 0.00 B
  t=8s - 时间: 0.947085s | 显存: 0.00 B
  t=9s - 时间: 1.036874s | 显存: 0.00 B

[19秒 PDE求解]
  t=19.0s - 时间: 1.944352s | 显存: 0.00 B

[PDE求解部分] 总时间: 2.102508s | 显存: 256.00 KB

[本步骤总计] 时间: 9.850561s | 显存: 4.12 GB
[Step 37] Backward Propagation - Time: 0.4100s, Mem: -4416135168.00 B
[Step 37] PGD Update - Time: 0.0162s, Mem: 0.00 B

[Step 37] 完整步骤总时间: 10.412329s | 总显存: 2.50 MB
[Step 37] 峰值显存: 6.31 GB

[Step 38] ============ 详细性能分析 ============
[模型部分] 总时间: 7.330489s | 显存: 4.12 GB

[0-9秒 PDE求解详细性能]
  t=0s - 时间: 0.000000s | 显存: 0.00 B
  t=1s - 时间: 0.425264s | 显存: 0.00 B
  t=2s - 时间: 0.461628s | 显存: 0.00 B
  t=3s - 时间: 0.546349s | 显存: 0.00 B
  t=4s - 时间: 0.617609s | 显存: 0.00 B
  t=5s - 时间: 0.725595s | 显存: 0.00 B
  t=6s - 时间: 0.799450s | 显存: 0.00 B
  t=7s - 时间: 0.867977s | 显存: 0.00 B
  t=8s - 时间: 0.958323s | 显存: 0.00 B
  t=9s - 时间: 1.039789s | 显存: 0.00 B

[19秒 PDE求解]
  t=19.0s - 时间: 3.059174s | 显存: 0.00 B

[PDE求解部分] 总时间: 3.282914s | 显存: 256.00 KB

[本步骤总计] 时间: 10.613403s | 显存: 4.12 GB
[Step 38] Backward Propagation - Time: 1.6136s, Mem: -4416135168.00 B
[Step 38] PGD Update - Time: 0.1493s, Mem: 0.00 B

[Step 38] 完整步骤总时间: 14.167952s | 总显存: 2.50 MB
[Step 38] 峰值显存: 6.32 GB

[Step 39] ============ 详细性能分析 ============
[模型部分] 总时间: 7.909591s | 显存: 4.12 GB

[0-9秒 PDE求解详细性能]
  t=0s - 时间: 0.000000s | 显存: 0.00 B
  t=1s - 时间: 1.035729s | 显存: 0.00 B
  t=2s - 时间: 0.484051s | 显存: 0.00 B
  t=3s - 时间: 0.546493s | 显存: 0.00 B
  t=4s - 时间: 0.618927s | 显存: 0.00 B
  t=5s - 时间: 0.710276s | 显存: 0.00 B
  t=6s - 时间: 0.775122s | 显存: 0.00 B
  t=7s - 时间: 0.845668s | 显存: 0.00 B
  t=8s - 时间: 0.939557s | 显存: 0.00 B
  t=9s - 时间: 1.030973s | 显存: 0.00 B

[19秒 PDE求解]
  t=19.0s - 时间: 1.946978s | 显存: 0.00 B

[PDE求解部分] 总时间: 2.113848s | 显存: 256.00 KB

[本步骤总计] 时间: 10.023438s | 显存: 4.12 GB
[Step 39] Backward Propagation - Time: 0.5292s, Mem: -4416135168.00 B
[Step 39] PGD Update - Time: 0.0171s, Mem: 0.00 B

[Step 39] 完整步骤总时间: 10.696619s | 总显存: 2.50 MB
[Step 39] 峰值显存: 6.32 GB

[Step 40] ============ 详细性能分析 ============
[模型部分] 总时间: 7.208136s | 显存: 4.12 GB

[0-9秒 PDE求解详细性能]
  t=0s - 时间: 0.000000s | 显存: 0.00 B
  t=1s - 时间: 0.449494s | 显存: 0.00 B
  t=2s - 时间: 0.454923s | 显存: 0.00 B
  t=3s - 时间: 0.532734s | 显存: 0.00 B
  t=4s - 时间: 0.631963s | 显存: 0.00 B
  t=5s - 时间: 0.699984s | 显存: 0.00 B
  t=6s - 时间: 0.799938s | 显存: 0.00 B
  t=7s - 时间: 0.888477s | 显存: 0.00 B
  t=8s - 时间: 0.941116s | 显存: 0.00 B
  t=9s - 时间: 1.030871s | 显存: 0.00 B

[19秒 PDE求解]
  t=19.0s - 时间: 1.976111s | 显存: 0.00 B

[PDE求解部分] 总时间: 2.144679s | 显存: 256.00 KB

[本步骤总计] 时间: 9.352816s | 显存: 4.12 GB
[Step 40] Backward Propagation - Time: 0.4048s, Mem: -4416135168.00 B
[Step 40] PGD Update - Time: 0.0197s, Mem: 0.00 B

[Step 40] 完整步骤总时间: 9.896125s | 总显存: 2.50 MB
[Step 40] 峰值显存: 6.32 GB

[Step 41] ============ 详细性能分析 ============
[模型部分] 总时间: 7.470594s | 显存: 4.12 GB

[0-9秒 PDE求解详细性能]
  t=0s - 时间: 0.000000s | 显存: 0.00 B
  t=1s - 时间: 0.492437s | 显存: 0.00 B
  t=2s - 时间: 0.471419s | 显存: 0.00 B
  t=3s - 时间: 0.549006s | 显存: 0.00 B
  t=4s - 时间: 0.620217s | 显存: 0.00 B
  t=5s - 时间: 0.714071s | 显存: 0.00 B
  t=6s - 时间: 0.784772s | 显存: 0.00 B
  t=7s - 时间: 0.854801s | 显存: 0.00 B
  t=8s - 时间: 0.922971s | 显存: 0.00 B
  t=9s - 时间: 1.017213s | 显存: 0.00 B

[19秒 PDE求解]
  t=19.0s - 时间: 2.004583s | 显存: 0.00 B

[PDE求解部分] 总时间: 2.158601s | 显存: 256.00 KB

[本步骤总计] 时间: 9.629195s | 显存: 4.12 GB
[Step 41] Backward Propagation - Time: 0.4302s, Mem: -4416135168.00 B
[Step 41] PGD Update - Time: 0.0195s, Mem: 0.00 B

[Step 41] 完整步骤总时间: 10.195167s | 总显存: 2.50 MB
[Step 41] 峰值显存: 6.32 GB

[Step 42] ============ 详细性能分析 ============
[模型部分] 总时间: 6.917725s | 显存: 4.12 GB

[0-9秒 PDE求解详细性能]
  t=0s - 时间: 0.000000s | 显存: 0.00 B
  t=1s - 时间: 0.424563s | 显存: 0.00 B
  t=2s - 时间: 0.477081s | 显存: 0.00 B
  t=3s - 时间: 0.554699s | 显存: 0.00 B
  t=4s - 时间: 0.601908s | 显存: 0.00 B
  t=5s - 时间: 0.684620s | 显存: 0.00 B
  t=6s - 时间: 0.805299s | 显存: 0.00 B
  t=7s - 时间: 0.867062s | 显存: 0.00 B
  t=8s - 时间: 0.916236s | 显存: 0.00 B
  t=9s - 时间: 1.007393s | 显存: 0.00 B

[19秒 PDE求解]
  t=19.0s - 时间: 1.980507s | 显存: 0.00 B

[PDE求解部分] 总时间: 2.135259s | 显存: 256.00 KB

[本步骤总计] 时间: 9.052985s | 显存: 4.12 GB
[Step 42] Backward Propagation - Time: 0.3098s, Mem: -4416135168.00 B
[Step 42] PGD Update - Time: 0.0093s, Mem: 0.00 B

[Step 42] 完整步骤总时间: 9.450938s | 总显存: 2.50 MB
[Step 42] 峰值显存: 6.33 GB

[Step 43] ============ 详细性能分析 ============
[模型部分] 总时间: 7.208052s | 显存: 4.12 GB

[0-9秒 PDE求解详细性能]
  t=0s - 时间: 0.000000s | 显存: 0.00 B
  t=1s - 时间: 0.436157s | 显存: 0.00 B
  t=2s - 时间: 0.466002s | 显存: 0.00 B
  t=3s - 时间: 0.533078s | 显存: 0.00 B
  t=4s - 时间: 0.632991s | 显存: 0.00 B
  t=5s - 时间: 0.752426s | 显存: 0.00 B
  t=6s - 时间: 0.846077s | 显存: 0.00 B
  t=7s - 时间: 0.836735s | 显存: 0.00 B
  t=8s - 时间: 0.920983s | 显存: 0.00 B
  t=9s - 时间: 0.995695s | 显存: 0.00 B

[19秒 PDE求解]
  t=19.0s - 时间: 1.982068s | 显存: 0.00 B

[PDE求解部分] 总时间: 2.133055s | 显存: 256.00 KB

[本步骤总计] 时间: 9.341107s | 显存: 4.12 GB
[Step 43] Backward Propagation - Time: 0.4328s, Mem: -4416135168.00 B
[Step 43] PGD Update - Time: 0.0166s, Mem: 0.00 B

[Step 43] 完整步骤总时间: 9.912051s | 总显存: 2.50 MB
[Step 43] 峰值显存: 6.33 GB

[Step 44] ============ 详细性能分析 ============
[模型部分] 总时间: 7.142506s | 显存: 4.12 GB

[0-9秒 PDE求解详细性能]
  t=0s - 时间: 0.000000s | 显存: 0.00 B
  t=1s - 时间: 0.422514s | 显存: 0.00 B
  t=2s - 时间: 0.689081s | 显存: 0.00 B
  t=3s - 时间: 0.524492s | 显存: 0.00 B
  t=4s - 时间: 0.595540s | 显存: 0.00 B
  t=5s - 时间: 0.724768s | 显存: 0.00 B
  t=6s - 时间: 0.787091s | 显存: 0.00 B
  t=7s - 时间: 0.872779s | 显存: 0.00 B
  t=8s - 时间: 0.943456s | 显存: 0.00 B
  t=9s - 时间: 1.021938s | 显存: 0.00 B

[19秒 PDE求解]
  t=19.0s - 时间: 1.941182s | 显存: 0.00 B

[PDE求解部分] 总时间: 2.123127s | 显存: 256.00 KB

[本步骤总计] 时间: 9.265633s | 显存: 4.12 GB
[Step 44] Backward Propagation - Time: 0.4547s, Mem: -4416135168.00 B
[Step 44] PGD Update - Time: 0.0166s, Mem: 0.00 B

[Step 44] 完整步骤总时间: 9.864558s | 总显存: 2.50 MB
[Step 44] 峰值显存: 6.33 GB

[Step 45] ============ 详细性能分析 ============
[模型部分] 总时间: 7.985873s | 显存: 4.12 GB

[0-9秒 PDE求解详细性能]
  t=0s - 时间: 0.000000s | 显存: 0.00 B
  t=1s - 时间: 0.412239s | 显存: 0.00 B
  t=2s - 时间: 0.443795s | 显存: 0.00 B
  t=3s - 时间: 0.554919s | 显存: 0.00 B
  t=4s - 时间: 0.646018s | 显存: 0.00 B
  t=5s - 时间: 0.719305s | 显存: 0.00 B
  t=6s - 时间: 0.835995s | 显存: 0.00 B
  t=7s - 时间: 0.941801s | 显存: 0.00 B
  t=8s - 时间: 1.071132s | 显存: 0.00 B
  t=9s - 时间: 1.067695s | 显存: 0.00 B

[19秒 PDE求解]
  t=19.0s - 时间: 1.969431s | 显存: 0.00 B

[PDE求解部分] 总时间: 2.129590s | 显存: 256.00 KB

[本步骤总计] 时间: 10.115463s | 显存: 4.12 GB
[Step 45] Backward Propagation - Time: 1.2023s, Mem: -4416135168.00 B
[Step 45] PGD Update - Time: 0.0520s, Mem: 0.00 B

[Step 45] 完整步骤总时间: 11.862601s | 总显存: 2.50 MB
[Step 45] 峰值显存: 6.33 GB

[Step 46] ============ 详细性能分析 ============
[模型部分] 总时间: 8.018817s | 显存: 4.12 GB

[0-9秒 PDE求解详细性能]
  t=0s - 时间: 0.000000s | 显存: 0.00 B
  t=1s - 时间: 0.457897s | 显存: 0.00 B
  t=2s - 时间: 0.477649s | 显存: 0.00 B
  t=3s - 时间: 0.561000s | 显存: 0.00 B
  t=4s - 时间: 0.650467s | 显存: 0.00 B
  t=5s - 时间: 0.701941s | 显存: 0.00 B
  t=6s - 时间: 0.764204s | 显存: 0.00 B
  t=7s - 时间: 0.892070s | 显存: 0.00 B
  t=8s - 时间: 0.971499s | 显存: 0.00 B
  t=9s - 时间: 1.203834s | 显存: 0.00 B

[19秒 PDE求解]
  t=19.0s - 时间: 2.253749s | 显存: 0.00 B

[PDE求解部分] 总时间: 2.723325s | 显存: 256.00 KB

[本步骤总计] 时间: 10.742142s | 显存: 4.12 GB
[Step 46] Backward Propagation - Time: 1.0034s, Mem: -4416135168.00 B
[Step 46] PGD Update - Time: 0.1907s, Mem: 0.00 B

[Step 46] 完整步骤总时间: 12.338399s | 总显存: 2.50 MB
[Step 46] 峰值显存: 6.34 GB

[Step 47] ============ 详细性能分析 ============
[模型部分] 总时间: 8.097559s | 显存: 4.12 GB

[0-9秒 PDE求解详细性能]
  t=0s - 时间: 0.000000s | 显存: 0.00 B
  t=1s - 时间: 0.504029s | 显存: 0.00 B
  t=2s - 时间: 0.444551s | 显存: 0.00 B
  t=3s - 时间: 0.573243s | 显存: 0.00 B
  t=4s - 时间: 0.633350s | 显存: 0.00 B
  t=5s - 时间: 0.726729s | 显存: 0.00 B
  t=6s - 时间: 0.863445s | 显存: 0.00 B
  t=7s - 时间: 0.933994s | 显存: 0.00 B
  t=8s - 时间: 1.004174s | 显存: 0.00 B
  t=9s - 时间: 1.077965s | 显存: 0.00 B

[19秒 PDE求解]
  t=19.0s - 时间: 2.001625s | 显存: 0.00 B

[PDE求解部分] 总时间: 2.170165s | 显存: 256.00 KB

[本步骤总计] 时间: 10.267724s | 显存: 4.12 GB
[Step 47] Backward Propagation - Time: 0.6691s, Mem: -4416135168.00 B
[Step 47] PGD Update - Time: 0.0219s, Mem: 0.00 B

[Step 47] 完整步骤总时间: 11.262661s | 总显存: 2.50 MB
[Step 47] 峰值显存: 6.34 GB

[Step 48] ============ 详细性能分析 ============
[模型部分] 总时间: 9.399013s | 显存: 4.12 GB

[0-9秒 PDE求解详细性能]
  t=0s - 时间: 0.000000s | 显存: 0.00 B
  t=1s - 时间: 0.475542s | 显存: 0.00 B
  t=2s - 时间: 0.489037s | 显存: 0.00 B
  t=3s - 时间: 0.541985s | 显存: 0.00 B
  t=4s - 时间: 0.627924s | 显存: 0.00 B
  t=5s - 时间: 0.702891s | 显存: 0.00 B
  t=6s - 时间: 0.787898s | 显存: 0.00 B
  t=7s - 时间: 0.853617s | 显存: 0.00 B
  t=8s - 时间: 0.947571s | 显存: 0.00 B
  t=9s - 时间: 1.361600s | 显存: 0.00 B

[19秒 PDE求解]
  t=19.0s - 时间: 2.954130s | 显存: 0.00 B

[PDE求解部分] 总时间: 3.187456s | 显存: 256.00 KB

[本步骤总计] 时间: 12.586468s | 显存: 4.12 GB
[Step 48] Backward Propagation - Time: 0.6686s, Mem: -4416135168.00 B
[Step 48] PGD Update - Time: 0.0165s, Mem: 0.00 B

[Step 48] 完整步骤总时间: 13.365593s | 总显存: 2.50 MB
[Step 48] 峰值显存: 6.34 GB

[Step 49] ============ 详细性能分析 ============
[模型部分] 总时间: 7.335797s | 显存: 4.12 GB

[0-9秒 PDE求解详细性能]
  t=0s - 时间: 0.000000s | 显存: 0.00 B
  t=1s - 时间: 0.438207s | 显存: 0.00 B
  t=2s - 时间: 0.477873s | 显存: 0.00 B
  t=3s - 时间: 0.520400s | 显存: 0.00 B
  t=4s - 时间: 0.606331s | 显存: 0.00 B
  t=5s - 时间: 0.693651s | 显存: 0.00 B
  t=6s - 时间: 0.747725s | 显存: 0.00 B
  t=7s - 时间: 0.854620s | 显存: 0.00 B
  t=8s - 时间: 0.956549s | 显存: 0.00 B
  t=9s - 时间: 1.039891s | 显存: 0.00 B

[19秒 PDE求解]
  t=19.0s - 时间: 1.943366s | 显存: 0.00 B

[PDE求解部分] 总时间: 2.098477s | 显存: 256.00 KB

[本步骤总计] 时间: 9.434274s | 显存: 4.12 GB
[Step 49] Backward Propagation - Time: 0.4382s, Mem: -4416135168.00 B
[Step 49] PGD Update - Time: 0.0194s, Mem: 0.00 B

[Step 49] 完整步骤总时间: 10.031819s | 总显存: 2.50 MB
[Step 49] 峰值显存: 6.34 GB

[Step 50] ============ 详细性能分析 ============
[模型部分] 总时间: 8.621235s | 显存: 4.12 GB

[0-9秒 PDE求解详细性能]
  t=0s - 时间: 0.000000s | 显存: 0.00 B
  t=1s - 时间: 0.483491s | 显存: 0.00 B
  t=2s - 时间: 0.484919s | 显存: 0.00 B
  t=3s - 时间: 0.564500s | 显存: 0.00 B
  t=4s - 时间: 0.655805s | 显存: 0.00 B
  t=5s - 时间: 0.728841s | 显存: 0.00 B
  t=6s - 时间: 0.804233s | 显存: 0.00 B
  t=7s - 时间: 0.880025s | 显存: 0.00 B
  t=8s - 时间: 0.955697s | 显存: 0.00 B
  t=9s - 时间: 1.044660s | 显存: 0.00 B

[19秒 PDE求解]
  t=19.0s - 时间: 2.001093s | 显存: 0.00 B

[PDE求解部分] 总时间: 2.176900s | 显存: 256.00 KB

[本步骤总计] 时间: 10.798135s | 显存: 4.12 GB
[Step 50] Backward Propagation - Time: 0.4286s, Mem: -4416135168.00 B
[Step 50] PGD Update - Time: 0.0186s, Mem: 0.00 B

[Step 50] 完整步骤总时间: 11.367309s | 总显存: 2.50 MB
[Step 50] 峰值显存: 6.35 GB

[Step 51] ============ 详细性能分析 ============
[模型部分] 总时间: 7.219736s | 显存: 4.12 GB

[0-9秒 PDE求解详细性能]
  t=0s - 时间: 0.000000s | 显存: 0.00 B
  t=1s - 时间: 0.448749s | 显存: 0.00 B
  t=2s - 时间: 0.458700s | 显存: 0.00 B
  t=3s - 时间: 0.569003s | 显存: 0.00 B
  t=4s - 时间: 0.639353s | 显存: 0.00 B
  t=5s - 时间: 0.712132s | 显存: 0.00 B
  t=6s - 时间: 0.805159s | 显存: 0.00 B
  t=7s - 时间: 0.887974s | 显存: 0.00 B
  t=8s - 时间: 0.935609s | 显存: 0.00 B
  t=9s - 时间: 1.000197s | 显存: 0.00 B

[19秒 PDE求解]
  t=19.0s - 时间: 1.981288s | 显存: 0.00 B

[PDE求解部分] 总时间: 2.141556s | 显存: 256.00 KB

[本步骤总计] 时间: 9.361292s | 显存: 4.12 GB
[Step 51] Backward Propagation - Time: 0.4098s, Mem: -4416135168.00 B
[Step 51] PGD Update - Time: 0.0206s, Mem: 0.00 B

[Step 51] 完整步骤总时间: 9.917457s | 总显存: 2.50 MB
[Step 51] 峰值显存: 6.35 GB

[Step 52] ============ 详细性能分析 ============
[模型部分] 总时间: 7.042690s | 显存: 4.12 GB

[0-9秒 PDE求解详细性能]
  t=0s - 时间: 0.000000s | 显存: 0.00 B
  t=1s - 时间: 0.438406s | 显存: 0.00 B
  t=2s - 时间: 0.459096s | 显存: 0.00 B
  t=3s - 时间: 0.533181s | 显存: 0.00 B
  t=4s - 时间: 0.618674s | 显存: 0.00 B
  t=5s - 时间: 0.702534s | 显存: 0.00 B
  t=6s - 时间: 0.784091s | 显存: 0.00 B
  t=7s - 时间: 0.893897s | 显存: 0.00 B
  t=8s - 时间: 0.968496s | 显存: 0.00 B
  t=9s - 时间: 1.032558s | 显存: 0.00 B

[19秒 PDE求解]
  t=19.0s - 时间: 1.934020s | 显存: 0.00 B

[PDE求解部分] 总时间: 2.088727s | 显存: 256.00 KB

[本步骤总计] 时间: 9.131417s | 显存: 4.12 GB
[Step 52] Backward Propagation - Time: 1.1456s, Mem: -4416135168.00 B
[Step 52] PGD Update - Time: 0.0224s, Mem: 0.00 B

[Step 52] 完整步骤总时间: 10.472082s | 总显存: 2.50 MB
[Step 52] 峰值显存: 6.35 GB

[Step 53] ============ 详细性能分析 ============
[模型部分] 总时间: 7.187835s | 显存: 4.12 GB

[0-9秒 PDE求解详细性能]
  t=0s - 时间: 0.000000s | 显存: 0.00 B
  t=1s - 时间: 0.477766s | 显存: 0.00 B
  t=2s - 时间: 0.443901s | 显存: 0.00 B
  t=3s - 时间: 0.539588s | 显存: 0.00 B
  t=4s - 时间: 0.604926s | 显存: 0.00 B
  t=5s - 时间: 0.682611s | 显存: 0.00 B
  t=6s - 时间: 0.776808s | 显存: 0.00 B
  t=7s - 时间: 0.854052s | 显存: 0.00 B
  t=8s - 时间: 0.928207s | 显存: 0.00 B
  t=9s - 时间: 1.041666s | 显存: 0.00 B

[19秒 PDE求解]
  t=19.0s - 时间: 2.014767s | 显存: 0.00 B

[PDE求解部分] 总时间: 2.175487s | 显存: 256.00 KB

[本步骤总计] 时间: 9.363322s | 显存: 4.12 GB
[Step 53] Backward Propagation - Time: 2.5671s, Mem: -4416135168.00 B
[Step 53] PGD Update - Time: 0.0263s, Mem: 0.00 B

[Step 53] 完整步骤总时间: 12.104146s | 总显存: 2.50 MB
[Step 53] 峰值显存: 6.35 GB

[Step 54] ============ 详细性能分析 ============
[模型部分] 总时间: 7.348858s | 显存: 4.12 GB

[0-9秒 PDE求解详细性能]
  t=0s - 时间: 0.000000s | 显存: 0.00 B
  t=1s - 时间: 0.504041s | 显存: 0.00 B
  t=2s - 时间: 0.495633s | 显存: 0.00 B
  t=3s - 时间: 0.528123s | 显存: 0.00 B
  t=4s - 时间: 0.640786s | 显存: 0.00 B
  t=5s - 时间: 0.701364s | 显存: 0.00 B
  t=6s - 时间: 0.782738s | 显存: 0.00 B
  t=7s - 时间: 0.842760s | 显存: 0.00 B
  t=8s - 时间: 0.935334s | 显存: 0.00 B
  t=9s - 时间: 1.043753s | 显存: 0.00 B

[19秒 PDE求解]
  t=19.0s - 时间: 1.985121s | 显存: 0.00 B

[PDE求解部分] 总时间: 2.032894s | 显存: 256.00 KB

[本步骤总计] 时间: 9.381752s | 显存: 4.12 GB
[Step 54] Backward Propagation - Time: 0.3243s, Mem: -4416135168.00 B
[Step 54] PGD Update - Time: 0.0182s, Mem: 0.00 B

[Step 54] 完整步骤总时间: 9.821737s | 总显存: 2.50 MB
[Step 54] 峰值显存: 6.36 GB

[Step 55] ============ 详细性能分析 ============
[模型部分] 总时间: 6.525011s | 显存: 4.12 GB

[0-9秒 PDE求解详细性能]
  t=0s - 时间: 0.000000s | 显存: 0.00 B
  t=1s - 时间: 0.441541s | 显存: 0.00 B
  t=2s - 时间: 0.493884s | 显存: 0.00 B
  t=3s - 时间: 0.571578s | 显存: 0.00 B
  t=4s - 时间: 0.621628s | 显存: 0.00 B
  t=5s - 时间: 0.694074s | 显存: 0.00 B
  t=6s - 时间: 0.790081s | 显存: 0.00 B
  t=7s - 时间: 0.859303s | 显存: 0.00 B
  t=8s - 时间: 0.933476s | 显存: 0.00 B
  t=9s - 时间: 1.014279s | 显存: 0.00 B

[19秒 PDE求解]
  t=19.0s - 时间: 1.814099s | 显存: 0.00 B

[PDE求解部分] 总时间: 1.817050s | 显存: 256.00 KB

[本步骤总计] 时间: 8.342060s | 显存: 4.12 GB
[Step 55] Backward Propagation - Time: 0.0348s, Mem: -4416135168.00 B
[Step 55] PGD Update - Time: 0.0003s, Mem: 0.00 B

[Step 55] 完整步骤总时间: 8.380109s | 总显存: 2.50 MB
[Step 55] 峰值显存: 6.36 GB

[Step 56] ============ 详细性能分析 ============
[模型部分] 总时间: 7.708945s | 显存: 4.12 GB

[0-9秒 PDE求解详细性能]
  t=0s - 时间: 0.000000s | 显存: 0.00 B
  t=1s - 时间: 0.399677s | 显存: 0.00 B
  t=2s - 时间: 0.468544s | 显存: 0.00 B
  t=3s - 时间: 0.604908s | 显存: 0.00 B
  t=4s - 时间: 0.686363s | 显存: 0.00 B
  t=5s - 时间: 0.706049s | 显存: 0.00 B
  t=6s - 时间: 0.773456s | 显存: 0.00 B
  t=7s - 时间: 0.873315s | 显存: 0.00 B
  t=8s - 时间: 0.944093s | 显存: 0.00 B
  t=9s - 时间: 1.029977s | 显存: 0.00 B

[19秒 PDE求解]
  t=19.0s - 时间: 2.459499s | 显存: 0.00 B

[PDE求解部分] 总时间: 2.602540s | 显存: 256.00 KB

[本步骤总计] 时间: 10.311485s | 显存: 4.12 GB
[Step 56] Backward Propagation - Time: 0.3833s, Mem: -4416135168.00 B
[Step 56] PGD Update - Time: 0.0163s, Mem: 0.00 B

[Step 56] 完整步骤总时间: 10.830624s | 总显存: 2.50 MB
[Step 56] 峰值显存: 6.36 GB

[Step 57] ============ 详细性能分析 ============
[模型部分] 总时间: 7.445091s | 显存: 4.12 GB

[0-9秒 PDE求解详细性能]
  t=0s - 时间: 0.000000s | 显存: 0.00 B
  t=1s - 时间: 0.419672s | 显存: 0.00 B
  t=2s - 时间: 0.458581s | 显存: 0.00 B
  t=3s - 时间: 0.517762s | 显存: 0.00 B
  t=4s - 时间: 0.618810s | 显存: 0.00 B
  t=5s - 时间: 0.705856s | 显存: 0.00 B
  t=6s - 时间: 0.782705s | 显存: 0.00 B
  t=7s - 时间: 0.851306s | 显存: 0.00 B
  t=8s - 时间: 0.941688s | 显存: 0.00 B
  t=9s - 时间: 1.001078s | 显存: 0.00 B

[19秒 PDE求解]
  t=19.0s - 时间: 1.972425s | 显存: 0.00 B

[PDE求解部分] 总时间: 2.147480s | 显存: 256.00 KB

[本步骤总计] 时间: 9.592571s | 显存: 4.12 GB
[Step 57] Backward Propagation - Time: 0.5957s, Mem: -4416135168.00 B
[Step 57] PGD Update - Time: 0.0242s, Mem: 0.00 B

[Step 57] 完整步骤总时间: 10.422735s | 总显存: 2.50 MB
[Step 57] 峰值显存: 6.36 GB

[Step 58] ============ 详细性能分析 ============
[模型部分] 总时间: 9.924629s | 显存: 4.12 GB

[0-9秒 PDE求解详细性能]
  t=0s - 时间: 0.000000s | 显存: 0.00 B
  t=1s - 时间: 0.460899s | 显存: 0.00 B
  t=2s - 时间: 0.450880s | 显存: 0.00 B
  t=3s - 时间: 0.529408s | 显存: 0.00 B
  t=4s - 时间: 0.605106s | 显存: 0.00 B
  t=5s - 时间: 0.700273s | 显存: 0.00 B
  t=6s - 时间: 0.755216s | 显存: 0.00 B
  t=7s - 时间: 0.864770s | 显存: 0.00 B
  t=8s - 时间: 0.934124s | 显存: 0.00 B
  t=9s - 时间: 1.002253s | 显存: 0.00 B

[19秒 PDE求解]
  t=19.0s - 时间: 2.198689s | 显存: 0.00 B

[PDE求解部分] 总时间: 2.374907s | 显存: 256.00 KB

[本步骤总计] 时间: 12.299535s | 显存: 4.12 GB
[Step 58] Backward Propagation - Time: 0.4114s, Mem: -4416135168.00 B
[Step 58] PGD Update - Time: 0.0198s, Mem: 0.00 B

[Step 58] 完整步骤总时间: 12.864050s | 总显存: 2.50 MB
[Step 58] 峰值显存: 6.37 GB

[Step 59] ============ 详细性能分析 ============
[模型部分] 总时间: 7.143852s | 显存: 4.12 GB

[0-9秒 PDE求解详细性能]
  t=0s - 时间: 0.000000s | 显存: 0.00 B
  t=1s - 时间: 0.592611s | 显存: 0.00 B
  t=2s - 时间: 0.481781s | 显存: 0.00 B
  t=3s - 时间: 0.551301s | 显存: 0.00 B
  t=4s - 时间: 0.630726s | 显存: 0.00 B
  t=5s - 时间: 0.694549s | 显存: 0.00 B
  t=6s - 时间: 0.794714s | 显存: 0.00 B
  t=7s - 时间: 0.847744s | 显存: 0.00 B
  t=8s - 时间: 0.932739s | 显存: 0.00 B
  t=9s - 时间: 1.028478s | 显存: 0.00 B

[19秒 PDE求解]
  t=19.0s - 时间: 1.960972s | 显存: 0.00 B

[PDE求解部分] 总时间: 2.106809s | 显存: 256.00 KB

[本步骤总计] 时间: 9.250661s | 显存: 4.12 GB
[Step 59] Backward Propagation - Time: 0.4573s, Mem: -4416135168.00 B
[Step 59] PGD Update - Time: 0.0185s, Mem: 0.00 B

[Step 59] 完整步骤总时间: 9.847359s | 总显存: 2.50 MB
[Step 59] 峰值显存: 6.37 GB

[Step 60] ============ 详细性能分析 ============
[模型部分] 总时间: 7.017831s | 显存: 4.12 GB

[0-9秒 PDE求解详细性能]
  t=0s - 时间: 0.000000s | 显存: 0.00 B
  t=1s - 时间: 0.471026s | 显存: 0.00 B
  t=2s - 时间: 0.488333s | 显存: 0.00 B
  t=3s - 时间: 0.566406s | 显存: 0.00 B
  t=4s - 时间: 0.642419s | 显存: 0.00 B
  t=5s - 时间: 0.729591s | 显存: 0.00 B
  t=6s - 时间: 0.761217s | 显存: 0.00 B
  t=7s - 时间: 0.853745s | 显存: 0.00 B
  t=8s - 时间: 0.934257s | 显存: 0.00 B
  t=9s - 时间: 1.010996s | 显存: 0.00 B

[19秒 PDE求解]
  t=19.0s - 时间: 2.046564s | 显存: 0.00 B

[PDE求解部分] 总时间: 2.208063s | 显存: 256.00 KB

[本步骤总计] 时间: 9.225894s | 显存: 4.12 GB
[Step 60] Backward Propagation - Time: 0.4218s, Mem: -4416135168.00 B
[Step 60] PGD Update - Time: 0.0182s, Mem: 0.00 B

[Step 60] 完整步骤总时间: 9.794917s | 总显存: 2.50 MB
[Step 60] 峰值显存: 6.37 GB

[Step 61] ============ 详细性能分析 ============
[模型部分] 总时间: 7.113306s | 显存: 4.12 GB

[0-9秒 PDE求解详细性能]
  t=0s - 时间: 0.000000s | 显存: 0.00 B
  t=1s - 时间: 0.420583s | 显存: 0.00 B
  t=2s - 时间: 0.453795s | 显存: 0.00 B
  t=3s - 时间: 0.533116s | 显存: 0.00 B
  t=4s - 时间: 0.637962s | 显存: 0.00 B
  t=5s - 时间: 0.723113s | 显存: 0.00 B
  t=6s - 时间: 0.776790s | 显存: 0.00 B
  t=7s - 时间: 0.868085s | 显存: 0.00 B
  t=8s - 时间: 0.956627s | 显存: 0.00 B
  t=9s - 时间: 1.053735s | 显存: 0.00 B

[19秒 PDE求解]
  t=19.0s - 时间: 1.944160s | 显存: 0.00 B

[PDE求解部分] 总时间: 2.109852s | 显存: 256.00 KB

[本步骤总计] 时间: 9.223158s | 显存: 4.12 GB
[Step 61] Backward Propagation - Time: 1.1517s, Mem: -4416135168.00 B
[Step 61] PGD Update - Time: 0.0620s, Mem: 0.00 B

[Step 61] 完整步骤总时间: 10.727542s | 总显存: 2.50 MB
[Step 61] 峰值显存: 6.37 GB

[Step 62] ============ 详细性能分析 ============
[模型部分] 总时间: 7.669385s | 显存: 4.12 GB

[0-9秒 PDE求解详细性能]
  t=0s - 时间: 0.000000s | 显存: 0.00 B
  t=1s - 时间: 0.474912s | 显存: 0.00 B
  t=2s - 时间: 0.457700s | 显存: 0.00 B
  t=3s - 时间: 0.531595s | 显存: 0.00 B
  t=4s - 时间: 0.634005s | 显存: 0.00 B
  t=5s - 时间: 0.699534s | 显存: 0.00 B
  t=6s - 时间: 0.786892s | 显存: 0.00 B
  t=7s - 时间: 0.932957s | 显存: 0.00 B
  t=8s - 时间: 0.994209s | 显存: 0.00 B
  t=9s - 时间: 1.037516s | 显存: 0.00 B

[19秒 PDE求解]
  t=19.0s - 时间: 2.046619s | 显存: 0.00 B

[PDE求解部分] 总时间: 2.296748s | 显存: 256.00 KB

[本步骤总计] 时间: 9.966133s | 显存: 4.12 GB
[Step 62] Backward Propagation - Time: 0.6441s, Mem: -4416135168.00 B
[Step 62] PGD Update - Time: 0.0173s, Mem: 0.00 B

[Step 62] 完整步骤总时间: 10.738923s | 总显存: 2.50 MB
[Step 62] 峰值显存: 6.38 GB

[Step 63] ============ 详细性能分析 ============
[模型部分] 总时间: 7.324583s | 显存: 4.12 GB

[0-9秒 PDE求解详细性能]
  t=0s - 时间: 0.000000s | 显存: 0.00 B
  t=1s - 时间: 0.432813s | 显存: 0.00 B
  t=2s - 时间: 0.449372s | 显存: 0.00 B
  t=3s - 时间: 0.541098s | 显存: 0.00 B
  t=4s - 时间: 1.046779s | 显存: 0.00 B
  t=5s - 时间: 0.707981s | 显存: 0.00 B
  t=6s - 时间: 0.787986s | 显存: 0.00 B
  t=7s - 时间: 0.832945s | 显存: 0.00 B
  t=8s - 时间: 0.929464s | 显存: 0.00 B
  t=9s - 时间: 1.009438s | 显存: 0.00 B

[19秒 PDE求解]
  t=19.0s - 时间: 1.967429s | 显存: 0.00 B

[PDE求解部分] 总时间: 2.129204s | 显存: 256.00 KB

[本步骤总计] 时间: 9.453787s | 显存: 4.12 GB
[Step 63] Backward Propagation - Time: 0.4327s, Mem: -4416135168.00 B
[Step 63] PGD Update - Time: 0.0186s, Mem: 0.00 B

[Step 63] 完整步骤总时间: 10.030172s | 总显存: 2.50 MB
[Step 63] 峰值显存: 6.38 GB

[Step 64] ============ 详细性能分析 ============
[模型部分] 总时间: 7.421202s | 显存: 4.12 GB

[0-9秒 PDE求解详细性能]
  t=0s - 时间: 0.000000s | 显存: 0.00 B
  t=1s - 时间: 0.424226s | 显存: 0.00 B
  t=2s - 时间: 0.484974s | 显存: 0.00 B
  t=3s - 时间: 0.529061s | 显存: 0.00 B
  t=4s - 时间: 0.611417s | 显存: 0.00 B
  t=5s - 时间: 0.725500s | 显存: 0.00 B
  t=6s - 时间: 0.796327s | 显存: 0.00 B
  t=7s - 时间: 0.882181s | 显存: 0.00 B
  t=8s - 时间: 1.021027s | 显存: 0.00 B
  t=9s - 时间: 1.117485s | 显存: 0.00 B

[19秒 PDE求解]
  t=19.0s - 时间: 1.936928s | 显存: 0.00 B

[PDE求解部分] 总时间: 2.135987s | 显存: 256.00 KB

[本步骤总计] 时间: 9.557189s | 显存: 4.12 GB
[Step 64] Backward Propagation - Time: 0.4021s, Mem: -4416135168.00 B
[Step 64] PGD Update - Time: 0.0191s, Mem: 0.00 B

[Step 64] 完整步骤总时间: 10.100116s | 总显存: 2.50 MB
[Step 64] 峰值显存: 6.38 GB

[Step 65] ============ 详细性能分析 ============
[模型部分] 总时间: 7.884374s | 显存: 4.12 GB

[0-9秒 PDE求解详细性能]
  t=0s - 时间: 0.000000s | 显存: 0.00 B
  t=1s - 时间: 0.420774s | 显存: 0.00 B
  t=2s - 时间: 0.455796s | 显存: 0.00 B
  t=3s - 时间: 0.530681s | 显存: 0.00 B
  t=4s - 时间: 0.632749s | 显存: 0.00 B
  t=5s - 时间: 0.775000s | 显存: 0.00 B
  t=6s - 时间: 0.809420s | 显存: 0.00 B
  t=7s - 时间: 0.879891s | 显存: 0.00 B
  t=8s - 时间: 1.008518s | 显存: 0.00 B
  t=9s - 时间: 1.389303s | 显存: 0.00 B

[19秒 PDE求解]
  t=19.0s - 时间: 1.862689s | 显存: 0.00 B

[PDE求解部分] 总时间: 1.878074s | 显存: 256.00 KB

[本步骤总计] 时间: 9.762448s | 显存: 4.12 GB
[Step 65] Backward Propagation - Time: 0.6375s, Mem: -4416135168.00 B
[Step 65] PGD Update - Time: 0.0206s, Mem: 0.00 B

[Step 65] 完整步骤总时间: 10.720164s | 总显存: 2.50 MB
[Step 65] 峰值显存: 6.38 GB

[Step 66] ============ 详细性能分析 ============
[模型部分] 总时间: 7.058002s | 显存: 4.12 GB

[0-9秒 PDE求解详细性能]
  t=0s - 时间: 0.000000s | 显存: 0.00 B
  t=1s - 时间: 0.459255s | 显存: 0.00 B
  t=2s - 时间: 0.468202s | 显存: 0.00 B
  t=3s - 时间: 0.551605s | 显存: 0.00 B
  t=4s - 时间: 0.590999s | 显存: 0.00 B
  t=5s - 时间: 0.693388s | 显存: 0.00 B
  t=6s - 时间: 0.788939s | 显存: 0.00 B
  t=7s - 时间: 0.876570s | 显存: 0.00 B
  t=8s - 时间: 0.947185s | 显存: 0.00 B
  t=9s - 时间: 1.034974s | 显存: 0.00 B

[19秒 PDE求解]
  t=19.0s - 时间: 1.988767s | 显存: 0.00 B

[PDE求解部分] 总时间: 2.171066s | 显存: 256.00 KB

[本步骤总计] 时间: 9.229068s | 显存: 4.12 GB
[Step 66] Backward Propagation - Time: 0.5078s, Mem: -4416135168.00 B
[Step 66] PGD Update - Time: 0.0197s, Mem: 0.00 B

[Step 66] 完整步骤总时间: 9.907255s | 总显存: 2.50 MB
[Step 66] 峰值显存: 6.38 GB

[Step 67] ============ 详细性能分析 ============
[模型部分] 总时间: 9.266264s | 显存: 4.12 GB

[0-9秒 PDE求解详细性能]
  t=0s - 时间: 0.000000s | 显存: 0.00 B
  t=1s - 时间: 0.437748s | 显存: 0.00 B
  t=2s - 时间: 0.466741s | 显存: 0.00 B
  t=3s - 时间: 0.599757s | 显存: 0.00 B
  t=4s - 时间: 0.684262s | 显存: 0.00 B
  t=5s - 时间: 0.757636s | 显存: 0.00 B
  t=6s - 时间: 0.848708s | 显存: 0.00 B
  t=7s - 时间: 1.585591s | 显存: 0.00 B
  t=8s - 时间: 1.004160s | 显存: 0.00 B
  t=9s - 时间: 1.035930s | 显存: 0.00 B

[19秒 PDE求解]
  t=19.0s - 时间: 1.945317s | 显存: 0.00 B

[PDE求解部分] 总时间: 2.111524s | 显存: 256.00 KB

[本步骤总计] 时间: 11.377788s | 显存: 4.12 GB
[Step 67] Backward Propagation - Time: 0.4064s, Mem: -4416135168.00 B
[Step 67] PGD Update - Time: 0.0092s, Mem: 0.00 B

[Step 67] 完整步骤总时间: 11.916895s | 总显存: 2.50 MB
[Step 67] 峰值显存: 6.39 GB

[Step 68] ============ 详细性能分析 ============
[模型部分] 总时间: 7.358946s | 显存: 4.12 GB

[0-9秒 PDE求解详细性能]
  t=0s - 时间: 0.000000s | 显存: 0.00 B
  t=1s - 时间: 0.476998s | 显存: 0.00 B
  t=2s - 时间: 0.463762s | 显存: 0.00 B
  t=3s - 时间: 0.521741s | 显存: 0.00 B
  t=4s - 时间: 0.647179s | 显存: 0.00 B
  t=5s - 时间: 0.729574s | 显存: 0.00 B
  t=6s - 时间: 0.824838s | 显存: 0.00 B
  t=7s - 时间: 0.895947s | 显存: 0.00 B
  t=8s - 时间: 0.953138s | 显存: 0.00 B
  t=9s - 时间: 1.032168s | 显存: 0.00 B

[19秒 PDE求解]
  t=19.0s - 时间: 1.955714s | 显存: 0.00 B

[PDE求解部分] 总时间: 2.109288s | 显存: 256.00 KB

[本步骤总计] 时间: 9.468235s | 显存: 4.12 GB
[Step 68] Backward Propagation - Time: 0.4739s, Mem: -4416135168.00 B
[Step 68] PGD Update - Time: 0.0187s, Mem: 0.00 B

[Step 68] 完整步骤总时间: 10.079786s | 总显存: 2.50 MB
[Step 68] 峰值显存: 6.39 GB

[Step 69] ============ 详细性能分析 ============
[模型部分] 总时间: 7.087513s | 显存: 4.12 GB

[0-9秒 PDE求解详细性能]
  t=0s - 时间: 0.000000s | 显存: 0.00 B
  t=1s - 时间: 0.482101s | 显存: 0.00 B
  t=2s - 时间: 0.484519s | 显存: 0.00 B
  t=3s - 时间: 0.539238s | 显存: 0.00 B
  t=4s - 时间: 0.612009s | 显存: 0.00 B
  t=5s - 时间: 0.699280s | 显存: 0.00 B
  t=6s - 时间: 0.802574s | 显存: 0.00 B
  t=7s - 时间: 0.891566s | 显存: 0.00 B
  t=8s - 时间: 0.967762s | 显存: 0.00 B
  t=9s - 时间: 1.052056s | 显存: 0.00 B

[19秒 PDE求解]
  t=19.0s - 时间: 1.919078s | 显存: 0.00 B

[PDE求解部分] 总时间: 2.079970s | 显存: 256.00 KB

[本步骤总计] 时间: 9.167484s | 显存: 4.12 GB
[Step 69] Backward Propagation - Time: 0.4350s, Mem: -4416135168.00 B
[Step 69] PGD Update - Time: 0.0153s, Mem: 0.00 B

[Step 69] 完整步骤总时间: 9.741965s | 总显存: 2.50 MB
[Step 69] 峰值显存: 6.39 GB

[Step 70] ============ 详细性能分析 ============
[模型部分] 总时间: 7.577597s | 显存: 4.12 GB

[0-9秒 PDE求解详细性能]
  t=0s - 时间: 0.000000s | 显存: 0.00 B
  t=1s - 时间: 0.420709s | 显存: 0.00 B
  t=2s - 时间: 0.438281s | 显存: 0.00 B
  t=3s - 时间: 0.525091s | 显存: 0.00 B
  t=4s - 时间: 0.610560s | 显存: 0.00 B
  t=5s - 时间: 0.731284s | 显存: 0.00 B
  t=6s - 时间: 0.954164s | 显存: 0.00 B
  t=7s - 时间: 0.934393s | 显存: 0.00 B
  t=8s - 时间: 1.009391s | 显存: 0.00 B
  t=9s - 时间: 1.001459s | 显存: 0.00 B

[19秒 PDE求解]
  t=19.0s - 时间: 2.325445s | 显存: 0.00 B

[PDE求解部分] 总时间: 2.484733s | 显存: 256.00 KB

[本步骤总计] 时间: 10.062330s | 显存: 4.12 GB
[Step 70] Backward Propagation - Time: 0.4851s, Mem: -4416135168.00 B
[Step 70] PGD Update - Time: 0.0179s, Mem: 0.00 B

[Step 70] 完整步骤总时间: 10.688147s | 总显存: 2.50 MB
[Step 70] 峰值显存: 6.39 GB

[Step 71] ============ 详细性能分析 ============
[模型部分] 总时间: 7.889219s | 显存: 4.12 GB

[0-9秒 PDE求解详细性能]
  t=0s - 时间: 0.000000s | 显存: 0.00 B
  t=1s - 时间: 0.458110s | 显存: 0.00 B
  t=2s - 时间: 0.489819s | 显存: 0.00 B
  t=3s - 时间: 0.569091s | 显存: 0.00 B
  t=4s - 时间: 0.663498s | 显存: 0.00 B
  t=5s - 时间: 0.726903s | 显存: 0.00 B
  t=6s - 时间: 0.810357s | 显存: 0.00 B
  t=7s - 时间: 0.873926s | 显存: 0.00 B
  t=8s - 时间: 0.978597s | 显存: 0.00 B
  t=9s - 时间: 1.045601s | 显存: 0.00 B

[19秒 PDE求解]
  t=19.0s - 时间: 2.255436s | 显存: 0.00 B

[PDE求解部分] 总时间: 2.424232s | 显存: 256.00 KB

[本步骤总计] 时间: 10.313451s | 显存: 4.12 GB
[Step 71] Backward Propagation - Time: 0.4365s, Mem: -4416135168.00 B
[Step 71] PGD Update - Time: 0.0167s, Mem: 0.00 B

[Step 71] 完整步骤总时间: 10.886501s | 总显存: 2.50 MB
[Step 71] 峰值显存: 6.40 GB

[Step 72] ============ 详细性能分析 ============
[模型部分] 总时间: 8.922194s | 显存: 4.12 GB

[0-9秒 PDE求解详细性能]
  t=0s - 时间: 0.000000s | 显存: 0.00 B
  t=1s - 时间: 0.536695s | 显存: 0.00 B
  t=2s - 时间: 0.452486s | 显存: 0.00 B
  t=3s - 时间: 1.260493s | 显存: 0.00 B
  t=4s - 时间: 0.694582s | 显存: 0.00 B
  t=5s - 时间: 0.768783s | 显存: 0.00 B
  t=6s - 时间: 0.833816s | 显存: 0.00 B
  t=7s - 时间: 0.924370s | 显存: 0.00 B
  t=8s - 时间: 0.993152s | 显存: 0.00 B
  t=9s - 时间: 1.042927s | 显存: 0.00 B

[19秒 PDE求解]
  t=19.0s - 时间: 1.940041s | 显存: 0.00 B

[PDE求解部分] 总时间: 2.086478s | 显存: 256.00 KB

[本步骤总计] 时间: 11.008671s | 显存: 4.12 GB
[Step 72] Backward Propagation - Time: 1.0093s, Mem: -4416135168.00 B
[Step 72] PGD Update - Time: 0.0219s, Mem: 0.00 B

[Step 72] 完整步骤总时间: 12.239604s | 总显存: 2.50 MB
[Step 72] 峰值显存: 6.40 GB

[Step 73] ============ 详细性能分析 ============
[模型部分] 总时间: 7.022891s | 显存: 4.12 GB

[0-9秒 PDE求解详细性能]
  t=0s - 时间: 0.000000s | 显存: 0.00 B
  t=1s - 时间: 0.468141s | 显存: 0.00 B
  t=2s - 时间: 0.439295s | 显存: 0.00 B
  t=3s - 时间: 0.527581s | 显存: 0.00 B
  t=4s - 时间: 0.623575s | 显存: 0.00 B
  t=5s - 时间: 0.702786s | 显存: 0.00 B
  t=6s - 时间: 0.773133s | 显存: 0.00 B
  t=7s - 时间: 0.863817s | 显存: 0.00 B
  t=8s - 时间: 0.945659s | 显存: 0.00 B
  t=9s - 时间: 1.038384s | 显存: 0.00 B

[19秒 PDE求解]
  t=19.0s - 时间: 1.956144s | 显存: 0.00 B

[PDE求解部分] 总时间: 2.117140s | 显存: 256.00 KB

[本步骤总计] 时间: 9.140031s | 显存: 4.12 GB
[Step 73] Backward Propagation - Time: 0.4246s, Mem: -4416135168.00 B
[Step 73] PGD Update - Time: 0.0199s, Mem: 0.00 B

[Step 73] 完整步骤总时间: 9.722576s | 总显存: 2.50 MB
[Step 73] 峰值显存: 6.40 GB

[Step 74] ============ 详细性能分析 ============
[模型部分] 总时间: 7.660647s | 显存: 4.12 GB

[0-9秒 PDE求解详细性能]
  t=0s - 时间: 0.000000s | 显存: 0.00 B
  t=1s - 时间: 0.430346s | 显存: 0.00 B
  t=2s - 时间: 0.487406s | 显存: 0.00 B
  t=3s - 时间: 1.091757s | 显存: 0.00 B
  t=4s - 时间: 0.641173s | 显存: 0.00 B
  t=5s - 时间: 0.688930s | 显存: 0.00 B
  t=6s - 时间: 0.787954s | 显存: 0.00 B
  t=7s - 时间: 0.879885s | 显存: 0.00 B
  t=8s - 时间: 0.959689s | 显存: 0.00 B
  t=9s - 时间: 1.067169s | 显存: 0.00 B

[19秒 PDE求解]
  t=19.0s - 时间: 1.967461s | 显存: 0.00 B

[PDE求解部分] 总时间: 2.133044s | 显存: 256.00 KB

[本步骤总计] 时间: 9.793691s | 显存: 4.12 GB
[Step 74] Backward Propagation - Time: 0.8527s, Mem: -4416135168.00 B
[Step 74] PGD Update - Time: 0.0219s, Mem: 0.00 B

[Step 74] 完整步骤总时间: 11.392647s | 总显存: 2.50 MB
[Step 74] 峰值显存: 6.40 GB

[Step 75] ============ 详细性能分析 ============
[模型部分] 总时间: 7.681104s | 显存: 4.12 GB

[0-9秒 PDE求解详细性能]
  t=0s - 时间: 0.000000s | 显存: 0.00 B
  t=1s - 时间: 0.465691s | 显存: 0.00 B
  t=2s - 时间: 0.464670s | 显存: 0.00 B
  t=3s - 时间: 0.541887s | 显存: 0.00 B
  t=4s - 时间: 0.616443s | 显存: 0.00 B
  t=5s - 时间: 0.717557s | 显存: 0.00 B
  t=6s - 时间: 0.798635s | 显存: 0.00 B
  t=7s - 时间: 0.879321s | 显存: 0.00 B
  t=8s - 时间: 0.972805s | 显存: 0.00 B
  t=9s - 时间: 1.041852s | 显存: 0.00 B

[19秒 PDE求解]
  t=19.0s - 时间: 1.953935s | 显存: 0.00 B

[PDE求解部分] 总时间: 2.117451s | 显存: 256.00 KB

[本步骤总计] 时间: 9.798555s | 显存: 4.12 GB
[Step 75] Backward Propagation - Time: 0.4715s, Mem: -4416135168.00 B
[Step 75] PGD Update - Time: 0.0182s, Mem: 0.00 B

[Step 75] 完整步骤总时间: 10.416720s | 总显存: 2.50 MB
[Step 75] 峰值显存: 6.41 GB

[Step 76] ============ 详细性能分析 ============
[模型部分] 总时间: 7.409158s | 显存: 4.12 GB

[0-9秒 PDE求解详细性能]
  t=0s - 时间: 0.000000s | 显存: 0.00 B
  t=1s - 时间: 0.450243s | 显存: 0.00 B
  t=2s - 时间: 0.453384s | 显存: 0.00 B
  t=3s - 时间: 0.558696s | 显存: 0.00 B
  t=4s - 时间: 0.642215s | 显存: 0.00 B
  t=5s - 时间: 0.731510s | 显存: 0.00 B
  t=6s - 时间: 0.808538s | 显存: 0.00 B
  t=7s - 时间: 0.896446s | 显存: 0.00 B
  t=8s - 时间: 0.970422s | 显存: 0.00 B
  t=9s - 时间: 1.048932s | 显存: 0.00 B

[19秒 PDE求解]
  t=19.0s - 时间: 1.967588s | 显存: 0.00 B

[PDE求解部分] 总时间: 2.125223s | 显存: 256.00 KB

[本步骤总计] 时间: 9.534381s | 显存: 4.12 GB
[Step 76] Backward Propagation - Time: 0.3513s, Mem: -4416135168.00 B
[Step 76] PGD Update - Time: 0.0159s, Mem: 0.00 B

[Step 76] 完整步骤总时间: 10.031134s | 总显存: 2.50 MB
[Step 76] 峰值显存: 6.41 GB

[Step 77] ============ 详细性能分析 ============
[模型部分] 总时间: 7.098767s | 显存: 4.12 GB

[0-9秒 PDE求解详细性能]
  t=0s - 时间: 0.000000s | 显存: 0.00 B
  t=1s - 时间: 0.451011s | 显存: 0.00 B
  t=2s - 时间: 0.484220s | 显存: 0.00 B
  t=3s - 时间: 0.571909s | 显存: 0.00 B
  t=4s - 时间: 0.642301s | 显存: 0.00 B
  t=5s - 时间: 0.735342s | 显存: 0.00 B
  t=6s - 时间: 0.789925s | 显存: 0.00 B
  t=7s - 时间: 0.856132s | 显存: 0.00 B
  t=8s - 时间: 0.934499s | 显存: 0.00 B
  t=9s - 时间: 1.023731s | 显存: 0.00 B

[19秒 PDE求解]
  t=19.0s - 时间: 1.927722s | 显存: 0.00 B

[PDE求解部分] 总时间: 2.097636s | 显存: 256.00 KB

[本步骤总计] 时间: 9.196403s | 显存: 4.12 GB
[Step 77] Backward Propagation - Time: 0.5009s, Mem: -4416135168.00 B
[Step 77] PGD Update - Time: 0.0140s, Mem: 0.00 B

[Step 77] 完整步骤总时间: 9.829891s | 总显存: 2.50 MB
[Step 77] 峰值显存: 6.41 GB

[Step 78] ============ 详细性能分析 ============
[模型部分] 总时间: 7.367705s | 显存: 4.12 GB

[0-9秒 PDE求解详细性能]
  t=0s - 时间: 0.000000s | 显存: 0.00 B
  t=1s - 时间: 0.430190s | 显存: 0.00 B
  t=2s - 时间: 0.455433s | 显存: 0.00 B
  t=3s - 时间: 0.533318s | 显存: 0.00 B
  t=4s - 时间: 0.622423s | 显存: 0.00 B
  t=5s - 时间: 0.709326s | 显存: 0.00 B
  t=6s - 时间: 0.771462s | 显存: 0.00 B
  t=7s - 时间: 1.021453s | 显存: 0.00 B
  t=8s - 时间: 0.959915s | 显存: 0.00 B
  t=9s - 时间: 1.055748s | 显存: 0.00 B

[19秒 PDE求解]
  t=19.0s - 时间: 2.116199s | 显存: 0.00 B

[PDE求解部分] 总时间: 2.286650s | 显存: 256.00 KB

[本步骤总计] 时间: 9.654355s | 显存: 4.12 GB
[Step 78] Backward Propagation - Time: 0.7426s, Mem: -4416135168.00 B
[Step 78] PGD Update - Time: 0.1176s, Mem: 0.00 B

[Step 78] 完整步骤总时间: 10.825891s | 总显存: 2.50 MB
[Step 78] 峰值显存: 6.41 GB

[Step 79] ============ 详细性能分析 ============
[模型部分] 总时间: 7.291335s | 显存: 4.12 GB

[0-9秒 PDE求解详细性能]
  t=0s - 时间: 0.000000s | 显存: 0.00 B
  t=1s - 时间: 0.516964s | 显存: 0.00 B
  t=2s - 时间: 0.473835s | 显存: 0.00 B
  t=3s - 时间: 0.576853s | 显存: 0.00 B
  t=4s - 时间: 0.662372s | 显存: 0.00 B
  t=5s - 时间: 0.724407s | 显存: 0.00 B
  t=6s - 时间: 0.783060s | 显存: 0.00 B
  t=7s - 时间: 0.878481s | 显存: 0.00 B
  t=8s - 时间: 0.980039s | 显存: 0.00 B
  t=9s - 时间: 1.042233s | 显存: 0.00 B

[19秒 PDE求解]
  t=19.0s - 时间: 1.978321s | 显存: 0.00 B

[PDE求解部分] 总时间: 2.138501s | 显存: 256.00 KB

[本步骤总计] 时间: 9.429836s | 显存: 4.12 GB
[Step 79] Backward Propagation - Time: 0.4394s, Mem: -4416135168.00 B
[Step 79] PGD Update - Time: 0.0170s, Mem: 0.00 B

[Step 79] 完整步骤总时间: 10.010992s | 总显存: 2.50 MB
[Step 79] 峰值显存: 6.42 GB

[Step 80] ============ 详细性能分析 ============
[模型部分] 总时间: 7.516603s | 显存: 4.12 GB

[0-9秒 PDE求解详细性能]
  t=0s - 时间: 0.000000s | 显存: 0.00 B
  t=1s - 时间: 0.458661s | 显存: 0.00 B
  t=2s - 时间: 0.470607s | 显存: 0.00 B
  t=3s - 时间: 0.545097s | 显存: 0.00 B
  t=4s - 时间: 0.607647s | 显存: 0.00 B
  t=5s - 时间: 0.695601s | 显存: 0.00 B
  t=6s - 时间: 0.781061s | 显存: 0.00 B
  t=7s - 时间: 0.858658s | 显存: 0.00 B
  t=8s - 时间: 0.931026s | 显存: 0.00 B
  t=9s - 时间: 1.607389s | 显存: 0.00 B

[19秒 PDE求解]
  t=19.0s - 时间: 1.951111s | 显存: 0.00 B

[PDE求解部分] 总时间: 2.102077s | 显存: 256.00 KB

[本步骤总计] 时间: 9.618680s | 显存: 4.12 GB
[Step 80] Backward Propagation - Time: 0.4454s, Mem: -4416135168.00 B
[Step 80] PGD Update - Time: 0.0181s, Mem: 0.00 B

[Step 80] 完整步骤总时间: 10.197634s | 总显存: 2.50 MB
[Step 80] 峰值显存: 6.42 GB

[Step 81] ============ 详细性能分析 ============
[模型部分] 总时间: 7.059409s | 显存: 4.12 GB

[0-9秒 PDE求解详细性能]
  t=0s - 时间: 0.000000s | 显存: 0.00 B
  t=1s - 时间: 0.466048s | 显存: 0.00 B
  t=2s - 时间: 0.483215s | 显存: 0.00 B
  t=3s - 时间: 0.553206s | 显存: 0.00 B
  t=4s - 时间: 0.634868s | 显存: 0.00 B
  t=5s - 时间: 0.708659s | 显存: 0.00 B
  t=6s - 时间: 0.784050s | 显存: 0.00 B
  t=7s - 时间: 0.857012s | 显存: 0.00 B
  t=8s - 时间: 0.941552s | 显存: 0.00 B
  t=9s - 时间: 1.025531s | 显存: 0.00 B

[19秒 PDE求解]
  t=19.0s - 时间: 1.992668s | 显存: 0.00 B

[PDE求解部分] 总时间: 2.218145s | 显存: 256.00 KB

[本步骤总计] 时间: 9.277554s | 显存: 4.12 GB
[Step 81] Backward Propagation - Time: 0.4573s, Mem: -4416135168.00 B
[Step 81] PGD Update - Time: 0.0175s, Mem: 0.00 B

[Step 81] 完整步骤总时间: 9.875197s | 总显存: 2.50 MB
[Step 81] 峰值显存: 6.42 GB

[Step 82] ============ 详细性能分析 ============
[模型部分] 总时间: 6.934590s | 显存: 4.12 GB

[0-9秒 PDE求解详细性能]
  t=0s - 时间: 0.000000s | 显存: 0.00 B
  t=1s - 时间: 0.399072s | 显存: 0.00 B
  t=2s - 时间: 0.451781s | 显存: 0.00 B
  t=3s - 时间: 0.536917s | 显存: 0.00 B
  t=4s - 时间: 0.614160s | 显存: 0.00 B
  t=5s - 时间: 0.717340s | 显存: 0.00 B
  t=6s - 时间: 0.770186s | 显存: 0.00 B
  t=7s - 时间: 0.834642s | 显存: 0.00 B
  t=8s - 时间: 0.962881s | 显存: 0.00 B
  t=9s - 时间: 1.018521s | 显存: 0.00 B

[19秒 PDE求解]
  t=19.0s - 时间: 1.990415s | 显存: 0.00 B

[PDE求解部分] 总时间: 2.143381s | 显存: 256.00 KB

[本步骤总计] 时间: 9.077971s | 显存: 4.12 GB
[Step 82] Backward Propagation - Time: 0.4634s, Mem: -4416135168.00 B
[Step 82] PGD Update - Time: 0.0235s, Mem: 0.00 B

[Step 82] 完整步骤总时间: 9.740539s | 总显存: 2.50 MB
[Step 82] 峰值显存: 6.42 GB

[Step 83] ============ 详细性能分析 ============
[模型部分] 总时间: 6.894055s | 显存: 4.12 GB

[0-9秒 PDE求解详细性能]
  t=0s - 时间: 0.000000s | 显存: 0.00 B
  t=1s - 时间: 0.433012s | 显存: 0.00 B
  t=2s - 时间: 0.467118s | 显存: 0.00 B
  t=3s - 时间: 0.543759s | 显存: 0.00 B
  t=4s - 时间: 0.633468s | 显存: 0.00 B
  t=5s - 时间: 0.702332s | 显存: 0.00 B
  t=6s - 时间: 0.771842s | 显存: 0.00 B
  t=7s - 时间: 0.852964s | 显存: 0.00 B
  t=8s - 时间: 0.940454s | 显存: 0.00 B
  t=9s - 时间: 1.007024s | 显存: 0.00 B

[19秒 PDE求解]
  t=19.0s - 时间: 1.933509s | 显存: 0.00 B

[PDE求解部分] 总时间: 2.089023s | 显存: 256.00 KB

[本步骤总计] 时间: 8.983078s | 显存: 4.12 GB
[Step 83] Backward Propagation - Time: 0.3945s, Mem: -4416135168.00 B
[Step 83] PGD Update - Time: 0.0180s, Mem: 0.00 B

[Step 83] 完整步骤总时间: 9.523362s | 总显存: 2.50 MB
[Step 83] 峰值显存: 6.43 GB

[Step 84] ============ 详细性能分析 ============
[模型部分] 总时间: 6.964278s | 显存: 4.12 GB

[0-9秒 PDE求解详细性能]
  t=0s - 时间: 0.000000s | 显存: 0.00 B
  t=1s - 时间: 0.473916s | 显存: 0.00 B
  t=2s - 时间: 0.467309s | 显存: 0.00 B
  t=3s - 时间: 0.549613s | 显存: 0.00 B
  t=4s - 时间: 0.627430s | 显存: 0.00 B
  t=5s - 时间: 0.725773s | 显存: 0.00 B
  t=6s - 时间: 0.792122s | 显存: 0.00 B
  t=7s - 时间: 0.862469s | 显存: 0.00 B
  t=8s - 时间: 0.933657s | 显存: 0.00 B
  t=9s - 时间: 1.009333s | 显存: 0.00 B

[19秒 PDE求解]
  t=19.0s - 时间: 1.970893s | 显存: 0.00 B

[PDE求解部分] 总时间: 2.134291s | 显存: 256.00 KB

[本步骤总计] 时间: 9.098569s | 显存: 4.12 GB
[Step 84] Backward Propagation - Time: 0.4473s, Mem: -4416135168.00 B
[Step 84] PGD Update - Time: 0.0167s, Mem: 0.00 B

[Step 84] 完整步骤总时间: 9.689223s | 总显存: 2.50 MB
[Step 84] 峰值显存: 6.43 GB

[Step 85] ============ 详细性能分析 ============
[模型部分] 总时间: 7.077014s | 显存: 4.12 GB

[0-9秒 PDE求解详细性能]
  t=0s - 时间: 0.000000s | 显存: 0.00 B
  t=1s - 时间: 0.402196s | 显存: 0.00 B
  t=2s - 时间: 0.472163s | 显存: 0.00 B
  t=3s - 时间: 0.564763s | 显存: 0.00 B
  t=4s - 时间: 0.615121s | 显存: 0.00 B
  t=5s - 时间: 0.697637s | 显存: 0.00 B
  t=6s - 时间: 0.782208s | 显存: 0.00 B
  t=7s - 时间: 0.856748s | 显存: 0.00 B
  t=8s - 时间: 0.920387s | 显存: 0.00 B
  t=9s - 时间: 1.047982s | 显存: 0.00 B

[19秒 PDE求解]
  t=19.0s - 时间: 1.967115s | 显存: 0.00 B

[PDE求解部分] 总时间: 2.125060s | 显存: 256.00 KB

[本步骤总计] 时间: 9.202074s | 显存: 4.12 GB
[Step 85] Backward Propagation - Time: 0.3633s, Mem: -4416135168.00 B
[Step 85] PGD Update - Time: 0.0189s, Mem: 0.00 B

[Step 85] 完整步骤总时间: 9.703033s | 总显存: 2.50 MB
[Step 85] 峰值显存: 6.43 GB

[Step 86] ============ 详细性能分析 ============
[模型部分] 总时间: 7.433494s | 显存: 4.12 GB

[0-9秒 PDE求解详细性能]
  t=0s - 时间: 0.000000s | 显存: 0.00 B
  t=1s - 时间: 0.445289s | 显存: 0.00 B
  t=2s - 时间: 0.466993s | 显存: 0.00 B
  t=3s - 时间: 0.562616s | 显存: 0.00 B
  t=4s - 时间: 0.634159s | 显存: 0.00 B
  t=5s - 时间: 0.717820s | 显存: 0.00 B
  t=6s - 时间: 0.809361s | 显存: 0.00 B
  t=7s - 时间: 0.880939s | 显存: 0.00 B
  t=8s - 时间: 0.976663s | 显存: 0.00 B
  t=9s - 时间: 1.043667s | 显存: 0.00 B

[19秒 PDE求解]
  t=19.0s - 时间: 1.955291s | 显存: 0.00 B

[PDE求解部分] 总时间: 2.127681s | 显存: 256.00 KB

[本步骤总计] 时间: 9.561175s | 显存: 4.12 GB
[Step 86] Backward Propagation - Time: 0.4442s, Mem: -4416135168.00 B
[Step 86] PGD Update - Time: 0.0279s, Mem: 0.00 B

[Step 86] 完整步骤总时间: 10.143387s | 总显存: 2.50 MB
[Step 86] 峰值显存: 6.43 GB

[Step 87] ============ 详细性能分析 ============
[模型部分] 总时间: 7.389313s | 显存: 4.12 GB

[0-9秒 PDE求解详细性能]
  t=0s - 时间: 0.000000s | 显存: 0.00 B
  t=1s - 时间: 0.425873s | 显存: 0.00 B
  t=2s - 时间: 0.460038s | 显存: 0.00 B
  t=3s - 时间: 0.512252s | 显存: 0.00 B
  t=4s - 时间: 0.605928s | 显存: 0.00 B
  t=5s - 时间: 0.715260s | 显存: 0.00 B
  t=6s - 时间: 0.768584s | 显存: 0.00 B
  t=7s - 时间: 0.852807s | 显存: 0.00 B
  t=8s - 时间: 0.947986s | 显存: 0.00 B
  t=9s - 时间: 1.026566s | 显存: 0.00 B

[19秒 PDE求解]
  t=19.0s - 时间: 1.956242s | 显存: 0.00 B

[PDE求解部分] 总时间: 2.107329s | 显存: 256.00 KB

[本步骤总计] 时间: 9.496642s | 显存: 4.12 GB
[Step 87] Backward Propagation - Time: 0.5689s, Mem: -4416135168.00 B
[Step 87] PGD Update - Time: 0.0896s, Mem: 0.00 B

[Step 87] 完整步骤总时间: 10.862363s | 总显存: 2.50 MB
[Step 87] 峰值显存: 6.44 GB

[Step 88] ============ 详细性能分析 ============
[模型部分] 总时间: 7.482597s | 显存: 4.12 GB

[0-9秒 PDE求解详细性能]
  t=0s - 时间: 0.000000s | 显存: 0.00 B
  t=1s - 时间: 0.511827s | 显存: 0.00 B
  t=2s - 时间: 0.482211s | 显存: 0.00 B
  t=3s - 时间: 0.551627s | 显存: 0.00 B
  t=4s - 时间: 0.648385s | 显存: 0.00 B
  t=5s - 时间: 0.726199s | 显存: 0.00 B
  t=6s - 时间: 0.808507s | 显存: 0.00 B
  t=7s - 时间: 0.883233s | 显存: 0.00 B
  t=8s - 时间: 0.974254s | 显存: 0.00 B
  t=9s - 时间: 1.109162s | 显存: 0.00 B

[19秒 PDE求解]
  t=19.0s - 时间: 1.969181s | 显存: 0.00 B

[PDE求解部分] 总时间: 2.128154s | 显存: 256.00 KB

[本步骤总计] 时间: 9.610751s | 显存: 4.12 GB
[Step 88] Backward Propagation - Time: 0.4952s, Mem: -4416135168.00 B
[Step 88] PGD Update - Time: 0.0174s, Mem: 0.00 B

[Step 88] 完整步骤总时间: 10.277169s | 总显存: 2.50 MB
[Step 88] 峰值显存: 6.44 GB

[Step 89] ============ 详细性能分析 ============
[模型部分] 总时间: 7.900322s | 显存: 4.12 GB

[0-9秒 PDE求解详细性能]
  t=0s - 时间: 0.000000s | 显存: 0.00 B
  t=1s - 时间: 0.627410s | 显存: 0.00 B
  t=2s - 时间: 0.454859s | 显存: 0.00 B
  t=3s - 时间: 0.547798s | 显存: 0.00 B
  t=4s - 时间: 0.816574s | 显存: 0.00 B
  t=5s - 时间: 0.712847s | 显存: 0.00 B
  t=6s - 时间: 0.787962s | 显存: 0.00 B
  t=7s - 时间: 0.872364s | 显存: 0.00 B
  t=8s - 时间: 0.949391s | 显存: 0.00 B
  t=9s - 时间: 1.025768s | 显存: 0.00 B

[19秒 PDE求解]
  t=19.0s - 时间: 1.952299s | 显存: 0.00 B

[PDE求解部分] 总时间: 2.109617s | 显存: 256.00 KB

[本步骤总计] 时间: 10.009938s | 显存: 4.12 GB
[Step 89] Backward Propagation - Time: 0.4999s, Mem: -4416135168.00 B
[Step 89] PGD Update - Time: 0.0178s, Mem: 0.00 B

[Step 89] 完整步骤总时间: 10.643551s | 总显存: 2.50 MB
[Step 89] 峰值显存: 6.44 GB

[Step 90] ============ 详细性能分析 ============
[模型部分] 总时间: 6.866238s | 显存: 4.12 GB

[0-9秒 PDE求解详细性能]
  t=0s - 时间: 0.000000s | 显存: 0.00 B
  t=1s - 时间: 0.424301s | 显存: 0.00 B
  t=2s - 时间: 0.479683s | 显存: 0.00 B
  t=3s - 时间: 0.542732s | 显存: 0.00 B
  t=4s - 时间: 0.619282s | 显存: 0.00 B
  t=5s - 时间: 0.703483s | 显存: 0.00 B
  t=6s - 时间: 0.776550s | 显存: 0.00 B
  t=7s - 时间: 0.852672s | 显存: 0.00 B
  t=8s - 时间: 0.919970s | 显存: 0.00 B
  t=9s - 时间: 1.016268s | 显存: 0.00 B

[19秒 PDE求解]
  t=19.0s - 时间: 1.984872s | 显存: 0.00 B

[PDE求解部分] 总时间: 2.129367s | 显存: 256.00 KB

[本步骤总计] 时间: 8.995605s | 显存: 4.12 GB
[Step 90] Backward Propagation - Time: 1.9627s, Mem: -4416135168.00 B
[Step 90] PGD Update - Time: 0.0240s, Mem: 0.00 B

[Step 90] 完整步骤总时间: 11.173743s | 总显存: 2.50 MB
[Step 90] 峰值显存: 6.44 GB

[Step 91] ============ 详细性能分析 ============
[模型部分] 总时间: 7.271855s | 显存: 4.12 GB

[0-9秒 PDE求解详细性能]
  t=0s - 时间: 0.000000s | 显存: 0.00 B
  t=1s - 时间: 0.473430s | 显存: 0.00 B
  t=2s - 时间: 0.463325s | 显存: 0.00 B
  t=3s - 时间: 0.525632s | 显存: 0.00 B
  t=4s - 时间: 0.645570s | 显存: 0.00 B
  t=5s - 时间: 0.708017s | 显存: 0.00 B
  t=6s - 时间: 0.806693s | 显存: 0.00 B
  t=7s - 时间: 0.898587s | 显存: 0.00 B
  t=8s - 时间: 0.936242s | 显存: 0.00 B
  t=9s - 时间: 1.042678s | 显存: 0.00 B

[19秒 PDE求解]
  t=19.0s - 时间: 2.368155s | 显存: 0.00 B

[PDE求解部分] 总时间: 2.525573s | 显存: 256.00 KB

[本步骤总计] 时间: 9.797427s | 显存: 4.12 GB
[Step 91] Backward Propagation - Time: 0.4281s, Mem: -4416135168.00 B
[Step 91] PGD Update - Time: 0.0185s, Mem: 0.00 B

[Step 91] 完整步骤总时间: 10.369848s | 总显存: 2.50 MB
[Step 91] 峰值显存: 6.45 GB

[Step 92] ============ 详细性能分析 ============
[模型部分] 总时间: 7.135568s | 显存: 4.12 GB

[0-9秒 PDE求解详细性能]
  t=0s - 时间: 0.000000s | 显存: 0.00 B
  t=1s - 时间: 0.465720s | 显存: 0.00 B
  t=2s - 时间: 0.463410s | 显存: 0.00 B
  t=3s - 时间: 0.542529s | 显存: 0.00 B
  t=4s - 时间: 0.621394s | 显存: 0.00 B
  t=5s - 时间: 0.709021s | 显存: 0.00 B
  t=6s - 时间: 0.783001s | 显存: 0.00 B
  t=7s - 时间: 0.859422s | 显存: 0.00 B
  t=8s - 时间: 0.956505s | 显存: 0.00 B
  t=9s - 时间: 1.031838s | 显存: 0.00 B

[19秒 PDE求解]
  t=19.0s - 时间: 2.041005s | 显存: 0.00 B

[PDE求解部分] 总时间: 2.187257s | 显存: 256.00 KB

[本步骤总计] 时间: 9.322825s | 显存: 4.12 GB
[Step 92] Backward Propagation - Time: 1.1875s, Mem: -4416135168.00 B
[Step 92] PGD Update - Time: 0.0545s, Mem: 0.00 B

[Step 92] 完整步骤总时间: 12.345777s | 总显存: 2.50 MB
[Step 92] 峰值显存: 6.45 GB

[Step 93] ============ 详细性能分析 ============
[模型部分] 总时间: 7.354463s | 显存: 4.12 GB

[0-9秒 PDE求解详细性能]
  t=0s - 时间: 0.000000s | 显存: 0.00 B
  t=1s - 时间: 0.820908s | 显存: 0.00 B
  t=2s - 时间: 0.462370s | 显存: 0.00 B
  t=3s - 时间: 0.536261s | 显存: 0.00 B
  t=4s - 时间: 0.647775s | 显存: 0.00 B
  t=5s - 时间: 0.719921s | 显存: 0.00 B
  t=6s - 时间: 0.800430s | 显存: 0.00 B
  t=7s - 时间: 0.874499s | 显存: 0.00 B
  t=8s - 时间: 0.930947s | 显存: 0.00 B
  t=9s - 时间: 1.029169s | 显存: 0.00 B

[19秒 PDE求解]
  t=19.0s - 时间: 1.921251s | 显存: 0.00 B

[PDE求解部分] 总时间: 2.081761s | 显存: 256.00 KB

[本步骤总计] 时间: 9.436224s | 显存: 4.12 GB
[Step 93] Backward Propagation - Time: 0.5178s, Mem: -4416135168.00 B
[Step 93] PGD Update - Time: 0.0194s, Mem: 0.00 B

[Step 93] 完整步骤总时间: 10.095138s | 总显存: 2.50 MB
[Step 93] 峰值显存: 6.45 GB

[Step 94] ============ 详细性能分析 ============
[模型部分] 总时间: 7.250547s | 显存: 4.12 GB

[0-9秒 PDE求解详细性能]
  t=0s - 时间: 0.000000s | 显存: 0.00 B
  t=1s - 时间: 0.446095s | 显存: 0.00 B
  t=2s - 时间: 0.450544s | 显存: 0.00 B
  t=3s - 时间: 0.521859s | 显存: 0.00 B
  t=4s - 时间: 0.723614s | 显存: 0.00 B
  t=5s - 时间: 0.726321s | 显存: 0.00 B
  t=6s - 时间: 0.792327s | 显存: 0.00 B
  t=7s - 时间: 0.858344s | 显存: 0.00 B
  t=8s - 时间: 0.921114s | 显存: 0.00 B
  t=9s - 时间: 1.010710s | 显存: 0.00 B

[19秒 PDE求解]
  t=19.0s - 时间: 1.953390s | 显存: 0.00 B

[PDE求解部分] 总时间: 2.118965s | 显存: 256.00 KB

[本步骤总计] 时间: 9.369512s | 显存: 4.12 GB
[Step 94] Backward Propagation - Time: 2.5518s, Mem: -4416135168.00 B
[Step 94] PGD Update - Time: 0.0209s, Mem: 0.00 B

[Step 94] 完整步骤总时间: 12.082179s | 总显存: 2.50 MB
[Step 94] 峰值显存: 6.45 GB

[Step 95] ============ 详细性能分析 ============
[模型部分] 总时间: 13.297303s | 显存: 4.12 GB

[0-9秒 PDE求解详细性能]
  t=0s - 时间: 0.000000s | 显存: 0.00 B
  t=1s - 时间: 0.461110s | 显存: 0.00 B
  t=2s - 时间: 0.448132s | 显存: 0.00 B
  t=3s - 时间: 0.635849s | 显存: 0.00 B
  t=4s - 时间: 0.670263s | 显存: 0.00 B
  t=5s - 时间: 0.769535s | 显存: 0.00 B
  t=6s - 时间: 0.865080s | 显存: 0.00 B
  t=7s - 时间: 0.851824s | 显存: 0.00 B
  t=8s - 时间: 0.935670s | 显存: 0.00 B
  t=9s - 时间: 1.013355s | 显存: 0.00 B

[19秒 PDE求解]
  t=19.0s - 时间: 2.123479s | 显存: 0.00 B

[PDE求解部分] 总时间: 2.297904s | 显存: 256.00 KB

[本步骤总计] 时间: 15.595206s | 显存: 4.12 GB
[Step 95] Backward Propagation - Time: 0.4260s, Mem: -4416135168.00 B
[Step 95] PGD Update - Time: 0.0203s, Mem: 0.00 B

[Step 95] 完整步骤总时间: 16.178118s | 总显存: 2.50 MB
[Step 95] 峰值显存: 6.46 GB

[Step 96] ============ 详细性能分析 ============
[模型部分] 总时间: 7.221567s | 显存: 4.12 GB

[0-9秒 PDE求解详细性能]
  t=0s - 时间: 0.000000s | 显存: 0.00 B
  t=1s - 时间: 0.459338s | 显存: 0.00 B
  t=2s - 时间: 0.468568s | 显存: 0.00 B
  t=3s - 时间: 0.551567s | 显存: 0.00 B
  t=4s - 时间: 0.664251s | 显存: 0.00 B
  t=5s - 时间: 0.735819s | 显存: 0.00 B
  t=6s - 时间: 0.798918s | 显存: 0.00 B
  t=7s - 时间: 0.843797s | 显存: 0.00 B
  t=8s - 时间: 0.950559s | 显存: 0.00 B
  t=9s - 时间: 1.046803s | 显存: 0.00 B

[19秒 PDE求解]
  t=19.0s - 时间: 2.058644s | 显存: 0.00 B

[PDE求解部分] 总时间: 2.220772s | 显存: 256.00 KB

[本步骤总计] 时间: 9.442338s | 显存: 4.12 GB
[Step 96] Backward Propagation - Time: 0.4338s, Mem: -4416135168.00 B
[Step 96] PGD Update - Time: 0.0167s, Mem: 0.00 B

[Step 96] 完整步骤总时间: 10.016522s | 总显存: 2.50 MB
[Step 96] 峰值显存: 6.46 GB

[Step 97] ============ 详细性能分析 ============
[模型部分] 总时间: 6.924692s | 显存: 4.12 GB

[0-9秒 PDE求解详细性能]
  t=0s - 时间: 0.000000s | 显存: 0.00 B
  t=1s - 时间: 0.431860s | 显存: 0.00 B
  t=2s - 时间: 0.456657s | 显存: 0.00 B
  t=3s - 时间: 0.540157s | 显存: 0.00 B
  t=4s - 时间: 0.617481s | 显存: 0.00 B
  t=5s - 时间: 0.689106s | 显存: 0.00 B
  t=6s - 时间: 0.793133s | 显存: 0.00 B
  t=7s - 时间: 0.867594s | 显存: 0.00 B
  t=8s - 时间: 0.960247s | 显存: 0.00 B
  t=9s - 时间: 1.036867s | 显存: 0.00 B

[19秒 PDE求解]
  t=19.0s - 时间: 1.996396s | 显存: 0.00 B

[PDE求解部分] 总时间: 2.167804s | 显存: 256.00 KB

[本步骤总计] 时间: 9.092495s | 显存: 4.12 GB
[Step 97] Backward Propagation - Time: 0.4214s, Mem: -4416135168.00 B
[Step 97] PGD Update - Time: 0.0158s, Mem: 0.00 B

[Step 97] 完整步骤总时间: 9.653667s | 总显存: 2.50 MB
[Step 97] 峰值显存: 6.46 GB

[Step 98] ============ 详细性能分析 ============
[模型部分] 总时间: 7.153851s | 显存: 4.12 GB

[0-9秒 PDE求解详细性能]
  t=0s - 时间: 0.000000s | 显存: 0.00 B
  t=1s - 时间: 0.425179s | 显存: 0.00 B
  t=2s - 时间: 0.467037s | 显存: 0.00 B
  t=3s - 时间: 0.534744s | 显存: 0.00 B
  t=4s - 时间: 0.667773s | 显存: 0.00 B
  t=5s - 时间: 0.698014s | 显存: 0.00 B
  t=6s - 时间: 0.766716s | 显存: 0.00 B
  t=7s - 时间: 0.835334s | 显存: 0.00 B
  t=8s - 时间: 0.940443s | 显存: 0.00 B
  t=9s - 时间: 1.011238s | 显存: 0.00 B

[19秒 PDE求解]
  t=19.0s - 时间: 1.984916s | 显存: 0.00 B

[PDE求解部分] 总时间: 2.355550s | 显存: 256.00 KB

[本步骤总计] 时间: 9.509402s | 显存: 4.12 GB
[Step 98] Backward Propagation - Time: 1.2979s, Mem: -4416135168.00 B
[Step 98] PGD Update - Time: 0.0243s, Mem: 0.00 B

[Step 98] 完整步骤总时间: 11.063054s | 总显存: 2.50 MB
[Step 98] 峰值显存: 6.46 GB

[Step 99] ============ 详细性能分析 ============
[模型部分] 总时间: 7.140055s | 显存: 4.12 GB

[0-9秒 PDE求解详细性能]
  t=0s - 时间: 0.000000s | 显存: 0.00 B
  t=1s - 时间: 0.494360s | 显存: 0.00 B
  t=2s - 时间: 0.466404s | 显存: 0.00 B
  t=3s - 时间: 0.559378s | 显存: 0.00 B
  t=4s - 时间: 0.632305s | 显存: 0.00 B
  t=5s - 时间: 0.715274s | 显存: 0.00 B
  t=6s - 时间: 0.795387s | 显存: 0.00 B
  t=7s - 时间: 0.840776s | 显存: 0.00 B
  t=8s - 时间: 0.932749s | 显存: 0.00 B
  t=9s - 时间: 1.044272s | 显存: 0.00 B

[19秒 PDE求解]
  t=19.0s - 时间: 1.951211s | 显存: 0.00 B

[PDE求解部分] 总时间: 2.118717s | 显存: 256.00 KB

[本步骤总计] 时间: 9.258772s | 显存: 4.12 GB
[Step 99] Backward Propagation - Time: 0.6769s, Mem: -4416135168.00 B
[Step 99] PGD Update - Time: 0.0190s, Mem: 0.00 B

[Step 99] 完整步骤总时间: 10.103097s | 总显存: 2.50 MB
[Step 99] 峰值显存: 6.47 GB
PGD攻击完成！对抗样本已保存
