c0900a-s5.ufhpc
Wed Jul  2 05:04:26 AM EDT 2025
/blue/shiboli.fsu/yifeisun.umich/adversarial_robustness_FNO/2D_NS

======================================== 环境诊断 ========================================

[PyTorch]
Version: 2.7.0+cu128
CUDA Available: True
CUDA Version: 12.8
cuDNN Version: 90800
Current Device: 0
Device Name: NVIDIA B200
Device Memory: 178.36 GB

[JAX]
JAX Version: 0.6.0
JAXlib Version: 0.6.0
JAX Backend: gpu
JAX Devices Error: module 'jax.lib.xla_bridge' has no attribute 'devices'

[CUDA/cuDNN System Info]
nvcc not found

[GPU Details]
Device 0: NVIDIA B200
  Compute Capability: 10.0
  Total Memory: 178.36 GB
  Multiprocessors: 148
GPU Details Error: 'torch._C._CudaDeviceProperties' object has no attribute 'max_threads_per_block'

[Compatibility Warnings]
======================================== 诊断结束 ========================================

================================================================================
norm: 2, epsilon: 32768.0, alpha: 10.0, num_steps: 100
x_adv.shape:  torch.Size([256, 256])

[Step 0] ============ 详细性能分析 ============
[模型部分] 总时间: 42.699814s | 显存: 4.12 GB

[0-9秒 PDE求解详细性能]
  t=0s - 时间: 0.000000s | 显存: 0.00 B
  t=1s - 时间: 23.156029s | 显存: 0.00 B
  t=2s - 时间: 0.477276s | 显存: 0.00 B
  t=3s - 时间: 0.537022s | 显存: 0.00 B
  t=4s - 时间: 0.623067s | 显存: 0.00 B
  t=5s - 时间: 0.697080s | 显存: 0.00 B
  t=6s - 时间: 0.772308s | 显存: 0.00 B
  t=7s - 时间: 0.854223s | 显存: 0.00 B
  t=8s - 时间: 0.955454s | 显存: 0.00 B
  t=9s - 时间: 1.037096s | 显存: 0.00 B

[19秒 PDE求解]
  t=19.0s - 时间: 1.848550s | 显存: 0.00 B

[PDE求解部分] 总时间: 1.848757s | 显存: 0.00 B

[本步骤总计] 时间: 44.548571s | 显存: 4.12 GB
orginal_loss:  tensor(2874.2017, device='cuda:0', grad_fn=<MseLossBackward0>)
[Step 0] Backward Propagation - Time: 25.3892s, Mem: -4405592064.00 B
x_adv.requires_grad:  True
pred_19.requires_grad, true_19.requires_grad:  True True
Autograd grad max:  tensor(5.5374, device='cuda:0')
Autograd grad min:  tensor(-6.3897, device='cuda:0')
Autograd grad mean:  tensor(0.2062, device='cuda:0')
[Step 0] PGD Update - Time: 0.7465s, Mem: 513.00 KB

[Step 0] 完整步骤总时间: 76.848518s | 总显存: 20.41 MB
[Step 0] 峰值显存: 6.21 GB

[Step 1] ============ 详细性能分析 ============
[模型部分] 总时间: 6.197550s | 显存: 4.12 GB

[0-9秒 PDE求解详细性能]
  t=0s - 时间: 0.000000s | 显存: 0.00 B
  t=1s - 时间: 0.437932s | 显存: 0.00 B
  t=2s - 时间: 0.449297s | 显存: 0.00 B
  t=3s - 时间: 0.535685s | 显存: 0.00 B
  t=4s - 时间: 0.599042s | 显存: 0.00 B
  t=5s - 时间: 0.669243s | 显存: 0.00 B
  t=6s - 时间: 0.750595s | 显存: 0.00 B
  t=7s - 时间: 0.828817s | 显存: 0.00 B
  t=8s - 时间: 0.909449s | 显存: 0.00 B
  t=9s - 时间: 0.996574s | 显存: 0.00 B

[19秒 PDE求解]
  t=19.0s - 时间: 1.765540s | 显存: 0.00 B

[PDE求解部分] 总时间: 1.765823s | 显存: 0.00 B

[本步骤总计] 时间: 7.963373s | 显存: 4.12 GB
orginal_loss:  tensor(4949.1328, device='cuda:0', grad_fn=<MseLossBackward0>)
[Step 1] Backward Propagation - Time: 20.8051s, Mem: -4414291968.00 B
x_adv.requires_grad:  True
pred_19.requires_grad, true_19.requires_grad:  True True
Autograd grad max:  tensor(10.5289, device='cuda:0')
Autograd grad min:  tensor(-11.8225, device='cuda:0')
Autograd grad mean:  tensor(0.3388, device='cuda:0')
[Step 1] PGD Update - Time: 0.0011s, Mem: 0.00 B

[Step 1] 完整步骤总时间: 28.804927s | 总显存: -524288.00 B
[Step 1] 峰值显存: 6.22 GB

[Step 2] ============ 详细性能分析 ============
[模型部分] 总时间: 6.290370s | 显存: 4.12 GB

[0-9秒 PDE求解详细性能]
  t=0s - 时间: 0.000000s | 显存: 0.00 B
  t=1s - 时间: 0.370301s | 显存: 0.00 B
  t=2s - 时间: 0.436206s | 显存: 0.00 B
  t=3s - 时间: 0.545226s | 显存: 0.00 B
  t=4s - 时间: 0.603347s | 显存: 0.00 B
  t=5s - 时间: 0.691818s | 显存: 0.00 B
  t=6s - 时间: 0.770702s | 显存: 0.00 B
  t=7s - 时间: 0.879751s | 显存: 0.00 B
  t=8s - 时间: 0.948992s | 显存: 0.00 B
  t=9s - 时间: 1.023345s | 显存: 0.00 B

[19秒 PDE求解]
  t=19.0s - 时间: 1.813565s | 显存: 0.00 B

[PDE求解部分] 总时间: 1.813821s | 显存: 0.00 B

[本步骤总计] 时间: 8.104191s | 显存: 4.12 GB
orginal_loss:  tensor(11502.4004, device='cuda:0', grad_fn=<MseLossBackward0>)
[Step 2] Backward Propagation - Time: 20.5352s, Mem: -4416135168.00 B
x_adv.requires_grad:  True
pred_19.requires_grad, true_19.requires_grad:  True True
Autograd grad max:  tensor(25.2945, device='cuda:0')
Autograd grad min:  tensor(-21.7469, device='cuda:0')
Autograd grad mean:  tensor(0.6615, device='cuda:0')
[Step 2] PGD Update - Time: 0.0011s, Mem: 0.00 B

[Step 2] 完整步骤总时间: 28.645078s | 总显存: 0.00 B
[Step 2] 峰值显存: 6.22 GB

[Step 3] ============ 详细性能分析 ============
[模型部分] 总时间: 6.267720s | 显存: 4.12 GB

[0-9秒 PDE求解详细性能]
  t=0s - 时间: 0.000000s | 显存: 0.00 B
  t=1s - 时间: 0.376885s | 显存: 0.00 B
  t=2s - 时间: 0.432696s | 显存: 0.00 B
  t=3s - 时间: 0.523263s | 显存: 0.00 B
  t=4s - 时间: 0.600312s | 显存: 0.00 B
  t=5s - 时间: 0.671341s | 显存: 0.00 B
  t=6s - 时间: 0.822045s | 显存: 0.00 B
  t=7s - 时间: 0.862465s | 显存: 0.00 B
  t=8s - 时间: 0.932831s | 显存: 0.00 B
  t=9s - 时间: 1.025086s | 显存: 0.00 B

[19秒 PDE求解]
  t=19.0s - 时间: 1.816658s | 显存: 0.00 B

[PDE求解部分] 总时间: 1.816903s | 显存: 0.00 B

[本步骤总计] 时间: 8.084622s | 显存: 4.12 GB
orginal_loss:  tensor(20560.0234, device='cuda:0', grad_fn=<MseLossBackward0>)
