/blue/shiboli.fsu/yifeisun.umich/adversarial_robustness_FNO/2D_NS/./perturbation_methods/PGD_attack_with_solver.py:49: DeprecationWarning: jax.lib.xla_bridge.get_backend is deprecated; use jax.extend.backend.get_backend.
  print(f"JAX Backend: {jax.lib.xla_bridge.get_backend().platform}")
/blue/shiboli.fsu/yifeisun.umich/adversarial_robustness_FNO/2D_NS/./perturbation_methods/PGD_attack_with_solver.py:90: UserWarning: Could not check cuDNN version compatibility
  warnings.warn("Could not check cuDNN version compatibility")
/blue/shiboli.fsu/yifeisun.umich/adversarial_robustness_FNO/2D_NS/./perturbation_methods/PGD_attack_with_solver.py:140: DeprecationWarning: Calling from_dlpack with a DLPack tensor is deprecated. The argument to from_dlpack should be an array from another framework that implements the __dlpack__ protocol.
  a_jax = jax.dlpack.from_dlpack(a_dlpack)
/blue/shiboli.fsu/yifeisun.umich/adversarial_robustness_FNO/2D_NS/./perturbation_methods/PGD_attack_with_solver.py:144: DeprecationWarning: jax.dlpack.to_dlpack was deprecated in JAX v0.6.0 and will be removed in JAX v0.7.0. Please use the newer DLPack API based on __dlpack__ and __dlpack_device__ instead. Typically, you can pass a JAX array directly to the `from_dlpack` function of another framework without using `to_dlpack`.
  out_dlpack = jax.dlpack.to_dlpack(g_output_jax)
/blue/shiboli.fsu/yifeisun.umich/adversarial_robustness_FNO/2D_NS/./perturbation_methods/PGD_attack_with_solver.py:153: UserWarning: GPU transfer failed, fallback to CPU: Argument to to_dlpack must be a jax.Array, got <class 'numpy.ndarray'>
  warnings.warn(f"GPU transfer failed, fallback to CPU: {str(e)}")
Traceback (most recent call last):
  File "/blue/shiboli.fsu/yifeisun.umich/adversarial_robustness_FNO/2D_NS/./perturbation_methods/PGD_attack_with_solver.py", line 673, in <module>
    adversarial_x0 = attack_system.pgd_attack(
  File "/blue/shiboli.fsu/yifeisun.umich/adversarial_robustness_FNO/2D_NS/./perturbation_methods/PGD_attack_with_solver.py", line 502, in pgd_attack
    loss.backward()
  File "/blue/shiboli.fsu/yifeisun.umich/.conda/envs/adv_robust/lib/python3.10/site-packages/torch/_tensor.py", line 648, in backward
    torch.autograd.backward(
  File "/blue/shiboli.fsu/yifeisun.umich/.conda/envs/adv_robust/lib/python3.10/site-packages/torch/autograd/__init__.py", line 353, in backward
    _engine_run_backward(
  File "/blue/shiboli.fsu/yifeisun.umich/.conda/envs/adv_robust/lib/python3.10/site-packages/torch/autograd/graph.py", line 824, in _engine_run_backward
    return Variable._execution_engine.run_backward(  # Calls into the C++ engine to run the backward pass
  File "/blue/shiboli.fsu/yifeisun.umich/.conda/envs/adv_robust/lib/python3.10/site-packages/torch/autograd/function.py", line 307, in apply
    return user_fn(self, *args)
  File "/blue/shiboli.fsu/yifeisun.umich/adversarial_robustness_FNO/2D_NS/./perturbation_methods/PGD_attack_with_solver.py", line 162, in backward
    a_torch, = ctx.saved_tensors
ValueError: not enough values to unpack (expected 1, got 0)
