c0904a-s25.ufhpc
Tue Jul  1 10:21:57 PM EDT 2025
/blue/shiboli.fsu/yifeisun.umich/adversarial_robustness_FNO/2D_NS

======================================== 环境诊断 ========================================

[PyTorch]
Version: 2.7.0+cu128
CUDA Available: True
CUDA Version: 12.8
cuDNN Version: 90800
Current Device: 0
Device Name: NVIDIA B200
Device Memory: 178.36 GB

[JAX]
JAX Version: 0.6.0
JAXlib Version: 0.6.0
JAX Backend: gpu
JAX Devices Error: module 'jax.lib.xla_bridge' has no attribute 'devices'

[CUDA/cuDNN System Info]
nvcc not found

[GPU Details]
Device 0: NVIDIA B200
  Compute Capability: 10.0
  Total Memory: 178.36 GB
  Multiprocessors: 148
GPU Details Error: 'torch._C._CudaDeviceProperties' object has no attribute 'max_threads_per_block'

[Compatibility Warnings]
======================================== 诊断结束 ========================================

Model device: cuda:0
Input device: cuda:0
================================================================
epsilon:  0.1 ,  alpha:  0.05 ,  num_steps:  2
x_adv.shape:  torch.Size([256, 256])

[Step 0] ============ 详细性能分析 ============
[模型部分] 总时间: 78.125029s | 显存: 4.12 GB

[0-9秒 PDE求解详细性能]
  t=0s - 时间: 0.000000s | 显存: 0.00 B
  t=1s - 时间: 44.909191s | 显存: 0.00 B
  t=2s - 时间: 0.522311s | 显存: 0.00 B
  t=3s - 时间: 0.603854s | 显存: 0.00 B
  t=4s - 时间: 0.682642s | 显存: 0.00 B
  t=5s - 时间: 0.770249s | 显存: 0.00 B
  t=6s - 时间: 0.850040s | 显存: 0.00 B
  t=7s - 时间: 0.925537s | 显存: 0.00 B
  t=8s - 时间: 1.017680s | 显存: 0.00 B
  t=9s - 时间: 1.101821s | 显存: 0.00 B

[19秒 PDE求解]
  t=19.0s - 时间: 1.921395s | 显存: 0.00 B

[PDE求解部分] 总时间: 1.921644s | 显存: 0.00 B

[本步骤总计] 时间: 80.046673s | 显存: 4.12 GB
