/blue/shiboli.fsu/yifeisun.umich/adversarial_robustness_FNO/2D_NS/./perturbation_methods/PGD_attack_with_solver.py:49: DeprecationWarning: jax.lib.xla_bridge.get_backend is deprecated; use jax.extend.backend.get_backend.
  print(f"JAX Backend: {jax.lib.xla_bridge.get_backend().platform}")
/blue/shiboli.fsu/yifeisun.umich/adversarial_robustness_FNO/2D_NS/./perturbation_methods/PGD_attack_with_solver.py:90: UserWarning: Could not check cuDNN version compatibility
  warnings.warn("Could not check cuDNN version compatibility")
/blue/shiboli.fsu/yifeisun.umich/adversarial_robustness_FNO/2D_NS/./perturbation_methods/PGD_attack_with_solver.py:137: DeprecationWarning: Calling from_dlpack with a DLPack tensor is deprecated. The argument to from_dlpack should be an array from another framework that implements the __dlpack__ protocol.
  a_jax = jax.dlpack.from_dlpack(a_dlpack)
/blue/shiboli.fsu/yifeisun.umich/adversarial_robustness_FNO/2D_NS/./perturbation_methods/PGD_attack_with_solver.py:141: DeprecationWarning: jax.dlpack.to_dlpack was deprecated in JAX v0.6.0 and will be removed in JAX v0.7.0. Please use the newer DLPack API based on __dlpack__ and __dlpack_device__ instead. Typically, you can pass a JAX array directly to the `from_dlpack` function of another framework without using `to_dlpack`.
  out_dlpack = jax.dlpack.to_dlpack(g_output_jax)
/blue/shiboli.fsu/yifeisun.umich/adversarial_robustness_FNO/2D_NS/./perturbation_methods/PGD_attack_with_solver.py:165: DeprecationWarning: Calling from_dlpack with a DLPack tensor is deprecated. The argument to from_dlpack should be an array from another framework that implements the __dlpack__ protocol.
  grad_jax = jax.dlpack.from_dlpack(grad_dlpack)
/blue/shiboli.fsu/yifeisun.umich/adversarial_robustness_FNO/2D_NS/./perturbation_methods/PGD_attack_with_solver.py:168: DeprecationWarning: Calling from_dlpack with a DLPack tensor is deprecated. The argument to from_dlpack should be an array from another framework that implements the __dlpack__ protocol.
  a_jax = jax.dlpack.from_dlpack(a_dlpack)
jax.errors.SimplifiedTraceback: For simplicity, JAX has removed its internal frames from the traceback of the following exception. Set JAX_TRACEBACK_FILTERING=off to include these.

The above exception was the direct cause of the following exception:

Traceback (most recent call last):
  File "/blue/shiboli.fsu/yifeisun.umich/adversarial_robustness_FNO/2D_NS/./perturbation_methods/PGD_attack_with_solver.py", line 653, in <module>
    adversarial_x0 = attack_system.pgd_attack(
  File "/blue/shiboli.fsu/yifeisun.umich/adversarial_robustness_FNO/2D_NS/./perturbation_methods/PGD_attack_with_solver.py", line 482, in pgd_attack
    loss.backward()
  File "/blue/shiboli.fsu/yifeisun.umich/.conda/envs/adv_robust/lib/python3.10/site-packages/torch/_tensor.py", line 648, in backward
    torch.autograd.backward(
  File "/blue/shiboli.fsu/yifeisun.umich/.conda/envs/adv_robust/lib/python3.10/site-packages/torch/autograd/__init__.py", line 353, in backward
    _engine_run_backward(
  File "/blue/shiboli.fsu/yifeisun.umich/.conda/envs/adv_robust/lib/python3.10/site-packages/torch/autograd/graph.py", line 824, in _engine_run_backward
    return Variable._execution_engine.run_backward(  # Calls into the C++ engine to run the backward pass
  File "/blue/shiboli.fsu/yifeisun.umich/.conda/envs/adv_robust/lib/python3.10/site-packages/torch/autograd/function.py", line 307, in apply
    return user_fn(self, *args)
  File "/blue/shiboli.fsu/yifeisun.umich/adversarial_robustness_FNO/2D_NS/./perturbation_methods/PGD_attack_with_solver.py", line 171, in backward
    grad_input_jax, = jitted_vjp(a_jax, grad_jax)
  File "/blue/shiboli.fsu/yifeisun.umich/adversarial_robustness_FNO/2D_NS/./perturbation_methods/PGD_attack_with_solver.py", line 157, in jax_vjp
    _, vjp_fn = jax.vjp(g, a_jax)
  File "/blue/shiboli.fsu/yifeisun.umich/adversarial_robustness_FNO/2D_NS/./perturbation_methods/PGD_attack_with_solver.py", line 232, in solver_func
    return generate_single_timestep_solution(a, self.nu, target_time)
  File "/blue/shiboli.fsu/yifeisun.umich/adversarial_robustness_FNO/2D_NS/./perturbation_methods/PGD_attack_with_solver.py", line 203, in generate_single_timestep_solution
    if not jnp.all(jnp.isfinite(final_state)):
jax.errors.TracerBoolConversionError: Attempted boolean conversion of traced array with shape bool[].
The error occurred while tracing the function jax_vjp at /blue/shiboli.fsu/yifeisun.umich/adversarial_robustness_FNO/2D_NS/./perturbation_methods/PGD_attack_with_solver.py:156 for jit. This concrete value was not available in Python because it depends on the value of the argument a_jax.
See https://docs.jax.dev/en/latest/errors.html#jax.errors.TracerBoolConversionError
