c0900a-s15.ufhpc
Tue Jul  1 11:04:32 AM EDT 2025
/blue/shiboli.fsu/yifeisun.umich/adversarial_robustness_FNO/2D_NS
Model device: cuda:0
Input device: cuda:0
================================================================
epsilon:  0.1 ,  alpha:  0.05 ,  num_steps:  2

[Step 0] ============ 详细性能分析 ============
[模型部分] 总时间: 117.802301s | 显存: 4.13 GB

[0-9秒 PDE求解详细性能]
  t=0s - 时间: 0.000000s | 显存: 0.00 B
  t=1s - 时间: 74.218346s | 显存: 0.00 B
  t=2s - 时间: 0.491727s | 显存: 0.00 B
  t=3s - 时间: 0.587192s | 显存: 0.00 B
  t=4s - 时间: 0.664639s | 显存: 0.00 B
  t=5s - 时间: 0.716349s | 显存: 0.00 B
  t=6s - 时间: 0.804609s | 显存: 0.00 B
  t=7s - 时间: 0.895560s | 显存: 0.00 B
  t=8s - 时间: 0.980764s | 显存: 0.00 B
  t=9s - 时间: 1.053995s | 显存: 0.00 B

[19秒 PDE求解]
  t=19.0s - 时间: 1.868054s | 显存: 0.00 B

[PDE求解部分] 总时间: 1.871339s | 显存: 256.00 KB

[本步骤总计] 时间: 119.673640s | 显存: 4.13 GB
[Step 0] Backward Propagation - Time: 10.1240s, Mem: -4405329920.00 B
