Traceback (most recent call last):
  File "/blue/shiboli.fsu/yifeisun.umich/adversarial_robustness_FNO/2D_NS/./perturbation_methods/PGD_attack_with_solver.py", line 598, in <module>
    adversarial_x0 = attack_system.pgd_attack(
  File "/blue/shiboli.fsu/yifeisun.umich/adversarial_robustness_FNO/2D_NS/./perturbation_methods/PGD_attack_with_solver.py", line 486, in pgd_attack
    pred_minus, true_minus = self.forward(x_adv_perturbed)  # 重新计算true_19
  File "/blue/shiboli.fsu/yifeisun.umich/adversarial_robustness_FNO/2D_NS/./perturbation_methods/PGD_attack_with_solver.py", line 339, in forward
    predictions = self.recurrent_model(input_batch)
  File "/blue/shiboli.fsu/yifeisun.umich/.conda/envs/adv_robust/lib/python3.10/site-packages/torch/nn/modules/module.py", line 1751, in _wrapped_call_impl
    return self._call_impl(*args, **kwargs)
  File "/blue/shiboli.fsu/yifeisun.umich/.conda/envs/adv_robust/lib/python3.10/site-packages/torch/nn/modules/module.py", line 1762, in _call_impl
    return forward_call(*args, **kwargs)
  File "/blue/shiboli.fsu/yifeisun.umich/adversarial_robustness_FNO/2D_NS/models/FNO2d.py", line 114, in forward
    y_pred = self.model(x)  # 预测后面1帧，形状(batch, s, s, step)
  File "/blue/shiboli.fsu/yifeisun.umich/.conda/envs/adv_robust/lib/python3.10/site-packages/torch/nn/modules/module.py", line 1751, in _wrapped_call_impl
    return self._call_impl(*args, **kwargs)
  File "/blue/shiboli.fsu/yifeisun.umich/.conda/envs/adv_robust/lib/python3.10/site-packages/torch/nn/modules/module.py", line 1762, in _call_impl
    return forward_call(*args, **kwargs)
  File "/blue/shiboli.fsu/yifeisun.umich/adversarial_robustness_FNO/2D_NS/models/FNO2d.py", line 80, in forward
    x1 = self.conv_layers[i](x)
  File "/blue/shiboli.fsu/yifeisun.umich/.conda/envs/adv_robust/lib/python3.10/site-packages/torch/nn/modules/module.py", line 1751, in _wrapped_call_impl
    return self._call_impl(*args, **kwargs)
  File "/blue/shiboli.fsu/yifeisun.umich/.conda/envs/adv_robust/lib/python3.10/site-packages/torch/nn/modules/module.py", line 1762, in _call_impl
    return forward_call(*args, **kwargs)
  File "/blue/shiboli.fsu/yifeisun.umich/adversarial_robustness_FNO/2D_NS/models/FNO2d.py", line 31, in forward
    self.compl_mul2d(x_ft[:, :, :self.modes1, :self.modes2], self.weights1)
  File "/blue/shiboli.fsu/yifeisun.umich/adversarial_robustness_FNO/2D_NS/models/FNO2d.py", line 21, in compl_mul2d
    return torch.einsum("bixy,ioxy->boxy", input, weights)
  File "/blue/shiboli.fsu/yifeisun.umich/.conda/envs/adv_robust/lib/python3.10/site-packages/torch/functional.py", line 422, in einsum
    return _VF.einsum(equation, operands)  # type: ignore[attr-defined]
torch.OutOfMemoryError: CUDA out of memory. Tried to allocate 114.00 MiB. GPU 0 has a total capacity of 178.36 GiB of which 88.62 MiB is free. Including non-PyTorch memory, this process has 178.26 GiB memory in use. Of the allocated memory 40.20 GiB is allocated by PyTorch, and 3.28 GiB is reserved by PyTorch but unallocated. If reserved but unallocated memory is large try setting PYTORCH_CUDA_ALLOC_CONF=expandable_segments:True to avoid fragmentation.  See documentation for Memory Management  (https://pytorch.org/docs/stable/notes/cuda.html#environment-variables)
